08-12 20:17:41.621 16929 17074 I DFInstaObserve: !toggles disable_feed=0 disable_explore=0 disable_reels=0 disable_stories=0 disable_adds=1
08-12 20:17:41.621 16929 17074 I DFInstaObserve: /feed/reels_tray/
08-12 20:17:41.623 16929 17068 I DFInstaObserve: !toggles disable_feed=0 disable_explore=0 disable_reels=0 disable_stories=0 disable_adds=1
08-12 20:17:41.623 16929 17068 I DFInstaObserve: /feed/timeline/
08-12 20:17:41.786 16929 17099 I DFInstaObserve: !toggles disable_feed=0 disable_explore=0 disable_reels=0 disable_stories=0 disable_adds=1
08-12 20:17:41.893 16929 17099 I DFInstaObserve: !toggles disable_feed=0 disable_explore=0 disable_reels=0 disable_stories=0 disable_adds=1
08-12 20:17:41.980 16929 17099 I DFInstaObserve: !toggles disable_feed=0 disable_explore=0 disable_reels=0 disable_stories=0 disable_adds=1
08-12 20:17:42.036 16929 17131 I DFInstaObserve: !toggles disable_feed=0 disable_explore=0 disable_reels=0 disable_stories=0 disable_adds=1
08-12 20:17:42.211 16929 17099 I DFInstaObserve: !toggles disable_feed=0 disable_explore=0 disable_reels=0 disable_stories=0 disable_adds=1
08-12 20:17:42.262 16929 16965 I DFInstaObserve: !toggles disable_feed=0 disable_explore=0 disable_reels=0 disable_stories=0 disable_adds=1
08-12 20:17:42.632 16929 17074 I DFInstaObserve: !toggles disable_feed=0 disable_explore=0 disable_reels=0 disable_stories=0 disable_adds=1
08-12 20:17:42.636 16929 17099 I DFInstaObserve: !toggles disable_feed=0 disable_explore=0 disable_reels=0 disable_stories=0 disable_adds=1
08-12 20:17:42.916 16929 17022 I DFInstaObserve: !toggles disable_feed=0 disable_explore=0 disable_reels=0 disable_stories=0 disable_adds=1
08-12 20:17:42.916 16929 17022 I DFInstaObserve: /discover/topical_explore
08-12 20:17:43.001 16929 17131 I DFInstaObserve: !toggles disable_feed=0 disable_explore=0 disable_reels=0 disable_stories=0 disable_adds=1
08-12 20:17:44.142 16929 17075 I DFInstaObserve: !toggles disable_feed=0 disable_explore=0 disable_reels=0 disable_stories=0 disable_adds=1
08-12 20:17:44.329 16929 17030 I DFInstaObserve: !toggles disable_feed=0 disable_explore=0 disable_reels=0 disable_stories=0 disable_adds=1
08-12 20:17:44.440 16929 16969 I DFInstaObserve: !toggles disable_feed=0 disable_explore=0 disable_reels=0 disable_stories=0 disable_adds=1
08-12 20:17:44.710 16929 17252 I DFInstaObserve: !toggles disable_feed=0 disable_explore=0 disable_reels=0 disable_stories=0 disable_adds=1
08-12 20:17:44.971 16929 16969 I DFInstaObserve: !toggles disable_feed=0 disable_explore=0 disable_reels=0 disable_stories=0 disable_adds=1
08-12 20:17:45.322 16929 17254 I DFInstaObserve: !toggles disable_feed=0 disable_explore=0 disable_reels=0 disable_stories=0 disable_adds=1
08-12 20:17:45.363 16929 17255 I DFInstaObserve: !toggles disable_feed=0 disable_explore=0 disable_reels=0 disable_stories=0 disable_adds=1
08-12 20:17:49.802 16929 17256 I DFInstaObserve: !toggles disable_feed=0 disable_explore=0 disable_reels=0 disable_stories=0 disable_adds=1
08-12 20:17:49.807 16929 17256 I DFInstaObserve: !toggles disable_feed=0 disable_explore=0 disable_reels=0 disable_stories=0 disable_adds=1
08-12 20:17:49.848 16929 17244 I DFInstaObserve: !toggles disable_feed=0 disable_explore=0 disable_reels=0 disable_stories=0 disable_adds=1
08-12 20:17:49.852 16929 17245 I DFInstaObserve: !toggles disable_feed=0 disable_explore=0 disable_reels=0 disable_stories=0 disable_adds=1
08-12 20:17:49.876 16929 17022 I DFInstaObserve: !toggles disable_feed=0 disable_explore=0 disable_reels=0 disable_stories=0 disable_adds=1
08-12 20:17:49.882 16929 17245 I DFInstaObserve: !toggles disable_feed=0 disable_explore=0 disable_reels=0 disable_stories=0 disable_adds=1
08-12 20:17:49.899 16929 17022 I DFInstaObserve: !toggles disable_feed=0 disable_explore=0 disable_reels=0 disable_stories=0 disable_adds=1
08-12 20:17:49.914 16929 17245 I DFInstaObserve: !toggles disable_feed=0 disable_explore=0 disable_reels=0 disable_stories=0 disable_adds=1
08-12 20:17:49.929 16929 17022 I DFInstaObserve: !toggles disable_feed=0 disable_explore=0 disable_reels=0 disable_stories=0 disable_adds=1
08-12 20:17:49.941 16929 17245 I DFInstaObserve: !toggles disable_feed=0 disable_explore=0 disable_reels=0 disable_stories=0 disable_adds=1
08-12 20:17:49.957 16929 17022 I DFInstaObserve: !toggles disable_feed=0 disable_explore=0 disable_reels=0 disable_stories=0 disable_adds=1
08-12 20:17:49.966 16929 17245 I DFInstaObserve: !toggles disable_feed=0 disable_explore=0 disable_reels=0 disable_stories=0 disable_adds=1
08-12 20:17:49.990 16929 17244 I DFInstaObserve: !toggles disable_feed=0 disable_explore=0 disable_reels=0 disable_stories=0 disable_adds=1
08-12 20:17:49.994 16929 17245 I DFInstaObserve: !toggles disable_feed=0 disable_explore=0 disable_reels=0 disable_stories=0 disable_adds=1
08-12 20:17:50.013 16929 17244 I DFInstaObserve: !toggles disable_feed=0 disable_explore=0 disable_reels=0 disable_stories=0 disable_adds=1
08-12 20:17:50.033 16929 17245 I DFInstaObserve: !toggles disable_feed=0 disable_explore=0 disable_reels=0 disable_stories=0 disable_adds=1
08-12 20:17:50.060 16929 17099 I DFInstaObserve: !toggles disable_feed=0 disable_explore=0 disable_reels=0 disable_stories=0 disable_adds=1
08-12 20:17:50.321 16929 17099 I DFInstaObserve: !toggles disable_feed=0 disable_explore=0 disable_reels=0 disable_stories=0 disable_adds=1
08-12 20:17:50.378 16929 17099 I DFInstaObserve: !toggles disable_feed=0 disable_explore=0 disable_reels=0 disable_stories=0 disable_adds=1
08-12 20:17:50.900 16929 17099 I DFInstaObserve: !toggles disable_feed=0 disable_explore=0 disable_reels=0 disable_stories=0 disable_adds=1
08-12 20:17:50.944 16929 17099 I DFInstaObserve: !toggles disable_feed=0 disable_explore=0 disable_reels=0 disable_stories=0 disable_adds=1
08-12 20:17:51.725 16929 17099 I DFInstaObserve: !toggles disable_feed=0 disable_explore=0 disable_reels=0 disable_stories=0 disable_adds=1
08-12 20:17:51.772 16929 17099 I DFInstaObserve: !toggles disable_feed=0 disable_explore=0 disable_reels=0 disable_stories=0 disable_adds=1
08-12 20:17:52.313 16929 17099 I DFInstaObserve: !toggles disable_feed=0 disable_explore=0 disable_reels=0 disable_stories=0 disable_adds=1
08-12 20:17:52.358 16929 17099 I DFInstaObserve: !toggles disable_feed=0 disable_explore=0 disable_reels=0 disable_stories=0 disable_adds=1
08-12 20:17:52.669 16929 17099 I DFInstaObserve: !toggles disable_feed=0 disable_explore=0 disable_reels=0 disable_stories=0 disable_adds=1
08-12 20:17:52.709 16929 17099 I DFInstaObserve: !toggles disable_feed=0 disable_explore=0 disable_reels=0 disable_stories=0 disable_adds=1
08-12 20:17:52.745 16929 17099 I DFInstaObserve: !toggles disable_feed=0 disable_explore=0 disable_reels=0 disable_stories=0 disable_adds=1
08-12 20:17:56.740 16929 17244 I DFInstaObserve: !toggles disable_feed=0 disable_explore=0 disable_reels=0 disable_stories=0 disable_adds=1
08-12 20:17:56.744 16929 17245 I DFInstaObserve: !toggles disable_feed=0 disable_explore=0 disable_reels=0 disable_stories=0 disable_adds=1
08-12 20:17:57.013 16929 17022 I DFInstaObserve: !toggles disable_feed=0 disable_explore=0 disable_reels=0 disable_stories=0 disable_adds=1
08-12 20:17:57.124 16929 17253 I DFInstaObserve: !toggles disable_feed=0 disable_explore=0 disable_reels=0 disable_stories=0 disable_adds=1
08-12 20:17:57.341 16929 17131 I DFInstaObserve: !toggles disable_feed=0 disable_explore=0 disable_reels=0 disable_stories=0 disable_adds=1
08-12 20:17:58.335 16929 17131 I DFInstaObserve: !toggles disable_feed=0 disable_explore=0 disable_reels=0 disable_stories=0 disable_adds=1
08-12 20:17:59.166 16929 17099 I DFInstaObserve: !toggles disable_feed=0 disable_explore=0 disable_reels=0 disable_stories=0 disable_adds=1
08-12 20:17:59.181 16929 16966 I DFInstaObserve: !toggles disable_feed=0 disable_explore=0 disable_reels=0 disable_stories=0 disable_adds=1
08-12 20:17:59.189 16929 16966 I DFInstaObserve: !toggles disable_feed=0 disable_explore=0 disable_reels=0 disable_stories=0 disable_adds=1
08-12 20:17:59.246 16929 17099 I DFInstaObserve: !toggles disable_feed=0 disable_explore=0 disable_reels=0 disable_stories=0 disable_adds=1
08-12 20:17:59.269 16929 17256 I DFInstaObserve: !toggles disable_feed=0 disable_explore=0 disable_reels=0 disable_stories=0 disable_adds=1
08-12 20:17:59.354 16929 16966 I DFInstaObserve: !toggles disable_feed=0 disable_explore=0 disable_reels=0 disable_stories=0 disable_adds=1
08-12 20:17:59.573 16929 17099 I DFInstaObserve: !toggles disable_feed=0 disable_explore=0 disable_reels=0 disable_stories=0 disable_adds=1
08-12 20:17:59.612 16929 17099 I DFInstaObserve: !toggles disable_feed=0 disable_explore=0 disable_reels=0 disable_stories=0 disable_adds=1
08-12 20:18:07.296 16929 17253 I DFInstaObserve: !toggles disable_feed=0 disable_explore=0 disable_reels=0 disable_stories=0 disable_adds=1
08-12 20:18:07.296 16929 17253 I DFInstaObserve: /feed/reels_tray/
08-12 20:18:07.297 16929 17022 I DFInstaObserve: !toggles disable_feed=0 disable_explore=0 disable_reels=0 disable_stories=0 disable_adds=1
08-12 20:18:07.297 16929 17022 I DFInstaObserve: /feed/timeline/
08-12 20:18:08.907 16929 17256 I DFInstaObserve: !toggles disable_feed=0 disable_explore=0 disable_reels=0 disable_stories=0 disable_adds=1
08-12 20:18:08.914 16929 17256 I DFInstaObserve: !toggles disable_feed=0 disable_explore=0 disable_reels=0 disable_stories=0 disable_adds=1
08-12 20:18:08.969 16929 17099 I DFInstaObserve: !toggles disable_feed=0 disable_explore=0 disable_reels=0 disable_stories=0 disable_adds=1
08-12 20:18:09.005 16929 16966 I DFInstaObserve: !toggles disable_feed=0 disable_explore=0 disable_reels=0 disable_stories=0 disable_adds=1
08-12 20:18:09.022 16929 17099 I DFInstaObserve: !toggles disable_feed=0 disable_explore=0 disable_reels=0 disable_stories=0 disable_adds=1
08-12 20:18:09.055 16929 17099 I DFInstaObserve: !toggles disable_feed=0 disable_explore=0 disable_reels=0 disable_stories=0 disable_adds=1
08-12 20:18:09.191 16929 17379 I DFInstaObserve: !toggles disable_feed=0 disable_explore=0 disable_reels=0 disable_stories=0 disable_adds=1
08-12 20:18:09.191 16929 17379 I DFInstaObserve: /feed/timeline/
08-12 20:18:11.369 16929 16966 I DFInstaObserve: !toggles disable_feed=0 disable_explore=0 disable_reels=0 disable_stories=0 disable_adds=1
08-12 20:18:11.377 16929 16966 I DFInstaObserve: !toggles disable_feed=0 disable_explore=0 disable_reels=0 disable_stories=0 disable_adds=1
08-12 20:18:11.483 16929 17099 I DFInstaObserve: !toggles disable_feed=0 disable_explore=0 disable_reels=0 disable_stories=0 disable_adds=1
08-12 20:18:11.691 16929 17099 I DFInstaObserve: !toggles disable_feed=0 disable_explore=0 disable_reels=0 disable_stories=0 disable_adds=1
08-12 20:18:18.925 16929 16966 I DFInstaObserve: !toggles disable_feed=0 disable_explore=0 disable_reels=0 disable_stories=0 disable_adds=1
08-12 20:18:21.035 16929 17414 I DFInstaObserve: !toggles disable_feed=0 disable_explore=0 disable_reels=0 disable_stories=0 disable_adds=1
08-12 20:18:23.036 16929 16966 I DFInstaObserve: !toggles disable_feed=0 disable_explore=0 disable_reels=0 disable_stories=0 disable_adds=1
08-12 20:18:27.450 16929 17442 I DFInstaObserve: !toggles disable_feed=0 disable_explore=0 disable_reels=0 disable_stories=0 disable_adds=1
08-12 20:18:28.934 16929 16966 I DFInstaObserve: !toggles disable_feed=0 disable_explore=0 disable_reels=0 disable_stories=0 disable_adds=1
08-12 20:18:32.503 16929 17256 I DFInstaObserve: !toggles disable_feed=0 disable_explore=0 disable_reels=0 disable_stories=0 disable_adds=1
08-12 20:18:35.353 16929 17392 I DFInstaObserve: !toggles disable_feed=0 disable_explore=0 disable_reels=0 disable_stories=0 disable_adds=1
08-12 20:18:35.472 16929 17393 I DFInstaObserve: !toggles disable_feed=0 disable_explore=0 disable_reels=0 disable_stories=0 disable_adds=1
08-12 20:18:35.714 16929 16966 I DFInstaObserve: !toggles disable_feed=0 disable_explore=0 disable_reels=0 disable_stories=0 disable_adds=1
08-12 20:18:35.718 16929 17256 I DFInstaObserve: !toggles disable_feed=0 disable_explore=0 disable_reels=0 disable_stories=0 disable_adds=1
08-12 20:18:35.773 16929 17099 I DFInstaObserve: !toggles disable_feed=0 disable_explore=0 disable_reels=0 disable_stories=0 disable_adds=1
08-12 20:18:35.780 16929 17524 I DFInstaObserve: !toggles disable_feed=0 disable_explore=0 disable_reels=0 disable_stories=0 disable_adds=1
08-12 20:18:35.799 16929 17022 I DFInstaObserve: !toggles disable_feed=0 disable_explore=0 disable_reels=0 disable_stories=0 disable_adds=1
08-12 20:18:35.846 16929 17022 I DFInstaObserve: !toggles disable_feed=0 disable_explore=0 disable_reels=0 disable_stories=0 disable_adds=1
08-12 20:18:35.857 16929 17131 I DFInstaObserve: !toggles disable_feed=0 disable_explore=0 disable_reels=0 disable_stories=0 disable_adds=1
08-12 20:18:35.861 16929 17393 I DFInstaObserve: !toggles disable_feed=0 disable_explore=0 disable_reels=0 disable_stories=0 disable_adds=1
08-12 20:18:35.957 16929 17099 I DFInstaObserve: !toggles disable_feed=0 disable_explore=0 disable_reels=0 disable_stories=0 disable_adds=1
08-12 20:18:36.034 16929 17099 I DFInstaObserve: !toggles disable_feed=0 disable_explore=0 disable_reels=0 disable_stories=0 disable_adds=1
08-12 20:18:36.206 16929 17099 I DFInstaObserve: !toggles disable_feed=0 disable_explore=0 disable_reels=0 disable_stories=0 disable_adds=1
08-12 20:18:37.783 16929 17523 I DFInstaObserve: !toggles disable_feed=0 disable_explore=0 disable_reels=0 disable_stories=0 disable_adds=1
08-12 20:18:37.809 16929 17523 I DFInstaObserve: !toggles disable_feed=0 disable_explore=0 disable_reels=0 disable_stories=0 disable_adds=1
08-12 20:18:37.868 16929 17529 I DFInstaObserve: !toggles disable_feed=0 disable_explore=0 disable_reels=0 disable_stories=0 disable_adds=1
08-12 20:18:37.915 16929 17529 I DFInstaObserve: !toggles disable_feed=0 disable_explore=0 disable_reels=0 disable_stories=0 disable_adds=1
08-12 20:18:40.278 16929 17523 I DFInstaObserve: !toggles disable_feed=0 disable_explore=0 disable_reels=0 disable_stories=0 disable_adds=1
08-12 20:18:40.377 16929 17529 I DFInstaObserve: !toggles disable_feed=0 disable_explore=0 disable_reels=0 disable_stories=0 disable_adds=1
08-12 20:18:43.435 16929 17378 I DFInstaObserve: !toggles disable_feed=0 disable_explore=0 disable_reels=0 disable_stories=0 disable_adds=1
08-12 20:18:43.435 16929 17378 I DFInstaObserve: /discover/topical_explore
08-12 20:18:45.217 16929 17255 I DFInstaObserve: !toggles disable_feed=0 disable_explore=0 disable_reels=0 disable_stories=0 disable_adds=1
08-12 20:18:45.217 16929 17255 I DFInstaObserve: /feed/reels_tray/
08-12 20:18:46.076 16929 17578 I DFInstaObserve: !toggles disable_feed=0 disable_explore=0 disable_reels=0 disable_stories=0 disable_adds=1
08-12 20:18:46.289 16929 17256 I DFInstaObserve: !toggles disable_feed=0 disable_explore=0 disable_reels=0 disable_stories=0 disable_adds=1
08-12 20:18:46.296 16929 17256 I DFInstaObserve: !toggles disable_feed=0 disable_explore=0 disable_reels=0 disable_stories=0 disable_adds=1
08-12 20:18:46.303 16929 17256 I DFInstaObserve: !toggles disable_feed=0 disable_explore=0 disable_reels=0 disable_stories=0 disable_adds=1
08-12 20:18:46.508 16929 17585 I DFInstaObserve: !toggles disable_feed=0 disable_explore=0 disable_reels=0 disable_stories=0 disable_adds=1
08-12 20:18:46.670 16929 16966 I DFInstaObserve: !toggles disable_feed=0 disable_explore=0 disable_reels=0 disable_stories=0 disable_adds=1
08-12 20:18:46.673 16929 17256 I DFInstaObserve: !toggles disable_feed=0 disable_explore=0 disable_reels=0 disable_stories=0 disable_adds=1
08-12 20:18:46.714 16929 17099 I DFInstaObserve: !toggles disable_feed=0 disable_explore=0 disable_reels=0 disable_stories=0 disable_adds=1
08-12 20:18:46.722 16929 17524 I DFInstaObserve: !toggles disable_feed=0 disable_explore=0 disable_reels=0 disable_stories=0 disable_adds=1
08-12 20:18:46.728 16929 17392 I DFInstaObserve: !toggles disable_feed=0 disable_explore=0 disable_reels=0 disable_stories=0 disable_adds=1
08-12 20:18:46.768 16929 17099 I DFInstaObserve: !toggles disable_feed=0 disable_explore=0 disable_reels=0 disable_stories=0 disable_adds=1
08-12 20:18:46.774 16929 17564 I DFInstaObserve: !toggles disable_feed=0 disable_explore=0 disable_reels=0 disable_stories=0 disable_adds=1
08-12 20:18:46.785 16929 17392 I DFInstaObserve: !toggles disable_feed=0 disable_explore=0 disable_reels=0 disable_stories=0 disable_adds=1
08-12 20:18:46.825 16929 17378 I DFInstaObserve: !toggles disable_feed=0 disable_explore=0 disable_reels=0 disable_stories=0 disable_adds=1
08-12 20:18:46.831 16929 17099 I DFInstaObserve: !toggles disable_feed=0 disable_explore=0 disable_reels=0 disable_stories=0 disable_adds=1
08-12 20:18:46.832 16929 17392 I DFInstaObserve: !toggles disable_feed=0 disable_explore=0 disable_reels=0 disable_stories=0 disable_adds=1
08-12 20:18:46.884 16929 17610 I DFInstaObserve: !toggles disable_feed=0 disable_explore=0 disable_reels=0 disable_stories=0 disable_adds=1
08-12 20:18:46.902 16929 17607 I DFInstaObserve: !toggles disable_feed=0 disable_explore=0 disable_reels=0 disable_stories=0 disable_adds=1
08-12 20:18:46.951 16929 17022 I DFInstaObserve: !toggles disable_feed=0 disable_explore=0 disable_reels=0 disable_stories=0 disable_adds=1
08-12 20:18:46.954 16929 17610 I DFInstaObserve: !toggles disable_feed=0 disable_explore=0 disable_reels=0 disable_stories=0 disable_adds=1
08-12 20:18:46.954 16929 17610 I DFInstaObserve: /discover/topical_explore
08-12 20:18:46.965 16929 17099 I DFInstaObserve: !toggles disable_feed=0 disable_explore=0 disable_reels=0 disable_stories=0 disable_adds=1
08-12 20:18:47.005 16929 17607 I DFInstaObserve: !toggles disable_feed=0 disable_explore=0 disable_reels=0 disable_stories=0 disable_adds=1
08-12 20:18:47.016 16929 17099 I DFInstaObserve: !toggles disable_feed=0 disable_explore=0 disable_reels=0 disable_stories=0 disable_adds=1
08-12 20:18:47.037 16929 17622 I DFInstaObserve: !toggles disable_feed=0 disable_explore=0 disable_reels=0 disable_stories=0 disable_adds=1
08-12 20:18:47.054 16929 17564 I DFInstaObserve: !toggles disable_feed=0 disable_explore=0 disable_reels=0 disable_stories=0 disable_adds=1
08-12 20:18:47.061 16929 17607 I DFInstaObserve: !toggles disable_feed=0 disable_explore=0 disable_reels=0 disable_stories=0 disable_adds=1
08-12 20:18:47.095 16929 17099 I DFInstaObserve: !toggles disable_feed=0 disable_explore=0 disable_reels=0 disable_stories=0 disable_adds=1
08-12 20:18:47.095 16929 17022 I DFInstaObserve: !toggles disable_feed=0 disable_explore=0 disable_reels=0 disable_stories=0 disable_adds=1
08-12 20:18:47.098 16929 17607 I DFInstaObserve: !toggles disable_feed=0 disable_explore=0 disable_reels=0 disable_stories=0 disable_adds=1
08-12 20:18:47.124 16929 17378 I DFInstaObserve: !toggles disable_feed=0 disable_explore=0 disable_reels=0 disable_stories=0 disable_adds=1
08-12 20:18:47.140 16929 17378 I DFInstaObserve: !toggles disable_feed=0 disable_explore=0 disable_reels=0 disable_stories=0 disable_adds=1
08-12 20:18:47.149 16929 17099 I DFInstaObserve: !toggles disable_feed=0 disable_explore=0 disable_reels=0 disable_stories=0 disable_adds=1
08-12 20:18:47.172 16929 17607 I DFInstaObserve: !toggles disable_feed=0 disable_explore=0 disable_reels=0 disable_stories=0 disable_adds=1
08-12 20:18:47.179 16929 17378 I DFInstaObserve: !toggles disable_feed=0 disable_explore=0 disable_reels=0 disable_stories=0 disable_adds=1
08-12 20:18:47.262 16929 17609 I DFInstaObserve: !toggles disable_feed=0 disable_explore=0 disable_reels=0 disable_stories=0 disable_adds=1
08-12 20:18:47.391 16929 17641 I DFInstaObserve: !toggles disable_feed=0 disable_explore=0 disable_reels=0 disable_stories=0 disable_adds=1
08-12 20:18:47.400 16929 17099 I DFInstaObserve: !toggles disable_feed=0 disable_explore=0 disable_reels=0 disable_stories=0 disable_adds=1
08-12 20:18:47.450 16929 17099 I DFInstaObserve: !toggles disable_feed=0 disable_explore=0 disable_reels=0 disable_stories=0 disable_adds=1
08-12 20:18:47.485 16929 17099 I DFInstaObserve: !toggles disable_feed=0 disable_explore=0 disable_reels=0 disable_stories=0 disable_adds=1
08-12 20:18:47.514 16929 17099 I DFInstaObserve: !toggles disable_feed=0 disable_explore=0 disable_reels=0 disable_stories=0 disable_adds=1
08-12 20:18:47.594 16929 17099 I DFInstaObserve: !toggles disable_feed=0 disable_explore=0 disable_reels=0 disable_stories=0 disable_adds=1
08-12 20:18:47.636 16929 17099 I DFInstaObserve: !toggles disable_feed=0 disable_explore=0 disable_reels=0 disable_stories=0 disable_adds=1
08-12 20:18:47.732 16929 17099 I DFInstaObserve: !toggles disable_feed=0 disable_explore=0 disable_reels=0 disable_stories=0 disable_adds=1
08-12 20:18:47.775 16929 17099 I DFInstaObserve: !toggles disable_feed=0 disable_explore=0 disable_reels=0 disable_stories=0 disable_adds=1
08-12 20:18:47.816 16929 17099 I DFInstaObserve: !toggles disable_feed=0 disable_explore=0 disable_reels=0 disable_stories=0 disable_adds=1
08-12 20:18:49.256 16929 17629 I DFInstaObserve: !toggles disable_feed=0 disable_explore=0 disable_reels=0 disable_stories=0 disable_adds=1
08-12 20:18:49.285 16929 17629 I DFInstaObserve: !toggles disable_feed=0 disable_explore=0 disable_reels=0 disable_stories=0 disable_adds=1
08-12 20:18:49.336 16929 17635 I DFInstaObserve: !toggles disable_feed=0 disable_explore=0 disable_reels=0 disable_stories=0 disable_adds=1
08-12 20:18:50.781 16929 17256 I DFInstaObserve: !toggles disable_feed=0 disable_explore=0 disable_reels=0 disable_stories=0 disable_adds=1
08-12 20:18:50.785 16929 16966 I DFInstaObserve: !toggles disable_feed=0 disable_explore=0 disable_reels=0 disable_stories=0 disable_adds=1
08-12 20:18:50.824 16929 17099 I DFInstaObserve: !toggles disable_feed=0 disable_explore=0 disable_reels=0 disable_stories=0 disable_adds=1
08-12 20:18:50.867 16929 17392 I DFInstaObserve: !toggles disable_feed=0 disable_explore=0 disable_reels=0 disable_stories=0 disable_adds=1
08-12 20:18:50.878 16929 17609 I DFInstaObserve: !toggles disable_feed=0 disable_explore=0 disable_reels=0 disable_stories=0 disable_adds=1
08-12 20:18:50.912 16929 17609 I DFInstaObserve: !toggles disable_feed=0 disable_explore=0 disable_reels=0 disable_stories=0 disable_adds=1
08-12 20:18:50.940 16929 17609 I DFInstaObserve: !toggles disable_feed=0 disable_explore=0 disable_reels=0 disable_stories=0 disable_adds=1
08-12 20:18:50.982 16929 17609 I DFInstaObserve: !toggles disable_feed=0 disable_explore=0 disable_reels=0 disable_stories=0 disable_adds=1
08-12 20:18:50.986 16929 17099 I DFInstaObserve: !toggles disable_feed=0 disable_explore=0 disable_reels=0 disable_stories=0 disable_adds=1
08-12 20:18:50.986 16929 17610 I DFInstaObserve: !toggles disable_feed=0 disable_explore=0 disable_reels=0 disable_stories=0 disable_adds=1
08-12 20:18:51.044 16929 17099 I DFInstaObserve: !toggles disable_feed=0 disable_explore=0 disable_reels=0 disable_stories=0 disable_adds=1
08-12 20:18:51.045 16929 17662 I DFInstaObserve: !toggles disable_feed=0 disable_explore=0 disable_reels=0 disable_stories=0 disable_adds=1
08-12 20:18:51.049 16929 17392 I DFInstaObserve: !toggles disable_feed=0 disable_explore=0 disable_reels=0 disable_stories=0 disable_adds=1
08-12 20:18:51.083 16929 17662 I DFInstaObserve: !toggles disable_feed=0 disable_explore=0 disable_reels=0 disable_stories=0 disable_adds=1
08-12 20:18:51.102 16929 17662 I DFInstaObserve: !toggles disable_feed=0 disable_explore=0 disable_reels=0 disable_stories=0 disable_adds=1
08-12 20:18:51.126 16929 17662 I DFInstaObserve: !toggles disable_feed=0 disable_explore=0 disable_reels=0 disable_stories=0 disable_adds=1
08-12 20:18:51.135 16929 17099 I DFInstaObserve: !toggles disable_feed=0 disable_explore=0 disable_reels=0 disable_stories=0 disable_adds=1
08-12 20:18:51.142 16929 17662 I DFInstaObserve: !toggles disable_feed=0 disable_explore=0 disable_reels=0 disable_stories=0 disable_adds=1
08-12 20:18:51.177 16929 17392 I DFInstaObserve: !toggles disable_feed=0 disable_explore=0 disable_reels=0 disable_stories=0 disable_adds=1
08-12 20:18:51.191 16929 17099 I DFInstaObserve: !toggles disable_feed=0 disable_explore=0 disable_reels=0 disable_stories=0 disable_adds=1
08-12 20:18:51.195 16929 17392 I DFInstaObserve: !toggles disable_feed=0 disable_explore=0 disable_reels=0 disable_stories=0 disable_adds=1
08-12 20:18:51.218 16929 17392 I DFInstaObserve: !toggles disable_feed=0 disable_explore=0 disable_reels=0 disable_stories=0 disable_adds=1
08-12 20:18:51.240 16929 17609 I DFInstaObserve: !toggles disable_feed=0 disable_explore=0 disable_reels=0 disable_stories=0 disable_adds=1
08-12 20:18:51.296 16929 17609 I DFInstaObserve: !toggles disable_feed=0 disable_explore=0 disable_reels=0 disable_stories=0 disable_adds=1
08-12 20:18:51.365 16929 17609 I DFInstaObserve: !toggles disable_feed=0 disable_explore=0 disable_reels=0 disable_stories=0 disable_adds=1
08-12 20:18:51.436 16929 17378 I DFInstaObserve: !toggles disable_feed=0 disable_explore=0 disable_reels=0 disable_stories=0 disable_adds=1
08-12 20:18:51.437 16929 17099 I DFInstaObserve: !toggles disable_feed=0 disable_explore=0 disable_reels=0 disable_stories=0 disable_adds=1
08-12 20:18:51.485 16929 17378 I DFInstaObserve: !toggles disable_feed=0 disable_explore=0 disable_reels=0 disable_stories=0 disable_adds=1
08-12 20:18:51.491 16929 17392 I DFInstaObserve: !toggles disable_feed=0 disable_explore=0 disable_reels=0 disable_stories=0 disable_adds=1
08-12 20:18:51.501 16929 17099 I DFInstaObserve: !toggles disable_feed=0 disable_explore=0 disable_reels=0 disable_stories=0 disable_adds=1
08-12 20:18:51.533 16929 17662 I DFInstaObserve: !toggles disable_feed=0 disable_explore=0 disable_reels=0 disable_stories=0 disable_adds=1
08-12 20:18:51.539 16929 17099 I DFInstaObserve: !toggles disable_feed=0 disable_explore=0 disable_reels=0 disable_stories=0 disable_adds=1
08-12 20:18:51.585 16929 17099 I DFInstaObserve: !toggles disable_feed=0 disable_explore=0 disable_reels=0 disable_stories=0 disable_adds=1
08-12 20:18:51.700 16929 17099 I DFInstaObserve: !toggles disable_feed=0 disable_explore=0 disable_reels=0 disable_stories=0 disable_adds=1
08-12 20:18:51.736 16929 17099 I DFInstaObserve: !toggles disable_feed=0 disable_explore=0 disable_reels=0 disable_stories=0 disable_adds=1
08-12 20:18:51.769 16929 17099 I DFInstaObserve: !toggles disable_feed=0 disable_explore=0 disable_reels=0 disable_stories=0 disable_adds=1
08-12 20:18:51.806 16929 17099 I DFInstaObserve: !toggles disable_feed=0 disable_explore=0 disable_reels=0 disable_stories=0 disable_adds=1
08-12 20:18:51.851 16929 17099 I DFInstaObserve: !toggles disable_feed=0 disable_explore=0 disable_reels=0 disable_stories=0 disable_adds=1
08-12 20:18:51.891 16929 17099 I DFInstaObserve: !toggles disable_feed=0 disable_explore=0 disable_reels=0 disable_stories=0 disable_adds=1
08-12 20:18:51.928 16929 17099 I DFInstaObserve: !toggles disable_feed=0 disable_explore=0 disable_reels=0 disable_stories=0 disable_adds=1
08-12 20:18:52.252 16929 17641 I DFInstaObserve: !toggles disable_feed=0 disable_explore=0 disable_reels=0 disable_stories=0 disable_adds=1
08-12 20:18:53.772 16929 17609 I DFInstaObserve: !toggles disable_feed=0 disable_explore=0 disable_reels=0 disable_stories=0 disable_adds=1
08-12 20:18:53.772 16929 17609 I DFInstaObserve: /discover/topical_explore
08-12 20:18:53.858 16929 17734 I DFInstaObserve: !toggles disable_feed=0 disable_explore=0 disable_reels=0 disable_stories=0 disable_adds=1
08-12 20:18:53.985 16929 17742 I DFInstaObserve: !toggles disable_feed=0 disable_explore=0 disable_reels=0 disable_stories=0 disable_adds=1
08-12 20:18:55.962 16929 17733 I DFInstaObserve: !toggles disable_feed=0 disable_explore=0 disable_reels=0 disable_stories=0 disable_adds=1
08-12 20:18:56.186 16929 17741 I DFInstaObserve: !toggles disable_feed=0 disable_explore=0 disable_reels=0 disable_stories=0 disable_adds=1
08-12 20:18:57.323 16929 17785 I DFInstaObserve: !toggles disable_feed=0 disable_explore=0 disable_reels=0 disable_stories=0 disable_adds=1
08-12 20:18:57.323 16929 17256 I DFInstaObserve: !toggles disable_feed=0 disable_explore=0 disable_reels=0 disable_stories=0 disable_adds=1
08-12 20:18:57.335 16929 17785 I DFInstaObserve: !toggles disable_feed=0 disable_explore=0 disable_reels=0 disable_stories=0 disable_adds=1
08-12 20:18:57.374 16929 17785 I DFInstaObserve: !toggles disable_feed=0 disable_explore=0 disable_reels=0 disable_stories=0 disable_adds=1
08-12 20:18:57.379 16929 17256 I DFInstaObserve: !toggles disable_feed=0 disable_explore=0 disable_reels=0 disable_stories=0 disable_adds=1
08-12 20:18:57.430 16929 17392 I DFInstaObserve: !toggles disable_feed=0 disable_explore=0 disable_reels=0 disable_stories=0 disable_adds=1
08-12 20:18:57.456 16929 17099 I DFInstaObserve: !toggles disable_feed=0 disable_explore=0 disable_reels=0 disable_stories=0 disable_adds=1
08-12 20:18:57.468 16929 17610 I DFInstaObserve: !toggles disable_feed=0 disable_explore=0 disable_reels=0 disable_stories=0 disable_adds=1
08-12 20:18:57.520 16929 17610 I DFInstaObserve: !toggles disable_feed=0 disable_explore=0 disable_reels=0 disable_stories=0 disable_adds=1
08-12 20:18:57.529 16929 17378 I DFInstaObserve: !toggles disable_feed=0 disable_explore=0 disable_reels=0 disable_stories=0 disable_adds=1
08-12 20:18:57.574 16929 17378 I DFInstaObserve: !toggles disable_feed=0 disable_explore=0 disable_reels=0 disable_stories=0 disable_adds=1
08-12 20:18:57.606 16929 17378 I DFInstaObserve: !toggles disable_feed=0 disable_explore=0 disable_reels=0 disable_stories=0 disable_adds=1
08-12 20:18:57.632 16929 17378 I DFInstaObserve: !toggles disable_feed=0 disable_explore=0 disable_reels=0 disable_stories=0 disable_adds=1
08-12 20:18:57.641 16929 17810 I DFInstaObserve: !toggles disable_feed=0 disable_explore=0 disable_reels=0 disable_stories=0 disable_adds=1
08-12 20:18:57.647 16929 17099 I DFInstaObserve: !toggles disable_feed=0 disable_explore=0 disable_reels=0 disable_stories=0 disable_adds=1
08-12 20:18:57.668 16929 17833 I DFInstaObserve: !toggles disable_feed=0 disable_explore=0 disable_reels=0 disable_stories=0 disable_adds=1
08-12 20:18:57.673 16929 17610 I DFInstaObserve: !toggles disable_feed=0 disable_explore=0 disable_reels=0 disable_stories=0 disable_adds=1
08-12 20:18:57.680 16929 17378 I DFInstaObserve: !toggles disable_feed=0 disable_explore=0 disable_reels=0 disable_stories=0 disable_adds=1
08-12 20:18:57.706 16929 17099 I DFInstaObserve: !toggles disable_feed=0 disable_explore=0 disable_reels=0 disable_stories=0 disable_adds=1
08-12 20:18:57.836 16929 17610 I DFInstaObserve: !toggles disable_feed=0 disable_explore=0 disable_reels=0 disable_stories=0 disable_adds=1
08-12 20:18:57.843 16929 17378 I DFInstaObserve: !toggles disable_feed=0 disable_explore=0 disable_reels=0 disable_stories=0 disable_adds=1
08-12 20:18:57.880 16929 17378 I DFInstaObserve: !toggles disable_feed=0 disable_explore=0 disable_reels=0 disable_stories=0 disable_adds=1
08-12 20:18:57.897 16929 17811 I DFInstaObserve: !toggles disable_feed=0 disable_explore=0 disable_reels=0 disable_stories=0 disable_adds=1
08-12 20:18:57.933 16929 17378 I DFInstaObserve: !toggles disable_feed=0 disable_explore=0 disable_reels=0 disable_stories=0 disable_adds=1
08-12 20:18:57.946 16929 17811 I DFInstaObserve: !toggles disable_feed=0 disable_explore=0 disable_reels=0 disable_stories=0 disable_adds=1
08-12 20:18:57.998 16929 17810 I DFInstaObserve: !toggles disable_feed=0 disable_explore=0 disable_reels=0 disable_stories=0 disable_adds=1
08-12 20:18:58.005 16929 17811 I DFInstaObserve: !toggles disable_feed=0 disable_explore=0 disable_reels=0 disable_stories=0 disable_adds=1
08-12 20:18:58.048 16929 17811 I DFInstaObserve: !toggles disable_feed=0 disable_explore=0 disable_reels=0 disable_stories=0 disable_adds=1
08-12 20:18:58.506 16929 17099 I DFInstaObserve: !toggles disable_feed=0 disable_explore=0 disable_reels=0 disable_stories=0 disable_adds=1
08-12 20:18:58.572 16929 17099 I DFInstaObserve: !toggles disable_feed=0 disable_explore=0 disable_reels=0 disable_stories=0 disable_adds=1
08-12 20:18:58.720 16929 17099 I DFInstaObserve: !toggles disable_feed=0 disable_explore=0 disable_reels=0 disable_stories=0 disable_adds=1
08-12 20:18:58.755 16929 17099 I DFInstaObserve: !toggles disable_feed=0 disable_explore=0 disable_reels=0 disable_stories=0 disable_adds=1
08-12 20:18:58.806 16929 17099 I DFInstaObserve: !toggles disable_feed=0 disable_explore=0 disable_reels=0 disable_stories=0 disable_adds=1
08-12 20:18:58.845 16929 17099 I DFInstaObserve: !toggles disable_feed=0 disable_explore=0 disable_reels=0 disable_stories=0 disable_adds=1
08-12 20:18:59.057 16929 17099 I DFInstaObserve: !toggles disable_feed=0 disable_explore=0 disable_reels=0 disable_stories=0 disable_adds=1
08-12 20:18:59.097 16929 17099 I DFInstaObserve: !toggles disable_feed=0 disable_explore=0 disable_reels=0 disable_stories=0 disable_adds=1
08-12 20:18:59.255 16929 17099 I DFInstaObserve: !toggles disable_feed=0 disable_explore=0 disable_reels=0 disable_stories=0 disable_adds=1
08-12 20:18:59.294 16929 17099 I DFInstaObserve: !toggles disable_feed=0 disable_explore=0 disable_reels=0 disable_stories=0 disable_adds=1
08-12 20:18:59.355 16929 17777 I DFInstaObserve: !toggles disable_feed=0 disable_explore=0 disable_reels=0 disable_stories=0 disable_adds=1
08-12 20:18:59.540 16929 17099 I DFInstaObserve: !toggles disable_feed=0 disable_explore=0 disable_reels=0 disable_stories=0 disable_adds=1
08-12 20:18:59.586 16929 17099 I DFInstaObserve: !toggles disable_feed=0 disable_explore=0 disable_reels=0 disable_stories=0 disable_adds=1
08-12 20:18:59.642 16929 17809 I DFInstaObserve: !toggles disable_feed=0 disable_explore=0 disable_reels=0 disable_stories=0 disable_adds=1
08-12 20:19:00.219 16929 17610 I DFInstaObserve: !toggles disable_feed=0 disable_explore=0 disable_reels=0 disable_stories=0 disable_adds=1
08-12 20:19:00.312 16929 17099 I DFInstaObserve: !toggles disable_feed=0 disable_explore=0 disable_reels=0 disable_stories=0 disable_adds=1
08-12 20:19:00.364 16929 17785 I DFInstaObserve: !toggles disable_feed=0 disable_explore=0 disable_reels=0 disable_stories=0 disable_adds=1
08-12 20:19:00.370 16929 17256 I DFInstaObserve: !toggles disable_feed=0 disable_explore=0 disable_reels=0 disable_stories=0 disable_adds=1
08-12 20:19:00.481 16929 17923 I DFInstaObserve: !toggles disable_feed=0 disable_explore=0 disable_reels=0 disable_stories=0 disable_adds=1
08-12 20:19:00.489 16929 17810 I DFInstaObserve: !toggles disable_feed=0 disable_explore=0 disable_reels=0 disable_stories=0 disable_adds=1
08-12 20:19:00.496 16929 17255 I DFInstaObserve: !toggles disable_feed=0 disable_explore=0 disable_reels=0 disable_stories=0 disable_adds=1
08-12 20:19:00.500 16929 17255 I DFInstaObserve: !toggles disable_feed=0 disable_explore=0 disable_reels=0 disable_stories=0 disable_adds=1
08-12 20:19:00.512 16929 17131 I DFInstaObserve: !toggles disable_feed=0 disable_explore=0 disable_reels=0 disable_stories=0 disable_adds=1
08-12 20:19:00.533 16929 17785 I DFInstaObserve: !toggles disable_feed=0 disable_explore=0 disable_reels=0 disable_stories=0 disable_adds=1
08-12 20:19:00.624 16929 17131 I DFInstaObserve: !toggles disable_feed=0 disable_explore=0 disable_reels=0 disable_stories=0 disable_adds=1
08-12 20:19:02.740 16929 17935 I DFInstaObserve: !toggles disable_feed=0 disable_explore=0 disable_reels=0 disable_stories=0 disable_adds=1
08-12 20:19:02.740 16929 17933 I DFInstaObserve: !toggles disable_feed=0 disable_explore=0 disable_reels=0 disable_stories=0 disable_adds=1
08-12 20:19:08.210 16929 17610 I DFInstaObserve: !toggles disable_feed=0 disable_explore=0 disable_reels=0 disable_stories=0 disable_adds=1
08-12 20:19:08.210 16929 17610 I DFInstaObserve: /clips/discover
08-12 20:19:08.210 16929 17610 I DFInstaObserve: /clips/discover/stream/
08-12 20:19:08.604 16929 17785 I DFInstaObserve: !toggles disable_feed=0 disable_explore=0 disable_reels=0 disable_stories=0 disable_adds=1
08-12 20:19:08.646 16929 17256 I DFInstaObserve: !toggles disable_feed=0 disable_explore=0 disable_reels=0 disable_stories=0 disable_adds=1
08-12 20:19:10.700 16929 17976 I DFInstaObserve: !toggles disable_feed=0 disable_explore=0 disable_reels=0 disable_stories=0 disable_adds=1
08-12 20:19:10.709 16929 17975 I DFInstaObserve: !toggles disable_feed=0 disable_explore=0 disable_reels=0 disable_stories=0 disable_adds=1
08-12 20:19:12.537 16929 17256 I DFInstaObserve: !toggles disable_feed=0 disable_explore=0 disable_reels=0 disable_stories=0 disable_adds=1
08-12 20:19:12.548 16929 17256 I DFInstaObserve: !toggles disable_feed=0 disable_explore=0 disable_reels=0 disable_stories=0 disable_adds=1
08-12 20:19:12.563 16929 17099 I DFInstaObserve: !toggles disable_feed=0 disable_explore=0 disable_reels=0 disable_stories=0 disable_adds=1
08-12 20:19:12.571 16929 18019 I DFInstaObserve: !toggles disable_feed=0 disable_explore=0 disable_reels=0 disable_stories=0 disable_adds=1
08-12 20:19:12.776 16929 17099 I DFInstaObserve: !toggles disable_feed=0 disable_explore=0 disable_reels=0 disable_stories=0 disable_adds=1
08-12 20:19:12.830 16929 17256 I DFInstaObserve: !toggles disable_feed=0 disable_explore=0 disable_reels=0 disable_stories=0 disable_adds=1
08-12 20:19:12.838 16929 17256 I DFInstaObserve: !toggles disable_feed=0 disable_explore=0 disable_reels=0 disable_stories=0 disable_adds=1
08-12 20:19:12.844 16929 17099 I DFInstaObserve: !toggles disable_feed=0 disable_explore=0 disable_reels=0 disable_stories=0 disable_adds=1
08-12 20:19:12.980 16929 17810 I DFInstaObserve: !toggles disable_feed=0 disable_explore=0 disable_reels=0 disable_stories=0 disable_adds=1
08-12 20:19:13.192 16929 17099 I DFInstaObserve: !toggles disable_feed=0 disable_explore=0 disable_reels=0 disable_stories=0 disable_adds=1
08-12 20:19:13.243 16929 17099 I DFInstaObserve: !toggles disable_feed=0 disable_explore=0 disable_reels=0 disable_stories=0 disable_adds=1
08-12 20:19:13.328 16929 17099 I DFInstaObserve: !toggles disable_feed=0 disable_explore=0 disable_reels=0 disable_stories=0 disable_adds=1
08-12 20:19:13.456 16929 17099 I DFInstaObserve: !toggles disable_feed=0 disable_explore=0 disable_reels=0 disable_stories=0 disable_adds=1
08-12 20:19:14.056 16929 18006 I DFInstaObserve: !toggles disable_feed=0 disable_explore=0 disable_reels=0 disable_stories=0 disable_adds=1
08-12 20:19:14.057 16929 18005 I DFInstaObserve: !toggles disable_feed=0 disable_explore=0 disable_reels=0 disable_stories=0 disable_adds=1
08-12 20:19:15.276 16929 17256 I DFInstaObserve: !toggles disable_feed=0 disable_explore=0 disable_reels=0 disable_stories=0 disable_adds=1
08-12 20:19:15.308 16929 17256 I DFInstaObserve: !toggles disable_feed=0 disable_explore=0 disable_reels=0 disable_stories=0 disable_adds=1
08-12 20:19:17.383 16929 18036 I DFInstaObserve: !toggles disable_feed=0 disable_explore=0 disable_reels=0 disable_stories=0 disable_adds=1
08-12 20:19:17.388 16929 18035 I DFInstaObserve: !toggles disable_feed=0 disable_explore=0 disable_reels=0 disable_stories=0 disable_adds=1
08-12 20:19:20.705 16929 18071 I DFInstaObserve: !toggles disable_feed=0 disable_explore=0 disable_reels=0 disable_stories=0 disable_adds=1
08-12 20:19:20.713 16929 18070 I DFInstaObserve: !toggles disable_feed=0 disable_explore=0 disable_reels=0 disable_stories=0 disable_adds=1
08-12 20:19:21.529 16929 18022 I DFInstaObserve: !toggles disable_feed=0 disable_explore=0 disable_reels=0 disable_stories=0 disable_adds=1
08-12 20:19:21.529 16929 18022 I DFInstaObserve: /clips/discover
08-12 20:19:21.529 16929 18022 I DFInstaObserve: /clips/discover/stream/
08-12 20:19:21.948 16929 17256 I DFInstaObserve: !toggles disable_feed=0 disable_explore=0 disable_reels=0 disable_stories=0 disable_adds=1
08-12 20:19:24.067 16929 18100 I DFInstaObserve: !toggles disable_feed=0 disable_explore=0 disable_reels=0 disable_stories=0 disable_adds=1
08-12 20:19:24.068 16929 18099 I DFInstaObserve: !toggles disable_feed=0 disable_explore=0 disable_reels=0 disable_stories=0 disable_adds=1
08-12 20:19:24.801 16929 18019 I DFInstaObserve: !toggles disable_feed=0 disable_explore=0 disable_reels=0 disable_stories=0 disable_adds=1
08-12 20:19:25.078 16929 17131 I DFInstaObserve: !toggles disable_feed=0 disable_explore=0 disable_reels=0 disable_stories=0 disable_adds=1
08-12 20:19:25.669 16929 17785 I DFInstaObserve: !toggles disable_feed=0 disable_explore=0 disable_reels=0 disable_stories=0 disable_adds=1
08-12 20:19:25.676 16929 17785 I DFInstaObserve: !toggles disable_feed=0 disable_explore=0 disable_reels=0 disable_stories=0 disable_adds=1
08-12 20:19:25.708 16929 17099 I DFInstaObserve: !toggles disable_feed=0 disable_explore=0 disable_reels=0 disable_stories=0 disable_adds=1
08-12 20:19:25.710 16929 18143 I DFInstaObserve: !toggles disable_feed=0 disable_explore=0 disable_reels=0 disable_stories=0 disable_adds=1
08-12 20:19:25.835 16929 17099 I DFInstaObserve: !toggles disable_feed=0 disable_explore=0 disable_reels=0 disable_stories=0 disable_adds=1
08-12 20:19:25.871 16929 17099 I DFInstaObserve: !toggles disable_feed=0 disable_explore=0 disable_reels=0 disable_stories=0 disable_adds=1
08-12 20:19:25.921 16929 17785 I DFInstaObserve: !toggles disable_feed=0 disable_explore=0 disable_reels=0 disable_stories=0 disable_adds=1
08-12 20:19:25.941 16929 17099 I DFInstaObserve: !toggles disable_feed=0 disable_explore=0 disable_reels=0 disable_stories=0 disable_adds=1
08-12 20:19:26.124 16929 17099 I DFInstaObserve: !toggles disable_feed=0 disable_explore=0 disable_reels=0 disable_stories=0 disable_adds=1
08-12 20:19:26.385 16929 18143 I DFInstaObserve: !toggles disable_feed=0 disable_explore=0 disable_reels=0 disable_stories=0 disable_adds=1
08-12 20:19:30.513 16929 18019 I DFInstaObserve: !toggles disable_feed=0 disable_explore=0 disable_reels=0 disable_stories=0 disable_adds=1
08-12 20:19:30.513 16929 18019 I DFInstaObserve: /clips/discover
08-12 20:19:30.513 16929 18019 I DFInstaObserve: /clips/discover/stream/
08-12 20:19:33.125 16929 17099 I DFInstaObserve: !toggles disable_feed=0 disable_explore=0 disable_reels=0 disable_stories=0 disable_adds=1
08-12 20:19:33.268 16929 17099 I DFInstaObserve: !toggles disable_feed=0 disable_explore=0 disable_reels=0 disable_stories=0 disable_adds=1
08-12 20:19:33.501 16929 17099 I DFInstaObserve: !toggles disable_feed=0 disable_explore=0 disable_reels=0 disable_stories=0 disable_adds=1
08-12 20:19:33.876 16929 17099 I DFInstaObserve: !toggles disable_feed=0 disable_explore=0 disable_reels=0 disable_stories=0 disable_adds=1
08-12 20:19:33.910 16929 17099 I DFInstaObserve: !toggles disable_feed=0 disable_explore=0 disable_reels=0 disable_stories=0 disable_adds=1
08-12 20:19:34.194 16929 17099 I DFInstaObserve: !toggles disable_feed=0 disable_explore=0 disable_reels=0 disable_stories=0 disable_adds=1
08-12 20:19:34.251 16929 17099 I DFInstaObserve: !toggles disable_feed=0 disable_explore=0 disable_reels=0 disable_stories=0 disable_adds=1
08-12 20:19:34.348 16929 17099 I DFInstaObserve: !toggles disable_feed=0 disable_explore=0 disable_reels=0 disable_stories=0 disable_adds=1
08-12 20:19:44.966 16929 18225 I DFInstaObserve: !toggles disable_feed=0 disable_explore=0 disable_reels=0 disable_stories=0 disable_adds=1
08-12 20:19:46.962 16929 18215 I DFInstaObserve: !toggles disable_feed=0 disable_explore=0 disable_reels=0 disable_stories=0 disable_adds=1
08-12 20:19:47.910 16929 18022 I DFInstaObserve: !toggles disable_feed=0 disable_explore=0 disable_reels=0 disable_stories=0 disable_adds=1
08-12 20:19:47.910 16929 18022 I DFInstaObserve: /feed/timeline/
08-12 20:19:49.751 16929 17785 I DFInstaObserve: !toggles disable_feed=0 disable_explore=0 disable_reels=0 disable_stories=0 disable_adds=1
08-12 20:19:49.758 16929 17785 I DFInstaObserve: !toggles disable_feed=0 disable_explore=0 disable_reels=0 disable_stories=0 disable_adds=1
08-12 20:19:49.812 16929 18244 I DFInstaObserve: !toggles disable_feed=0 disable_explore=0 disable_reels=0 disable_stories=0 disable_adds=1
08-12 20:19:49.820 16929 18246 I DFInstaObserve: !toggles disable_feed=0 disable_explore=0 disable_reels=0 disable_stories=0 disable_adds=1
08-12 20:19:49.995 16929 17099 I DFInstaObserve: !toggles disable_feed=0 disable_explore=0 disable_reels=0 disable_stories=0 disable_adds=1
08-12 20:19:50.041 16929 17099 I DFInstaObserve: !toggles disable_feed=0 disable_explore=0 disable_reels=0 disable_stories=0 disable_adds=1
08-12 20:19:50.099 16929 17099 I DFInstaObserve: !toggles disable_feed=0 disable_explore=0 disable_reels=0 disable_stories=0 disable_adds=1
08-12 20:19:50.163 16929 17099 I DFInstaObserve: !toggles disable_feed=0 disable_explore=0 disable_reels=0 disable_stories=0 disable_adds=1
08-12 20:19:54.468 16929 17785 I DFInstaObserve: !toggles disable_feed=0 disable_explore=0 disable_reels=0 disable_stories=0 disable_adds=1
08-12 20:19:54.568 16929 17785 I DFInstaObserve: !toggles disable_feed=0 disable_explore=0 disable_reels=0 disable_stories=0 disable_adds=1
08-12 20:19:57.889 16929 17785 I DFInstaObserve: !toggles disable_feed=0 disable_explore=0 disable_reels=0 disable_stories=0 disable_adds=1
08-12 20:20:01.172 16929 17131 I DFInstaObserve: !toggles disable_feed=0 disable_explore=0 disable_reels=0 disable_stories=0 disable_adds=1
08-12 20:20:05.507 16929 18328 I DFInstaObserve: !toggles disable_feed=0 disable_explore=0 disable_reels=0 disable_stories=0 disable_adds=1
08-12 20:20:05.555 16929 18333 I DFInstaObserve: !toggles disable_feed=0 disable_explore=0 disable_reels=0 disable_stories=0 disable_adds=1
08-12 20:20:05.579 16929 18333 I DFInstaObserve: !toggles disable_feed=0 disable_explore=0 disable_reels=0 disable_stories=0 disable_adds=1
08-12 20:20:09.151 16929 18244 I DFInstaObserve: !toggles disable_feed=0 disable_explore=0 disable_reels=0 disable_stories=0 disable_adds=1
08-12 20:20:09.151 16929 18244 I DFInstaObserve: /discover/topical_explore
08-12 20:20:09.412 16929 18375 I DFInstaObserve: !toggles disable_feed=0 disable_explore=0 disable_reels=0 disable_stories=0 disable_adds=1
08-12 20:20:09.489 16929 18389 I DFInstaObserve: !toggles disable_feed=0 disable_explore=0 disable_reels=0 disable_stories=0 disable_adds=1
08-12 20:20:09.681 16929 18398 I DFInstaObserve: !toggles disable_feed=0 disable_explore=0 disable_reels=0 disable_stories=0 disable_adds=1
08-12 20:20:11.662 16929 18387 I DFInstaObserve: !toggles disable_feed=0 disable_explore=0 disable_reels=0 disable_stories=0 disable_adds=1
08-12 20:20:12.009 16929 18397 I DFInstaObserve: !toggles disable_feed=0 disable_explore=0 disable_reels=0 disable_stories=0 disable_adds=1
08-12 20:20:12.459 16929 18246 I DFInstaObserve: !toggles disable_feed=0 disable_explore=0 disable_reels=0 disable_stories=0 disable_adds=1
08-12 20:20:12.459 16929 18246 I DFInstaObserve: /discover/topical_explore
08-12 20:20:12.612 16929 17785 I DFInstaObserve: !toggles disable_feed=0 disable_explore=0 disable_reels=0 disable_stories=0 disable_adds=1
08-12 20:20:12.617 16929 17785 I DFInstaObserve: !toggles disable_feed=0 disable_explore=0 disable_reels=0 disable_stories=0 disable_adds=1
08-12 20:20:12.620 16929 17785 I DFInstaObserve: !toggles disable_feed=0 disable_explore=0 disable_reels=0 disable_stories=0 disable_adds=1
08-12 20:20:12.736 16929 17785 I DFInstaObserve: !toggles disable_feed=0 disable_explore=0 disable_reels=0 disable_stories=0 disable_adds=1
08-12 20:20:12.751 16929 17785 I DFInstaObserve: !toggles disable_feed=0 disable_explore=0 disable_reels=0 disable_stories=0 disable_adds=1
08-12 20:20:12.763 16929 17785 I DFInstaObserve: !toggles disable_feed=0 disable_explore=0 disable_reels=0 disable_stories=0 disable_adds=1
08-12 20:20:12.915 16929 17785 I DFInstaObserve: !toggles disable_feed=0 disable_explore=0 disable_reels=0 disable_stories=0 disable_adds=1
08-12 20:20:12.923 16929 18435 I DFInstaObserve: !toggles disable_feed=0 disable_explore=0 disable_reels=0 disable_stories=0 disable_adds=1
08-12 20:20:12.977 16929 18244 I DFInstaObserve: !toggles disable_feed=0 disable_explore=0 disable_reels=0 disable_stories=0 disable_adds=1
08-12 20:20:12.999 16929 17099 I DFInstaObserve: !toggles disable_feed=0 disable_explore=0 disable_reels=0 disable_stories=0 disable_adds=1
08-12 20:20:13.004 16929 18420 I DFInstaObserve: !toggles disable_feed=0 disable_explore=0 disable_reels=0 disable_stories=0 disable_adds=1
08-12 20:20:13.037 16929 18143 I DFInstaObserve: !toggles disable_feed=0 disable_explore=0 disable_reels=0 disable_stories=0 disable_adds=1
08-12 20:20:13.056 16929 18420 I DFInstaObserve: !toggles disable_feed=0 disable_explore=0 disable_reels=0 disable_stories=0 disable_adds=1
08-12 20:20:13.113 16929 18022 I DFInstaObserve: !toggles disable_feed=0 disable_explore=0 disable_reels=0 disable_stories=0 disable_adds=1
08-12 20:20:13.126 16929 18143 I DFInstaObserve: !toggles disable_feed=0 disable_explore=0 disable_reels=0 disable_stories=0 disable_adds=1
08-12 20:20:13.132 16929 17099 I DFInstaObserve: !toggles disable_feed=0 disable_explore=0 disable_reels=0 disable_stories=0 disable_adds=1
08-12 20:20:13.168 16929 18022 I DFInstaObserve: !toggles disable_feed=0 disable_explore=0 disable_reels=0 disable_stories=0 disable_adds=1
08-12 20:20:13.327 16929 18440 I DFInstaObserve: !toggles disable_feed=0 disable_explore=0 disable_reels=0 disable_stories=0 disable_adds=1
08-12 20:20:13.384 16929 18143 I DFInstaObserve: !toggles disable_feed=0 disable_explore=0 disable_reels=0 disable_stories=0 disable_adds=1
08-12 20:20:13.389 16929 18441 I DFInstaObserve: !toggles disable_feed=0 disable_explore=0 disable_reels=0 disable_stories=0 disable_adds=1
08-12 20:20:13.424 16929 18420 I DFInstaObserve: !toggles disable_feed=0 disable_explore=0 disable_reels=0 disable_stories=0 disable_adds=1
08-12 20:20:13.425 16929 17099 I DFInstaObserve: !toggles disable_feed=0 disable_explore=0 disable_reels=0 disable_stories=0 disable_adds=1
08-12 20:20:13.433 16929 18441 I DFInstaObserve: !toggles disable_feed=0 disable_explore=0 disable_reels=0 disable_stories=0 disable_adds=1
08-12 20:20:13.468 16929 18420 I DFInstaObserve: !toggles disable_feed=0 disable_explore=0 disable_reels=0 disable_stories=0 disable_adds=1
08-12 20:20:13.482 16929 18143 I DFInstaObserve: !toggles disable_feed=0 disable_explore=0 disable_reels=0 disable_stories=0 disable_adds=1
08-12 20:20:13.506 16929 18420 I DFInstaObserve: !toggles disable_feed=0 disable_explore=0 disable_reels=0 disable_stories=0 disable_adds=1
08-12 20:20:13.626 16929 17099 I DFInstaObserve: !toggles disable_feed=0 disable_explore=0 disable_reels=0 disable_stories=0 disable_adds=1
08-12 20:20:13.678 16929 17099 I DFInstaObserve: !toggles disable_feed=0 disable_explore=0 disable_reels=0 disable_stories=0 disable_adds=1
08-12 20:20:13.727 16929 17099 I DFInstaObserve: !toggles disable_feed=0 disable_explore=0 disable_reels=0 disable_stories=0 disable_adds=1
08-12 20:20:13.764 16929 17099 I DFInstaObserve: !toggles disable_feed=0 disable_explore=0 disable_reels=0 disable_stories=0 disable_adds=1
08-12 20:20:13.883 16929 17099 I DFInstaObserve: !toggles disable_feed=0 disable_explore=0 disable_reels=0 disable_stories=0 disable_adds=1
08-12 20:20:13.933 16929 17099 I DFInstaObserve: !toggles disable_feed=0 disable_explore=0 disable_reels=0 disable_stories=0 disable_adds=1
08-12 20:20:14.241 16929 17099 I DFInstaObserve: !toggles disable_feed=0 disable_explore=0 disable_reels=0 disable_stories=0 disable_adds=1
08-12 20:20:14.314 16929 17099 I DFInstaObserve: !toggles disable_feed=0 disable_explore=0 disable_reels=0 disable_stories=0 disable_adds=1
08-12 20:20:14.384 16929 17099 I DFInstaObserve: !toggles disable_feed=0 disable_explore=0 disable_reels=0 disable_stories=0 disable_adds=1
08-12 20:20:14.449 16929 17099 I DFInstaObserve: !toggles disable_feed=0 disable_explore=0 disable_reels=0 disable_stories=0 disable_adds=1
08-12 20:20:14.563 16929 17099 I DFInstaObserve: !toggles disable_feed=0 disable_explore=0 disable_reels=0 disable_stories=0 disable_adds=1
08-12 20:20:14.707 16929 17099 I DFInstaObserve: !toggles disable_feed=0 disable_explore=0 disable_reels=0 disable_stories=0 disable_adds=1
08-12 20:20:14.891 16929 18431 I DFInstaObserve: !toggles disable_feed=0 disable_explore=0 disable_reels=0 disable_stories=0 disable_adds=1
08-12 20:20:14.961 16929 18431 I DFInstaObserve: !toggles disable_feed=0 disable_explore=0 disable_reels=0 disable_stories=0 disable_adds=1
08-12 20:20:15.145 16929 17099 I DFInstaObserve: !toggles disable_feed=0 disable_explore=0 disable_reels=0 disable_stories=0 disable_adds=1
08-12 20:20:15.168 16929 18438 I DFInstaObserve: !toggles disable_feed=0 disable_explore=0 disable_reels=0 disable_stories=0 disable_adds=1
08-12 20:20:15.390 16929 18457 I DFInstaObserve: !toggles disable_feed=0 disable_explore=0 disable_reels=0 disable_stories=0 disable_adds=1
08-12 20:20:15.395 16929 17785 I DFInstaObserve: !toggles disable_feed=0 disable_explore=0 disable_reels=0 disable_stories=0 disable_adds=1
08-12 20:20:15.440 16929 17099 I DFInstaObserve: !toggles disable_feed=0 disable_explore=0 disable_reels=0 disable_stories=0 disable_adds=1
08-12 20:20:15.457 16929 18143 I DFInstaObserve: !toggles disable_feed=0 disable_explore=0 disable_reels=0 disable_stories=0 disable_adds=1
08-12 20:20:15.487 16929 18441 I DFInstaObserve: !toggles disable_feed=0 disable_explore=0 disable_reels=0 disable_stories=0 disable_adds=1
08-12 20:20:15.582 16929 18440 I DFInstaObserve: !toggles disable_feed=0 disable_explore=0 disable_reels=0 disable_stories=0 disable_adds=1
08-12 20:20:15.610 16929 18420 I DFInstaObserve: !toggles disable_feed=0 disable_explore=0 disable_reels=0 disable_stories=0 disable_adds=1
08-12 20:20:15.692 16929 17099 I DFInstaObserve: !toggles disable_feed=0 disable_explore=0 disable_reels=0 disable_stories=0 disable_adds=1
08-12 20:20:15.701 16929 18441 I DFInstaObserve: !toggles disable_feed=0 disable_explore=0 disable_reels=0 disable_stories=0 disable_adds=1
08-12 20:20:15.710 16929 18420 I DFInstaObserve: !toggles disable_feed=0 disable_explore=0 disable_reels=0 disable_stories=0 disable_adds=1
08-12 20:20:15.769 16929 18441 I DFInstaObserve: !toggles disable_feed=0 disable_explore=0 disable_reels=0 disable_stories=0 disable_adds=1
08-12 20:20:15.770 16929 17099 I DFInstaObserve: !toggles disable_feed=0 disable_explore=0 disable_reels=0 disable_stories=0 disable_adds=1
08-12 20:20:15.784 16929 18440 I DFInstaObserve: !toggles disable_feed=0 disable_explore=0 disable_reels=0 disable_stories=0 disable_adds=1
08-12 20:20:15.838 16929 18441 I DFInstaObserve: !toggles disable_feed=0 disable_explore=0 disable_reels=0 disable_stories=0 disable_adds=1
08-12 20:20:15.850 16929 18143 I DFInstaObserve: !toggles disable_feed=0 disable_explore=0 disable_reels=0 disable_stories=0 disable_adds=1
08-12 20:20:15.914 16929 18468 I DFInstaObserve: !toggles disable_feed=0 disable_explore=0 disable_reels=0 disable_stories=0 disable_adds=1
08-12 20:20:15.932 16929 18441 I DFInstaObserve: !toggles disable_feed=0 disable_explore=0 disable_reels=0 disable_stories=0 disable_adds=1
08-12 20:20:15.975 16929 18479 I DFInstaObserve: !toggles disable_feed=0 disable_explore=0 disable_reels=0 disable_stories=0 disable_adds=1
08-12 20:20:16.040 16929 18487 I DFInstaObserve: !toggles disable_feed=0 disable_explore=0 disable_reels=0 disable_stories=0 disable_adds=1
08-12 20:20:16.110 16929 18246 I DFInstaObserve: !toggles disable_feed=0 disable_explore=0 disable_reels=0 disable_stories=0 disable_adds=1
08-12 20:20:16.140 16929 18469 I DFInstaObserve: !toggles disable_feed=0 disable_explore=0 disable_reels=0 disable_stories=0 disable_adds=1
08-12 20:20:16.148 16929 18246 I DFInstaObserve: !toggles disable_feed=0 disable_explore=0 disable_reels=0 disable_stories=0 disable_adds=1
08-12 20:20:16.175 16929 18469 I DFInstaObserve: !toggles disable_feed=0 disable_explore=0 disable_reels=0 disable_stories=0 disable_adds=1
08-12 20:20:16.189 16929 18246 I DFInstaObserve: !toggles disable_feed=0 disable_explore=0 disable_reels=0 disable_stories=0 disable_adds=1
08-12 20:20:16.225 16929 18469 I DFInstaObserve: !toggles disable_feed=0 disable_explore=0 disable_reels=0 disable_stories=0 disable_adds=1
08-12 20:20:16.276 16929 18500 I DFInstaObserve: !toggles disable_feed=0 disable_explore=0 disable_reels=0 disable_stories=0 disable_adds=1
08-12 20:20:16.308 16929 18143 I DFInstaObserve: !toggles disable_feed=0 disable_explore=0 disable_reels=0 disable_stories=0 disable_adds=1
08-12 20:20:16.323 16929 18440 I DFInstaObserve: !toggles disable_feed=0 disable_explore=0 disable_reels=0 disable_stories=0 disable_adds=1
08-12 20:20:16.338 16929 17099 I DFInstaObserve: !toggles disable_feed=0 disable_explore=0 disable_reels=0 disable_stories=0 disable_adds=1
08-12 20:20:16.401 16929 17099 I DFInstaObserve: !toggles disable_feed=0 disable_explore=0 disable_reels=0 disable_stories=0 disable_adds=1
08-12 20:20:16.472 16929 17099 I DFInstaObserve: !toggles disable_feed=0 disable_explore=0 disable_reels=0 disable_stories=0 disable_adds=1
08-12 20:20:16.511 16929 17099 I DFInstaObserve: !toggles disable_feed=0 disable_explore=0 disable_reels=0 disable_stories=0 disable_adds=1
08-12 20:20:16.701 16929 17099 I DFInstaObserve: !toggles disable_feed=0 disable_explore=0 disable_reels=0 disable_stories=0 disable_adds=1
08-12 20:20:16.747 16929 17099 I DFInstaObserve: !toggles disable_feed=0 disable_explore=0 disable_reels=0 disable_stories=0 disable_adds=1
08-12 20:20:17.020 16929 17099 I DFInstaObserve: !toggles disable_feed=0 disable_explore=0 disable_reels=0 disable_stories=0 disable_adds=1
08-12 20:20:17.070 16929 17099 I DFInstaObserve: !toggles disable_feed=0 disable_explore=0 disable_reels=0 disable_stories=0 disable_adds=1
08-12 20:20:17.190 16929 17099 I DFInstaObserve: !toggles disable_feed=0 disable_explore=0 disable_reels=0 disable_stories=0 disable_adds=1
08-12 20:20:17.238 16929 17099 I DFInstaObserve: !toggles disable_feed=0 disable_explore=0 disable_reels=0 disable_stories=0 disable_adds=1
08-12 20:20:17.818 16929 17099 I DFInstaObserve: !toggles disable_feed=0 disable_explore=0 disable_reels=0 disable_stories=0 disable_adds=1
08-12 20:20:17.882 16929 17099 I DFInstaObserve: !toggles disable_feed=0 disable_explore=0 disable_reels=0 disable_stories=0 disable_adds=1
08-12 20:20:18.085 16929 17099 I DFInstaObserve: !toggles disable_feed=0 disable_explore=0 disable_reels=0 disable_stories=0 disable_adds=1
08-12 20:20:18.242 16929 18492 I DFInstaObserve: !toggles disable_feed=0 disable_explore=0 disable_reels=0 disable_stories=0 disable_adds=1
08-12 20:20:18.305 16929 18492 I DFInstaObserve: !toggles disable_feed=0 disable_explore=0 disable_reels=0 disable_stories=0 disable_adds=1
08-12 20:20:18.352 16929 18486 I DFInstaObserve: !toggles disable_feed=0 disable_explore=0 disable_reels=0 disable_stories=0 disable_adds=1
08-12 20:20:19.368 16929 18440 I DFInstaObserve: !toggles disable_feed=0 disable_explore=0 disable_reels=0 disable_stories=0 disable_adds=1
08-12 20:20:19.368 16929 18440 I DFInstaObserve: /discover/topical_explore
08-12 20:20:21.673 16929 18544 I DFInstaObserve: !toggles disable_feed=0 disable_explore=0 disable_reels=0 disable_stories=0 disable_adds=1
08-12 20:20:21.748 16929 18539 I DFInstaObserve: !toggles disable_feed=0 disable_explore=0 disable_reels=0 disable_stories=0 disable_adds=1
08-12 20:20:21.827 16929 18544 I DFInstaObserve: !toggles disable_feed=0 disable_explore=0 disable_reels=0 disable_stories=0 disable_adds=1
08-12 20:20:22.544 16929 18570 I DFInstaObserve: !toggles disable_feed=0 disable_explore=0 disable_reels=0 disable_stories=0 disable_adds=1
08-12 20:20:24.941 16929 18583 I DFInstaObserve: !toggles disable_feed=0 disable_explore=0 disable_reels=0 disable_stories=0 disable_adds=1
08-12 20:20:25.016 16929 18583 I DFInstaObserve: !toggles disable_feed=0 disable_explore=0 disable_reels=0 disable_stories=0 disable_adds=1
08-12 20:20:25.021 16929 18590 I DFInstaObserve: !toggles disable_feed=0 disable_explore=0 disable_reels=0 disable_stories=0 disable_adds=1
08-12 20:20:25.929 16929 17131 I DFInstaObserve: !toggles disable_feed=0 disable_explore=0 disable_reels=0 disable_stories=0 disable_adds=1
08-12 20:20:26.033 16929 17131 I DFInstaObserve: !toggles disable_feed=0 disable_explore=0 disable_reels=0 disable_stories=0 disable_adds=1
08-12 20:20:33.511 16929 18644 I DFInstaObserve: !toggles disable_feed=0 disable_explore=0 disable_reels=0 disable_stories=0 disable_adds=1
08-12 20:20:33.536 16929 18644 I DFInstaObserve: !toggles disable_feed=0 disable_explore=0 disable_reels=0 disable_stories=0 disable_adds=1
08-12 20:20:34.197 16929 17785 I DFInstaObserve: !toggles disable_feed=0 disable_explore=0 disable_reels=0 disable_stories=0 disable_adds=1
08-12 20:20:36.297 16929 18676 I DFInstaObserve: !toggles disable_feed=0 disable_explore=0 disable_reels=0 disable_stories=0 disable_adds=1
08-12 20:20:36.298 16929 18677 I DFInstaObserve: !toggles disable_feed=0 disable_explore=0 disable_reels=0 disable_stories=0 disable_adds=1
08-12 20:20:39.611 16929 18704 I DFInstaObserve: !toggles disable_feed=0 disable_explore=0 disable_reels=0 disable_stories=0 disable_adds=1
08-12 20:20:39.611 16929 18705 I DFInstaObserve: !toggles disable_feed=0 disable_explore=0 disable_reels=0 disable_stories=0 disable_adds=1
08-12 20:20:40.403 16929 18643 I DFInstaObserve: !toggles disable_feed=0 disable_explore=0 disable_reels=0 disable_stories=0 disable_adds=1
08-12 20:20:40.403 16929 18643 I DFInstaObserve: /clips/discover
08-12 20:20:40.403 16929 18643 I DFInstaObserve: /clips/discover/stream/
08-12 20:20:40.826 16929 18606 I DFInstaObserve: !toggles disable_feed=0 disable_explore=0 disable_reels=0 disable_stories=0 disable_adds=1
08-12 20:20:40.848 16929 18730 I DFInstaObserve: !toggles disable_feed=0 disable_explore=0 disable_reels=0 disable_stories=0 disable_adds=1
08-12 20:20:43.740 16929 18751 I DFInstaObserve: !toggles disable_feed=0 disable_explore=0 disable_reels=0 disable_stories=0 disable_adds=1
08-12 20:20:43.968 16929 18730 I DFInstaObserve: !toggles disable_feed=0 disable_explore=0 disable_reels=0 disable_stories=0 disable_adds=1
08-12 20:20:44.023 16929 18730 I DFInstaObserve: !toggles disable_feed=0 disable_explore=0 disable_reels=0 disable_stories=0 disable_adds=1
08-12 20:20:44.548 16929 17785 I DFInstaObserve: !toggles disable_feed=0 disable_explore=0 disable_reels=0 disable_stories=0 disable_adds=1
08-12 20:20:44.561 16929 17785 I DFInstaObserve: !toggles disable_feed=0 disable_explore=0 disable_reels=0 disable_stories=0 disable_adds=1
08-12 20:20:44.598 16929 17785 I DFInstaObserve: !toggles disable_feed=0 disable_explore=0 disable_reels=0 disable_stories=0 disable_adds=1
08-12 20:20:44.610 16929 17099 I DFInstaObserve: !toggles disable_feed=0 disable_explore=0 disable_reels=0 disable_stories=0 disable_adds=1
08-12 20:20:44.653 16929 17099 I DFInstaObserve: !toggles disable_feed=0 disable_explore=0 disable_reels=0 disable_stories=0 disable_adds=1
08-12 20:20:44.716 16929 17099 I DFInstaObserve: !toggles disable_feed=0 disable_explore=0 disable_reels=0 disable_stories=0 disable_adds=1
08-12 20:20:45.468 16929 17785 I DFInstaObserve: !toggles disable_feed=0 disable_explore=0 disable_reels=0 disable_stories=0 disable_adds=1
08-12 20:20:45.477 16929 17785 I DFInstaObserve: !toggles disable_feed=0 disable_explore=0 disable_reels=0 disable_stories=0 disable_adds=1
08-12 20:20:45.495 16929 18634 I DFInstaObserve: !toggles disable_feed=0 disable_explore=0 disable_reels=0 disable_stories=0 disable_adds=1
08-12 20:20:45.614 16929 18642 I DFInstaObserve: !toggles disable_feed=0 disable_explore=0 disable_reels=0 disable_stories=0 disable_adds=1
08-12 20:20:45.618 16929 18640 I DFInstaObserve: !toggles disable_feed=0 disable_explore=0 disable_reels=0 disable_stories=0 disable_adds=1
08-12 20:20:45.672 16929 18643 I DFInstaObserve: !toggles disable_feed=0 disable_explore=0 disable_reels=0 disable_stories=0 disable_adds=1
08-12 20:20:45.676 16929 18766 I DFInstaObserve: !toggles disable_feed=0 disable_explore=0 disable_reels=0 disable_stories=0 disable_adds=1
08-12 20:20:45.708 16929 18640 I DFInstaObserve: !toggles disable_feed=0 disable_explore=0 disable_reels=0 disable_stories=0 disable_adds=1
08-12 20:20:45.713 16929 18766 I DFInstaObserve: !toggles disable_feed=0 disable_explore=0 disable_reels=0 disable_stories=0 disable_adds=1
08-12 20:20:45.749 16929 18643 I DFInstaObserve: !toggles disable_feed=0 disable_explore=0 disable_reels=0 disable_stories=0 disable_adds=1
08-12 20:20:45.756 16929 18766 I DFInstaObserve: !toggles disable_feed=0 disable_explore=0 disable_reels=0 disable_stories=0 disable_adds=1
08-12 20:20:45.783 16929 18643 I DFInstaObserve: !toggles disable_feed=0 disable_explore=0 disable_reels=0 disable_stories=0 disable_adds=1
08-12 20:20:45.814 16929 17099 I DFInstaObserve: !toggles disable_feed=0 disable_explore=0 disable_reels=0 disable_stories=0 disable_adds=1
08-12 20:20:46.006 16929 17099 I DFInstaObserve: !toggles disable_feed=0 disable_explore=0 disable_reels=0 disable_stories=0 disable_adds=1
08-12 20:20:46.049 16929 17099 I DFInstaObserve: !toggles disable_feed=0 disable_explore=0 disable_reels=0 disable_stories=0 disable_adds=1
08-12 20:20:46.132 16929 17099 I DFInstaObserve: !toggles disable_feed=0 disable_explore=0 disable_reels=0 disable_stories=0 disable_adds=1
08-12 20:20:46.173 16929 17099 I DFInstaObserve: !toggles disable_feed=0 disable_explore=0 disable_reels=0 disable_stories=0 disable_adds=1
08-12 20:20:46.240 16929 18751 I DFInstaObserve: !toggles disable_feed=0 disable_explore=0 disable_reels=0 disable_stories=0 disable_adds=1
08-12 20:20:46.244 16929 18752 I DFInstaObserve: !toggles disable_feed=0 disable_explore=0 disable_reels=0 disable_stories=0 disable_adds=1
08-12 20:20:46.399 16929 17099 I DFInstaObserve: !toggles disable_feed=0 disable_explore=0 disable_reels=0 disable_stories=0 disable_adds=1
08-12 20:20:46.474 16929 17099 I DFInstaObserve: !toggles disable_feed=0 disable_explore=0 disable_reels=0 disable_stories=0 disable_adds=1
08-12 20:20:46.685 16929 17099 I DFInstaObserve: !toggles disable_feed=0 disable_explore=0 disable_reels=0 disable_stories=0 disable_adds=1
08-12 20:20:46.727 16929 17099 I DFInstaObserve: !toggles disable_feed=0 disable_explore=0 disable_reels=0 disable_stories=0 disable_adds=1
08-12 20:20:47.025 16929 17099 I DFInstaObserve: !toggles disable_feed=0 disable_explore=0 disable_reels=0 disable_stories=0 disable_adds=1
08-12 20:20:47.081 16929 17099 I DFInstaObserve: !toggles disable_feed=0 disable_explore=0 disable_reels=0 disable_stories=0 disable_adds=1
08-12 20:20:47.150 16929 17099 I DFInstaObserve: !toggles disable_feed=0 disable_explore=0 disable_reels=0 disable_stories=0 disable_adds=1
08-12 20:20:47.183 16929 17099 I DFInstaObserve: !toggles disable_feed=0 disable_explore=0 disable_reels=0 disable_stories=0 disable_adds=1
08-12 20:20:47.304 16929 17099 I DFInstaObserve: !toggles disable_feed=0 disable_explore=0 disable_reels=0 disable_stories=0 disable_adds=1
08-12 20:20:47.378 16929 17099 I DFInstaObserve: !toggles disable_feed=0 disable_explore=0 disable_reels=0 disable_stories=0 disable_adds=1
08-12 20:20:47.470 16929 18606 I DFInstaObserve: !toggles disable_feed=0 disable_explore=0 disable_reels=0 disable_stories=0 disable_adds=1
08-12 20:20:47.646 16929 17099 I DFInstaObserve: !toggles disable_feed=0 disable_explore=0 disable_reels=0 disable_stories=0 disable_adds=1
08-12 20:20:47.682 16929 17099 I DFInstaObserve: !toggles disable_feed=0 disable_explore=0 disable_reels=0 disable_stories=0 disable_adds=1
08-12 20:20:47.871 16929 17099 I DFInstaObserve: !toggles disable_feed=0 disable_explore=0 disable_reels=0 disable_stories=0 disable_adds=1
08-12 20:20:47.911 16929 17099 I DFInstaObserve: !toggles disable_feed=0 disable_explore=0 disable_reels=0 disable_stories=0 disable_adds=1
08-12 20:20:48.056 16929 17099 I DFInstaObserve: !toggles disable_feed=0 disable_explore=0 disable_reels=0 disable_stories=0 disable_adds=1
08-12 20:20:48.093 16929 17099 I DFInstaObserve: !toggles disable_feed=0 disable_explore=0 disable_reels=0 disable_stories=0 disable_adds=1
08-12 20:20:48.141 16929 17099 I DFInstaObserve: !toggles disable_feed=0 disable_explore=0 disable_reels=0 disable_stories=0 disable_adds=1
08-12 20:20:49.604 16929 18777 I DFInstaObserve: !toggles disable_feed=0 disable_explore=0 disable_reels=0 disable_stories=0 disable_adds=1
08-12 20:20:49.607 16929 18776 I DFInstaObserve: !toggles disable_feed=0 disable_explore=0 disable_reels=0 disable_stories=0 disable_adds=1
08-12 20:20:50.322 16929 18766 I DFInstaObserve: !toggles disable_feed=0 disable_explore=0 disable_reels=0 disable_stories=0 disable_adds=1
08-12 20:20:50.469 16929 17131 I DFInstaObserve: !toggles disable_feed=0 disable_explore=0 disable_reels=0 disable_stories=0 disable_adds=1
08-12 20:21:10.406 16929 18634 I DFInstaObserve: !toggles disable_feed=0 disable_explore=0 disable_reels=0 disable_stories=0 disable_adds=1
08-12 20:21:10.406 16929 18634 I DFInstaObserve: /feed/timeline/
08-12 20:21:12.190 16929 17785 I DFInstaObserve: !toggles disable_feed=0 disable_explore=0 disable_reels=0 disable_stories=0 disable_adds=1
08-12 20:21:12.195 16929 17785 I DFInstaObserve: !toggles disable_feed=0 disable_explore=0 disable_reels=0 disable_stories=0 disable_adds=1
08-12 20:21:12.293 16929 18766 I DFInstaObserve: !toggles disable_feed=0 disable_explore=0 disable_reels=0 disable_stories=0 disable_adds=1
08-12 20:21:12.299 16929 18643 I DFInstaObserve: !toggles disable_feed=0 disable_explore=0 disable_reels=0 disable_stories=0 disable_adds=1
08-12 20:21:12.506 16929 18766 I DFInstaObserve: !toggles disable_feed=0 disable_explore=0 disable_reels=0 disable_stories=0 disable_adds=1
08-12 20:21:12.511 16929 18635 I DFInstaObserve: !toggles disable_feed=0 disable_explore=0 disable_reels=0 disable_stories=0 disable_adds=1
08-12 20:21:12.515 16929 17099 I DFInstaObserve: !toggles disable_feed=0 disable_explore=0 disable_reels=0 disable_stories=0 disable_adds=1
08-12 20:21:12.622 16929 17099 I DFInstaObserve: !toggles disable_feed=0 disable_explore=0 disable_reels=0 disable_stories=0 disable_adds=1
08-12 20:21:12.697 16929 17099 I DFInstaObserve: !toggles disable_feed=0 disable_explore=0 disable_reels=0 disable_stories=0 disable_adds=1
08-12 20:21:12.757 16929 17099 I DFInstaObserve: !toggles disable_feed=0 disable_explore=0 disable_reels=0 disable_stories=0 disable_adds=1
08-12 20:21:12.822 16929 17099 I DFInstaObserve: !toggles disable_feed=0 disable_explore=0 disable_reels=0 disable_stories=0 disable_adds=1
08-12 20:21:12.889 16929 17099 I DFInstaObserve: !toggles disable_feed=0 disable_explore=0 disable_reels=0 disable_stories=0 disable_adds=1
08-12 20:21:13.405 16929 17785 I DFInstaObserve: !toggles disable_feed=0 disable_explore=0 disable_reels=0 disable_stories=0 disable_adds=1
08-12 20:21:16.707 16929 17785 I DFInstaObserve: !toggles disable_feed=0 disable_explore=0 disable_reels=0 disable_stories=0 disable_adds=1
08-12 20:21:23.769 16929 18640 I DFInstaObserve: !toggles disable_feed=0 disable_explore=0 disable_reels=0 disable_stories=0 disable_adds=1
08-12 20:21:23.769 16929 18640 I DFInstaObserve: /feed/timeline/
08-12 20:21:26.590 16929 17131 I DFInstaObserve: !toggles disable_feed=0 disable_explore=0 disable_reels=0 disable_stories=0 disable_adds=1
08-12 20:21:26.928 16929 18606 I DFInstaObserve: !toggles disable_feed=0 disable_explore=0 disable_reels=0 disable_stories=0 disable_adds=1
08-12 20:21:26.933 16929 18606 I DFInstaObserve: !toggles disable_feed=0 disable_explore=0 disable_reels=0 disable_stories=0 disable_adds=1
08-12 20:21:27.031 16929 18643 I DFInstaObserve: !toggles disable_feed=0 disable_explore=0 disable_reels=0 disable_stories=0 disable_adds=1
08-12 20:21:27.049 16929 18947 I DFInstaObserve: !toggles disable_feed=0 disable_explore=0 disable_reels=0 disable_stories=0 disable_adds=1
08-12 20:21:27.128 16929 18948 I DFInstaObserve: !toggles disable_feed=0 disable_explore=0 disable_reels=0 disable_stories=0 disable_adds=1
08-12 20:21:27.135 16929 18643 I DFInstaObserve: !toggles disable_feed=0 disable_explore=0 disable_reels=0 disable_stories=0 disable_adds=1
08-12 20:21:27.204 16929 18640 I DFInstaObserve: !toggles disable_feed=0 disable_explore=0 disable_reels=0 disable_stories=0 disable_adds=1
08-12 20:21:27.210 16929 18948 I DFInstaObserve: !toggles disable_feed=0 disable_explore=0 disable_reels=0 disable_stories=0 disable_adds=1
08-12 20:21:27.277 16929 18643 I DFInstaObserve: !toggles disable_feed=0 disable_explore=0 disable_reels=0 disable_stories=0 disable_adds=1
08-12 20:21:27.440 16929 17099 I DFInstaObserve: !toggles disable_feed=0 disable_explore=0 disable_reels=0 disable_stories=0 disable_adds=1
08-12 20:21:27.547 16929 17099 I DFInstaObserve: !toggles disable_feed=0 disable_explore=0 disable_reels=0 disable_stories=0 disable_adds=1
08-12 20:21:27.632 16929 17099 I DFInstaObserve: !toggles disable_feed=0 disable_explore=0 disable_reels=0 disable_stories=0 disable_adds=1
08-12 20:21:27.765 16929 17099 I DFInstaObserve: !toggles disable_feed=0 disable_explore=0 disable_reels=0 disable_stories=0 disable_adds=1
08-12 20:21:31.093 16929 18920 I DFInstaObserve: !toggles disable_feed=0 disable_explore=0 disable_reels=0 disable_stories=0 disable_adds=1
08-12 20:21:31.134 16929 18920 I DFInstaObserve: !toggles disable_feed=0 disable_explore=0 disable_reels=0 disable_stories=0 disable_adds=1
08-12 20:21:34.706 16929 18640 I DFInstaObserve: !toggles disable_feed=0 disable_explore=0 disable_reels=0 disable_stories=0 disable_adds=1
08-12 20:21:34.706 16929 18640 I DFInstaObserve: /discover/topical_explore
08-12 20:21:35.046 16929 18990 I DFInstaObserve: !toggles disable_feed=0 disable_explore=0 disable_reels=0 disable_stories=0 disable_adds=1
08-12 20:21:37.113 16929 18989 I DFInstaObserve: !toggles disable_feed=0 disable_explore=0 disable_reels=0 disable_stories=0 disable_adds=1
08-12 20:21:37.951 16929 18606 I DFInstaObserve: !toggles disable_feed=0 disable_explore=0 disable_reels=0 disable_stories=0 disable_adds=1
08-12 20:21:37.960 16929 19039 I DFInstaObserve: !toggles disable_feed=0 disable_explore=0 disable_reels=0 disable_stories=0 disable_adds=1
08-12 20:21:37.995 16929 17099 I DFInstaObserve: !toggles disable_feed=0 disable_explore=0 disable_reels=0 disable_stories=0 disable_adds=1
08-12 20:21:37.998 16929 18947 I DFInstaObserve: !toggles disable_feed=0 disable_explore=0 disable_reels=0 disable_stories=0 disable_adds=1
08-12 20:21:38.005 16929 18948 I DFInstaObserve: !toggles disable_feed=0 disable_explore=0 disable_reels=0 disable_stories=0 disable_adds=1
08-12 20:21:38.030 16929 18982 I DFInstaObserve: !toggles disable_feed=0 disable_explore=0 disable_reels=0 disable_stories=0 disable_adds=1
08-12 20:21:38.047 16929 18643 I DFInstaObserve: !toggles disable_feed=0 disable_explore=0 disable_reels=0 disable_stories=0 disable_adds=1
08-12 20:21:38.054 16929 18947 I DFInstaObserve: !toggles disable_feed=0 disable_explore=0 disable_reels=0 disable_stories=0 disable_adds=1
08-12 20:21:38.118 16929 19042 I DFInstaObserve: !toggles disable_feed=0 disable_explore=0 disable_reels=0 disable_stories=0 disable_adds=1
08-12 20:21:38.132 16929 18947 I DFInstaObserve: !toggles disable_feed=0 disable_explore=0 disable_reels=0 disable_stories=0 disable_adds=1
08-12 20:21:38.160 16929 18947 I DFInstaObserve: !toggles disable_feed=0 disable_explore=0 disable_reels=0 disable_stories=0 disable_adds=1
08-12 20:21:38.177 16929 18766 I DFInstaObserve: !toggles disable_feed=0 disable_explore=0 disable_reels=0 disable_stories=0 disable_adds=1
08-12 20:21:38.239 16929 18766 I DFInstaObserve: !toggles disable_feed=0 disable_explore=0 disable_reels=0 disable_stories=0 disable_adds=1
08-12 20:21:38.256 16929 18766 I DFInstaObserve: !toggles disable_feed=0 disable_explore=0 disable_reels=0 disable_stories=0 disable_adds=1
08-12 20:21:38.336 16929 18947 I DFInstaObserve: !toggles disable_feed=0 disable_explore=0 disable_reels=0 disable_stories=0 disable_adds=1
08-12 20:21:38.356 16929 18640 I DFInstaObserve: !toggles disable_feed=0 disable_explore=0 disable_reels=0 disable_stories=0 disable_adds=1
08-12 20:21:38.383 16929 18947 I DFInstaObserve: !toggles disable_feed=0 disable_explore=0 disable_reels=0 disable_stories=0 disable_adds=1
08-12 20:21:38.403 16929 17099 I DFInstaObserve: !toggles disable_feed=0 disable_explore=0 disable_reels=0 disable_stories=0 disable_adds=1
08-12 20:21:38.407 16929 18947 I DFInstaObserve: !toggles disable_feed=0 disable_explore=0 disable_reels=0 disable_stories=0 disable_adds=1
08-12 20:21:38.432 16929 18947 I DFInstaObserve: !toggles disable_feed=0 disable_explore=0 disable_reels=0 disable_stories=0 disable_adds=1
08-12 20:21:38.493 16929 18640 I DFInstaObserve: !toggles disable_feed=0 disable_explore=0 disable_reels=0 disable_stories=0 disable_adds=1
08-12 20:21:38.498 16929 17099 I DFInstaObserve: !toggles disable_feed=0 disable_explore=0 disable_reels=0 disable_stories=0 disable_adds=1
08-12 20:21:38.509 16929 18947 I DFInstaObserve: !toggles disable_feed=0 disable_explore=0 disable_reels=0 disable_stories=0 disable_adds=1
08-12 20:21:38.541 16929 18766 I DFInstaObserve: !toggles disable_feed=0 disable_explore=0 disable_reels=0 disable_stories=0 disable_adds=1
08-12 20:21:38.563 16929 18640 I DFInstaObserve: !toggles disable_feed=0 disable_explore=0 disable_reels=0 disable_stories=0 disable_adds=1
08-12 20:21:38.580 16929 18640 I DFInstaObserve: !toggles disable_feed=0 disable_explore=0 disable_reels=0 disable_stories=0 disable_adds=1
08-12 20:21:38.580 16929 17099 I DFInstaObserve: !toggles disable_feed=0 disable_explore=0 disable_reels=0 disable_stories=0 disable_adds=1
08-12 20:21:38.673 16929 19042 I DFInstaObserve: !toggles disable_feed=0 disable_explore=0 disable_reels=0 disable_stories=0 disable_adds=1
08-12 20:21:38.686 16929 18640 I DFInstaObserve: !toggles disable_feed=0 disable_explore=0 disable_reels=0 disable_stories=0 disable_adds=1
08-12 20:21:38.686 16929 18640 I DFInstaObserve: /discover/topical_explore
08-12 20:21:38.687 16929 18948 I DFInstaObserve: !toggles disable_feed=0 disable_explore=0 disable_reels=0 disable_stories=0 disable_adds=1
08-12 20:21:38.729 16929 17099 I DFInstaObserve: !toggles disable_feed=0 disable_explore=0 disable_reels=0 disable_stories=0 disable_adds=1
08-12 20:21:39.050 16929 17099 I DFInstaObserve: !toggles disable_feed=0 disable_explore=0 disable_reels=0 disable_stories=0 disable_adds=1
08-12 20:21:39.092 16929 17099 I DFInstaObserve: !toggles disable_feed=0 disable_explore=0 disable_reels=0 disable_stories=0 disable_adds=1
08-12 20:21:39.174 16929 17099 I DFInstaObserve: !toggles disable_feed=0 disable_explore=0 disable_reels=0 disable_stories=0 disable_adds=1
08-12 20:21:39.211 16929 17099 I DFInstaObserve: !toggles disable_feed=0 disable_explore=0 disable_reels=0 disable_stories=0 disable_adds=1
08-12 20:21:39.255 16929 17099 I DFInstaObserve: !toggles disable_feed=0 disable_explore=0 disable_reels=0 disable_stories=0 disable_adds=1
08-12 20:21:39.293 16929 17099 I DFInstaObserve: !toggles disable_feed=0 disable_explore=0 disable_reels=0 disable_stories=0 disable_adds=1
08-12 20:21:39.502 16929 17099 I DFInstaObserve: !toggles disable_feed=0 disable_explore=0 disable_reels=0 disable_stories=0 disable_adds=1
08-12 20:21:39.550 16929 17099 I DFInstaObserve: !toggles disable_feed=0 disable_explore=0 disable_reels=0 disable_stories=0 disable_adds=1
08-12 20:21:39.625 16929 17099 I DFInstaObserve: !toggles disable_feed=0 disable_explore=0 disable_reels=0 disable_stories=0 disable_adds=1
08-12 20:21:39.677 16929 17099 I DFInstaObserve: !toggles disable_feed=0 disable_explore=0 disable_reels=0 disable_stories=0 disable_adds=1
08-12 20:21:39.782 16929 17099 I DFInstaObserve: !toggles disable_feed=0 disable_explore=0 disable_reels=0 disable_stories=0 disable_adds=1
08-12 20:21:40.544 16929 19057 I DFInstaObserve: !toggles disable_feed=0 disable_explore=0 disable_reels=0 disable_stories=0 disable_adds=1
08-12 20:21:41.493 16929 19062 I DFInstaObserve: !toggles disable_feed=0 disable_explore=0 disable_reels=0 disable_stories=0 disable_adds=1
08-12 20:21:41.954 16929 19092 I DFInstaObserve: !toggles disable_feed=0 disable_explore=0 disable_reels=0 disable_stories=0 disable_adds=1
08-12 20:21:41.957 16929 19039 I DFInstaObserve: !toggles disable_feed=0 disable_explore=0 disable_reels=0 disable_stories=0 disable_adds=1
08-12 20:21:41.987 16929 17099 I DFInstaObserve: !toggles disable_feed=0 disable_explore=0 disable_reels=0 disable_stories=0 disable_adds=1
08-12 20:21:42.052 16929 18948 I DFInstaObserve: !toggles disable_feed=0 disable_explore=0 disable_reels=0 disable_stories=0 disable_adds=1
08-12 20:21:42.061 16929 19081 I DFInstaObserve: !toggles disable_feed=0 disable_explore=0 disable_reels=0 disable_stories=0 disable_adds=1
08-12 20:21:42.111 16929 18947 I DFInstaObserve: !toggles disable_feed=0 disable_explore=0 disable_reels=0 disable_stories=0 disable_adds=1
08-12 20:21:42.118 16929 18948 I DFInstaObserve: !toggles disable_feed=0 disable_explore=0 disable_reels=0 disable_stories=0 disable_adds=1
08-12 20:21:42.130 16929 17099 I DFInstaObserve: !toggles disable_feed=0 disable_explore=0 disable_reels=0 disable_stories=0 disable_adds=1
08-12 20:21:42.150 16929 18640 I DFInstaObserve: !toggles disable_feed=0 disable_explore=0 disable_reels=0 disable_stories=0 disable_adds=1
08-12 20:21:42.173 16929 18948 I DFInstaObserve: !toggles disable_feed=0 disable_explore=0 disable_reels=0 disable_stories=0 disable_adds=1
08-12 20:21:42.210 16929 17099 I DFInstaObserve: !toggles disable_feed=0 disable_explore=0 disable_reels=0 disable_stories=0 disable_adds=1
08-12 20:21:42.210 16929 18640 I DFInstaObserve: !toggles disable_feed=0 disable_explore=0 disable_reels=0 disable_stories=0 disable_adds=1
08-12 20:21:42.226 16929 18640 I DFInstaObserve: !toggles disable_feed=0 disable_explore=0 disable_reels=0 disable_stories=0 disable_adds=1
08-12 20:21:42.247 16929 18948 I DFInstaObserve: !toggles disable_feed=0 disable_explore=0 disable_reels=0 disable_stories=0 disable_adds=1
08-12 20:21:42.273 16929 18640 I DFInstaObserve: !toggles disable_feed=0 disable_explore=0 disable_reels=0 disable_stories=0 disable_adds=1
08-12 20:21:42.310 16929 18948 I DFInstaObserve: !toggles disable_feed=0 disable_explore=0 disable_reels=0 disable_stories=0 disable_adds=1
08-12 20:21:42.327 16929 17099 I DFInstaObserve: !toggles disable_feed=0 disable_explore=0 disable_reels=0 disable_stories=0 disable_adds=1
08-12 20:21:42.332 16929 18640 I DFInstaObserve: !toggles disable_feed=0 disable_explore=0 disable_reels=0 disable_stories=0 disable_adds=1
08-12 20:21:42.350 16929 18640 I DFInstaObserve: !toggles disable_feed=0 disable_explore=0 disable_reels=0 disable_stories=0 disable_adds=1
08-12 20:21:42.385 16929 17099 I DFInstaObserve: !toggles disable_feed=0 disable_explore=0 disable_reels=0 disable_stories=0 disable_adds=1
08-12 20:21:42.419 16929 18947 I DFInstaObserve: !toggles disable_feed=0 disable_explore=0 disable_reels=0 disable_stories=0 disable_adds=1
08-12 20:21:42.429 16929 19081 I DFInstaObserve: !toggles disable_feed=0 disable_explore=0 disable_reels=0 disable_stories=0 disable_adds=1
08-12 20:21:42.502 16929 18766 I DFInstaObserve: !toggles disable_feed=0 disable_explore=0 disable_reels=0 disable_stories=0 disable_adds=1
08-12 20:21:42.554 16929 18766 I DFInstaObserve: !toggles disable_feed=0 disable_explore=0 disable_reels=0 disable_stories=0 disable_adds=1
08-12 20:21:42.591 16929 17099 I DFInstaObserve: !toggles disable_feed=0 disable_explore=0 disable_reels=0 disable_stories=0 disable_adds=1
08-12 20:21:42.593 16929 18640 I DFInstaObserve: !toggles disable_feed=0 disable_explore=0 disable_reels=0 disable_stories=0 disable_adds=1
08-12 20:21:42.625 16929 18766 I DFInstaObserve: !toggles disable_feed=0 disable_explore=0 disable_reels=0 disable_stories=0 disable_adds=1
08-12 20:21:42.650 16929 17099 I DFInstaObserve: !toggles disable_feed=0 disable_explore=0 disable_reels=0 disable_stories=0 disable_adds=1
08-12 20:21:42.663 16929 19081 I DFInstaObserve: !toggles disable_feed=0 disable_explore=0 disable_reels=0 disable_stories=0 disable_adds=1
08-12 20:21:42.667 16929 18766 I DFInstaObserve: !toggles disable_feed=0 disable_explore=0 disable_reels=0 disable_stories=0 disable_adds=1
08-12 20:21:42.715 16929 19081 I DFInstaObserve: !toggles disable_feed=0 disable_explore=0 disable_reels=0 disable_stories=0 disable_adds=1
08-12 20:21:42.823 16929 17099 I DFInstaObserve: !toggles disable_feed=0 disable_explore=0 disable_reels=0 disable_stories=0 disable_adds=1
08-12 20:21:42.887 16929 17099 I DFInstaObserve: !toggles disable_feed=0 disable_explore=0 disable_reels=0 disable_stories=0 disable_adds=1
08-12 20:21:43.149 16929 17099 I DFInstaObserve: !toggles disable_feed=0 disable_explore=0 disable_reels=0 disable_stories=0 disable_adds=1
08-12 20:21:43.202 16929 17099 I DFInstaObserve: !toggles disable_feed=0 disable_explore=0 disable_reels=0 disable_stories=0 disable_adds=1
08-12 20:21:43.420 16929 17099 I DFInstaObserve: !toggles disable_feed=0 disable_explore=0 disable_reels=0 disable_stories=0 disable_adds=1
08-12 20:21:43.489 16929 17099 I DFInstaObserve: !toggles disable_feed=0 disable_explore=0 disable_reels=0 disable_stories=0 disable_adds=1
08-12 20:21:43.546 16929 19083 I DFInstaObserve: !toggles disable_feed=0 disable_explore=0 disable_reels=0 disable_stories=0 disable_adds=1
08-12 20:21:43.628 16929 19083 I DFInstaObserve: !toggles disable_feed=0 disable_explore=0 disable_reels=0 disable_stories=0 disable_adds=1
08-12 20:21:43.747 16929 17099 I DFInstaObserve: !toggles disable_feed=0 disable_explore=0 disable_reels=0 disable_stories=0 disable_adds=1
08-12 20:21:43.809 16929 17099 I DFInstaObserve: !toggles disable_feed=0 disable_explore=0 disable_reels=0 disable_stories=0 disable_adds=1
08-12 20:21:43.941 16929 17099 I DFInstaObserve: !toggles disable_feed=0 disable_explore=0 disable_reels=0 disable_stories=0 disable_adds=1
08-12 20:21:44.712 16929 19088 I DFInstaObserve: !toggles disable_feed=0 disable_explore=0 disable_reels=0 disable_stories=0 disable_adds=1
08-12 20:21:44.739 16929 19088 I DFInstaObserve: !toggles disable_feed=0 disable_explore=0 disable_reels=0 disable_stories=0 disable_adds=1
08-12 20:21:47.075 16929 19118 I DFInstaObserve: !toggles disable_feed=0 disable_explore=0 disable_reels=0 disable_stories=0 disable_adds=1
08-12 20:21:47.199 16929 19124 I DFInstaObserve: !toggles disable_feed=0 disable_explore=0 disable_reels=0 disable_stories=0 disable_adds=1
08-12 20:21:47.997 16929 18766 I DFInstaObserve: !toggles disable_feed=0 disable_explore=0 disable_reels=0 disable_stories=0 disable_adds=1
08-12 20:21:47.997 16929 18766 I DFInstaObserve: /discover/topical_explore
08-12 20:21:48.172 16929 19154 I DFInstaObserve: !toggles disable_feed=0 disable_explore=0 disable_reels=0 disable_stories=0 disable_adds=1
08-12 20:21:50.450 16929 19161 I DFInstaObserve: !toggles disable_feed=0 disable_explore=0 disable_reels=0 disable_stories=0 disable_adds=1
08-12 20:21:50.508 16929 19161 I DFInstaObserve: !toggles disable_feed=0 disable_explore=0 disable_reels=0 disable_stories=0 disable_adds=1
08-12 20:21:50.679 16929 19168 I DFInstaObserve: !toggles disable_feed=0 disable_explore=0 disable_reels=0 disable_stories=0 disable_adds=1
08-12 20:21:50.950 16929 19192 I DFInstaObserve: !toggles disable_feed=0 disable_explore=0 disable_reels=0 disable_stories=0 disable_adds=1
08-12 20:21:50.954 16929 19092 I DFInstaObserve: !toggles disable_feed=0 disable_explore=0 disable_reels=0 disable_stories=0 disable_adds=1
08-12 20:21:50.996 16929 18766 I DFInstaObserve: !toggles disable_feed=0 disable_explore=0 disable_reels=0 disable_stories=0 disable_adds=1
08-12 20:21:50.999 16929 17099 I DFInstaObserve: !toggles disable_feed=0 disable_explore=0 disable_reels=0 disable_stories=0 disable_adds=1
08-12 20:21:51.005 16929 19109 I DFInstaObserve: !toggles disable_feed=0 disable_explore=0 disable_reels=0 disable_stories=0 disable_adds=1
08-12 20:21:51.037 16929 19158 I DFInstaObserve: !toggles disable_feed=0 disable_explore=0 disable_reels=0 disable_stories=0 disable_adds=1
08-12 20:21:51.047 16929 18948 I DFInstaObserve: !toggles disable_feed=0 disable_explore=0 disable_reels=0 disable_stories=0 disable_adds=1
08-12 20:21:51.074 16929 19158 I DFInstaObserve: !toggles disable_feed=0 disable_explore=0 disable_reels=0 disable_stories=0 disable_adds=1
08-12 20:21:51.074 16929 17099 I DFInstaObserve: !toggles disable_feed=0 disable_explore=0 disable_reels=0 disable_stories=0 disable_adds=1
08-12 20:21:51.084 16929 18766 I DFInstaObserve: !toggles disable_feed=0 disable_explore=0 disable_reels=0 disable_stories=0 disable_adds=1
08-12 20:21:51.117 16929 18948 I DFInstaObserve: !toggles disable_feed=0 disable_explore=0 disable_reels=0 disable_stories=0 disable_adds=1
08-12 20:21:51.121 16929 19109 I DFInstaObserve: !toggles disable_feed=0 disable_explore=0 disable_reels=0 disable_stories=0 disable_adds=1
08-12 20:21:51.130 16929 17099 I DFInstaObserve: !toggles disable_feed=0 disable_explore=0 disable_reels=0 disable_stories=0 disable_adds=1
08-12 20:21:51.156 16929 18948 I DFInstaObserve: !toggles disable_feed=0 disable_explore=0 disable_reels=0 disable_stories=0 disable_adds=1
08-12 20:21:51.212 16929 18948 I DFInstaObserve: !toggles disable_feed=0 disable_explore=0 disable_reels=0 disable_stories=0 disable_adds=1
08-12 20:21:51.315 16929 19109 I DFInstaObserve: !toggles disable_feed=0 disable_explore=0 disable_reels=0 disable_stories=0 disable_adds=1
08-12 20:21:51.325 16929 19202 I DFInstaObserve: !toggles disable_feed=0 disable_explore=0 disable_reels=0 disable_stories=0 disable_adds=1
08-12 20:21:51.345 16929 17099 I DFInstaObserve: !toggles disable_feed=0 disable_explore=0 disable_reels=0 disable_stories=0 disable_adds=1
08-12 20:21:51.365 16929 18766 I DFInstaObserve: !toggles disable_feed=0 disable_explore=0 disable_reels=0 disable_stories=0 disable_adds=1
08-12 20:21:51.390 16929 19214 I DFInstaObserve: !toggles disable_feed=0 disable_explore=0 disable_reels=0 disable_stories=0 disable_adds=1
08-12 20:21:51.459 16929 17099 I DFInstaObserve: !toggles disable_feed=0 disable_explore=0 disable_reels=0 disable_stories=0 disable_adds=1
08-12 20:21:51.468 16929 19226 I DFInstaObserve: !toggles disable_feed=0 disable_explore=0 disable_reels=0 disable_stories=0 disable_adds=1
08-12 20:21:51.471 16929 19218 I DFInstaObserve: !toggles disable_feed=0 disable_explore=0 disable_reels=0 disable_stories=0 disable_adds=1
08-12 20:21:51.484 16929 18766 I DFInstaObserve: !toggles disable_feed=0 disable_explore=0 disable_reels=0 disable_stories=0 disable_adds=1
08-12 20:21:51.537 16929 19211 I DFInstaObserve: !toggles disable_feed=0 disable_explore=0 disable_reels=0 disable_stories=0 disable_adds=1
08-12 20:21:51.574 16929 19211 I DFInstaObserve: !toggles disable_feed=0 disable_explore=0 disable_reels=0 disable_stories=0 disable_adds=1
08-12 20:21:51.578 16929 19226 I DFInstaObserve: !toggles disable_feed=0 disable_explore=0 disable_reels=0 disable_stories=0 disable_adds=1
08-12 20:21:51.610 16929 19215 I DFInstaObserve: !toggles disable_feed=0 disable_explore=0 disable_reels=0 disable_stories=0 disable_adds=1
08-12 20:21:51.629 16929 18766 I DFInstaObserve: !toggles disable_feed=0 disable_explore=0 disable_reels=0 disable_stories=0 disable_adds=1
08-12 20:21:51.642 16929 19226 I DFInstaObserve: !toggles disable_feed=0 disable_explore=0 disable_reels=0 disable_stories=0 disable_adds=1
08-12 20:21:51.675 16929 19215 I DFInstaObserve: !toggles disable_feed=0 disable_explore=0 disable_reels=0 disable_stories=0 disable_adds=1
08-12 20:21:51.720 16929 19226 I DFInstaObserve: !toggles disable_feed=0 disable_explore=0 disable_reels=0 disable_stories=0 disable_adds=1
08-12 20:21:51.721 16929 19211 I DFInstaObserve: !toggles disable_feed=0 disable_explore=0 disable_reels=0 disable_stories=0 disable_adds=1
08-12 20:21:51.746 16929 17131 I DFInstaObserve: !toggles disable_feed=0 disable_explore=0 disable_reels=0 disable_stories=0 disable_adds=1
08-12 20:21:51.844 16929 17131 I DFInstaObserve: !toggles disable_feed=0 disable_explore=0 disable_reels=0 disable_stories=0 disable_adds=1
08-12 20:21:51.919 16929 17099 I DFInstaObserve: !toggles disable_feed=0 disable_explore=0 disable_reels=0 disable_stories=0 disable_adds=1
08-12 20:21:51.959 16929 17099 I DFInstaObserve: !toggles disable_feed=0 disable_explore=0 disable_reels=0 disable_stories=0 disable_adds=1
08-12 20:21:52.047 16929 17099 I DFInstaObserve: !toggles disable_feed=0 disable_explore=0 disable_reels=0 disable_stories=0 disable_adds=1
08-12 20:21:52.081 16929 17099 I DFInstaObserve: !toggles disable_feed=0 disable_explore=0 disable_reels=0 disable_stories=0 disable_adds=1
08-12 20:21:52.157 16929 17099 I DFInstaObserve: !toggles disable_feed=0 disable_explore=0 disable_reels=0 disable_stories=0 disable_adds=1
08-12 20:21:52.193 16929 17099 I DFInstaObserve: !toggles disable_feed=0 disable_explore=0 disable_reels=0 disable_stories=0 disable_adds=1
08-12 20:21:52.335 16929 17099 I DFInstaObserve: !toggles disable_feed=0 disable_explore=0 disable_reels=0 disable_stories=0 disable_adds=1
08-12 20:21:52.377 16929 17099 I DFInstaObserve: !toggles disable_feed=0 disable_explore=0 disable_reels=0 disable_stories=0 disable_adds=1
08-12 20:21:52.585 16929 17099 I DFInstaObserve: !toggles disable_feed=0 disable_explore=0 disable_reels=0 disable_stories=0 disable_adds=1
08-12 20:21:52.626 16929 17099 I DFInstaObserve: !toggles disable_feed=0 disable_explore=0 disable_reels=0 disable_stories=0 disable_adds=1
08-12 20:21:52.658 16929 17099 I DFInstaObserve: !toggles disable_feed=0 disable_explore=0 disable_reels=0 disable_stories=0 disable_adds=1
08-12 20:21:54.646 16929 19226 I DFInstaObserve: !toggles disable_feed=0 disable_explore=0 disable_reels=0 disable_stories=0 disable_adds=1
08-12 20:21:54.676 16929 19226 I DFInstaObserve: !toggles disable_feed=0 disable_explore=0 disable_reels=0 disable_stories=0 disable_adds=1
08-12 20:21:58.642 16929 19226 I DFInstaObserve: !toggles disable_feed=0 disable_explore=0 disable_reels=0 disable_stories=0 disable_adds=1
08-12 20:21:58.715 16929 19226 I DFInstaObserve: !toggles disable_feed=0 disable_explore=0 disable_reels=0 disable_stories=0 disable_adds=1
08-12 20:21:59.754 16929 19092 I DFInstaObserve: !toggles disable_feed=0 disable_explore=0 disable_reels=0 disable_stories=0 disable_adds=1
08-12 20:22:01.883 16929 19260 I DFInstaObserve: !toggles disable_feed=0 disable_explore=0 disable_reels=0 disable_stories=0 disable_adds=1
08-12 20:22:01.883 16929 19259 I DFInstaObserve: !toggles disable_feed=0 disable_explore=0 disable_reels=0 disable_stories=0 disable_adds=1
08-12 20:22:03.082 16929 19192 I DFInstaObserve: !toggles disable_feed=0 disable_explore=0 disable_reels=0 disable_stories=0 disable_adds=1
08-12 20:22:05.200 16929 19287 I DFInstaObserve: !toggles disable_feed=0 disable_explore=0 disable_reels=0 disable_stories=0 disable_adds=1
08-12 20:22:05.201 16929 19286 I DFInstaObserve: !toggles disable_feed=0 disable_explore=0 disable_reels=0 disable_stories=0 disable_adds=1
08-12 20:22:06.409 16929 19192 I DFInstaObserve: !toggles disable_feed=0 disable_explore=0 disable_reels=0 disable_stories=0 disable_adds=1
08-12 20:22:08.559 16929 19308 I DFInstaObserve: !toggles disable_feed=0 disable_explore=0 disable_reels=0 disable_stories=0 disable_adds=1
08-12 20:22:08.562 16929 19309 I DFInstaObserve: !toggles disable_feed=0 disable_explore=0 disable_reels=0 disable_stories=0 disable_adds=1
08-12 20:22:09.740 16929 19192 I DFInstaObserve: !toggles disable_feed=0 disable_explore=0 disable_reels=0 disable_stories=0 disable_adds=1
08-12 20:22:11.841 16929 19334 I DFInstaObserve: !toggles disable_feed=0 disable_explore=0 disable_reels=0 disable_stories=0 disable_adds=1
08-12 20:22:11.842 16929 19333 I DFInstaObserve: !toggles disable_feed=0 disable_explore=0 disable_reels=0 disable_stories=0 disable_adds=1
08-12 20:22:15.157 16929 19361 I DFInstaObserve: !toggles disable_feed=0 disable_explore=0 disable_reels=0 disable_stories=0 disable_adds=1
08-12 20:22:15.158 16929 19360 I DFInstaObserve: !toggles disable_feed=0 disable_explore=0 disable_reels=0 disable_stories=0 disable_adds=1
