08-12 20:23:09.416 20117 20198 I DFInstaObserve: !toggles disable_feed=0 disable_explore=0 disable_reels=0 disable_stories=0 disable_adds=1
08-12 20:23:09.416 20117 20198 I DFInstaObserve: /feed/reels_tray/
08-12 20:23:09.424 20117 20245 I DFInstaObserve: !toggles disable_feed=0 disable_explore=0 disable_reels=0 disable_stories=0 disable_adds=1
08-12 20:23:09.424 20117 20245 I DFInstaObserve: /feed/timeline/
08-12 20:23:09.800 20117 20312 I DFInstaObserve: !toggles disable_feed=0 disable_explore=0 disable_reels=0 disable_stories=0 disable_adds=1
08-12 20:23:10.251 20117 20153 I DFInstaObserve: !toggles disable_feed=0 disable_explore=0 disable_reels=0 disable_stories=0 disable_adds=1
08-12 20:23:10.354 20117 20154 I DFInstaObserve: !toggles disable_feed=0 disable_explore=0 disable_reels=0 disable_stories=0 disable_adds=1
08-12 20:23:10.575 20117 20242 I DFInstaObserve: !toggles disable_feed=0 disable_explore=0 disable_reels=0 disable_stories=0 disable_adds=1
08-12 20:23:10.575 20117 20242 I DFInstaObserve: /discover/topical_explore
08-12 20:23:10.816 20117 20312 I DFInstaObserve: !toggles disable_feed=0 disable_explore=0 disable_reels=0 disable_stories=0 disable_adds=1
08-12 20:23:10.985 20117 20154 I DFInstaObserve: !toggles disable_feed=0 disable_explore=0 disable_reels=0 disable_stories=0 disable_adds=1
08-12 20:23:10.995 20117 20154 I DFInstaObserve: !toggles disable_feed=0 disable_explore=0 disable_reels=0 disable_stories=0 disable_adds=1
08-12 20:23:11.159 20117 20182 I DFInstaObserve: !toggles disable_feed=0 disable_explore=0 disable_reels=0 disable_stories=0 disable_adds=1
08-12 20:23:11.245 20117 20181 I DFInstaObserve: !toggles disable_feed=0 disable_explore=0 disable_reels=0 disable_stories=0 disable_adds=1
08-12 20:23:11.245 20117 20181 I DFInstaObserve: /feed/timeline/
08-12 20:23:11.642 20117 20173 I DFInstaObserve: !toggles disable_feed=0 disable_explore=0 disable_reels=0 disable_stories=0 disable_adds=1
08-12 20:23:12.557 20117 20198 I DFInstaObserve: !toggles disable_feed=0 disable_explore=0 disable_reels=0 disable_stories=0 disable_adds=1
08-12 20:23:12.674 20117 20424 I DFInstaObserve: !toggles disable_feed=0 disable_explore=0 disable_reels=0 disable_stories=0 disable_adds=1
08-12 20:23:12.681 20117 20182 I DFInstaObserve: !toggles disable_feed=0 disable_explore=0 disable_reels=0 disable_stories=0 disable_adds=1
08-12 20:23:12.946 20117 20452 I DFInstaObserve: !toggles disable_feed=0 disable_explore=0 disable_reels=0 disable_stories=0 disable_adds=1
08-12 20:23:13.089 20117 20244 I DFInstaObserve: !toggles disable_feed=0 disable_explore=0 disable_reels=0 disable_stories=0 disable_adds=1
08-12 20:23:13.208 20117 20452 I DFInstaObserve: !toggles disable_feed=0 disable_explore=0 disable_reels=0 disable_stories=0 disable_adds=1
08-12 20:23:13.377 20117 20444 I DFInstaObserve: !toggles disable_feed=0 disable_explore=0 disable_reels=0 disable_stories=0 disable_adds=1
08-12 20:23:13.650 20117 20444 I DFInstaObserve: !toggles disable_feed=0 disable_explore=0 disable_reels=0 disable_stories=0 disable_adds=1
08-12 20:23:13.672 20117 20432 I DFInstaObserve: !toggles disable_feed=0 disable_explore=0 disable_reels=0 disable_stories=0 disable_adds=1
08-12 20:23:13.710 20117 20273 I DFInstaObserve: !toggles disable_feed=0 disable_explore=0 disable_reels=0 disable_stories=0 disable_adds=1
08-12 20:23:13.800 20117 20483 I DFInstaObserve: !toggles disable_feed=0 disable_explore=0 disable_reels=0 disable_stories=0 disable_adds=1
08-12 20:23:14.112 20117 20312 I DFInstaObserve: !toggles disable_feed=0 disable_explore=0 disable_reels=0 disable_stories=0 disable_adds=1
08-12 20:23:15.157 20117 20484 I DFInstaObserve: !toggles disable_feed=0 disable_explore=0 disable_reels=0 disable_stories=0 disable_adds=1
08-12 20:23:15.162 20117 20484 I DFInstaObserve: !toggles disable_feed=0 disable_explore=0 disable_reels=0 disable_stories=0 disable_adds=1
08-12 20:23:15.285 20117 20273 I DFInstaObserve: !toggles disable_feed=0 disable_explore=0 disable_reels=0 disable_stories=0 disable_adds=1
08-12 20:23:15.363 20117 20432 I DFInstaObserve: !toggles disable_feed=0 disable_explore=0 disable_reels=0 disable_stories=0 disable_adds=1
08-12 20:23:15.374 20117 20181 I DFInstaObserve: !toggles disable_feed=0 disable_explore=0 disable_reels=0 disable_stories=0 disable_adds=1
08-12 20:23:15.381 20117 20273 I DFInstaObserve: !toggles disable_feed=0 disable_explore=0 disable_reels=0 disable_stories=0 disable_adds=1
08-12 20:23:15.400 20117 20245 I DFInstaObserve: !toggles disable_feed=0 disable_explore=0 disable_reels=0 disable_stories=0 disable_adds=1
08-12 20:23:15.417 20117 20432 I DFInstaObserve: !toggles disable_feed=0 disable_explore=0 disable_reels=0 disable_stories=0 disable_adds=1
08-12 20:23:15.430 20117 20273 I DFInstaObserve: !toggles disable_feed=0 disable_explore=0 disable_reels=0 disable_stories=0 disable_adds=1
08-12 20:23:15.435 20117 20432 I DFInstaObserve: !toggles disable_feed=0 disable_explore=0 disable_reels=0 disable_stories=0 disable_adds=1
08-12 20:23:15.480 20117 20273 I DFInstaObserve: !toggles disable_feed=0 disable_explore=0 disable_reels=0 disable_stories=0 disable_adds=1
08-12 20:23:15.566 20117 20273 I DFInstaObserve: !toggles disable_feed=0 disable_explore=0 disable_reels=0 disable_stories=0 disable_adds=1
08-12 20:23:15.676 20117 20273 I DFInstaObserve: !toggles disable_feed=0 disable_explore=0 disable_reels=0 disable_stories=0 disable_adds=1
08-12 20:23:16.156 20117 20484 I DFInstaObserve: !toggles disable_feed=0 disable_explore=0 disable_reels=0 disable_stories=0 disable_adds=1
08-12 20:23:16.162 20117 20484 I DFInstaObserve: !toggles disable_feed=0 disable_explore=0 disable_reels=0 disable_stories=0 disable_adds=1
08-12 20:23:16.208 20117 20455 I DFInstaObserve: !toggles disable_feed=0 disable_explore=0 disable_reels=0 disable_stories=0 disable_adds=1
08-12 20:23:16.212 20117 20432 I DFInstaObserve: !toggles disable_feed=0 disable_explore=0 disable_reels=0 disable_stories=0 disable_adds=1
08-12 20:23:16.235 20117 20432 I DFInstaObserve: !toggles disable_feed=0 disable_explore=0 disable_reels=0 disable_stories=0 disable_adds=1
08-12 20:23:16.241 20117 20242 I DFInstaObserve: !toggles disable_feed=0 disable_explore=0 disable_reels=0 disable_stories=0 disable_adds=1
08-12 20:23:16.268 20117 20455 I DFInstaObserve: !toggles disable_feed=0 disable_explore=0 disable_reels=0 disable_stories=0 disable_adds=1
08-12 20:23:16.273 20117 20242 I DFInstaObserve: !toggles disable_feed=0 disable_explore=0 disable_reels=0 disable_stories=0 disable_adds=1
08-12 20:23:16.300 20117 20455 I DFInstaObserve: !toggles disable_feed=0 disable_explore=0 disable_reels=0 disable_stories=0 disable_adds=1
08-12 20:23:16.305 20117 20432 I DFInstaObserve: !toggles disable_feed=0 disable_explore=0 disable_reels=0 disable_stories=0 disable_adds=1
08-12 20:23:16.337 20117 20242 I DFInstaObserve: !toggles disable_feed=0 disable_explore=0 disable_reels=0 disable_stories=0 disable_adds=1
08-12 20:23:16.345 20117 20432 I DFInstaObserve: !toggles disable_feed=0 disable_explore=0 disable_reels=0 disable_stories=0 disable_adds=1
08-12 20:23:16.377 20117 20455 I DFInstaObserve: !toggles disable_feed=0 disable_explore=0 disable_reels=0 disable_stories=0 disable_adds=1
08-12 20:23:16.384 20117 20432 I DFInstaObserve: !toggles disable_feed=0 disable_explore=0 disable_reels=0 disable_stories=0 disable_adds=1
08-12 20:23:16.412 20117 20242 I DFInstaObserve: !toggles disable_feed=0 disable_explore=0 disable_reels=0 disable_stories=0 disable_adds=1
08-12 20:23:16.417 20117 20455 I DFInstaObserve: !toggles disable_feed=0 disable_explore=0 disable_reels=0 disable_stories=0 disable_adds=1
08-12 20:23:16.524 20117 20273 I DFInstaObserve: !toggles disable_feed=0 disable_explore=0 disable_reels=0 disable_stories=0 disable_adds=1
08-12 20:23:16.735 20117 20273 I DFInstaObserve: !toggles disable_feed=0 disable_explore=0 disable_reels=0 disable_stories=0 disable_adds=1
08-12 20:23:16.774 20117 20273 I DFInstaObserve: !toggles disable_feed=0 disable_explore=0 disable_reels=0 disable_stories=0 disable_adds=1
08-12 20:23:17.275 20117 20273 I DFInstaObserve: !toggles disable_feed=0 disable_explore=0 disable_reels=0 disable_stories=0 disable_adds=1
08-12 20:23:17.323 20117 20273 I DFInstaObserve: !toggles disable_feed=0 disable_explore=0 disable_reels=0 disable_stories=0 disable_adds=1
08-12 20:23:17.367 20117 20273 I DFInstaObserve: !toggles disable_feed=0 disable_explore=0 disable_reels=0 disable_stories=0 disable_adds=1
08-12 20:23:17.406 20117 20273 I DFInstaObserve: !toggles disable_feed=0 disable_explore=0 disable_reels=0 disable_stories=0 disable_adds=1
08-12 20:23:17.571 20117 20273 I DFInstaObserve: !toggles disable_feed=0 disable_explore=0 disable_reels=0 disable_stories=0 disable_adds=1
08-12 20:23:17.659 20117 20273 I DFInstaObserve: !toggles disable_feed=0 disable_explore=0 disable_reels=0 disable_stories=0 disable_adds=1
08-12 20:23:18.457 20117 20273 I DFInstaObserve: !toggles disable_feed=0 disable_explore=0 disable_reels=0 disable_stories=0 disable_adds=1
08-12 20:23:18.504 20117 20273 I DFInstaObserve: !toggles disable_feed=0 disable_explore=0 disable_reels=0 disable_stories=0 disable_adds=1
08-12 20:23:18.912 20117 20273 I DFInstaObserve: !toggles disable_feed=0 disable_explore=0 disable_reels=0 disable_stories=0 disable_adds=1
08-12 20:23:26.944 20117 20181 I DFInstaObserve: !toggles disable_feed=0 disable_explore=0 disable_reels=0 disable_stories=0 disable_adds=1
08-12 20:23:26.944 20117 20181 I DFInstaObserve: /feed/timeline/
08-12 20:23:26.947 20117 20455 I DFInstaObserve: !toggles disable_feed=0 disable_explore=0 disable_reels=0 disable_stories=0 disable_adds=1
08-12 20:23:26.947 20117 20455 I DFInstaObserve: /feed/reels_tray/
08-12 20:23:27.556 20117 20273 I DFInstaObserve: !toggles disable_feed=0 disable_explore=0 disable_reels=0 disable_stories=0 disable_adds=1
08-12 20:23:27.930 20117 20273 I DFInstaObserve: !toggles disable_feed=0 disable_explore=0 disable_reels=0 disable_stories=0 disable_adds=1
08-12 20:23:28.268 20117 20519 I DFInstaObserve: !toggles disable_feed=0 disable_explore=0 disable_reels=0 disable_stories=0 disable_adds=1
08-12 20:23:28.276 20117 20519 I DFInstaObserve: !toggles disable_feed=0 disable_explore=0 disable_reels=0 disable_stories=0 disable_adds=1
08-12 20:23:28.336 20117 20550 I DFInstaObserve: !toggles disable_feed=0 disable_explore=0 disable_reels=0 disable_stories=0 disable_adds=1
08-12 20:23:28.349 20117 20432 I DFInstaObserve: !toggles disable_feed=0 disable_explore=0 disable_reels=0 disable_stories=0 disable_adds=1
08-12 20:23:28.362 20117 20273 I DFInstaObserve: !toggles disable_feed=0 disable_explore=0 disable_reels=0 disable_stories=0 disable_adds=1
08-12 20:23:28.555 20117 20550 I DFInstaObserve: !toggles disable_feed=0 disable_explore=0 disable_reels=0 disable_stories=0 disable_adds=1
08-12 20:23:28.555 20117 20550 I DFInstaObserve: /feed/timeline/
08-12 20:23:30.195 20117 20519 I DFInstaObserve: !toggles disable_feed=0 disable_explore=0 disable_reels=0 disable_stories=0 disable_adds=1
08-12 20:23:30.204 20117 20519 I DFInstaObserve: !toggles disable_feed=0 disable_explore=0 disable_reels=0 disable_stories=0 disable_adds=1
08-12 20:23:30.235 20117 20432 I DFInstaObserve: !toggles disable_feed=0 disable_explore=0 disable_reels=0 disable_stories=0 disable_adds=1
08-12 20:23:30.257 20117 20519 I DFInstaObserve: !toggles disable_feed=0 disable_explore=0 disable_reels=0 disable_stories=0 disable_adds=1
08-12 20:23:30.313 20117 20273 I DFInstaObserve: !toggles disable_feed=0 disable_explore=0 disable_reels=0 disable_stories=0 disable_adds=1
08-12 20:23:30.365 20117 20273 I DFInstaObserve: !toggles disable_feed=0 disable_explore=0 disable_reels=0 disable_stories=0 disable_adds=1
08-12 20:23:30.469 20117 20273 I DFInstaObserve: !toggles disable_feed=0 disable_explore=0 disable_reels=0 disable_stories=0 disable_adds=1
08-12 20:23:30.510 20117 20273 I DFInstaObserve: !toggles disable_feed=0 disable_explore=0 disable_reels=0 disable_stories=0 disable_adds=1
08-12 20:23:35.070 20117 20242 I DFInstaObserve: !toggles disable_feed=0 disable_explore=0 disable_reels=0 disable_stories=0 disable_adds=1
08-12 20:23:35.070 20117 20242 I DFInstaObserve: /feed/timeline/
08-12 20:23:35.078 20117 20581 I DFInstaObserve: !toggles disable_feed=0 disable_explore=0 disable_reels=0 disable_stories=0 disable_adds=1
08-12 20:23:35.078 20117 20581 I DFInstaObserve: /feed/reels_tray/
08-12 20:23:36.796 20117 20484 I DFInstaObserve: !toggles disable_feed=0 disable_explore=0 disable_reels=0 disable_stories=0 disable_adds=1
08-12 20:23:37.164 20117 20519 I DFInstaObserve: !toggles disable_feed=0 disable_explore=0 disable_reels=0 disable_stories=0 disable_adds=1
08-12 20:23:37.594 20117 20550 I DFInstaObserve: !toggles disable_feed=0 disable_explore=0 disable_reels=0 disable_stories=0 disable_adds=1
08-12 20:23:37.594 20117 20550 I DFInstaObserve: /feed/timeline/
08-12 20:23:39.249 20117 20519 I DFInstaObserve: !toggles disable_feed=0 disable_explore=0 disable_reels=0 disable_stories=0 disable_adds=1
08-12 20:23:39.255 20117 20519 I DFInstaObserve: !toggles disable_feed=0 disable_explore=0 disable_reels=0 disable_stories=0 disable_adds=1
08-12 20:23:39.355 20117 20273 I DFInstaObserve: !toggles disable_feed=0 disable_explore=0 disable_reels=0 disable_stories=0 disable_adds=1
08-12 20:23:39.405 20117 20273 I DFInstaObserve: !toggles disable_feed=0 disable_explore=0 disable_reels=0 disable_stories=0 disable_adds=1
08-12 20:23:46.724 20117 20519 I DFInstaObserve: !toggles disable_feed=0 disable_explore=0 disable_reels=0 disable_stories=0 disable_adds=1
08-12 20:23:56.710 20117 20519 I DFInstaObserve: !toggles disable_feed=0 disable_explore=0 disable_reels=0 disable_stories=0 disable_adds=1
08-12 20:24:02.022 20117 20716 I DFInstaObserve: !toggles disable_feed=0 disable_explore=0 disable_reels=0 disable_stories=0 disable_adds=1
08-12 20:24:03.147 20117 20550 I DFInstaObserve: !toggles disable_feed=0 disable_explore=0 disable_reels=0 disable_stories=0 disable_adds=1
08-12 20:24:03.270 20117 20242 I DFInstaObserve: !toggles disable_feed=0 disable_explore=0 disable_reels=0 disable_stories=0 disable_adds=1
08-12 20:24:03.578 20117 20484 I DFInstaObserve: !toggles disable_feed=0 disable_explore=0 disable_reels=0 disable_stories=0 disable_adds=1
08-12 20:24:03.588 20117 20519 I DFInstaObserve: !toggles disable_feed=0 disable_explore=0 disable_reels=0 disable_stories=0 disable_adds=1
08-12 20:24:03.624 20117 20242 I DFInstaObserve: !toggles disable_feed=0 disable_explore=0 disable_reels=0 disable_stories=0 disable_adds=1
08-12 20:24:03.632 20117 20608 I DFInstaObserve: !toggles disable_feed=0 disable_explore=0 disable_reels=0 disable_stories=0 disable_adds=1
08-12 20:24:03.662 20117 20273 I DFInstaObserve: !toggles disable_feed=0 disable_explore=0 disable_reels=0 disable_stories=0 disable_adds=1
08-12 20:24:03.670 20117 20619 I DFInstaObserve: !toggles disable_feed=0 disable_explore=0 disable_reels=0 disable_stories=0 disable_adds=1
08-12 20:24:03.677 20117 20608 I DFInstaObserve: !toggles disable_feed=0 disable_explore=0 disable_reels=0 disable_stories=0 disable_adds=1
08-12 20:24:03.711 20117 20273 I DFInstaObserve: !toggles disable_feed=0 disable_explore=0 disable_reels=0 disable_stories=0 disable_adds=1
08-12 20:24:03.724 20117 20242 I DFInstaObserve: !toggles disable_feed=0 disable_explore=0 disable_reels=0 disable_stories=0 disable_adds=1
08-12 20:24:03.765 20117 20273 I DFInstaObserve: !toggles disable_feed=0 disable_explore=0 disable_reels=0 disable_stories=0 disable_adds=1
08-12 20:24:03.845 20117 20273 I DFInstaObserve: !toggles disable_feed=0 disable_explore=0 disable_reels=0 disable_stories=0 disable_adds=1
08-12 20:24:04.054 20117 20312 I DFInstaObserve: !toggles disable_feed=0 disable_explore=0 disable_reels=0 disable_stories=0 disable_adds=1
08-12 20:24:04.142 20117 20312 I DFInstaObserve: !toggles disable_feed=0 disable_explore=0 disable_reels=0 disable_stories=0 disable_adds=1
08-12 20:24:05.574 20117 20749 I DFInstaObserve: !toggles disable_feed=0 disable_explore=0 disable_reels=0 disable_stories=0 disable_adds=1
08-12 20:24:05.622 20117 20754 I DFInstaObserve: !toggles disable_feed=0 disable_explore=0 disable_reels=0 disable_stories=0 disable_adds=1
08-12 20:24:05.624 20117 20749 I DFInstaObserve: !toggles disable_feed=0 disable_explore=0 disable_reels=0 disable_stories=0 disable_adds=1
08-12 20:24:05.665 20117 20754 I DFInstaObserve: !toggles disable_feed=0 disable_explore=0 disable_reels=0 disable_stories=0 disable_adds=1
08-12 20:24:08.085 20117 20749 I DFInstaObserve: !toggles disable_feed=0 disable_explore=0 disable_reels=0 disable_stories=0 disable_adds=1
08-12 20:24:11.208 20117 20242 I DFInstaObserve: !toggles disable_feed=0 disable_explore=0 disable_reels=0 disable_stories=0 disable_adds=1
08-12 20:24:11.208 20117 20242 I DFInstaObserve: /discover/topical_explore
08-12 20:24:11.448 20117 20790 I DFInstaObserve: !toggles disable_feed=0 disable_explore=0 disable_reels=0 disable_stories=0 disable_adds=1
08-12 20:24:13.808 20117 20805 I DFInstaObserve: !toggles disable_feed=0 disable_explore=0 disable_reels=0 disable_stories=0 disable_adds=1
08-12 20:24:13.869 20117 20796 I DFInstaObserve: !toggles disable_feed=0 disable_explore=0 disable_reels=0 disable_stories=0 disable_adds=1
08-12 20:24:13.881 20117 20805 I DFInstaObserve: !toggles disable_feed=0 disable_explore=0 disable_reels=0 disable_stories=0 disable_adds=1
08-12 20:24:13.933 20117 20484 I DFInstaObserve: !toggles disable_feed=0 disable_explore=0 disable_reels=0 disable_stories=0 disable_adds=1
08-12 20:24:13.945 20117 20484 I DFInstaObserve: !toggles disable_feed=0 disable_explore=0 disable_reels=0 disable_stories=0 disable_adds=1
08-12 20:24:13.962 20117 20484 I DFInstaObserve: !toggles disable_feed=0 disable_explore=0 disable_reels=0 disable_stories=0 disable_adds=1
08-12 20:24:14.226 20117 20519 I DFInstaObserve: !toggles disable_feed=0 disable_explore=0 disable_reels=0 disable_stories=0 disable_adds=1
08-12 20:24:14.230 20117 20484 I DFInstaObserve: !toggles disable_feed=0 disable_explore=0 disable_reels=0 disable_stories=0 disable_adds=1
08-12 20:24:14.270 20117 20550 I DFInstaObserve: !toggles disable_feed=0 disable_explore=0 disable_reels=0 disable_stories=0 disable_adds=1
08-12 20:24:14.280 20117 20819 I DFInstaObserve: !toggles disable_feed=0 disable_explore=0 disable_reels=0 disable_stories=0 disable_adds=1
08-12 20:24:14.282 20117 20273 I DFInstaObserve: !toggles disable_feed=0 disable_explore=0 disable_reels=0 disable_stories=0 disable_adds=1
08-12 20:24:14.321 20117 20783 I DFInstaObserve: !toggles disable_feed=0 disable_explore=0 disable_reels=0 disable_stories=0 disable_adds=1
08-12 20:24:14.327 20117 20550 I DFInstaObserve: !toggles disable_feed=0 disable_explore=0 disable_reels=0 disable_stories=0 disable_adds=1
08-12 20:24:14.363 20117 20819 I DFInstaObserve: !toggles disable_feed=0 disable_explore=0 disable_reels=0 disable_stories=0 disable_adds=1
08-12 20:24:14.375 20117 20550 I DFInstaObserve: !toggles disable_feed=0 disable_explore=0 disable_reels=0 disable_stories=0 disable_adds=1
08-12 20:24:14.418 20117 20550 I DFInstaObserve: !toggles disable_feed=0 disable_explore=0 disable_reels=0 disable_stories=0 disable_adds=1
08-12 20:24:14.426 20117 20783 I DFInstaObserve: !toggles disable_feed=0 disable_explore=0 disable_reels=0 disable_stories=0 disable_adds=1
08-12 20:24:14.468 20117 20273 I DFInstaObserve: !toggles disable_feed=0 disable_explore=0 disable_reels=0 disable_stories=0 disable_adds=1
08-12 20:24:14.473 20117 20242 I DFInstaObserve: !toggles disable_feed=0 disable_explore=0 disable_reels=0 disable_stories=0 disable_adds=1
08-12 20:24:14.478 20117 20619 I DFInstaObserve: !toggles disable_feed=0 disable_explore=0 disable_reels=0 disable_stories=0 disable_adds=1
08-12 20:24:14.525 20117 20619 I DFInstaObserve: !toggles disable_feed=0 disable_explore=0 disable_reels=0 disable_stories=0 disable_adds=1
08-12 20:24:14.531 20117 20783 I DFInstaObserve: !toggles disable_feed=0 disable_explore=0 disable_reels=0 disable_stories=0 disable_adds=1
08-12 20:24:14.532 20117 20273 I DFInstaObserve: !toggles disable_feed=0 disable_explore=0 disable_reels=0 disable_stories=0 disable_adds=1
08-12 20:24:14.571 20117 20819 I DFInstaObserve: !toggles disable_feed=0 disable_explore=0 disable_reels=0 disable_stories=0 disable_adds=1
08-12 20:24:14.581 20117 20242 I DFInstaObserve: !toggles disable_feed=0 disable_explore=0 disable_reels=0 disable_stories=0 disable_adds=1
08-12 20:24:14.620 20117 20819 I DFInstaObserve: !toggles disable_feed=0 disable_explore=0 disable_reels=0 disable_stories=0 disable_adds=1
08-12 20:24:14.651 20117 20819 I DFInstaObserve: !toggles disable_feed=0 disable_explore=0 disable_reels=0 disable_stories=0 disable_adds=1
08-12 20:24:14.679 20117 20273 I DFInstaObserve: !toggles disable_feed=0 disable_explore=0 disable_reels=0 disable_stories=0 disable_adds=1
08-12 20:24:14.681 20117 20783 I DFInstaObserve: !toggles disable_feed=0 disable_explore=0 disable_reels=0 disable_stories=0 disable_adds=1
08-12 20:24:14.741 20117 20273 I DFInstaObserve: !toggles disable_feed=0 disable_explore=0 disable_reels=0 disable_stories=0 disable_adds=1
08-12 20:24:14.747 20117 20783 I DFInstaObserve: !toggles disable_feed=0 disable_explore=0 disable_reels=0 disable_stories=0 disable_adds=1
08-12 20:24:14.747 20117 20783 I DFInstaObserve: /discover/topical_explore
08-12 20:24:14.856 20117 20273 I DFInstaObserve: !toggles disable_feed=0 disable_explore=0 disable_reels=0 disable_stories=0 disable_adds=1
08-12 20:24:14.878 20117 20839 I DFInstaObserve: !toggles disable_feed=0 disable_explore=0 disable_reels=0 disable_stories=0 disable_adds=1
08-12 20:24:14.914 20117 20273 I DFInstaObserve: !toggles disable_feed=0 disable_explore=0 disable_reels=0 disable_stories=0 disable_adds=1
08-12 20:24:14.991 20117 20273 I DFInstaObserve: !toggles disable_feed=0 disable_explore=0 disable_reels=0 disable_stories=0 disable_adds=1
08-12 20:24:15.038 20117 20273 I DFInstaObserve: !toggles disable_feed=0 disable_explore=0 disable_reels=0 disable_stories=0 disable_adds=1
08-12 20:24:15.530 20117 20273 I DFInstaObserve: !toggles disable_feed=0 disable_explore=0 disable_reels=0 disable_stories=0 disable_adds=1
08-12 20:24:15.575 20117 20273 I DFInstaObserve: !toggles disable_feed=0 disable_explore=0 disable_reels=0 disable_stories=0 disable_adds=1
08-12 20:24:15.738 20117 20273 I DFInstaObserve: !toggles disable_feed=0 disable_explore=0 disable_reels=0 disable_stories=0 disable_adds=1
08-12 20:24:15.776 20117 20273 I DFInstaObserve: !toggles disable_feed=0 disable_explore=0 disable_reels=0 disable_stories=0 disable_adds=1
08-12 20:24:15.817 20117 20273 I DFInstaObserve: !toggles disable_feed=0 disable_explore=0 disable_reels=0 disable_stories=0 disable_adds=1
08-12 20:24:15.851 20117 20273 I DFInstaObserve: !toggles disable_feed=0 disable_explore=0 disable_reels=0 disable_stories=0 disable_adds=1
08-12 20:24:16.014 20117 20273 I DFInstaObserve: !toggles disable_feed=0 disable_explore=0 disable_reels=0 disable_stories=0 disable_adds=1
08-12 20:24:17.225 20117 20850 I DFInstaObserve: !toggles disable_feed=0 disable_explore=0 disable_reels=0 disable_stories=0 disable_adds=1
08-12 20:24:17.313 20117 20850 I DFInstaObserve: !toggles disable_feed=0 disable_explore=0 disable_reels=0 disable_stories=0 disable_adds=1
08-12 20:24:18.075 20117 20875 I DFInstaObserve: !toggles disable_feed=0 disable_explore=0 disable_reels=0 disable_stories=0 disable_adds=1
08-12 20:24:18.349 20117 20891 I DFInstaObserve: !toggles disable_feed=0 disable_explore=0 disable_reels=0 disable_stories=0 disable_adds=1
08-12 20:24:19.597 20117 20898 I DFInstaObserve: !toggles disable_feed=0 disable_explore=0 disable_reels=0 disable_stories=0 disable_adds=1
08-12 20:24:19.612 20117 20484 I DFInstaObserve: !toggles disable_feed=0 disable_explore=0 disable_reels=0 disable_stories=0 disable_adds=1
08-12 20:24:19.663 20117 20879 I DFInstaObserve: !toggles disable_feed=0 disable_explore=0 disable_reels=0 disable_stories=0 disable_adds=1
08-12 20:24:19.679 20117 20242 I DFInstaObserve: !toggles disable_feed=0 disable_explore=0 disable_reels=0 disable_stories=0 disable_adds=1
08-12 20:24:19.759 20117 20608 I DFInstaObserve: !toggles disable_feed=0 disable_explore=0 disable_reels=0 disable_stories=0 disable_adds=1
08-12 20:24:19.772 20117 20273 I DFInstaObserve: !toggles disable_feed=0 disable_explore=0 disable_reels=0 disable_stories=0 disable_adds=1
08-12 20:24:19.791 20117 20783 I DFInstaObserve: !toggles disable_feed=0 disable_explore=0 disable_reels=0 disable_stories=0 disable_adds=1
08-12 20:24:19.931 20117 20879 I DFInstaObserve: !toggles disable_feed=0 disable_explore=0 disable_reels=0 disable_stories=0 disable_adds=1
08-12 20:24:19.969 20117 20550 I DFInstaObserve: !toggles disable_feed=0 disable_explore=0 disable_reels=0 disable_stories=0 disable_adds=1
08-12 20:24:20.006 20117 20273 I DFInstaObserve: !toggles disable_feed=0 disable_explore=0 disable_reels=0 disable_stories=0 disable_adds=1
08-12 20:24:20.006 20117 20608 I DFInstaObserve: !toggles disable_feed=0 disable_explore=0 disable_reels=0 disable_stories=0 disable_adds=1
08-12 20:24:20.019 20117 20783 I DFInstaObserve: !toggles disable_feed=0 disable_explore=0 disable_reels=0 disable_stories=0 disable_adds=1
08-12 20:24:20.097 20117 20550 I DFInstaObserve: !toggles disable_feed=0 disable_explore=0 disable_reels=0 disable_stories=0 disable_adds=1
08-12 20:24:20.111 20117 20879 I DFInstaObserve: !toggles disable_feed=0 disable_explore=0 disable_reels=0 disable_stories=0 disable_adds=1
08-12 20:24:20.160 20117 20608 I DFInstaObserve: !toggles disable_feed=0 disable_explore=0 disable_reels=0 disable_stories=0 disable_adds=1
08-12 20:24:20.168 20117 20879 I DFInstaObserve: !toggles disable_feed=0 disable_explore=0 disable_reels=0 disable_stories=0 disable_adds=1
08-12 20:24:20.193 20117 20874 I DFInstaObserve: !toggles disable_feed=0 disable_explore=0 disable_reels=0 disable_stories=0 disable_adds=1
08-12 20:24:20.202 20117 20608 I DFInstaObserve: !toggles disable_feed=0 disable_explore=0 disable_reels=0 disable_stories=0 disable_adds=1
08-12 20:24:20.214 20117 20879 I DFInstaObserve: !toggles disable_feed=0 disable_explore=0 disable_reels=0 disable_stories=0 disable_adds=1
08-12 20:24:20.246 20117 20273 I DFInstaObserve: !toggles disable_feed=0 disable_explore=0 disable_reels=0 disable_stories=0 disable_adds=1
08-12 20:24:20.272 20117 20550 I DFInstaObserve: !toggles disable_feed=0 disable_explore=0 disable_reels=0 disable_stories=0 disable_adds=1
08-12 20:24:20.306 20117 20882 I DFInstaObserve: !toggles disable_feed=0 disable_explore=0 disable_reels=0 disable_stories=0 disable_adds=1
08-12 20:24:20.356 20117 20273 I DFInstaObserve: !toggles disable_feed=0 disable_explore=0 disable_reels=0 disable_stories=0 disable_adds=1
08-12 20:24:20.429 20117 20273 I DFInstaObserve: !toggles disable_feed=0 disable_explore=0 disable_reels=0 disable_stories=0 disable_adds=1
08-12 20:24:20.511 20117 20273 I DFInstaObserve: !toggles disable_feed=0 disable_explore=0 disable_reels=0 disable_stories=0 disable_adds=1
08-12 20:24:20.656 20117 20273 I DFInstaObserve: !toggles disable_feed=0 disable_explore=0 disable_reels=0 disable_stories=0 disable_adds=1
08-12 20:24:20.720 20117 20273 I DFInstaObserve: !toggles disable_feed=0 disable_explore=0 disable_reels=0 disable_stories=0 disable_adds=1
08-12 20:24:20.856 20117 20273 I DFInstaObserve: !toggles disable_feed=0 disable_explore=0 disable_reels=0 disable_stories=0 disable_adds=1
08-12 20:24:20.945 20117 20273 I DFInstaObserve: !toggles disable_feed=0 disable_explore=0 disable_reels=0 disable_stories=0 disable_adds=1
08-12 20:24:21.027 20117 20273 I DFInstaObserve: !toggles disable_feed=0 disable_explore=0 disable_reels=0 disable_stories=0 disable_adds=1
08-12 20:24:21.094 20117 20273 I DFInstaObserve: !toggles disable_feed=0 disable_explore=0 disable_reels=0 disable_stories=0 disable_adds=1
08-12 20:24:21.380 20117 20273 I DFInstaObserve: !toggles disable_feed=0 disable_explore=0 disable_reels=0 disable_stories=0 disable_adds=1
08-12 20:24:21.442 20117 20273 I DFInstaObserve: !toggles disable_feed=0 disable_explore=0 disable_reels=0 disable_stories=0 disable_adds=1
08-12 20:24:21.508 20117 20273 I DFInstaObserve: !toggles disable_feed=0 disable_explore=0 disable_reels=0 disable_stories=0 disable_adds=1
08-12 20:24:21.530 20117 20879 I DFInstaObserve: !toggles disable_feed=0 disable_explore=0 disable_reels=0 disable_stories=0 disable_adds=1
08-12 20:24:21.530 20117 20879 I DFInstaObserve: /discover/topical_explore
08-12 20:24:21.723 20117 20916 I DFInstaObserve: !toggles disable_feed=0 disable_explore=0 disable_reels=0 disable_stories=0 disable_adds=1
08-12 20:24:21.830 20117 20922 I DFInstaObserve: !toggles disable_feed=0 disable_explore=0 disable_reels=0 disable_stories=0 disable_adds=1
08-12 20:24:22.189 20117 20934 I DFInstaObserve: !toggles disable_feed=0 disable_explore=0 disable_reels=0 disable_stories=0 disable_adds=1
08-12 20:24:24.163 20117 20922 I DFInstaObserve: !toggles disable_feed=0 disable_explore=0 disable_reels=0 disable_stories=0 disable_adds=1
08-12 20:24:24.958 20117 20484 I DFInstaObserve: !toggles disable_feed=0 disable_explore=0 disable_reels=0 disable_stories=0 disable_adds=1
08-12 20:24:24.962 20117 20484 I DFInstaObserve: !toggles disable_feed=0 disable_explore=0 disable_reels=0 disable_stories=0 disable_adds=1
08-12 20:24:24.968 20117 20484 I DFInstaObserve: !toggles disable_feed=0 disable_explore=0 disable_reels=0 disable_stories=0 disable_adds=1
08-12 20:24:25.066 20117 20484 I DFInstaObserve: !toggles disable_feed=0 disable_explore=0 disable_reels=0 disable_stories=0 disable_adds=1
08-12 20:24:25.069 20117 20898 I DFInstaObserve: !toggles disable_feed=0 disable_explore=0 disable_reels=0 disable_stories=0 disable_adds=1
08-12 20:24:25.100 20117 20273 I DFInstaObserve: !toggles disable_feed=0 disable_explore=0 disable_reels=0 disable_stories=0 disable_adds=1
08-12 20:24:25.105 20117 20608 I DFInstaObserve: !toggles disable_feed=0 disable_explore=0 disable_reels=0 disable_stories=0 disable_adds=1
08-12 20:24:25.110 20117 20550 I DFInstaObserve: !toggles disable_feed=0 disable_explore=0 disable_reels=0 disable_stories=0 disable_adds=1
08-12 20:24:25.145 20117 20608 I DFInstaObserve: !toggles disable_feed=0 disable_explore=0 disable_reels=0 disable_stories=0 disable_adds=1
08-12 20:24:25.152 20117 20783 I DFInstaObserve: !toggles disable_feed=0 disable_explore=0 disable_reels=0 disable_stories=0 disable_adds=1
08-12 20:24:25.173 20117 20783 I DFInstaObserve: !toggles disable_feed=0 disable_explore=0 disable_reels=0 disable_stories=0 disable_adds=1
08-12 20:24:25.185 20117 20783 I DFInstaObserve: !toggles disable_feed=0 disable_explore=0 disable_reels=0 disable_stories=0 disable_adds=1
08-12 20:24:25.220 20117 20879 I DFInstaObserve: !toggles disable_feed=0 disable_explore=0 disable_reels=0 disable_stories=0 disable_adds=1
08-12 20:24:25.230 20117 20608 I DFInstaObserve: !toggles disable_feed=0 disable_explore=0 disable_reels=0 disable_stories=0 disable_adds=1
08-12 20:24:25.270 20117 20879 I DFInstaObserve: !toggles disable_feed=0 disable_explore=0 disable_reels=0 disable_stories=0 disable_adds=1
08-12 20:24:25.274 20117 20273 I DFInstaObserve: !toggles disable_feed=0 disable_explore=0 disable_reels=0 disable_stories=0 disable_adds=1
08-12 20:24:25.294 20117 20550 I DFInstaObserve: !toggles disable_feed=0 disable_explore=0 disable_reels=0 disable_stories=0 disable_adds=1
08-12 20:24:25.349 20117 20273 I DFInstaObserve: !toggles disable_feed=0 disable_explore=0 disable_reels=0 disable_stories=0 disable_adds=1
08-12 20:24:25.574 20117 20273 I DFInstaObserve: !toggles disable_feed=0 disable_explore=0 disable_reels=0 disable_stories=0 disable_adds=1
08-12 20:24:25.589 20117 20965 I DFInstaObserve: !toggles disable_feed=0 disable_explore=0 disable_reels=0 disable_stories=0 disable_adds=1
08-12 20:24:25.648 20117 20273 I DFInstaObserve: !toggles disable_feed=0 disable_explore=0 disable_reels=0 disable_stories=0 disable_adds=1
08-12 20:24:25.704 20117 20273 I DFInstaObserve: !toggles disable_feed=0 disable_explore=0 disable_reels=0 disable_stories=0 disable_adds=1
08-12 20:24:25.740 20117 20273 I DFInstaObserve: !toggles disable_feed=0 disable_explore=0 disable_reels=0 disable_stories=0 disable_adds=1
08-12 20:24:25.827 20117 20273 I DFInstaObserve: !toggles disable_feed=0 disable_explore=0 disable_reels=0 disable_stories=0 disable_adds=1
08-12 20:24:25.880 20117 20273 I DFInstaObserve: !toggles disable_feed=0 disable_explore=0 disable_reels=0 disable_stories=0 disable_adds=1
08-12 20:24:25.946 20117 20273 I DFInstaObserve: !toggles disable_feed=0 disable_explore=0 disable_reels=0 disable_stories=0 disable_adds=1
08-12 20:24:25.977 20117 20273 I DFInstaObserve: !toggles disable_feed=0 disable_explore=0 disable_reels=0 disable_stories=0 disable_adds=1
08-12 20:24:26.080 20117 20273 I DFInstaObserve: !toggles disable_feed=0 disable_explore=0 disable_reels=0 disable_stories=0 disable_adds=1
08-12 20:24:26.125 20117 20273 I DFInstaObserve: !toggles disable_feed=0 disable_explore=0 disable_reels=0 disable_stories=0 disable_adds=1
08-12 20:24:26.437 20117 20273 I DFInstaObserve: !toggles disable_feed=0 disable_explore=0 disable_reels=0 disable_stories=0 disable_adds=1
08-12 20:24:27.574 20117 20957 I DFInstaObserve: !toggles disable_feed=0 disable_explore=0 disable_reels=0 disable_stories=0 disable_adds=1
08-12 20:24:27.863 20117 20981 I DFInstaObserve: !toggles disable_feed=0 disable_explore=0 disable_reels=0 disable_stories=0 disable_adds=1
08-12 20:24:27.958 20117 20879 I DFInstaObserve: !toggles disable_feed=0 disable_explore=0 disable_reels=0 disable_stories=0 disable_adds=1
08-12 20:24:28.102 20117 20898 I DFInstaObserve: !toggles disable_feed=0 disable_explore=0 disable_reels=0 disable_stories=0 disable_adds=1
08-12 20:24:28.110 20117 20484 I DFInstaObserve: !toggles disable_feed=0 disable_explore=0 disable_reels=0 disable_stories=0 disable_adds=1
08-12 20:24:28.132 20117 20550 I DFInstaObserve: !toggles disable_feed=0 disable_explore=0 disable_reels=0 disable_stories=0 disable_adds=1
08-12 20:24:28.142 20117 20989 I DFInstaObserve: !toggles disable_feed=0 disable_explore=0 disable_reels=0 disable_stories=0 disable_adds=1
08-12 20:24:28.177 20117 20550 I DFInstaObserve: !toggles disable_feed=0 disable_explore=0 disable_reels=0 disable_stories=0 disable_adds=1
08-12 20:24:28.184 20117 20987 I DFInstaObserve: !toggles disable_feed=0 disable_explore=0 disable_reels=0 disable_stories=0 disable_adds=1
08-12 20:24:28.212 20117 20312 I DFInstaObserve: !toggles disable_feed=0 disable_explore=0 disable_reels=0 disable_stories=0 disable_adds=1
08-12 20:24:28.227 20117 20898 I DFInstaObserve: !toggles disable_feed=0 disable_explore=0 disable_reels=0 disable_stories=0 disable_adds=1
08-12 20:24:28.291 20117 20312 I DFInstaObserve: !toggles disable_feed=0 disable_explore=0 disable_reels=0 disable_stories=0 disable_adds=1
08-12 20:24:30.469 20117 21005 I DFInstaObserve: !toggles disable_feed=0 disable_explore=0 disable_reels=0 disable_stories=0 disable_adds=1
08-12 20:24:30.470 20117 21004 I DFInstaObserve: !toggles disable_feed=0 disable_explore=0 disable_reels=0 disable_stories=0 disable_adds=1
08-12 20:24:32.934 20117 21005 I DFInstaObserve: !toggles disable_feed=0 disable_explore=0 disable_reels=0 disable_stories=0 disable_adds=1
08-12 20:24:32.936 20117 21004 I DFInstaObserve: !toggles disable_feed=0 disable_explore=0 disable_reels=0 disable_stories=0 disable_adds=1
08-12 20:24:35.976 20117 20989 I DFInstaObserve: !toggles disable_feed=0 disable_explore=0 disable_reels=0 disable_stories=0 disable_adds=1
08-12 20:24:35.977 20117 20989 I DFInstaObserve: /clips/discover
08-12 20:24:35.977 20117 20989 I DFInstaObserve: /clips/discover/stream/
08-12 20:24:36.360 20117 20484 I DFInstaObserve: !toggles disable_feed=0 disable_explore=0 disable_reels=0 disable_stories=0 disable_adds=1
08-12 20:24:38.466 20117 21036 I DFInstaObserve: !toggles disable_feed=0 disable_explore=0 disable_reels=0 disable_stories=0 disable_adds=1
08-12 20:24:38.470 20117 21037 I DFInstaObserve: !toggles disable_feed=0 disable_explore=0 disable_reels=0 disable_stories=0 disable_adds=1
08-12 20:24:40.210 20117 20898 I DFInstaObserve: !toggles disable_feed=0 disable_explore=0 disable_reels=0 disable_stories=0 disable_adds=1
08-12 20:24:40.245 20117 20273 I DFInstaObserve: !toggles disable_feed=0 disable_explore=0 disable_reels=0 disable_stories=0 disable_adds=1
08-12 20:24:40.338 20117 20273 I DFInstaObserve: !toggles disable_feed=0 disable_explore=0 disable_reels=0 disable_stories=0 disable_adds=1
08-12 20:24:40.687 20117 20898 I DFInstaObserve: !toggles disable_feed=0 disable_explore=0 disable_reels=0 disable_stories=0 disable_adds=1
08-12 20:24:40.698 20117 20898 I DFInstaObserve: !toggles disable_feed=0 disable_explore=0 disable_reels=0 disable_stories=0 disable_adds=1
08-12 20:24:40.736 20117 20273 I DFInstaObserve: !toggles disable_feed=0 disable_explore=0 disable_reels=0 disable_stories=0 disable_adds=1
08-12 20:24:40.740 20117 21079 I DFInstaObserve: !toggles disable_feed=0 disable_explore=0 disable_reels=0 disable_stories=0 disable_adds=1
08-12 20:24:41.047 20117 20273 I DFInstaObserve: !toggles disable_feed=0 disable_explore=0 disable_reels=0 disable_stories=0 disable_adds=1
08-12 20:24:41.093 20117 20273 I DFInstaObserve: !toggles disable_feed=0 disable_explore=0 disable_reels=0 disable_stories=0 disable_adds=1
08-12 20:24:41.146 20117 20273 I DFInstaObserve: !toggles disable_feed=0 disable_explore=0 disable_reels=0 disable_stories=0 disable_adds=1
08-12 20:24:41.789 20117 21066 I DFInstaObserve: !toggles disable_feed=0 disable_explore=0 disable_reels=0 disable_stories=0 disable_adds=1
08-12 20:24:41.789 20117 21065 I DFInstaObserve: !toggles disable_feed=0 disable_explore=0 disable_reels=0 disable_stories=0 disable_adds=1
08-12 20:24:43.057 20117 20898 I DFInstaObserve: !toggles disable_feed=0 disable_explore=0 disable_reels=0 disable_stories=0 disable_adds=1
08-12 20:24:43.107 20117 20484 I DFInstaObserve: !toggles disable_feed=0 disable_explore=0 disable_reels=0 disable_stories=0 disable_adds=1
08-12 20:24:45.162 20117 21093 I DFInstaObserve: !toggles disable_feed=0 disable_explore=0 disable_reels=0 disable_stories=0 disable_adds=1
08-12 20:24:45.162 20117 21094 I DFInstaObserve: !toggles disable_feed=0 disable_explore=0 disable_reels=0 disable_stories=0 disable_adds=1
08-12 20:24:45.932 20117 20987 I DFInstaObserve: !toggles disable_feed=0 disable_explore=0 disable_reels=0 disable_stories=0 disable_adds=1
08-12 20:24:45.932 20117 20987 I DFInstaObserve: /clips/discover
08-12 20:24:45.932 20117 20987 I DFInstaObserve: /clips/discover/stream/
08-12 20:24:46.354 20117 20484 I DFInstaObserve: !toggles disable_feed=0 disable_explore=0 disable_reels=0 disable_stories=0 disable_adds=1
08-12 20:24:46.387 20117 20484 I DFInstaObserve: !toggles disable_feed=0 disable_explore=0 disable_reels=0 disable_stories=0 disable_adds=1
08-12 20:24:48.471 20117 21128 I DFInstaObserve: !toggles disable_feed=0 disable_explore=0 disable_reels=0 disable_stories=0 disable_adds=1
08-12 20:24:48.471 20117 21127 I DFInstaObserve: !toggles disable_feed=0 disable_explore=0 disable_reels=0 disable_stories=0 disable_adds=1
08-12 20:24:49.854 20117 20898 I DFInstaObserve: !toggles disable_feed=0 disable_explore=0 disable_reels=0 disable_stories=0 disable_adds=1
08-12 20:24:49.919 20117 20273 I DFInstaObserve: !toggles disable_feed=0 disable_explore=0 disable_reels=0 disable_stories=0 disable_adds=1
08-12 20:24:50.053 20117 20273 I DFInstaObserve: !toggles disable_feed=0 disable_explore=0 disable_reels=0 disable_stories=0 disable_adds=1
08-12 20:24:50.095 20117 20898 I DFInstaObserve: !toggles disable_feed=0 disable_explore=0 disable_reels=0 disable_stories=0 disable_adds=1
08-12 20:24:50.105 20117 20898 I DFInstaObserve: !toggles disable_feed=0 disable_explore=0 disable_reels=0 disable_stories=0 disable_adds=1
08-12 20:24:50.132 20117 20273 I DFInstaObserve: !toggles disable_feed=0 disable_explore=0 disable_reels=0 disable_stories=0 disable_adds=1
08-12 20:24:50.136 20117 20989 I DFInstaObserve: !toggles disable_feed=0 disable_explore=0 disable_reels=0 disable_stories=0 disable_adds=1
08-12 20:24:50.266 20117 20273 I DFInstaObserve: !toggles disable_feed=0 disable_explore=0 disable_reels=0 disable_stories=0 disable_adds=1
08-12 20:24:50.301 20117 20273 I DFInstaObserve: !toggles disable_feed=0 disable_explore=0 disable_reels=0 disable_stories=0 disable_adds=1
08-12 20:24:50.412 20117 20987 I DFInstaObserve: !toggles disable_feed=0 disable_explore=0 disable_reels=0 disable_stories=0 disable_adds=1
08-12 20:24:50.436 20117 20273 I DFInstaObserve: !toggles disable_feed=0 disable_explore=0 disable_reels=0 disable_stories=0 disable_adds=1
08-12 20:24:51.793 20117 21167 I DFInstaObserve: !toggles disable_feed=0 disable_explore=0 disable_reels=0 disable_stories=0 disable_adds=1
08-12 20:24:51.794 20117 21166 I DFInstaObserve: !toggles disable_feed=0 disable_explore=0 disable_reels=0 disable_stories=0 disable_adds=1
08-12 20:24:52.539 20117 20987 I DFInstaObserve: !toggles disable_feed=0 disable_explore=0 disable_reels=0 disable_stories=0 disable_adds=1
08-12 20:24:52.797 20117 20312 I DFInstaObserve: !toggles disable_feed=0 disable_explore=0 disable_reels=0 disable_stories=0 disable_adds=1
08-12 20:24:57.228 20117 21218 I DFInstaObserve: !toggles disable_feed=0 disable_explore=0 disable_reels=0 disable_stories=0 disable_adds=1
08-12 20:24:58.222 20117 20989 I DFInstaObserve: !toggles disable_feed=0 disable_explore=0 disable_reels=0 disable_stories=0 disable_adds=1
08-12 20:24:58.222 20117 20989 I DFInstaObserve: /clips/discover
08-12 20:24:58.222 20117 20989 I DFInstaObserve: /clips/discover/stream/
08-12 20:25:01.434 20117 20273 I DFInstaObserve: !toggles disable_feed=0 disable_explore=0 disable_reels=0 disable_stories=0 disable_adds=1
08-12 20:25:01.523 20117 20273 I DFInstaObserve: !toggles disable_feed=0 disable_explore=0 disable_reels=0 disable_stories=0 disable_adds=1
08-12 20:25:02.001 20117 20273 I DFInstaObserve: !toggles disable_feed=0 disable_explore=0 disable_reels=0 disable_stories=0 disable_adds=1
08-12 20:25:02.223 20117 20273 I DFInstaObserve: !toggles disable_feed=0 disable_explore=0 disable_reels=0 disable_stories=0 disable_adds=1
08-12 20:25:02.267 20117 20273 I DFInstaObserve: !toggles disable_feed=0 disable_explore=0 disable_reels=0 disable_stories=0 disable_adds=1
08-12 20:25:02.335 20117 20273 I DFInstaObserve: !toggles disable_feed=0 disable_explore=0 disable_reels=0 disable_stories=0 disable_adds=1
08-12 20:25:15.645 20117 21183 I DFInstaObserve: !toggles disable_feed=0 disable_explore=0 disable_reels=0 disable_stories=0 disable_adds=1
08-12 20:25:15.645 20117 21183 I DFInstaObserve: /feed/timeline/
08-12 20:25:17.604 20117 20484 I DFInstaObserve: !toggles disable_feed=0 disable_explore=0 disable_reels=0 disable_stories=0 disable_adds=1
08-12 20:25:17.610 20117 20484 I DFInstaObserve: !toggles disable_feed=0 disable_explore=0 disable_reels=0 disable_stories=0 disable_adds=1
08-12 20:25:17.669 20117 21183 I DFInstaObserve: !toggles disable_feed=0 disable_explore=0 disable_reels=0 disable_stories=0 disable_adds=1
08-12 20:25:17.765 20117 20550 I DFInstaObserve: !toggles disable_feed=0 disable_explore=0 disable_reels=0 disable_stories=0 disable_adds=1
08-12 20:25:17.769 20117 21181 I DFInstaObserve: !toggles disable_feed=0 disable_explore=0 disable_reels=0 disable_stories=0 disable_adds=1
08-12 20:25:17.791 20117 21183 I DFInstaObserve: !toggles disable_feed=0 disable_explore=0 disable_reels=0 disable_stories=0 disable_adds=1
08-12 20:25:17.825 20117 20273 I DFInstaObserve: !toggles disable_feed=0 disable_explore=0 disable_reels=0 disable_stories=0 disable_adds=1
08-12 20:25:17.866 20117 20273 I DFInstaObserve: !toggles disable_feed=0 disable_explore=0 disable_reels=0 disable_stories=0 disable_adds=1
08-12 20:25:17.902 20117 20273 I DFInstaObserve: !toggles disable_feed=0 disable_explore=0 disable_reels=0 disable_stories=0 disable_adds=1
08-12 20:25:28.491 20117 20514 I DFInstaObserve: !toggles disable_feed=0 disable_explore=0 disable_reels=0 disable_stories=0 disable_adds=1
08-12 20:25:28.491 20117 20514 I DFInstaObserve: /feed/reels_tray/
08-12 20:25:29.000 20117 21405 I DFInstaObserve: !toggles disable_feed=0 disable_explore=0 disable_reels=0 disable_stories=0 disable_adds=1
08-12 20:25:29.372 20117 20312 I DFInstaObserve: !toggles disable_feed=0 disable_explore=0 disable_reels=0 disable_stories=0 disable_adds=1
08-12 20:25:30.898 20117 21393 I DFInstaObserve: !toggles disable_feed=0 disable_explore=0 disable_reels=0 disable_stories=0 disable_adds=1
08-12 20:25:30.926 20117 21393 I DFInstaObserve: !toggles disable_feed=0 disable_explore=0 disable_reels=0 disable_stories=0 disable_adds=1
08-12 20:25:33.286 20117 21385 I DFInstaObserve: !toggles disable_feed=0 disable_explore=0 disable_reels=0 disable_stories=0 disable_adds=1
08-12 20:25:33.304 20117 21385 I DFInstaObserve: !toggles disable_feed=0 disable_explore=0 disable_reels=0 disable_stories=0 disable_adds=1
08-12 20:25:33.399 20117 21393 I DFInstaObserve: !toggles disable_feed=0 disable_explore=0 disable_reels=0 disable_stories=0 disable_adds=1
08-12 20:25:36.850 20117 21181 I DFInstaObserve: !toggles disable_feed=0 disable_explore=0 disable_reels=0 disable_stories=0 disable_adds=1
08-12 20:25:36.850 20117 21181 I DFInstaObserve: /discover/topical_explore
08-12 20:25:37.224 20117 21458 I DFInstaObserve: !toggles disable_feed=0 disable_explore=0 disable_reels=0 disable_stories=0 disable_adds=1
08-12 20:25:37.549 20117 21473 I DFInstaObserve: !toggles disable_feed=0 disable_explore=0 disable_reels=0 disable_stories=0 disable_adds=1
08-12 20:25:39.306 20117 21455 I DFInstaObserve: !toggles disable_feed=0 disable_explore=0 disable_reels=0 disable_stories=0 disable_adds=1
08-12 20:25:39.525 20117 21466 I DFInstaObserve: !toggles disable_feed=0 disable_explore=0 disable_reels=0 disable_stories=0 disable_adds=1
08-12 20:25:40.317 20117 20898 I DFInstaObserve: !toggles disable_feed=0 disable_explore=0 disable_reels=0 disable_stories=0 disable_adds=1
08-12 20:25:40.323 20117 20898 I DFInstaObserve: !toggles disable_feed=0 disable_explore=0 disable_reels=0 disable_stories=0 disable_adds=1
08-12 20:25:40.329 20117 20898 I DFInstaObserve: !toggles disable_feed=0 disable_explore=0 disable_reels=0 disable_stories=0 disable_adds=1
08-12 20:25:40.437 20117 20898 I DFInstaObserve: !toggles disable_feed=0 disable_explore=0 disable_reels=0 disable_stories=0 disable_adds=1
08-12 20:25:40.441 20117 20898 I DFInstaObserve: !toggles disable_feed=0 disable_explore=0 disable_reels=0 disable_stories=0 disable_adds=1
08-12 20:25:40.448 20117 20898 I DFInstaObserve: !toggles disable_feed=0 disable_explore=0 disable_reels=0 disable_stories=0 disable_adds=1
08-12 20:25:40.623 20117 21506 I DFInstaObserve: !toggles disable_feed=0 disable_explore=0 disable_reels=0 disable_stories=0 disable_adds=1
08-12 20:25:40.626 20117 20898 I DFInstaObserve: !toggles disable_feed=0 disable_explore=0 disable_reels=0 disable_stories=0 disable_adds=1
08-12 20:25:40.638 20117 21506 I DFInstaObserve: !toggles disable_feed=0 disable_explore=0 disable_reels=0 disable_stories=0 disable_adds=1
08-12 20:25:40.662 20117 21506 I DFInstaObserve: !toggles disable_feed=0 disable_explore=0 disable_reels=0 disable_stories=0 disable_adds=1
08-12 20:25:40.670 20117 21506 I DFInstaObserve: !toggles disable_feed=0 disable_explore=0 disable_reels=0 disable_stories=0 disable_adds=1
08-12 20:25:40.683 20117 21181 I DFInstaObserve: !toggles disable_feed=0 disable_explore=0 disable_reels=0 disable_stories=0 disable_adds=1
08-12 20:25:40.683 20117 21181 I DFInstaObserve: /discover/topical_explore
08-12 20:25:40.752 20117 21464 I DFInstaObserve: !toggles disable_feed=0 disable_explore=0 disable_reels=0 disable_stories=0 disable_adds=1
08-12 20:25:40.786 20117 20273 I DFInstaObserve: !toggles disable_feed=0 disable_explore=0 disable_reels=0 disable_stories=0 disable_adds=1
08-12 20:25:40.802 20117 20989 I DFInstaObserve: !toggles disable_feed=0 disable_explore=0 disable_reels=0 disable_stories=0 disable_adds=1
08-12 20:25:40.823 20117 21528 I DFInstaObserve: !toggles disable_feed=0 disable_explore=0 disable_reels=0 disable_stories=0 disable_adds=1
08-12 20:25:40.837 20117 20989 I DFInstaObserve: !toggles disable_feed=0 disable_explore=0 disable_reels=0 disable_stories=0 disable_adds=1
08-12 20:25:40.897 20117 21514 I DFInstaObserve: !toggles disable_feed=0 disable_explore=0 disable_reels=0 disable_stories=0 disable_adds=1
08-12 20:25:40.904 20117 21520 I DFInstaObserve: !toggles disable_feed=0 disable_explore=0 disable_reels=0 disable_stories=0 disable_adds=1
08-12 20:25:40.922 20117 20273 I DFInstaObserve: !toggles disable_feed=0 disable_explore=0 disable_reels=0 disable_stories=0 disable_adds=1
08-12 20:25:41.043 20117 21535 I DFInstaObserve: !toggles disable_feed=0 disable_explore=0 disable_reels=0 disable_stories=0 disable_adds=1
08-12 20:25:41.068 20117 21520 I DFInstaObserve: !toggles disable_feed=0 disable_explore=0 disable_reels=0 disable_stories=0 disable_adds=1
08-12 20:25:41.080 20117 20989 I DFInstaObserve: !toggles disable_feed=0 disable_explore=0 disable_reels=0 disable_stories=0 disable_adds=1
08-12 20:25:41.102 20117 20273 I DFInstaObserve: !toggles disable_feed=0 disable_explore=0 disable_reels=0 disable_stories=0 disable_adds=1
08-12 20:25:41.160 20117 20273 I DFInstaObserve: !toggles disable_feed=0 disable_explore=0 disable_reels=0 disable_stories=0 disable_adds=1
08-12 20:25:41.204 20117 20273 I DFInstaObserve: !toggles disable_feed=0 disable_explore=0 disable_reels=0 disable_stories=0 disable_adds=1
08-12 20:25:41.245 20117 20273 I DFInstaObserve: !toggles disable_feed=0 disable_explore=0 disable_reels=0 disable_stories=0 disable_adds=1
08-12 20:25:41.326 20117 20273 I DFInstaObserve: !toggles disable_feed=0 disable_explore=0 disable_reels=0 disable_stories=0 disable_adds=1
08-12 20:25:41.363 20117 20273 I DFInstaObserve: !toggles disable_feed=0 disable_explore=0 disable_reels=0 disable_stories=0 disable_adds=1
08-12 20:25:41.563 20117 20273 I DFInstaObserve: !toggles disable_feed=0 disable_explore=0 disable_reels=0 disable_stories=0 disable_adds=1
08-12 20:25:41.601 20117 20273 I DFInstaObserve: !toggles disable_feed=0 disable_explore=0 disable_reels=0 disable_stories=0 disable_adds=1
08-12 20:25:41.778 20117 20273 I DFInstaObserve: !toggles disable_feed=0 disable_explore=0 disable_reels=0 disable_stories=0 disable_adds=1
08-12 20:25:42.754 20117 21509 I DFInstaObserve: !toggles disable_feed=0 disable_explore=0 disable_reels=0 disable_stories=0 disable_adds=1
08-12 20:25:42.806 20117 21509 I DFInstaObserve: !toggles disable_feed=0 disable_explore=0 disable_reels=0 disable_stories=0 disable_adds=1
08-12 20:25:43.029 20117 21527 I DFInstaObserve: !toggles disable_feed=0 disable_explore=0 disable_reels=0 disable_stories=0 disable_adds=1
08-12 20:25:43.817 20117 20989 I DFInstaObserve: !toggles disable_feed=0 disable_explore=0 disable_reels=0 disable_stories=0 disable_adds=1
08-12 20:25:43.817 20117 20989 I DFInstaObserve: /discover/topical_explore
08-12 20:25:43.870 20117 21558 I DFInstaObserve: !toggles disable_feed=0 disable_explore=0 disable_reels=0 disable_stories=0 disable_adds=1
08-12 20:25:44.154 20117 21562 I DFInstaObserve: !toggles disable_feed=0 disable_explore=0 disable_reels=0 disable_stories=0 disable_adds=1
08-12 20:25:44.161 20117 20898 I DFInstaObserve: !toggles disable_feed=0 disable_explore=0 disable_reels=0 disable_stories=0 disable_adds=1
08-12 20:25:44.210 20117 20273 I DFInstaObserve: !toggles disable_feed=0 disable_explore=0 disable_reels=0 disable_stories=0 disable_adds=1
08-12 20:25:44.215 20117 21181 I DFInstaObserve: !toggles disable_feed=0 disable_explore=0 disable_reels=0 disable_stories=0 disable_adds=1
08-12 20:25:44.221 20117 21520 I DFInstaObserve: !toggles disable_feed=0 disable_explore=0 disable_reels=0 disable_stories=0 disable_adds=1
08-12 20:25:44.226 20117 21576 I DFInstaObserve: !toggles disable_feed=0 disable_explore=0 disable_reels=0 disable_stories=0 disable_adds=1
08-12 20:25:44.269 20117 21569 I DFInstaObserve: !toggles disable_feed=0 disable_explore=0 disable_reels=0 disable_stories=0 disable_adds=1
08-12 20:25:44.280 20117 21520 I DFInstaObserve: !toggles disable_feed=0 disable_explore=0 disable_reels=0 disable_stories=0 disable_adds=1
08-12 20:25:44.303 20117 20273 I DFInstaObserve: !toggles disable_feed=0 disable_explore=0 disable_reels=0 disable_stories=0 disable_adds=1
08-12 20:25:44.316 20117 21569 I DFInstaObserve: !toggles disable_feed=0 disable_explore=0 disable_reels=0 disable_stories=0 disable_adds=1
08-12 20:25:44.322 20117 21517 I DFInstaObserve: !toggles disable_feed=0 disable_explore=0 disable_reels=0 disable_stories=0 disable_adds=1
08-12 20:25:44.359 20117 21517 I DFInstaObserve: !toggles disable_feed=0 disable_explore=0 disable_reels=0 disable_stories=0 disable_adds=1
08-12 20:25:44.360 20117 20273 I DFInstaObserve: !toggles disable_feed=0 disable_explore=0 disable_reels=0 disable_stories=0 disable_adds=1
08-12 20:25:44.363 20117 21569 I DFInstaObserve: !toggles disable_feed=0 disable_explore=0 disable_reels=0 disable_stories=0 disable_adds=1
08-12 20:25:44.387 20117 21569 I DFInstaObserve: !toggles disable_feed=0 disable_explore=0 disable_reels=0 disable_stories=0 disable_adds=1
08-12 20:25:44.395 20117 21181 I DFInstaObserve: !toggles disable_feed=0 disable_explore=0 disable_reels=0 disable_stories=0 disable_adds=1
08-12 20:25:44.476 20117 21598 I DFInstaObserve: !toggles disable_feed=0 disable_explore=0 disable_reels=0 disable_stories=0 disable_adds=1
08-12 20:25:44.477 20117 20273 I DFInstaObserve: !toggles disable_feed=0 disable_explore=0 disable_reels=0 disable_stories=0 disable_adds=1
08-12 20:25:44.515 20117 20273 I DFInstaObserve: !toggles disable_feed=0 disable_explore=0 disable_reels=0 disable_stories=0 disable_adds=1
08-12 20:25:44.607 20117 20273 I DFInstaObserve: !toggles disable_feed=0 disable_explore=0 disable_reels=0 disable_stories=0 disable_adds=1
08-12 20:25:44.640 20117 20273 I DFInstaObserve: !toggles disable_feed=0 disable_explore=0 disable_reels=0 disable_stories=0 disable_adds=1
08-12 20:25:44.893 20117 20273 I DFInstaObserve: !toggles disable_feed=0 disable_explore=0 disable_reels=0 disable_stories=0 disable_adds=1
08-12 20:25:44.927 20117 20273 I DFInstaObserve: !toggles disable_feed=0 disable_explore=0 disable_reels=0 disable_stories=0 disable_adds=1
08-12 20:25:44.962 20117 20273 I DFInstaObserve: !toggles disable_feed=0 disable_explore=0 disable_reels=0 disable_stories=0 disable_adds=1
08-12 20:25:45.022 20117 20273 I DFInstaObserve: !toggles disable_feed=0 disable_explore=0 disable_reels=0 disable_stories=0 disable_adds=1
08-12 20:25:45.312 20117 20273 I DFInstaObserve: !toggles disable_feed=0 disable_explore=0 disable_reels=0 disable_stories=0 disable_adds=1
08-12 20:25:45.359 20117 20273 I DFInstaObserve: !toggles disable_feed=0 disable_explore=0 disable_reels=0 disable_stories=0 disable_adds=1
08-12 20:25:45.462 20117 20273 I DFInstaObserve: !toggles disable_feed=0 disable_explore=0 disable_reels=0 disable_stories=0 disable_adds=1
08-12 20:25:46.445 20117 21575 I DFInstaObserve: !toggles disable_feed=0 disable_explore=0 disable_reels=0 disable_stories=0 disable_adds=1
08-12 20:25:46.624 20117 20898 I DFInstaObserve: !toggles disable_feed=0 disable_explore=0 disable_reels=0 disable_stories=0 disable_adds=1
08-12 20:25:46.627 20117 21606 I DFInstaObserve: !toggles disable_feed=0 disable_explore=0 disable_reels=0 disable_stories=0 disable_adds=1
08-12 20:25:46.646 20117 20273 I DFInstaObserve: !toggles disable_feed=0 disable_explore=0 disable_reels=0 disable_stories=0 disable_adds=1
08-12 20:25:46.752 20117 21569 I DFInstaObserve: !toggles disable_feed=0 disable_explore=0 disable_reels=0 disable_stories=0 disable_adds=1
08-12 20:25:46.762 20117 20989 I DFInstaObserve: !toggles disable_feed=0 disable_explore=0 disable_reels=0 disable_stories=0 disable_adds=1
08-12 20:25:46.846 20117 21569 I DFInstaObserve: !toggles disable_feed=0 disable_explore=0 disable_reels=0 disable_stories=0 disable_adds=1
08-12 20:25:46.868 20117 20989 I DFInstaObserve: !toggles disable_feed=0 disable_explore=0 disable_reels=0 disable_stories=0 disable_adds=1
08-12 20:25:46.918 20117 20273 I DFInstaObserve: !toggles disable_feed=0 disable_explore=0 disable_reels=0 disable_stories=0 disable_adds=1
08-12 20:25:46.938 20117 21620 I DFInstaObserve: !toggles disable_feed=0 disable_explore=0 disable_reels=0 disable_stories=0 disable_adds=1
08-12 20:25:46.991 20117 20273 I DFInstaObserve: !toggles disable_feed=0 disable_explore=0 disable_reels=0 disable_stories=0 disable_adds=1
08-12 20:25:47.112 20117 21629 I DFInstaObserve: !toggles disable_feed=0 disable_explore=0 disable_reels=0 disable_stories=0 disable_adds=1
08-12 20:25:47.118 20117 21625 I DFInstaObserve: !toggles disable_feed=0 disable_explore=0 disable_reels=0 disable_stories=0 disable_adds=1
08-12 20:25:47.184 20117 20273 I DFInstaObserve: !toggles disable_feed=0 disable_explore=0 disable_reels=0 disable_stories=0 disable_adds=1
08-12 20:25:47.283 20117 20273 I DFInstaObserve: !toggles disable_feed=0 disable_explore=0 disable_reels=0 disable_stories=0 disable_adds=1
08-12 20:25:47.501 20117 20273 I DFInstaObserve: !toggles disable_feed=0 disable_explore=0 disable_reels=0 disable_stories=0 disable_adds=1
08-12 20:25:47.549 20117 20273 I DFInstaObserve: !toggles disable_feed=0 disable_explore=0 disable_reels=0 disable_stories=0 disable_adds=1
08-12 20:25:47.716 20117 20273 I DFInstaObserve: !toggles disable_feed=0 disable_explore=0 disable_reels=0 disable_stories=0 disable_adds=1
08-12 20:25:47.774 20117 20273 I DFInstaObserve: !toggles disable_feed=0 disable_explore=0 disable_reels=0 disable_stories=0 disable_adds=1
08-12 20:25:47.984 20117 20273 I DFInstaObserve: !toggles disable_feed=0 disable_explore=0 disable_reels=0 disable_stories=0 disable_adds=1
08-12 20:25:48.029 20117 20273 I DFInstaObserve: !toggles disable_feed=0 disable_explore=0 disable_reels=0 disable_stories=0 disable_adds=1
08-12 20:25:49.029 20117 20273 I DFInstaObserve: !toggles disable_feed=0 disable_explore=0 disable_reels=0 disable_stories=0 disable_adds=1
08-12 20:25:49.295 20117 21635 I DFInstaObserve: !toggles disable_feed=0 disable_explore=0 disable_reels=0 disable_stories=0 disable_adds=1
08-12 20:25:49.526 20117 21641 I DFInstaObserve: !toggles disable_feed=0 disable_explore=0 disable_reels=0 disable_stories=0 disable_adds=1
08-12 20:25:50.816 20117 21694 I DFInstaObserve: !toggles disable_feed=0 disable_explore=0 disable_reels=0 disable_stories=0 disable_adds=1
08-12 20:25:52.670 20117 21679 I DFInstaObserve: !toggles disable_feed=0 disable_explore=0 disable_reels=0 disable_stories=0 disable_adds=1
08-12 20:25:52.795 20117 21686 I DFInstaObserve: !toggles disable_feed=0 disable_explore=0 disable_reels=0 disable_stories=0 disable_adds=1
08-12 20:25:53.586 20117 20312 I DFInstaObserve: !toggles disable_feed=0 disable_explore=0 disable_reels=0 disable_stories=0 disable_adds=1
08-12 20:25:53.619 20117 20898 I DFInstaObserve: !toggles disable_feed=0 disable_explore=0 disable_reels=0 disable_stories=0 disable_adds=1
08-12 20:25:53.693 20117 20312 I DFInstaObserve: !toggles disable_feed=0 disable_explore=0 disable_reels=0 disable_stories=0 disable_adds=1
08-12 20:25:55.796 20117 21752 I DFInstaObserve: !toggles disable_feed=0 disable_explore=0 disable_reels=0 disable_stories=0 disable_adds=1
08-12 20:25:55.797 20117 21750 I DFInstaObserve: !toggles disable_feed=0 disable_explore=0 disable_reels=0 disable_stories=0 disable_adds=1
08-12 20:26:04.042 20117 21794 I DFInstaObserve: !toggles disable_feed=0 disable_explore=0 disable_reels=0 disable_stories=0 disable_adds=1
08-12 20:26:04.042 20117 21793 I DFInstaObserve: !toggles disable_feed=0 disable_explore=0 disable_reels=0 disable_stories=0 disable_adds=1
08-12 20:26:04.860 20117 21742 I DFInstaObserve: !toggles disable_feed=0 disable_explore=0 disable_reels=0 disable_stories=0 disable_adds=1
08-12 20:26:04.860 20117 21742 I DFInstaObserve: /clips/discover
08-12 20:26:04.860 20117 21742 I DFInstaObserve: /clips/discover/stream/
08-12 20:26:05.276 20117 21606 I DFInstaObserve: !toggles disable_feed=0 disable_explore=0 disable_reels=0 disable_stories=0 disable_adds=1
08-12 20:26:07.393 20117 21820 I DFInstaObserve: !toggles disable_feed=0 disable_explore=0 disable_reels=0 disable_stories=0 disable_adds=1
08-12 20:26:07.401 20117 21821 I DFInstaObserve: !toggles disable_feed=0 disable_explore=0 disable_reels=0 disable_stories=0 disable_adds=1
08-12 20:26:09.045 20117 21606 I DFInstaObserve: !toggles disable_feed=0 disable_explore=0 disable_reels=0 disable_stories=0 disable_adds=1
08-12 20:26:09.051 20117 21606 I DFInstaObserve: !toggles disable_feed=0 disable_explore=0 disable_reels=0 disable_stories=0 disable_adds=1
08-12 20:26:09.092 20117 21606 I DFInstaObserve: !toggles disable_feed=0 disable_explore=0 disable_reels=0 disable_stories=0 disable_adds=1
08-12 20:26:09.101 20117 20273 I DFInstaObserve: !toggles disable_feed=0 disable_explore=0 disable_reels=0 disable_stories=0 disable_adds=1
08-12 20:26:09.137 20117 20273 I DFInstaObserve: !toggles disable_feed=0 disable_explore=0 disable_reels=0 disable_stories=0 disable_adds=1
08-12 20:26:09.274 20117 21606 I DFInstaObserve: !toggles disable_feed=0 disable_explore=0 disable_reels=0 disable_stories=0 disable_adds=1
08-12 20:26:09.282 20117 21606 I DFInstaObserve: !toggles disable_feed=0 disable_explore=0 disable_reels=0 disable_stories=0 disable_adds=1
08-12 20:26:09.309 20117 21740 I DFInstaObserve: !toggles disable_feed=0 disable_explore=0 disable_reels=0 disable_stories=0 disable_adds=1
08-12 20:26:09.387 20117 20273 I DFInstaObserve: !toggles disable_feed=0 disable_explore=0 disable_reels=0 disable_stories=0 disable_adds=1
08-12 20:26:09.425 20117 20273 I DFInstaObserve: !toggles disable_feed=0 disable_explore=0 disable_reels=0 disable_stories=0 disable_adds=1
08-12 20:26:09.529 20117 20273 I DFInstaObserve: !toggles disable_feed=0 disable_explore=0 disable_reels=0 disable_stories=0 disable_adds=1
08-12 20:26:09.565 20117 20273 I DFInstaObserve: !toggles disable_feed=0 disable_explore=0 disable_reels=0 disable_stories=0 disable_adds=1
08-12 20:26:09.665 20117 20273 I DFInstaObserve: !toggles disable_feed=0 disable_explore=0 disable_reels=0 disable_stories=0 disable_adds=1
08-12 20:26:09.752 20117 21737 I DFInstaObserve: !toggles disable_feed=0 disable_explore=0 disable_reels=0 disable_stories=0 disable_adds=1
08-12 20:26:10.719 20117 21846 I DFInstaObserve: !toggles disable_feed=0 disable_explore=0 disable_reels=0 disable_stories=0 disable_adds=1
08-12 20:26:10.724 20117 21845 I DFInstaObserve: !toggles disable_feed=0 disable_explore=0 disable_reels=0 disable_stories=0 disable_adds=1
08-12 20:26:11.929 20117 20898 I DFInstaObserve: !toggles disable_feed=0 disable_explore=0 disable_reels=0 disable_stories=0 disable_adds=1
08-12 20:26:11.963 20117 20898 I DFInstaObserve: !toggles disable_feed=0 disable_explore=0 disable_reels=0 disable_stories=0 disable_adds=1
08-12 20:26:14.079 20117 21874 I DFInstaObserve: !toggles disable_feed=0 disable_explore=0 disable_reels=0 disable_stories=0 disable_adds=1
08-12 20:26:14.079 20117 21876 I DFInstaObserve: !toggles disable_feed=0 disable_explore=0 disable_reels=0 disable_stories=0 disable_adds=1
08-12 20:26:15.290 20117 21606 I DFInstaObserve: !toggles disable_feed=0 disable_explore=0 disable_reels=0 disable_stories=0 disable_adds=1
08-12 20:26:18.121 20117 21740 I DFInstaObserve: !toggles disable_feed=0 disable_explore=0 disable_reels=0 disable_stories=0 disable_adds=1
08-12 20:26:18.648 20117 20312 I DFInstaObserve: !toggles disable_feed=0 disable_explore=0 disable_reels=0 disable_stories=0 disable_adds=1
08-12 20:26:38.431 20117 21742 I DFInstaObserve: !toggles disable_feed=0 disable_explore=0 disable_reels=0 disable_stories=0 disable_adds=1
08-12 20:26:38.431 20117 21742 I DFInstaObserve: /feed/timeline/
08-12 20:26:41.151 20117 21606 I DFInstaObserve: !toggles disable_feed=0 disable_explore=0 disable_reels=0 disable_stories=0 disable_adds=1
08-12 20:26:41.156 20117 21606 I DFInstaObserve: !toggles disable_feed=0 disable_explore=0 disable_reels=0 disable_stories=0 disable_adds=1
08-12 20:26:41.310 20117 21741 I DFInstaObserve: !toggles disable_feed=0 disable_explore=0 disable_reels=0 disable_stories=0 disable_adds=1
08-12 20:26:41.351 20117 21742 I DFInstaObserve: !toggles disable_feed=0 disable_explore=0 disable_reels=0 disable_stories=0 disable_adds=1
08-12 20:26:41.361 20117 21742 I DFInstaObserve: !toggles disable_feed=0 disable_explore=0 disable_reels=0 disable_stories=0 disable_adds=1
08-12 20:26:41.478 20117 20273 I DFInstaObserve: !toggles disable_feed=0 disable_explore=0 disable_reels=0 disable_stories=0 disable_adds=1
08-12 20:26:41.521 20117 20273 I DFInstaObserve: !toggles disable_feed=0 disable_explore=0 disable_reels=0 disable_stories=0 disable_adds=1
08-12 20:26:41.595 20117 20273 I DFInstaObserve: !toggles disable_feed=0 disable_explore=0 disable_reels=0 disable_stories=0 disable_adds=1
08-12 20:26:41.645 20117 20273 I DFInstaObserve: !toggles disable_feed=0 disable_explore=0 disable_reels=0 disable_stories=0 disable_adds=1
08-12 20:26:44.429 20117 21606 I DFInstaObserve: !toggles disable_feed=0 disable_explore=0 disable_reels=0 disable_stories=0 disable_adds=1
08-12 20:26:51.110 20117 21606 I DFInstaObserve: !toggles disable_feed=0 disable_explore=0 disable_reels=0 disable_stories=0 disable_adds=1
08-12 20:26:54.733 20117 20312 I DFInstaObserve: !toggles disable_feed=0 disable_explore=0 disable_reels=0 disable_stories=0 disable_adds=1
08-12 20:26:58.838 20117 22027 I DFInstaObserve: !toggles disable_feed=0 disable_explore=0 disable_reels=0 disable_stories=0 disable_adds=1
08-12 20:26:58.841 20117 22031 I DFInstaObserve: !toggles disable_feed=0 disable_explore=0 disable_reels=0 disable_stories=0 disable_adds=1
08-12 20:26:58.846 20117 22027 I DFInstaObserve: !toggles disable_feed=0 disable_explore=0 disable_reels=0 disable_stories=0 disable_adds=1
08-12 20:26:58.849 20117 22031 I DFInstaObserve: !toggles disable_feed=0 disable_explore=0 disable_reels=0 disable_stories=0 disable_adds=1
08-12 20:27:02.417 20117 21740 I DFInstaObserve: !toggles disable_feed=0 disable_explore=0 disable_reels=0 disable_stories=0 disable_adds=1
08-12 20:27:02.417 20117 21740 I DFInstaObserve: /discover/topical_explore
08-12 20:27:02.641 20117 22072 I DFInstaObserve: !toggles disable_feed=0 disable_explore=0 disable_reels=0 disable_stories=0 disable_adds=1
08-12 20:27:02.837 20117 22086 I DFInstaObserve: !toggles disable_feed=0 disable_explore=0 disable_reels=0 disable_stories=0 disable_adds=1
08-12 20:27:04.822 20117 22078 I DFInstaObserve: !toggles disable_feed=0 disable_explore=0 disable_reels=0 disable_stories=0 disable_adds=1
08-12 20:27:05.043 20117 22085 I DFInstaObserve: !toggles disable_feed=0 disable_explore=0 disable_reels=0 disable_stories=0 disable_adds=1
08-12 20:27:05.689 20117 22107 I DFInstaObserve: !toggles disable_feed=0 disable_explore=0 disable_reels=0 disable_stories=0 disable_adds=1
08-12 20:27:05.696 20117 21606 I DFInstaObserve: !toggles disable_feed=0 disable_explore=0 disable_reels=0 disable_stories=0 disable_adds=1
08-12 20:27:05.747 20117 20273 I DFInstaObserve: !toggles disable_feed=0 disable_explore=0 disable_reels=0 disable_stories=0 disable_adds=1
08-12 20:27:05.775 20117 21737 I DFInstaObserve: !toggles disable_feed=0 disable_explore=0 disable_reels=0 disable_stories=0 disable_adds=1
08-12 20:27:05.782 20117 22108 I DFInstaObserve: !toggles disable_feed=0 disable_explore=0 disable_reels=0 disable_stories=0 disable_adds=1
08-12 20:27:05.826 20117 20273 I DFInstaObserve: !toggles disable_feed=0 disable_explore=0 disable_reels=0 disable_stories=0 disable_adds=1
08-12 20:27:05.837 20117 21737 I DFInstaObserve: !toggles disable_feed=0 disable_explore=0 disable_reels=0 disable_stories=0 disable_adds=1
08-12 20:27:05.845 20117 22108 I DFInstaObserve: !toggles disable_feed=0 disable_explore=0 disable_reels=0 disable_stories=0 disable_adds=1
08-12 20:27:05.888 20117 21740 I DFInstaObserve: !toggles disable_feed=0 disable_explore=0 disable_reels=0 disable_stories=0 disable_adds=1
08-12 20:27:05.898 20117 20273 I DFInstaObserve: !toggles disable_feed=0 disable_explore=0 disable_reels=0 disable_stories=0 disable_adds=1
08-12 20:27:05.906 20117 21737 I DFInstaObserve: !toggles disable_feed=0 disable_explore=0 disable_reels=0 disable_stories=0 disable_adds=1
08-12 20:27:05.936 20117 21740 I DFInstaObserve: !toggles disable_feed=0 disable_explore=0 disable_reels=0 disable_stories=0 disable_adds=1
08-12 20:27:05.958 20117 22060 I DFInstaObserve: !toggles disable_feed=0 disable_explore=0 disable_reels=0 disable_stories=0 disable_adds=1
08-12 20:27:06.021 20117 21859 I DFInstaObserve: !toggles disable_feed=0 disable_explore=0 disable_reels=0 disable_stories=0 disable_adds=1
08-12 20:27:06.051 20117 22117 I DFInstaObserve: !toggles disable_feed=0 disable_explore=0 disable_reels=0 disable_stories=0 disable_adds=1
08-12 20:27:06.095 20117 22117 I DFInstaObserve: !toggles disable_feed=0 disable_explore=0 disable_reels=0 disable_stories=0 disable_adds=1
08-12 20:27:06.116 20117 21741 I DFInstaObserve: !toggles disable_feed=0 disable_explore=0 disable_reels=0 disable_stories=0 disable_adds=1
08-12 20:27:06.202 20117 21741 I DFInstaObserve: !toggles disable_feed=0 disable_explore=0 disable_reels=0 disable_stories=0 disable_adds=1
08-12 20:27:06.239 20117 22117 I DFInstaObserve: !toggles disable_feed=0 disable_explore=0 disable_reels=0 disable_stories=0 disable_adds=1
08-12 20:27:06.239 20117 22117 I DFInstaObserve: /discover/topical_explore
08-12 20:27:06.249 20117 21737 I DFInstaObserve: !toggles disable_feed=0 disable_explore=0 disable_reels=0 disable_stories=0 disable_adds=1
08-12 20:27:06.292 20117 22133 I DFInstaObserve: !toggles disable_feed=0 disable_explore=0 disable_reels=0 disable_stories=0 disable_adds=1
08-12 20:27:06.373 20117 22138 I DFInstaObserve: !toggles disable_feed=0 disable_explore=0 disable_reels=0 disable_stories=0 disable_adds=1
08-12 20:27:06.389 20117 22060 I DFInstaObserve: !toggles disable_feed=0 disable_explore=0 disable_reels=0 disable_stories=0 disable_adds=1
08-12 20:27:06.464 20117 22146 I DFInstaObserve: !toggles disable_feed=0 disable_explore=0 disable_reels=0 disable_stories=0 disable_adds=1
08-12 20:27:06.482 20117 22145 I DFInstaObserve: !toggles disable_feed=0 disable_explore=0 disable_reels=0 disable_stories=0 disable_adds=1
08-12 20:27:06.545 20117 22139 I DFInstaObserve: !toggles disable_feed=0 disable_explore=0 disable_reels=0 disable_stories=0 disable_adds=1
08-12 20:27:06.565 20117 21737 I DFInstaObserve: !toggles disable_feed=0 disable_explore=0 disable_reels=0 disable_stories=0 disable_adds=1
08-12 20:27:06.688 20117 21741 I DFInstaObserve: !toggles disable_feed=0 disable_explore=0 disable_reels=0 disable_stories=0 disable_adds=1
08-12 20:27:06.701 20117 22139 I DFInstaObserve: !toggles disable_feed=0 disable_explore=0 disable_reels=0 disable_stories=0 disable_adds=1
08-12 20:27:06.778 20117 21741 I DFInstaObserve: !toggles disable_feed=0 disable_explore=0 disable_reels=0 disable_stories=0 disable_adds=1
08-12 20:27:06.878 20117 20273 I DFInstaObserve: !toggles disable_feed=0 disable_explore=0 disable_reels=0 disable_stories=0 disable_adds=1
08-12 20:27:06.955 20117 20273 I DFInstaObserve: !toggles disable_feed=0 disable_explore=0 disable_reels=0 disable_stories=0 disable_adds=1
08-12 20:27:07.037 20117 20273 I DFInstaObserve: !toggles disable_feed=0 disable_explore=0 disable_reels=0 disable_stories=0 disable_adds=1
08-12 20:27:07.072 20117 20273 I DFInstaObserve: !toggles disable_feed=0 disable_explore=0 disable_reels=0 disable_stories=0 disable_adds=1
08-12 20:27:07.127 20117 20273 I DFInstaObserve: !toggles disable_feed=0 disable_explore=0 disable_reels=0 disable_stories=0 disable_adds=1
08-12 20:27:07.158 20117 20273 I DFInstaObserve: !toggles disable_feed=0 disable_explore=0 disable_reels=0 disable_stories=0 disable_adds=1
08-12 20:27:07.256 20117 20273 I DFInstaObserve: !toggles disable_feed=0 disable_explore=0 disable_reels=0 disable_stories=0 disable_adds=1
08-12 20:27:07.299 20117 20273 I DFInstaObserve: !toggles disable_feed=0 disable_explore=0 disable_reels=0 disable_stories=0 disable_adds=1
08-12 20:27:07.394 20117 20273 I DFInstaObserve: !toggles disable_feed=0 disable_explore=0 disable_reels=0 disable_stories=0 disable_adds=1
08-12 20:27:07.474 20117 20273 I DFInstaObserve: !toggles disable_feed=0 disable_explore=0 disable_reels=0 disable_stories=0 disable_adds=1
08-12 20:27:07.509 20117 20273 I DFInstaObserve: !toggles disable_feed=0 disable_explore=0 disable_reels=0 disable_stories=0 disable_adds=1
08-12 20:27:07.554 20117 20273 I DFInstaObserve: !toggles disable_feed=0 disable_explore=0 disable_reels=0 disable_stories=0 disable_adds=1
08-12 20:27:07.819 20117 20273 I DFInstaObserve: !toggles disable_feed=0 disable_explore=0 disable_reels=0 disable_stories=0 disable_adds=1
08-12 20:27:08.322 20117 22131 I DFInstaObserve: !toggles disable_feed=0 disable_explore=0 disable_reels=0 disable_stories=0 disable_adds=1
08-12 20:27:08.344 20117 22131 I DFInstaObserve: !toggles disable_feed=0 disable_explore=0 disable_reels=0 disable_stories=0 disable_adds=1
08-12 20:27:08.513 20117 22132 I DFInstaObserve: !toggles disable_feed=0 disable_explore=0 disable_reels=0 disable_stories=0 disable_adds=1
08-12 20:27:09.706 20117 22117 I DFInstaObserve: !toggles disable_feed=0 disable_explore=0 disable_reels=0 disable_stories=0 disable_adds=1
08-12 20:27:09.706 20117 22117 I DFInstaObserve: /discover/topical_explore
08-12 20:27:10.203 20117 22107 I DFInstaObserve: !toggles disable_feed=0 disable_explore=0 disable_reels=0 disable_stories=0 disable_adds=1
08-12 20:27:10.217 20117 22187 I DFInstaObserve: !toggles disable_feed=0 disable_explore=0 disable_reels=0 disable_stories=0 disable_adds=1
08-12 20:27:10.220 20117 22195 I DFInstaObserve: !toggles disable_feed=0 disable_explore=0 disable_reels=0 disable_stories=0 disable_adds=1
08-12 20:27:10.267 20117 21737 I DFInstaObserve: !toggles disable_feed=0 disable_explore=0 disable_reels=0 disable_stories=0 disable_adds=1
08-12 20:27:10.272 20117 22161 I DFInstaObserve: !toggles disable_feed=0 disable_explore=0 disable_reels=0 disable_stories=0 disable_adds=1
08-12 20:27:10.282 20117 20273 I DFInstaObserve: !toggles disable_feed=0 disable_explore=0 disable_reels=0 disable_stories=0 disable_adds=1
08-12 20:27:10.303 20117 22161 I DFInstaObserve: !toggles disable_feed=0 disable_explore=0 disable_reels=0 disable_stories=0 disable_adds=1
08-12 20:27:10.321 20117 21737 I DFInstaObserve: !toggles disable_feed=0 disable_explore=0 disable_reels=0 disable_stories=0 disable_adds=1
08-12 20:27:10.351 20117 22161 I DFInstaObserve: !toggles disable_feed=0 disable_explore=0 disable_reels=0 disable_stories=0 disable_adds=1
08-12 20:27:10.370 20117 22160 I DFInstaObserve: !toggles disable_feed=0 disable_explore=0 disable_reels=0 disable_stories=0 disable_adds=1
08-12 20:27:10.393 20117 22161 I DFInstaObserve: !toggles disable_feed=0 disable_explore=0 disable_reels=0 disable_stories=0 disable_adds=1
08-12 20:27:10.425 20117 22160 I DFInstaObserve: !toggles disable_feed=0 disable_explore=0 disable_reels=0 disable_stories=0 disable_adds=1
08-12 20:27:10.436 20117 22161 I DFInstaObserve: !toggles disable_feed=0 disable_explore=0 disable_reels=0 disable_stories=0 disable_adds=1
08-12 20:27:10.502 20117 21737 I DFInstaObserve: !toggles disable_feed=0 disable_explore=0 disable_reels=0 disable_stories=0 disable_adds=1
08-12 20:27:10.560 20117 20273 I DFInstaObserve: !toggles disable_feed=0 disable_explore=0 disable_reels=0 disable_stories=0 disable_adds=1
08-12 20:27:10.561 20117 21737 I DFInstaObserve: !toggles disable_feed=0 disable_explore=0 disable_reels=0 disable_stories=0 disable_adds=1
08-12 20:27:10.639 20117 21737 I DFInstaObserve: !toggles disable_feed=0 disable_explore=0 disable_reels=0 disable_stories=0 disable_adds=1
08-12 20:27:10.649 20117 22161 I DFInstaObserve: !toggles disable_feed=0 disable_explore=0 disable_reels=0 disable_stories=0 disable_adds=1
08-12 20:27:10.653 20117 20273 I DFInstaObserve: !toggles disable_feed=0 disable_explore=0 disable_reels=0 disable_stories=0 disable_adds=1
08-12 20:27:10.714 20117 21737 I DFInstaObserve: !toggles disable_feed=0 disable_explore=0 disable_reels=0 disable_stories=0 disable_adds=1
08-12 20:27:10.734 20117 22161 I DFInstaObserve: !toggles disable_feed=0 disable_explore=0 disable_reels=0 disable_stories=0 disable_adds=1
08-12 20:27:10.771 20117 21737 I DFInstaObserve: !toggles disable_feed=0 disable_explore=0 disable_reels=0 disable_stories=0 disable_adds=1
08-12 20:27:10.802 20117 22161 I DFInstaObserve: !toggles disable_feed=0 disable_explore=0 disable_reels=0 disable_stories=0 disable_adds=1
08-12 20:27:10.852 20117 21737 I DFInstaObserve: !toggles disable_feed=0 disable_explore=0 disable_reels=0 disable_stories=0 disable_adds=1
08-12 20:27:10.975 20117 20273 I DFInstaObserve: !toggles disable_feed=0 disable_explore=0 disable_reels=0 disable_stories=0 disable_adds=1
08-12 20:27:11.020 20117 20273 I DFInstaObserve: !toggles disable_feed=0 disable_explore=0 disable_reels=0 disable_stories=0 disable_adds=1
08-12 20:27:11.102 20117 20273 I DFInstaObserve: !toggles disable_feed=0 disable_explore=0 disable_reels=0 disable_stories=0 disable_adds=1
08-12 20:27:11.140 20117 20273 I DFInstaObserve: !toggles disable_feed=0 disable_explore=0 disable_reels=0 disable_stories=0 disable_adds=1
08-12 20:27:11.216 20117 20273 I DFInstaObserve: !toggles disable_feed=0 disable_explore=0 disable_reels=0 disable_stories=0 disable_adds=1
08-12 20:27:11.265 20117 20273 I DFInstaObserve: !toggles disable_feed=0 disable_explore=0 disable_reels=0 disable_stories=0 disable_adds=1
08-12 20:27:11.310 20117 20273 I DFInstaObserve: !toggles disable_feed=0 disable_explore=0 disable_reels=0 disable_stories=0 disable_adds=1
08-12 20:27:11.352 20117 20273 I DFInstaObserve: !toggles disable_feed=0 disable_explore=0 disable_reels=0 disable_stories=0 disable_adds=1
08-12 20:27:11.554 20117 20273 I DFInstaObserve: !toggles disable_feed=0 disable_explore=0 disable_reels=0 disable_stories=0 disable_adds=1
08-12 20:27:11.593 20117 20273 I DFInstaObserve: !toggles disable_feed=0 disable_explore=0 disable_reels=0 disable_stories=0 disable_adds=1
08-12 20:27:11.663 20117 22175 I DFInstaObserve: !toggles disable_feed=0 disable_explore=0 disable_reels=0 disable_stories=0 disable_adds=1
08-12 20:27:11.702 20117 22175 I DFInstaObserve: !toggles disable_feed=0 disable_explore=0 disable_reels=0 disable_stories=0 disable_adds=1
08-12 20:27:11.913 20117 22183 I DFInstaObserve: !toggles disable_feed=0 disable_explore=0 disable_reels=0 disable_stories=0 disable_adds=1
08-12 20:27:11.975 20117 22183 I DFInstaObserve: !toggles disable_feed=0 disable_explore=0 disable_reels=0 disable_stories=0 disable_adds=1
08-12 20:27:12.169 20117 20273 I DFInstaObserve: !toggles disable_feed=0 disable_explore=0 disable_reels=0 disable_stories=0 disable_adds=1
08-12 20:27:12.204 20117 20273 I DFInstaObserve: !toggles disable_feed=0 disable_explore=0 disable_reels=0 disable_stories=0 disable_adds=1
08-12 20:27:12.308 20117 20273 I DFInstaObserve: !toggles disable_feed=0 disable_explore=0 disable_reels=0 disable_stories=0 disable_adds=1
08-12 20:27:12.718 20117 22187 I DFInstaObserve: !toggles disable_feed=0 disable_explore=0 disable_reels=0 disable_stories=0 disable_adds=1
08-12 20:27:12.726 20117 22220 I DFInstaObserve: !toggles disable_feed=0 disable_explore=0 disable_reels=0 disable_stories=0 disable_adds=1
08-12 20:27:12.763 20117 20273 I DFInstaObserve: !toggles disable_feed=0 disable_explore=0 disable_reels=0 disable_stories=0 disable_adds=1
08-12 20:27:12.786 20117 21737 I DFInstaObserve: !toggles disable_feed=0 disable_explore=0 disable_reels=0 disable_stories=0 disable_adds=1
08-12 20:27:12.797 20117 22139 I DFInstaObserve: !toggles disable_feed=0 disable_explore=0 disable_reels=0 disable_stories=0 disable_adds=1
08-12 20:27:12.900 20117 22232 I DFInstaObserve: !toggles disable_feed=0 disable_explore=0 disable_reels=0 disable_stories=0 disable_adds=1
08-12 20:27:12.908 20117 21737 I DFInstaObserve: !toggles disable_feed=0 disable_explore=0 disable_reels=0 disable_stories=0 disable_adds=1
08-12 20:27:13.016 20117 22245 I DFInstaObserve: !toggles disable_feed=0 disable_explore=0 disable_reels=0 disable_stories=0 disable_adds=1
08-12 20:27:13.019 20117 22160 I DFInstaObserve: !toggles disable_feed=0 disable_explore=0 disable_reels=0 disable_stories=0 disable_adds=1
08-12 20:27:13.048 20117 22232 I DFInstaObserve: !toggles disable_feed=0 disable_explore=0 disable_reels=0 disable_stories=0 disable_adds=1
08-12 20:27:13.088 20117 21737 I DFInstaObserve: !toggles disable_feed=0 disable_explore=0 disable_reels=0 disable_stories=0 disable_adds=1
08-12 20:27:13.131 20117 22232 I DFInstaObserve: !toggles disable_feed=0 disable_explore=0 disable_reels=0 disable_stories=0 disable_adds=1
08-12 20:27:13.137 20117 22161 I DFInstaObserve: !toggles disable_feed=0 disable_explore=0 disable_reels=0 disable_stories=0 disable_adds=1
08-12 20:27:13.154 20117 20273 I DFInstaObserve: !toggles disable_feed=0 disable_explore=0 disable_reels=0 disable_stories=0 disable_adds=1
08-12 20:27:13.157 20117 22161 I DFInstaObserve: !toggles disable_feed=0 disable_explore=0 disable_reels=0 disable_stories=0 disable_adds=1
08-12 20:27:13.167 20117 22117 I DFInstaObserve: !toggles disable_feed=0 disable_explore=0 disable_reels=0 disable_stories=0 disable_adds=1
08-12 20:27:13.214 20117 22139 I DFInstaObserve: !toggles disable_feed=0 disable_explore=0 disable_reels=0 disable_stories=0 disable_adds=1
08-12 20:27:13.219 20117 22117 I DFInstaObserve: !toggles disable_feed=0 disable_explore=0 disable_reels=0 disable_stories=0 disable_adds=1
08-12 20:27:13.223 20117 20273 I DFInstaObserve: !toggles disable_feed=0 disable_explore=0 disable_reels=0 disable_stories=0 disable_adds=1
08-12 20:27:13.254 20117 22139 I DFInstaObserve: !toggles disable_feed=0 disable_explore=0 disable_reels=0 disable_stories=0 disable_adds=1
08-12 20:27:13.268 20117 22161 I DFInstaObserve: !toggles disable_feed=0 disable_explore=0 disable_reels=0 disable_stories=0 disable_adds=1
08-12 20:27:13.452 20117 21737 I DFInstaObserve: !toggles disable_feed=0 disable_explore=0 disable_reels=0 disable_stories=0 disable_adds=1
08-12 20:27:13.578 20117 20273 I DFInstaObserve: !toggles disable_feed=0 disable_explore=0 disable_reels=0 disable_stories=0 disable_adds=1
08-12 20:27:13.649 20117 20273 I DFInstaObserve: !toggles disable_feed=0 disable_explore=0 disable_reels=0 disable_stories=0 disable_adds=1
08-12 20:27:13.902 20117 20273 I DFInstaObserve: !toggles disable_feed=0 disable_explore=0 disable_reels=0 disable_stories=0 disable_adds=1
08-12 20:27:13.966 20117 20273 I DFInstaObserve: !toggles disable_feed=0 disable_explore=0 disable_reels=0 disable_stories=0 disable_adds=1
08-12 20:27:14.298 20117 20273 I DFInstaObserve: !toggles disable_feed=0 disable_explore=0 disable_reels=0 disable_stories=0 disable_adds=1
08-12 20:27:14.346 20117 20273 I DFInstaObserve: !toggles disable_feed=0 disable_explore=0 disable_reels=0 disable_stories=0 disable_adds=1
08-12 20:27:14.435 20117 20273 I DFInstaObserve: !toggles disable_feed=0 disable_explore=0 disable_reels=0 disable_stories=0 disable_adds=1
08-12 20:27:14.478 20117 20273 I DFInstaObserve: !toggles disable_feed=0 disable_explore=0 disable_reels=0 disable_stories=0 disable_adds=1
08-12 20:27:14.584 20117 20273 I DFInstaObserve: !toggles disable_feed=0 disable_explore=0 disable_reels=0 disable_stories=0 disable_adds=1
08-12 20:27:14.618 20117 20273 I DFInstaObserve: !toggles disable_feed=0 disable_explore=0 disable_reels=0 disable_stories=0 disable_adds=1
08-12 20:27:14.862 20117 20273 I DFInstaObserve: !toggles disable_feed=0 disable_explore=0 disable_reels=0 disable_stories=0 disable_adds=1
08-12 20:27:14.917 20117 20273 I DFInstaObserve: !toggles disable_feed=0 disable_explore=0 disable_reels=0 disable_stories=0 disable_adds=1
08-12 20:27:14.997 20117 22228 I DFInstaObserve: !toggles disable_feed=0 disable_explore=0 disable_reels=0 disable_stories=0 disable_adds=1
08-12 20:27:15.130 20117 20273 I DFInstaObserve: !toggles disable_feed=0 disable_explore=0 disable_reels=0 disable_stories=0 disable_adds=1
08-12 20:27:15.218 20117 22244 I DFInstaObserve: !toggles disable_feed=0 disable_explore=0 disable_reels=0 disable_stories=0 disable_adds=1
08-12 20:27:16.141 20117 22287 I DFInstaObserve: !toggles disable_feed=0 disable_explore=0 disable_reels=0 disable_stories=0 disable_adds=1
08-12 20:27:18.127 20117 22275 I DFInstaObserve: !toggles disable_feed=0 disable_explore=0 disable_reels=0 disable_stories=0 disable_adds=1
08-12 20:27:18.350 20117 22286 I DFInstaObserve: !toggles disable_feed=0 disable_explore=0 disable_reels=0 disable_stories=0 disable_adds=1
08-12 20:27:19.109 20117 22319 I DFInstaObserve: !toggles disable_feed=0 disable_explore=0 disable_reels=0 disable_stories=0 disable_adds=1
08-12 20:27:19.110 20117 22319 I DFInstaObserve: /clips/discover
08-12 20:27:19.110 20117 22319 I DFInstaObserve: /clips/discover/stream/
08-12 20:27:19.113 20117 22220 I DFInstaObserve: !toggles disable_feed=0 disable_explore=0 disable_reels=0 disable_stories=0 disable_adds=1
08-12 20:27:19.115 20117 22187 I DFInstaObserve: !toggles disable_feed=0 disable_explore=0 disable_reels=0 disable_stories=0 disable_adds=1
08-12 20:27:19.186 20117 22220 I DFInstaObserve: !toggles disable_feed=0 disable_explore=0 disable_reels=0 disable_stories=0 disable_adds=1
08-12 20:27:19.393 20117 20312 I DFInstaObserve: !toggles disable_feed=0 disable_explore=0 disable_reels=0 disable_stories=0 disable_adds=1
08-12 20:27:19.481 20117 20312 I DFInstaObserve: !toggles disable_feed=0 disable_explore=0 disable_reels=0 disable_stories=0 disable_adds=1
08-12 20:27:21.308 20117 22326 I DFInstaObserve: !toggles disable_feed=0 disable_explore=0 disable_reels=0 disable_stories=0 disable_adds=1
08-12 20:27:21.309 20117 22324 I DFInstaObserve: !toggles disable_feed=0 disable_explore=0 disable_reels=0 disable_stories=0 disable_adds=1
08-12 20:27:23.120 20117 22187 I DFInstaObserve: !toggles disable_feed=0 disable_explore=0 disable_reels=0 disable_stories=0 disable_adds=1
08-12 20:27:23.125 20117 22187 I DFInstaObserve: !toggles disable_feed=0 disable_explore=0 disable_reels=0 disable_stories=0 disable_adds=1
08-12 20:27:23.225 20117 20273 I DFInstaObserve: !toggles disable_feed=0 disable_explore=0 disable_reels=0 disable_stories=0 disable_adds=1
08-12 20:27:23.248 20117 22312 I DFInstaObserve: !toggles disable_feed=0 disable_explore=0 disable_reels=0 disable_stories=0 disable_adds=1
08-12 20:27:23.275 20117 20273 I DFInstaObserve: !toggles disable_feed=0 disable_explore=0 disable_reels=0 disable_stories=0 disable_adds=1
08-12 20:27:23.345 20117 20273 I DFInstaObserve: !toggles disable_feed=0 disable_explore=0 disable_reels=0 disable_stories=0 disable_adds=1
08-12 20:27:23.617 20117 22187 I DFInstaObserve: !toggles disable_feed=0 disable_explore=0 disable_reels=0 disable_stories=0 disable_adds=1
08-12 20:27:23.623 20117 22187 I DFInstaObserve: !toggles disable_feed=0 disable_explore=0 disable_reels=0 disable_stories=0 disable_adds=1
08-12 20:27:23.634 20117 22265 I DFInstaObserve: !toggles disable_feed=0 disable_explore=0 disable_reels=0 disable_stories=0 disable_adds=1
08-12 20:27:24.007 20117 20273 I DFInstaObserve: !toggles disable_feed=0 disable_explore=0 disable_reels=0 disable_stories=0 disable_adds=1
08-12 20:27:24.073 20117 20273 I DFInstaObserve: !toggles disable_feed=0 disable_explore=0 disable_reels=0 disable_stories=0 disable_adds=1
08-12 20:27:24.098 20117 20273 I DFInstaObserve: !toggles disable_feed=0 disable_explore=0 disable_reels=0 disable_stories=0 disable_adds=1
08-12 20:27:24.138 20117 20273 I DFInstaObserve: !toggles disable_feed=0 disable_explore=0 disable_reels=0 disable_stories=0 disable_adds=1
08-12 20:27:27.555 20117 22187 I DFInstaObserve: !toggles disable_feed=0 disable_explore=0 disable_reels=0 disable_stories=0 disable_adds=1
08-12 20:27:29.634 20117 22361 I DFInstaObserve: !toggles disable_feed=0 disable_explore=0 disable_reels=0 disable_stories=0 disable_adds=1
08-12 20:27:29.637 20117 22362 I DFInstaObserve: !toggles disable_feed=0 disable_explore=0 disable_reels=0 disable_stories=0 disable_adds=1
08-12 20:27:30.829 20117 22187 I DFInstaObserve: !toggles disable_feed=0 disable_explore=0 disable_reels=0 disable_stories=0 disable_adds=1
08-12 20:27:32.952 20117 22394 I DFInstaObserve: !toggles disable_feed=0 disable_explore=0 disable_reels=0 disable_stories=0 disable_adds=1
08-12 20:27:32.963 20117 22393 I DFInstaObserve: !toggles disable_feed=0 disable_explore=0 disable_reels=0 disable_stories=0 disable_adds=1
08-12 20:27:37.046 20117 22265 I DFInstaObserve: !toggles disable_feed=0 disable_explore=0 disable_reels=0 disable_stories=0 disable_adds=1
08-12 20:27:37.046 20117 22265 I DFInstaObserve: /clips/discover
08-12 20:27:37.046 20117 22265 I DFInstaObserve: /clips/discover/stream/
08-12 20:27:37.473 20117 22220 I DFInstaObserve: !toggles disable_feed=0 disable_explore=0 disable_reels=0 disable_stories=0 disable_adds=1
08-12 20:27:37.512 20117 22187 I DFInstaObserve: !toggles disable_feed=0 disable_explore=0 disable_reels=0 disable_stories=0 disable_adds=1
08-12 20:27:39.589 20117 22440 I DFInstaObserve: !toggles disable_feed=0 disable_explore=0 disable_reels=0 disable_stories=0 disable_adds=1
08-12 20:27:39.590 20117 22439 I DFInstaObserve: !toggles disable_feed=0 disable_explore=0 disable_reels=0 disable_stories=0 disable_adds=1
08-12 20:27:40.735 20117 22220 I DFInstaObserve: !toggles disable_feed=0 disable_explore=0 disable_reels=0 disable_stories=0 disable_adds=1
08-12 20:27:40.746 20117 22220 I DFInstaObserve: !toggles disable_feed=0 disable_explore=0 disable_reels=0 disable_stories=0 disable_adds=1
08-12 20:27:40.746 20117 22187 I DFInstaObserve: !toggles disable_feed=0 disable_explore=0 disable_reels=0 disable_stories=0 disable_adds=1
08-12 20:27:40.754 20117 22220 I DFInstaObserve: !toggles disable_feed=0 disable_explore=0 disable_reels=0 disable_stories=0 disable_adds=1
08-12 20:27:41.588 20117 22220 I DFInstaObserve: !toggles disable_feed=0 disable_explore=0 disable_reels=0 disable_stories=0 disable_adds=1
08-12 20:27:41.597 20117 22220 I DFInstaObserve: !toggles disable_feed=0 disable_explore=0 disable_reels=0 disable_stories=0 disable_adds=1
08-12 20:27:41.628 20117 22479 I DFInstaObserve: !toggles disable_feed=0 disable_explore=0 disable_reels=0 disable_stories=0 disable_adds=1
08-12 20:27:41.645 20117 22220 I DFInstaObserve: !toggles disable_feed=0 disable_explore=0 disable_reels=0 disable_stories=0 disable_adds=1
08-12 20:27:41.687 20117 20273 I DFInstaObserve: !toggles disable_feed=0 disable_explore=0 disable_reels=0 disable_stories=0 disable_adds=1
08-12 20:27:41.868 20117 20273 I DFInstaObserve: !toggles disable_feed=0 disable_explore=0 disable_reels=0 disable_stories=0 disable_adds=1
08-12 20:27:41.910 20117 20273 I DFInstaObserve: !toggles disable_feed=0 disable_explore=0 disable_reels=0 disable_stories=0 disable_adds=1
08-12 20:27:42.041 20117 20273 I DFInstaObserve: !toggles disable_feed=0 disable_explore=0 disable_reels=0 disable_stories=0 disable_adds=1
08-12 20:27:42.832 20117 22220 I DFInstaObserve: !toggles disable_feed=0 disable_explore=0 disable_reels=0 disable_stories=0 disable_adds=1
08-12 20:27:42.841 20117 22220 I DFInstaObserve: !toggles disable_feed=0 disable_explore=0 disable_reels=0 disable_stories=0 disable_adds=1
08-12 20:27:42.855 20117 22265 I DFInstaObserve: !toggles disable_feed=0 disable_explore=0 disable_reels=0 disable_stories=0 disable_adds=1
08-12 20:27:42.907 20117 22479 I DFInstaObserve: !toggles disable_feed=0 disable_explore=0 disable_reels=0 disable_stories=0 disable_adds=1
08-12 20:27:42.913 20117 22466 I DFInstaObserve: !toggles disable_feed=0 disable_explore=0 disable_reels=0 disable_stories=0 disable_adds=1
08-12 20:27:42.913 20117 22465 I DFInstaObserve: !toggles disable_feed=0 disable_explore=0 disable_reels=0 disable_stories=0 disable_adds=1
08-12 20:27:42.945 20117 22312 I DFInstaObserve: !toggles disable_feed=0 disable_explore=0 disable_reels=0 disable_stories=0 disable_adds=1
08-12 20:27:42.987 20117 22479 I DFInstaObserve: !toggles disable_feed=0 disable_explore=0 disable_reels=0 disable_stories=0 disable_adds=1
08-12 20:27:42.996 20117 22312 I DFInstaObserve: !toggles disable_feed=0 disable_explore=0 disable_reels=0 disable_stories=0 disable_adds=1
08-12 20:27:43.041 20117 22319 I DFInstaObserve: !toggles disable_feed=0 disable_explore=0 disable_reels=0 disable_stories=0 disable_adds=1
08-12 20:27:43.044 20117 22348 I DFInstaObserve: !toggles disable_feed=0 disable_explore=0 disable_reels=0 disable_stories=0 disable_adds=1
08-12 20:27:43.086 20117 22312 I DFInstaObserve: !toggles disable_feed=0 disable_explore=0 disable_reels=0 disable_stories=0 disable_adds=1
08-12 20:27:43.090 20117 22348 I DFInstaObserve: !toggles disable_feed=0 disable_explore=0 disable_reels=0 disable_stories=0 disable_adds=1
08-12 20:27:43.122 20117 22319 I DFInstaObserve: !toggles disable_feed=0 disable_explore=0 disable_reels=0 disable_stories=0 disable_adds=1
08-12 20:27:43.209 20117 20273 I DFInstaObserve: !toggles disable_feed=0 disable_explore=0 disable_reels=0 disable_stories=0 disable_adds=1
08-12 20:27:43.339 20117 20273 I DFInstaObserve: !toggles disable_feed=0 disable_explore=0 disable_reels=0 disable_stories=0 disable_adds=1
08-12 20:27:43.369 20117 20273 I DFInstaObserve: !toggles disable_feed=0 disable_explore=0 disable_reels=0 disable_stories=0 disable_adds=1
08-12 20:27:43.412 20117 20273 I DFInstaObserve: !toggles disable_feed=0 disable_explore=0 disable_reels=0 disable_stories=0 disable_adds=1
08-12 20:27:43.531 20117 20273 I DFInstaObserve: !toggles disable_feed=0 disable_explore=0 disable_reels=0 disable_stories=0 disable_adds=1
08-12 20:27:43.572 20117 20273 I DFInstaObserve: !toggles disable_feed=0 disable_explore=0 disable_reels=0 disable_stories=0 disable_adds=1
08-12 20:27:43.662 20117 20273 I DFInstaObserve: !toggles disable_feed=0 disable_explore=0 disable_reels=0 disable_stories=0 disable_adds=1
