08-12 20:45:33.817  2275  2649 I DFInstaObserve: !toggles disable_feed=1 disable_explore=0 disable_reels=0 disable_stories=0 disable_adds=0
08-12 20:45:33.817  2275  2649 I DFInstaObserve: /feed/timeline/
08-12 20:45:33.819  2275  2585 I DFInstaObserve: !toggles disable_feed=1 disable_explore=0 disable_reels=0 disable_stories=0 disable_adds=0
08-12 20:45:33.819  2275  2585 I DFInstaObserve: /feed/reels_tray/
08-12 20:45:34.215  2275  2275 E IgFunctionalErrorEvent: FEED_NOT_LOADING
08-12 20:45:34.215  2275  2275 E IgFunctionalErrorEvent: java.io.IOException: Blocked by DFInsta setting
08-12 20:45:34.220  2275  2838 I DFInstaObserve: !toggles disable_feed=1 disable_explore=0 disable_reels=0 disable_stories=0 disable_adds=0
08-12 20:45:34.686  2275  2520 I DFInstaObserve: !toggles disable_feed=1 disable_explore=0 disable_reels=0 disable_stories=0 disable_adds=0
08-12 20:45:34.700  2275  2838 I DFInstaObserve: !toggles disable_feed=1 disable_explore=0 disable_reels=0 disable_stories=0 disable_adds=0
08-12 20:45:35.592  2275  2585 I DFInstaObserve: !toggles disable_feed=1 disable_explore=0 disable_reels=0 disable_stories=0 disable_adds=0
08-12 20:45:35.703  2275  2337 I DFInstaObserve: !toggles disable_feed=1 disable_explore=0 disable_reels=0 disable_stories=0 disable_adds=0
08-12 20:45:35.973  2275  2682 I DFInstaObserve: !toggles disable_feed=1 disable_explore=0 disable_reels=0 disable_stories=0 disable_adds=0
08-12 20:45:36.101  2275  2337 I DFInstaObserve: !toggles disable_feed=1 disable_explore=0 disable_reels=0 disable_stories=0 disable_adds=0
08-12 20:45:36.490  2275  3071 I DFInstaObserve: !toggles disable_feed=1 disable_explore=0 disable_reels=0 disable_stories=0 disable_adds=0
08-12 20:45:36.530  2275  3077 I DFInstaObserve: !toggles disable_feed=1 disable_explore=0 disable_reels=0 disable_stories=0 disable_adds=0
08-12 20:45:37.237  2275  3070 I DFInstaObserve: !toggles disable_feed=1 disable_explore=0 disable_reels=0 disable_stories=0 disable_adds=0
08-12 20:45:37.237  2275  3070 I DFInstaObserve: /feed/timeline/
08-12 20:45:37.240  2275  2275 E IgFunctionalErrorEvent: FEED_NOT_LOADING
08-12 20:45:37.240  2275  2275 E IgFunctionalErrorEvent: java.io.IOException: Blocked by DFInsta setting
08-12 20:45:40.255  2275  3072 I DFInstaObserve: !toggles disable_feed=1 disable_explore=0 disable_reels=0 disable_stories=0 disable_adds=0
08-12 20:45:40.255  2275  3072 I DFInstaObserve: /feed/timeline/
08-12 20:45:40.256  2275  2275 E IgFunctionalErrorEvent: FEED_NOT_LOADING
08-12 20:45:40.257  2275  2275 E IgFunctionalErrorEvent: java.io.IOException: Blocked by DFInsta setting
08-12 20:45:43.270  2275  3072 I DFInstaObserve: !toggles disable_feed=1 disable_explore=0 disable_reels=0 disable_stories=0 disable_adds=0
08-12 20:45:43.270  2275  3072 I DFInstaObserve: /feed/timeline/
08-12 20:45:43.276  2275  2275 E IgFunctionalErrorEvent: FEED_NOT_LOADING
08-12 20:45:43.276  2275  2275 E IgFunctionalErrorEvent: java.io.IOException: Blocked by DFInsta setting
08-12 20:45:43.827  2275  3072 I DFInstaObserve: !toggles disable_feed=1 disable_explore=0 disable_reels=0 disable_stories=0 disable_adds=0
08-12 20:45:43.928  2275  3067 I DFInstaObserve: !toggles disable_feed=1 disable_explore=0 disable_reels=0 disable_stories=0 disable_adds=0
08-12 20:45:44.502  2275  2838 I DFInstaObserve: !toggles disable_feed=1 disable_explore=0 disable_reels=0 disable_stories=0 disable_adds=0
08-12 20:45:51.349  2275  3206 I DFInstaObserve: !toggles disable_feed=1 disable_explore=0 disable_reels=0 disable_stories=0 disable_adds=0
08-12 20:45:51.349  2275  3206 I DFInstaObserve: /feed/timeline/
08-12 20:45:51.350  2275  2644 I DFInstaObserve: !toggles disable_feed=1 disable_explore=0 disable_reels=0 disable_stories=0 disable_adds=0
08-12 20:45:51.350  2275  2644 I DFInstaObserve: /feed/reels_tray/
08-12 20:45:51.354  2275  2275 E IgFunctionalErrorEvent: FEED_NOT_LOADING
08-12 20:45:51.354  2275  2275 E IgFunctionalErrorEvent: java.io.IOException: Blocked by DFInsta setting
08-12 20:45:51.841  2275  2721 I DFInstaObserve: !toggles disable_feed=1 disable_explore=0 disable_reels=0 disable_stories=0 disable_adds=0
08-12 20:45:53.534  2275  2721 I DFInstaObserve: !toggles disable_feed=1 disable_explore=0 disable_reels=0 disable_stories=0 disable_adds=0
08-12 20:45:54.369  2275  3206 I DFInstaObserve: !toggles disable_feed=1 disable_explore=0 disable_reels=0 disable_stories=0 disable_adds=0
08-12 20:45:54.369  2275  3206 I DFInstaObserve: /feed/timeline/
08-12 20:45:54.373  2275  2275 E IgFunctionalErrorEvent: FEED_NOT_LOADING
08-12 20:45:54.373  2275  2275 E IgFunctionalErrorEvent: java.io.IOException: Blocked by DFInsta setting
08-12 20:45:57.387  2275  3067 I DFInstaObserve: !toggles disable_feed=1 disable_explore=0 disable_reels=0 disable_stories=0 disable_adds=0
08-12 20:45:57.387  2275  3067 I DFInstaObserve: /feed/timeline/
08-12 20:45:57.390  2275  2275 E IgFunctionalErrorEvent: FEED_NOT_LOADING
08-12 20:45:57.390  2275  2275 E IgFunctionalErrorEvent: java.io.IOException: Blocked by DFInsta setting
08-12 20:45:59.470  2275  2644 I DFInstaObserve: !toggles disable_feed=1 disable_explore=0 disable_reels=0 disable_stories=0 disable_adds=0
08-12 20:45:59.470  2275  2644 I DFInstaObserve: /feed/timeline/
08-12 20:45:59.474  2275  3071 I DFInstaObserve: !toggles disable_feed=1 disable_explore=0 disable_reels=0 disable_stories=0 disable_adds=0
08-12 20:45:59.474  2275  3071 I DFInstaObserve: /feed/reels_tray/
08-12 20:45:59.476  2275  2275 E IgFunctionalErrorEvent: FEED_NOT_LOADING
08-12 20:45:59.476  2275  2275 E IgFunctionalErrorEvent: java.io.IOException: Blocked by DFInsta setting
08-12 20:45:59.503  2275  3206 I DFInstaObserve: !toggles disable_feed=1 disable_explore=0 disable_reels=0 disable_stories=0 disable_adds=0
08-12 20:45:59.503  2275  3206 I DFInstaObserve: /feed/timeline/
08-12 20:45:59.529  2275  2275 E IgFunctionalErrorEvent: FEED_NOT_LOADING
08-12 20:45:59.529  2275  2275 E IgFunctionalErrorEvent: java.io.IOException: Blocked by DFInsta setting
08-12 20:45:59.552  2275  2644 I DFInstaObserve: !toggles disable_feed=1 disable_explore=0 disable_reels=0 disable_stories=0 disable_adds=0
08-12 20:45:59.552  2275  2644 I DFInstaObserve: /feed/timeline/
08-12 20:45:59.561  2275  2275 E IgFunctionalErrorEvent: FEED_NOT_LOADING
08-12 20:45:59.562  2275  2275 E IgFunctionalErrorEvent: java.io.IOException: Blocked by DFInsta setting
08-12 20:45:59.585  2275  3201 I DFInstaObserve: !toggles disable_feed=1 disable_explore=0 disable_reels=0 disable_stories=0 disable_adds=0
08-12 20:45:59.585  2275  3201 I DFInstaObserve: /feed/timeline/
08-12 20:45:59.606  2275  2275 E IgFunctionalErrorEvent: FEED_NOT_LOADING
08-12 20:45:59.606  2275  2275 E IgFunctionalErrorEvent: java.io.IOException: Blocked by DFInsta setting
08-12 20:45:59.632  2275  2644 I DFInstaObserve: !toggles disable_feed=1 disable_explore=0 disable_reels=0 disable_stories=0 disable_adds=0
08-12 20:45:59.632  2275  2644 I DFInstaObserve: /feed/timeline/
08-12 20:45:59.640  2275  2275 E IgFunctionalErrorEvent: FEED_NOT_LOADING
08-12 20:45:59.640  2275  2275 E IgFunctionalErrorEvent: java.io.IOException: Blocked by DFInsta setting
08-12 20:45:59.666  2275  3067 I DFInstaObserve: !toggles disable_feed=1 disable_explore=0 disable_reels=0 disable_stories=0 disable_adds=0
08-12 20:45:59.666  2275  3067 I DFInstaObserve: /feed/timeline/
08-12 20:45:59.693  2275  2275 E IgFunctionalErrorEvent: FEED_NOT_LOADING
08-12 20:45:59.693  2275  2275 E IgFunctionalErrorEvent: java.io.IOException: Blocked by DFInsta setting
08-12 20:45:59.717  2275  3067 I DFInstaObserve: !toggles disable_feed=1 disable_explore=0 disable_reels=0 disable_stories=0 disable_adds=0
08-12 20:45:59.717  2275  3067 I DFInstaObserve: /feed/timeline/
08-12 20:45:59.726  2275  2275 E IgFunctionalErrorEvent: FEED_NOT_LOADING
08-12 20:45:59.726  2275  2275 E IgFunctionalErrorEvent: java.io.IOException: Blocked by DFInsta setting
08-12 20:45:59.752  2275  3201 I DFInstaObserve: !toggles disable_feed=1 disable_explore=0 disable_reels=0 disable_stories=0 disable_adds=0
08-12 20:45:59.752  2275  3201 I DFInstaObserve: /feed/timeline/
08-12 20:45:59.777  2275  2275 E IgFunctionalErrorEvent: FEED_NOT_LOADING
08-12 20:45:59.777  2275  2275 E IgFunctionalErrorEvent: java.io.IOException: Blocked by DFInsta setting
08-12 20:45:59.804  2275  2644 I DFInstaObserve: !toggles disable_feed=1 disable_explore=0 disable_reels=0 disable_stories=0 disable_adds=0
08-12 20:45:59.804  2275  2644 I DFInstaObserve: /feed/timeline/
08-12 20:45:59.817  2275  2275 E IgFunctionalErrorEvent: FEED_NOT_LOADING
08-12 20:45:59.817  2275  2275 E IgFunctionalErrorEvent: java.io.IOException: Blocked by DFInsta setting
08-12 20:46:00.403  2275  3206 I DFInstaObserve: !toggles disable_feed=1 disable_explore=0 disable_reels=0 disable_stories=0 disable_adds=0
08-12 20:46:00.403  2275  3206 I DFInstaObserve: /feed/timeline/
08-12 20:46:00.411  2275  2275 E IgFunctionalErrorEvent: FEED_NOT_LOADING
08-12 20:46:00.411  2275  2275 E IgFunctionalErrorEvent: java.io.IOException: Blocked by DFInsta setting
08-12 20:46:27.523  2275  2644 I DFInstaObserve: !toggles disable_feed=1 disable_explore=0 disable_reels=0 disable_stories=0 disable_adds=0
08-12 20:46:27.632  2275  3206 I DFInstaObserve: !toggles disable_feed=1 disable_explore=0 disable_reels=0 disable_stories=0 disable_adds=0
08-12 20:46:27.632  2275  3206 I DFInstaObserve: /discover/topical_explore
08-12 20:46:27.634  2275  3071 I DFInstaObserve: !toggles disable_feed=1 disable_explore=0 disable_reels=0 disable_stories=0 disable_adds=0
08-12 20:46:27.932  2275  2838 I DFInstaObserve: !toggles disable_feed=1 disable_explore=0 disable_reels=0 disable_stories=0 disable_adds=0
08-12 20:46:31.287  2275  2336 I DFInstaObserve: !toggles disable_feed=1 disable_explore=0 disable_reels=0 disable_stories=0 disable_adds=0
08-12 20:46:31.300  2275  2335 I DFInstaObserve: !toggles disable_feed=1 disable_explore=0 disable_reels=0 disable_stories=0 disable_adds=0
08-12 20:46:31.317  2275  2335 I DFInstaObserve: !toggles disable_feed=1 disable_explore=0 disable_reels=0 disable_stories=0 disable_adds=0
08-12 20:46:31.328  2275  2336 I DFInstaObserve: !toggles disable_feed=1 disable_explore=0 disable_reels=0 disable_stories=0 disable_adds=0
08-12 20:46:31.356  2275  3206 I DFInstaObserve: !toggles disable_feed=1 disable_explore=0 disable_reels=0 disable_stories=0 disable_adds=0
08-12 20:46:31.375  2275  3077 I DFInstaObserve: !toggles disable_feed=1 disable_explore=0 disable_reels=0 disable_stories=0 disable_adds=0
08-12 20:46:31.382  2275  2721 I DFInstaObserve: !toggles disable_feed=1 disable_explore=0 disable_reels=0 disable_stories=0 disable_adds=0
08-12 20:46:31.392  2275  3636 I DFInstaObserve: !toggles disable_feed=1 disable_explore=0 disable_reels=0 disable_stories=0 disable_adds=0
08-12 20:46:31.396  2275  3077 I DFInstaObserve: !toggles disable_feed=1 disable_explore=0 disable_reels=0 disable_stories=0 disable_adds=0
08-12 20:46:31.403  2275  3077 I DFInstaObserve: !toggles disable_feed=1 disable_explore=0 disable_reels=0 disable_stories=0 disable_adds=0
08-12 20:46:31.407  2275  3077 I DFInstaObserve: !toggles disable_feed=1 disable_explore=0 disable_reels=0 disable_stories=0 disable_adds=0
08-12 20:46:31.495  2275  3071 I DFInstaObserve: !toggles disable_feed=1 disable_explore=0 disable_reels=0 disable_stories=0 disable_adds=0
08-12 20:46:31.514  2275  2644 I DFInstaObserve: !toggles disable_feed=1 disable_explore=0 disable_reels=0 disable_stories=0 disable_adds=0
08-12 20:46:31.593  2275  3656 I DFInstaObserve: !toggles disable_feed=1 disable_explore=0 disable_reels=0 disable_stories=0 disable_adds=0
08-12 20:46:31.617  2275  3206 I DFInstaObserve: !toggles disable_feed=1 disable_explore=0 disable_reels=0 disable_stories=0 disable_adds=0
08-12 20:46:31.625  2275  2644 I DFInstaObserve: !toggles disable_feed=1 disable_explore=0 disable_reels=0 disable_stories=0 disable_adds=0
08-12 20:46:31.715  2275  3206 I DFInstaObserve: !toggles disable_feed=1 disable_explore=0 disable_reels=0 disable_stories=0 disable_adds=0
08-12 20:46:31.824  2275  2721 I DFInstaObserve: !toggles disable_feed=1 disable_explore=0 disable_reels=0 disable_stories=0 disable_adds=0
08-12 20:46:31.826  2275  3206 I DFInstaObserve: !toggles disable_feed=1 disable_explore=0 disable_reels=0 disable_stories=0 disable_adds=0
08-12 20:46:31.843  2275  3639 I DFInstaObserve: !toggles disable_feed=1 disable_explore=0 disable_reels=0 disable_stories=0 disable_adds=0
08-12 20:46:31.872  2275  2721 I DFInstaObserve: !toggles disable_feed=1 disable_explore=0 disable_reels=0 disable_stories=0 disable_adds=0
08-12 20:46:32.048  2275  2721 I DFInstaObserve: !toggles disable_feed=1 disable_explore=0 disable_reels=0 disable_stories=0 disable_adds=0
08-12 20:46:32.223  2275  2721 I DFInstaObserve: !toggles disable_feed=1 disable_explore=0 disable_reels=0 disable_stories=0 disable_adds=0
08-12 20:46:32.258  2275  2721 I DFInstaObserve: !toggles disable_feed=1 disable_explore=0 disable_reels=0 disable_stories=0 disable_adds=0
08-12 20:46:32.305  2275  2721 I DFInstaObserve: !toggles disable_feed=1 disable_explore=0 disable_reels=0 disable_stories=0 disable_adds=0
08-12 20:46:32.341  2275  2721 I DFInstaObserve: !toggles disable_feed=1 disable_explore=0 disable_reels=0 disable_stories=0 disable_adds=0
08-12 20:46:32.576  2275  2721 I DFInstaObserve: !toggles disable_feed=1 disable_explore=0 disable_reels=0 disable_stories=0 disable_adds=0
08-12 20:46:32.615  2275  2721 I DFInstaObserve: !toggles disable_feed=1 disable_explore=0 disable_reels=0 disable_stories=0 disable_adds=0
08-12 20:46:32.952  2275  2721 I DFInstaObserve: !toggles disable_feed=1 disable_explore=0 disable_reels=0 disable_stories=0 disable_adds=0
08-12 20:46:33.582  2275  3635 I DFInstaObserve: !toggles disable_feed=1 disable_explore=0 disable_reels=0 disable_stories=0 disable_adds=0
08-12 20:46:33.741  2275  3656 I DFInstaObserve: !toggles disable_feed=1 disable_explore=0 disable_reels=0 disable_stories=0 disable_adds=0
08-12 20:46:35.573  2275  3206 I DFInstaObserve: !toggles disable_feed=1 disable_explore=0 disable_reels=0 disable_stories=0 disable_adds=0
08-12 20:46:35.573  2275  3206 I DFInstaObserve: /discover/topical_explore
08-12 20:46:36.225  2275  3750 I DFInstaObserve: !toggles disable_feed=1 disable_explore=0 disable_reels=0 disable_stories=0 disable_adds=0
08-12 20:46:38.011  2275  3734 I DFInstaObserve: !toggles disable_feed=1 disable_explore=0 disable_reels=0 disable_stories=0 disable_adds=0
08-12 20:46:38.209  2275  3740 I DFInstaObserve: !toggles disable_feed=1 disable_explore=0 disable_reels=0 disable_stories=0 disable_adds=0
08-12 20:46:38.781  2275  2335 I DFInstaObserve: !toggles disable_feed=1 disable_explore=0 disable_reels=0 disable_stories=0 disable_adds=0
08-12 20:46:38.804  2275  2336 I DFInstaObserve: !toggles disable_feed=1 disable_explore=0 disable_reels=0 disable_stories=0 disable_adds=0
08-12 20:46:38.843  2275  2336 I DFInstaObserve: !toggles disable_feed=1 disable_explore=0 disable_reels=0 disable_stories=0 disable_adds=0
08-12 20:46:38.853  2275  2336 I DFInstaObserve: !toggles disable_feed=1 disable_explore=0 disable_reels=0 disable_stories=0 disable_adds=0
08-12 20:46:38.907  2275  3067 I DFInstaObserve: !toggles disable_feed=1 disable_explore=0 disable_reels=0 disable_stories=0 disable_adds=0
08-12 20:46:38.918  2275  2721 I DFInstaObserve: !toggles disable_feed=1 disable_explore=0 disable_reels=0 disable_stories=0 disable_adds=0
08-12 20:46:38.922  2275  3922 I DFInstaObserve: !toggles disable_feed=1 disable_explore=0 disable_reels=0 disable_stories=0 disable_adds=0
08-12 20:46:39.030  2275  3721 I DFInstaObserve: !toggles disable_feed=1 disable_explore=0 disable_reels=0 disable_stories=0 disable_adds=0
08-12 20:46:39.047  2275  3206 I DFInstaObserve: !toggles disable_feed=1 disable_explore=0 disable_reels=0 disable_stories=0 disable_adds=0
08-12 20:46:39.053  2275  2721 I DFInstaObserve: !toggles disable_feed=1 disable_explore=0 disable_reels=0 disable_stories=0 disable_adds=0
08-12 20:46:39.068  2275  3206 I DFInstaObserve: !toggles disable_feed=1 disable_explore=0 disable_reels=0 disable_stories=0 disable_adds=0
08-12 20:46:39.113  2275  3721 I DFInstaObserve: !toggles disable_feed=1 disable_explore=0 disable_reels=0 disable_stories=0 disable_adds=0
08-12 20:46:39.125  2275  3206 I DFInstaObserve: !toggles disable_feed=1 disable_explore=0 disable_reels=0 disable_stories=0 disable_adds=0
08-12 20:46:39.126  2275  2721 I DFInstaObserve: !toggles disable_feed=1 disable_explore=0 disable_reels=0 disable_stories=0 disable_adds=0
08-12 20:46:39.148  2275  3721 I DFInstaObserve: !toggles disable_feed=1 disable_explore=0 disable_reels=0 disable_stories=0 disable_adds=0
08-12 20:46:39.169  2275  3067 I DFInstaObserve: !toggles disable_feed=1 disable_explore=0 disable_reels=0 disable_stories=0 disable_adds=0
08-12 20:46:39.169  2275  3067 I DFInstaObserve: /discover/topical_explore
08-12 20:46:39.190  2275  3939 I DFInstaObserve: !toggles disable_feed=1 disable_explore=0 disable_reels=0 disable_stories=0 disable_adds=0
08-12 20:46:39.197  2275  3922 I DFInstaObserve: !toggles disable_feed=1 disable_explore=0 disable_reels=0 disable_stories=0 disable_adds=0
08-12 20:46:39.237  2275  3938 I DFInstaObserve: !toggles disable_feed=1 disable_explore=0 disable_reels=0 disable_stories=0 disable_adds=0
08-12 20:46:39.243  2275  2721 I DFInstaObserve: !toggles disable_feed=1 disable_explore=0 disable_reels=0 disable_stories=0 disable_adds=0
08-12 20:46:39.249  2275  3922 I DFInstaObserve: !toggles disable_feed=1 disable_explore=0 disable_reels=0 disable_stories=0 disable_adds=0
08-12 20:46:39.270  2275  3922 I DFInstaObserve: !toggles disable_feed=1 disable_explore=0 disable_reels=0 disable_stories=0 disable_adds=0
08-12 20:46:39.284  2275  3922 I DFInstaObserve: !toggles disable_feed=1 disable_explore=0 disable_reels=0 disable_stories=0 disable_adds=0
08-12 20:46:39.302  2275  2721 I DFInstaObserve: !toggles disable_feed=1 disable_explore=0 disable_reels=0 disable_stories=0 disable_adds=0
08-12 20:46:39.436  2275  2721 I DFInstaObserve: !toggles disable_feed=1 disable_explore=0 disable_reels=0 disable_stories=0 disable_adds=0
08-12 20:46:39.486  2275  2721 I DFInstaObserve: !toggles disable_feed=1 disable_explore=0 disable_reels=0 disable_stories=0 disable_adds=0
08-12 20:46:39.676  2275  2721 I DFInstaObserve: !toggles disable_feed=1 disable_explore=0 disable_reels=0 disable_stories=0 disable_adds=0
08-12 20:46:39.715  2275  2721 I DFInstaObserve: !toggles disable_feed=1 disable_explore=0 disable_reels=0 disable_stories=0 disable_adds=0
08-12 20:46:39.802  2275  3975 I DFInstaObserve: !toggles disable_feed=1 disable_explore=0 disable_reels=0 disable_stories=0 disable_adds=0
08-12 20:46:39.913  2275  2721 I DFInstaObserve: !toggles disable_feed=1 disable_explore=0 disable_reels=0 disable_stories=0 disable_adds=0
08-12 20:46:39.933  2275  3987 I DFInstaObserve: !toggles disable_feed=1 disable_explore=0 disable_reels=0 disable_stories=0 disable_adds=0
08-12 20:46:39.933  2275  3989 I DFInstaObserve: !toggles disable_feed=1 disable_explore=0 disable_reels=0 disable_stories=0 disable_adds=0
08-12 20:46:39.967  2275  2721 I DFInstaObserve: !toggles disable_feed=1 disable_explore=0 disable_reels=0 disable_stories=0 disable_adds=0
08-12 20:46:40.035  2275  2721 I DFInstaObserve: !toggles disable_feed=1 disable_explore=0 disable_reels=0 disable_stories=0 disable_adds=0
08-12 20:46:40.095  2275  2721 I DFInstaObserve: !toggles disable_feed=1 disable_explore=0 disable_reels=0 disable_stories=0 disable_adds=0
08-12 20:46:40.148  2275  2721 I DFInstaObserve: !toggles disable_feed=1 disable_explore=0 disable_reels=0 disable_stories=0 disable_adds=0
08-12 20:46:40.209  2275  2721 I DFInstaObserve: !toggles disable_feed=1 disable_explore=0 disable_reels=0 disable_stories=0 disable_adds=0
08-12 20:46:41.345  2275  2335 I DFInstaObserve: !toggles disable_feed=1 disable_explore=0 disable_reels=0 disable_stories=0 disable_adds=0
08-12 20:46:41.355  2275  2336 I DFInstaObserve: !toggles disable_feed=1 disable_explore=0 disable_reels=0 disable_stories=0 disable_adds=0
08-12 20:46:41.390  2275  2721 I DFInstaObserve: !toggles disable_feed=1 disable_explore=0 disable_reels=0 disable_stories=0 disable_adds=0
08-12 20:46:41.396  2275  3067 I DFInstaObserve: !toggles disable_feed=1 disable_explore=0 disable_reels=0 disable_stories=0 disable_adds=0
08-12 20:46:41.403  2275  3922 I DFInstaObserve: !toggles disable_feed=1 disable_explore=0 disable_reels=0 disable_stories=0 disable_adds=0
08-12 20:46:41.449  2275  3206 I DFInstaObserve: !toggles disable_feed=1 disable_explore=0 disable_reels=0 disable_stories=0 disable_adds=0
08-12 20:46:41.450  2275  3953 I DFInstaObserve: !toggles disable_feed=1 disable_explore=0 disable_reels=0 disable_stories=0 disable_adds=0
08-12 20:46:41.484  2275  3067 I DFInstaObserve: !toggles disable_feed=1 disable_explore=0 disable_reels=0 disable_stories=0 disable_adds=0
08-12 20:46:41.534  2275  3639 I DFInstaObserve: !toggles disable_feed=1 disable_explore=0 disable_reels=0 disable_stories=0 disable_adds=0
08-12 20:46:41.558  2275  3639 I DFInstaObserve: !toggles disable_feed=1 disable_explore=0 disable_reels=0 disable_stories=0 disable_adds=0
08-12 20:46:41.595  2275  3639 I DFInstaObserve: !toggles disable_feed=1 disable_explore=0 disable_reels=0 disable_stories=0 disable_adds=0
08-12 20:46:41.613  2275  3067 I DFInstaObserve: !toggles disable_feed=1 disable_explore=0 disable_reels=0 disable_stories=0 disable_adds=0
08-12 20:46:41.626  2275  3206 I DFInstaObserve: !toggles disable_feed=1 disable_explore=0 disable_reels=0 disable_stories=0 disable_adds=0
08-12 20:46:41.659  2275  3639 I DFInstaObserve: !toggles disable_feed=1 disable_explore=0 disable_reels=0 disable_stories=0 disable_adds=0
08-12 20:46:41.666  2275  3206 I DFInstaObserve: !toggles disable_feed=1 disable_explore=0 disable_reels=0 disable_stories=0 disable_adds=0
08-12 20:46:41.711  2275  3959 I DFInstaObserve: !toggles disable_feed=1 disable_explore=0 disable_reels=0 disable_stories=0 disable_adds=0
08-12 20:46:41.770  2275  3067 I DFInstaObserve: !toggles disable_feed=1 disable_explore=0 disable_reels=0 disable_stories=0 disable_adds=0
08-12 20:46:41.830  2275  3639 I DFInstaObserve: !toggles disable_feed=1 disable_explore=0 disable_reels=0 disable_stories=0 disable_adds=0
08-12 20:46:41.889  2275  3206 I DFInstaObserve: !toggles disable_feed=1 disable_explore=0 disable_reels=0 disable_stories=0 disable_adds=0
08-12 20:46:41.890  2275  3975 I DFInstaObserve: !toggles disable_feed=1 disable_explore=0 disable_reels=0 disable_stories=0 disable_adds=0
08-12 20:46:41.959  2275  2721 I DFInstaObserve: !toggles disable_feed=1 disable_explore=0 disable_reels=0 disable_stories=0 disable_adds=0
08-12 20:46:42.054  2275  2721 I DFInstaObserve: !toggles disable_feed=1 disable_explore=0 disable_reels=0 disable_stories=0 disable_adds=0
08-12 20:46:42.134  2275  2721 I DFInstaObserve: !toggles disable_feed=1 disable_explore=0 disable_reels=0 disable_stories=0 disable_adds=0
08-12 20:46:42.172  2275  2721 I DFInstaObserve: !toggles disable_feed=1 disable_explore=0 disable_reels=0 disable_stories=0 disable_adds=0
08-12 20:46:42.234  2275  2721 I DFInstaObserve: !toggles disable_feed=1 disable_explore=0 disable_reels=0 disable_stories=0 disable_adds=0
08-12 20:46:42.302  2275  2721 I DFInstaObserve: !toggles disable_feed=1 disable_explore=0 disable_reels=0 disable_stories=0 disable_adds=0
08-12 20:46:42.339  2275  2721 I DFInstaObserve: !toggles disable_feed=1 disable_explore=0 disable_reels=0 disable_stories=0 disable_adds=0
08-12 20:46:42.379  2275  2721 I DFInstaObserve: !toggles disable_feed=1 disable_explore=0 disable_reels=0 disable_stories=0 disable_adds=0
08-12 20:46:42.725  2275  2721 I DFInstaObserve: !toggles disable_feed=1 disable_explore=0 disable_reels=0 disable_stories=0 disable_adds=0
08-12 20:46:42.752  2275  4034 I DFInstaObserve: !toggles disable_feed=1 disable_explore=0 disable_reels=0 disable_stories=0 disable_adds=0
08-12 20:46:42.771  2275  2721 I DFInstaObserve: !toggles disable_feed=1 disable_explore=0 disable_reels=0 disable_stories=0 disable_adds=0
08-12 20:46:42.893  2275  2721 I DFInstaObserve: !toggles disable_feed=1 disable_explore=0 disable_reels=0 disable_stories=0 disable_adds=0
08-12 20:46:44.388  2275  3975 I DFInstaObserve: !toggles disable_feed=1 disable_explore=0 disable_reels=0 disable_stories=0 disable_adds=0
08-12 20:46:44.726  2275  3987 I DFInstaObserve: !toggles disable_feed=1 disable_explore=0 disable_reels=0 disable_stories=0 disable_adds=0
08-12 20:46:45.912  2275  3922 I DFInstaObserve: !toggles disable_feed=1 disable_explore=0 disable_reels=0 disable_stories=0 disable_adds=0
08-12 20:46:45.912  2275  3922 I DFInstaObserve: /discover/topical_explore
08-12 20:46:46.149  2275  4084 I DFInstaObserve: !toggles disable_feed=1 disable_explore=0 disable_reels=0 disable_stories=0 disable_adds=0
08-12 20:46:48.097  2275  4075 I DFInstaObserve: !toggles disable_feed=1 disable_explore=0 disable_reels=0 disable_stories=0 disable_adds=0
08-12 20:46:48.338  2275  4083 I DFInstaObserve: !toggles disable_feed=1 disable_explore=0 disable_reels=0 disable_stories=0 disable_adds=0
08-12 20:46:48.574  2275  2335 I DFInstaObserve: !toggles disable_feed=1 disable_explore=0 disable_reels=0 disable_stories=0 disable_adds=0
08-12 20:46:48.581  2275  2335 I DFInstaObserve: !toggles disable_feed=1 disable_explore=0 disable_reels=0 disable_stories=0 disable_adds=0
08-12 20:46:48.607  2275  2721 I DFInstaObserve: !toggles disable_feed=1 disable_explore=0 disable_reels=0 disable_stories=0 disable_adds=0
08-12 20:46:48.615  2275  3206 I DFInstaObserve: !toggles disable_feed=1 disable_explore=0 disable_reels=0 disable_stories=0 disable_adds=0
08-12 20:46:48.620  2275  3639 I DFInstaObserve: !toggles disable_feed=1 disable_explore=0 disable_reels=0 disable_stories=0 disable_adds=0
08-12 20:46:48.652  2275  3922 I DFInstaObserve: !toggles disable_feed=1 disable_explore=0 disable_reels=0 disable_stories=0 disable_adds=0
08-12 20:46:48.653  2275  2721 I DFInstaObserve: !toggles disable_feed=1 disable_explore=0 disable_reels=0 disable_stories=0 disable_adds=0
08-12 20:46:48.662  2275  3206 I DFInstaObserve: !toggles disable_feed=1 disable_explore=0 disable_reels=0 disable_stories=0 disable_adds=0
08-12 20:46:48.693  2275  3206 I DFInstaObserve: !toggles disable_feed=1 disable_explore=0 disable_reels=0 disable_stories=0 disable_adds=0
08-12 20:46:48.701  2275  4062 I DFInstaObserve: !toggles disable_feed=1 disable_explore=0 disable_reels=0 disable_stories=0 disable_adds=0
08-12 20:46:48.702  2275  2721 I DFInstaObserve: !toggles disable_feed=1 disable_explore=0 disable_reels=0 disable_stories=0 disable_adds=0
08-12 20:46:48.726  2275  3206 I DFInstaObserve: !toggles disable_feed=1 disable_explore=0 disable_reels=0 disable_stories=0 disable_adds=0
08-12 20:46:48.732  2275  4062 I DFInstaObserve: !toggles disable_feed=1 disable_explore=0 disable_reels=0 disable_stories=0 disable_adds=0
08-12 20:46:48.761  2275  4062 I DFInstaObserve: !toggles disable_feed=1 disable_explore=0 disable_reels=0 disable_stories=0 disable_adds=0
08-12 20:46:48.769  2275  3922 I DFInstaObserve: !toggles disable_feed=1 disable_explore=0 disable_reels=0 disable_stories=0 disable_adds=0
08-12 20:46:48.794  2275  2721 I DFInstaObserve: !toggles disable_feed=1 disable_explore=0 disable_reels=0 disable_stories=0 disable_adds=0
08-12 20:46:48.798  2275  3639 I DFInstaObserve: !toggles disable_feed=1 disable_explore=0 disable_reels=0 disable_stories=0 disable_adds=0
08-12 20:46:48.835  2275  2721 I DFInstaObserve: !toggles disable_feed=1 disable_explore=0 disable_reels=0 disable_stories=0 disable_adds=0
08-12 20:46:49.048  2275  2721 I DFInstaObserve: !toggles disable_feed=1 disable_explore=0 disable_reels=0 disable_stories=0 disable_adds=0
08-12 20:46:49.127  2275  2721 I DFInstaObserve: !toggles disable_feed=1 disable_explore=0 disable_reels=0 disable_stories=0 disable_adds=0
08-12 20:46:49.172  2275  2721 I DFInstaObserve: !toggles disable_feed=1 disable_explore=0 disable_reels=0 disable_stories=0 disable_adds=0
08-12 20:46:49.192  2275  4111 I DFInstaObserve: !toggles disable_feed=1 disable_explore=0 disable_reels=0 disable_stories=0 disable_adds=0
08-12 20:46:49.254  2275  2721 I DFInstaObserve: !toggles disable_feed=1 disable_explore=0 disable_reels=0 disable_stories=0 disable_adds=0
08-12 20:46:49.308  2275  2721 I DFInstaObserve: !toggles disable_feed=1 disable_explore=0 disable_reels=0 disable_stories=0 disable_adds=0
08-12 20:46:49.374  2275  4142 I DFInstaObserve: !toggles disable_feed=1 disable_explore=0 disable_reels=0 disable_stories=0 disable_adds=0
08-12 20:46:51.582  2275  4147 I DFInstaObserve: !toggles disable_feed=1 disable_explore=0 disable_reels=0 disable_stories=0 disable_adds=0
08-12 20:46:51.614  2275  4147 I DFInstaObserve: !toggles disable_feed=1 disable_explore=0 disable_reels=0 disable_stories=0 disable_adds=0
08-12 20:46:51.709  2275  4166 I DFInstaObserve: !toggles disable_feed=1 disable_explore=0 disable_reels=0 disable_stories=0 disable_adds=0
08-12 20:46:51.782  2275  4166 I DFInstaObserve: !toggles disable_feed=1 disable_explore=0 disable_reels=0 disable_stories=0 disable_adds=0
08-12 20:46:52.407  2275  3639 I DFInstaObserve: !toggles disable_feed=1 disable_explore=0 disable_reels=0 disable_stories=0 disable_adds=0
08-12 20:46:52.556  2275  2335 I DFInstaObserve: !toggles disable_feed=1 disable_explore=0 disable_reels=0 disable_stories=0 disable_adds=0
08-12 20:46:52.565  2275  2336 I DFInstaObserve: !toggles disable_feed=1 disable_explore=0 disable_reels=0 disable_stories=0 disable_adds=0
08-12 20:46:52.594  2275  4065 I DFInstaObserve: !toggles disable_feed=1 disable_explore=0 disable_reels=0 disable_stories=0 disable_adds=0
08-12 20:46:52.608  2275  4233 I DFInstaObserve: !toggles disable_feed=1 disable_explore=0 disable_reels=0 disable_stories=0 disable_adds=0
08-12 20:46:52.628  2275  2838 I DFInstaObserve: !toggles disable_feed=1 disable_explore=0 disable_reels=0 disable_stories=0 disable_adds=0
08-12 20:46:52.698  2275  2336 I DFInstaObserve: !toggles disable_feed=1 disable_explore=0 disable_reels=0 disable_stories=0 disable_adds=0
08-12 20:46:52.723  2275  2838 I DFInstaObserve: !toggles disable_feed=1 disable_explore=0 disable_reels=0 disable_stories=0 disable_adds=0
08-12 20:46:54.949  2275  4252 I DFInstaObserve: !toggles disable_feed=1 disable_explore=0 disable_reels=0 disable_stories=0 disable_adds=0
08-12 20:46:54.949  2275  4251 I DFInstaObserve: !toggles disable_feed=1 disable_explore=0 disable_reels=0 disable_stories=0 disable_adds=0
08-12 20:47:00.393  2275  3639 I DFInstaObserve: !toggles disable_feed=1 disable_explore=0 disable_reels=0 disable_stories=0 disable_adds=0
08-12 20:47:00.393  2275  3639 I DFInstaObserve: /clips/discover
08-12 20:47:00.393  2275  3639 I DFInstaObserve: /clips/discover/stream/
08-12 20:47:00.795  2275  2335 I DFInstaObserve: !toggles disable_feed=1 disable_explore=0 disable_reels=0 disable_stories=0 disable_adds=0
08-12 20:47:02.942  2275  4294 I DFInstaObserve: !toggles disable_feed=1 disable_explore=0 disable_reels=0 disable_stories=0 disable_adds=0
08-12 20:47:02.946  2275  4293 I DFInstaObserve: !toggles disable_feed=1 disable_explore=0 disable_reels=0 disable_stories=0 disable_adds=0
08-12 20:47:04.600  2275  2336 I DFInstaObserve: !toggles disable_feed=1 disable_explore=0 disable_reels=0 disable_stories=0 disable_adds=0
08-12 20:47:04.606  2275  2335 I DFInstaObserve: !toggles disable_feed=1 disable_explore=0 disable_reels=0 disable_stories=0 disable_adds=0
08-12 20:47:04.610  2275  2721 I DFInstaObserve: !toggles disable_feed=1 disable_explore=0 disable_reels=0 disable_stories=0 disable_adds=0
08-12 20:47:04.673  2275  2721 I DFInstaObserve: !toggles disable_feed=1 disable_explore=0 disable_reels=0 disable_stories=0 disable_adds=0
08-12 20:47:04.687  2275  2335 I DFInstaObserve: !toggles disable_feed=1 disable_explore=0 disable_reels=0 disable_stories=0 disable_adds=0
08-12 20:47:04.867  2275  2335 I DFInstaObserve: !toggles disable_feed=1 disable_explore=0 disable_reels=0 disable_stories=0 disable_adds=0
08-12 20:47:04.877  2275  2335 I DFInstaObserve: !toggles disable_feed=1 disable_explore=0 disable_reels=0 disable_stories=0 disable_adds=0
08-12 20:47:04.981  2275  2721 I DFInstaObserve: !toggles disable_feed=1 disable_explore=0 disable_reels=0 disable_stories=0 disable_adds=0
08-12 20:47:04.994  2275  4233 I DFInstaObserve: !toggles disable_feed=1 disable_explore=0 disable_reels=0 disable_stories=0 disable_adds=0
08-12 20:47:05.033  2275  2721 I DFInstaObserve: !toggles disable_feed=1 disable_explore=0 disable_reels=0 disable_stories=0 disable_adds=0
08-12 20:47:05.218  2275  2721 I DFInstaObserve: !toggles disable_feed=1 disable_explore=0 disable_reels=0 disable_stories=0 disable_adds=0
08-12 20:47:05.252  2275  2721 I DFInstaObserve: !toggles disable_feed=1 disable_explore=0 disable_reels=0 disable_stories=0 disable_adds=0
08-12 20:47:05.294  2275  2721 I DFInstaObserve: !toggles disable_feed=1 disable_explore=0 disable_reels=0 disable_stories=0 disable_adds=0
08-12 20:47:06.273  2275  4334 I DFInstaObserve: !toggles disable_feed=1 disable_explore=0 disable_reels=0 disable_stories=0 disable_adds=0
08-12 20:47:06.276  2275  4335 I DFInstaObserve: !toggles disable_feed=1 disable_explore=0 disable_reels=0 disable_stories=0 disable_adds=0
08-12 20:47:07.487  2275  2336 I DFInstaObserve: !toggles disable_feed=1 disable_explore=0 disable_reels=0 disable_stories=0 disable_adds=0
08-12 20:47:07.523  2275  2336 I DFInstaObserve: !toggles disable_feed=1 disable_explore=0 disable_reels=0 disable_stories=0 disable_adds=0
08-12 20:47:09.588  2275  4367 I DFInstaObserve: !toggles disable_feed=1 disable_explore=0 disable_reels=0 disable_stories=0 disable_adds=0
08-12 20:47:09.588  2275  4366 I DFInstaObserve: !toggles disable_feed=1 disable_explore=0 disable_reels=0 disable_stories=0 disable_adds=0
08-12 20:47:10.401  2275  4400 I DFInstaObserve: !toggles disable_feed=1 disable_explore=0 disable_reels=0 disable_stories=0 disable_adds=0
08-12 20:47:10.430  2275  4400 I DFInstaObserve: !toggles disable_feed=1 disable_explore=0 disable_reels=0 disable_stories=0 disable_adds=0
08-12 20:47:10.825  2275  4400 I DFInstaObserve: !toggles disable_feed=1 disable_explore=0 disable_reels=0 disable_stories=0 disable_adds=0
08-12 20:47:10.837  2275  2335 I DFInstaObserve: !toggles disable_feed=1 disable_explore=0 disable_reels=0 disable_stories=0 disable_adds=0
08-12 20:47:10.865  2275  4400 I DFInstaObserve: !toggles disable_feed=1 disable_explore=0 disable_reels=0 disable_stories=0 disable_adds=0
08-12 20:47:10.890  2275  4400 I DFInstaObserve: !toggles disable_feed=1 disable_explore=0 disable_reels=0 disable_stories=0 disable_adds=0
08-12 20:47:13.706  2275  4065 I DFInstaObserve: !toggles disable_feed=1 disable_explore=0 disable_reels=0 disable_stories=0 disable_adds=0
08-12 20:47:13.706  2275  4065 I DFInstaObserve: /clips/discover
08-12 20:47:13.706  2275  4065 I DFInstaObserve: /clips/discover/stream/
08-12 20:47:13.945  2275  4400 I DFInstaObserve: !toggles disable_feed=1 disable_explore=0 disable_reels=0 disable_stories=0 disable_adds=0
08-12 20:47:13.976  2275  4400 I DFInstaObserve: !toggles disable_feed=1 disable_explore=0 disable_reels=0 disable_stories=0 disable_adds=0
08-12 20:47:14.125  2275  2336 I DFInstaObserve: !toggles disable_feed=1 disable_explore=0 disable_reels=0 disable_stories=0 disable_adds=0
08-12 20:47:14.169  2275  2336 I DFInstaObserve: !toggles disable_feed=1 disable_explore=0 disable_reels=0 disable_stories=0 disable_adds=0
08-12 20:47:16.227  2275  4441 I DFInstaObserve: !toggles disable_feed=1 disable_explore=0 disable_reels=0 disable_stories=0 disable_adds=0
08-12 20:47:16.241  2275  4440 I DFInstaObserve: !toggles disable_feed=1 disable_explore=0 disable_reels=0 disable_stories=0 disable_adds=0
08-12 20:47:16.994  2275  4349 I DFInstaObserve: !toggles disable_feed=1 disable_explore=0 disable_reels=0 disable_stories=0 disable_adds=0
08-12 20:47:17.191  2275  2838 I DFInstaObserve: !toggles disable_feed=1 disable_explore=0 disable_reels=0 disable_stories=0 disable_adds=0
08-12 20:47:17.355  2275  2335 I DFInstaObserve: !toggles disable_feed=1 disable_explore=0 disable_reels=0 disable_stories=0 disable_adds=0
08-12 20:47:17.363  2275  2721 I DFInstaObserve: !toggles disable_feed=1 disable_explore=0 disable_reels=0 disable_stories=0 disable_adds=0
08-12 20:47:17.449  2275  2721 I DFInstaObserve: !toggles disable_feed=1 disable_explore=0 disable_reels=0 disable_stories=0 disable_adds=0
08-12 20:47:17.775  2275  2336 I DFInstaObserve: !toggles disable_feed=1 disable_explore=0 disable_reels=0 disable_stories=0 disable_adds=0
08-12 20:47:17.784  2275  2336 I DFInstaObserve: !toggles disable_feed=1 disable_explore=0 disable_reels=0 disable_stories=0 disable_adds=0
08-12 20:47:17.830  2275  2721 I DFInstaObserve: !toggles disable_feed=1 disable_explore=0 disable_reels=0 disable_stories=0 disable_adds=0
08-12 20:47:17.834  2275  4485 I DFInstaObserve: !toggles disable_feed=1 disable_explore=0 disable_reels=0 disable_stories=0 disable_adds=0
08-12 20:47:17.885  2275  2721 I DFInstaObserve: !toggles disable_feed=1 disable_explore=0 disable_reels=0 disable_stories=0 disable_adds=0
08-12 20:47:17.896  2275  4485 I DFInstaObserve: !toggles disable_feed=1 disable_explore=0 disable_reels=0 disable_stories=0 disable_adds=0
08-12 20:47:17.915  2275  4065 I DFInstaObserve: !toggles disable_feed=1 disable_explore=0 disable_reels=0 disable_stories=0 disable_adds=0
08-12 20:47:17.960  2275  2721 I DFInstaObserve: !toggles disable_feed=1 disable_explore=0 disable_reels=0 disable_stories=0 disable_adds=0
08-12 20:47:18.380  2275  2721 I DFInstaObserve: !toggles disable_feed=1 disable_explore=0 disable_reels=0 disable_stories=0 disable_adds=0
08-12 20:47:18.414  2275  2721 I DFInstaObserve: !toggles disable_feed=1 disable_explore=0 disable_reels=0 disable_stories=0 disable_adds=0
08-12 20:47:18.499  2275  2721 I DFInstaObserve: !toggles disable_feed=1 disable_explore=0 disable_reels=0 disable_stories=0 disable_adds=0
08-12 20:47:22.689  2275  4486 I DFInstaObserve: !toggles disable_feed=1 disable_explore=0 disable_reels=0 disable_stories=0 disable_adds=0
08-12 20:47:22.689  2275  4486 I DFInstaObserve: /clips/discover
08-12 20:47:22.689  2275  4486 I DFInstaObserve: /clips/discover/stream/
08-12 20:47:25.987  2275  2721 I DFInstaObserve: !toggles disable_feed=1 disable_explore=0 disable_reels=0 disable_stories=0 disable_adds=0
08-12 20:47:26.090  2275  2721 I DFInstaObserve: !toggles disable_feed=1 disable_explore=0 disable_reels=0 disable_stories=0 disable_adds=0
08-12 20:47:26.474  2275  2721 I DFInstaObserve: !toggles disable_feed=1 disable_explore=0 disable_reels=0 disable_stories=0 disable_adds=0
08-12 20:47:26.713  2275  2721 I DFInstaObserve: !toggles disable_feed=1 disable_explore=0 disable_reels=0 disable_stories=0 disable_adds=0
08-12 20:47:26.755  2275  2721 I DFInstaObserve: !toggles disable_feed=1 disable_explore=0 disable_reels=0 disable_stories=0 disable_adds=0
08-12 20:47:26.896  2275  2721 I DFInstaObserve: !toggles disable_feed=1 disable_explore=0 disable_reels=0 disable_stories=0 disable_adds=0
08-12 20:47:53.285  2275  2838 I DFInstaObserve: !toggles disable_feed=1 disable_explore=0 disable_reels=0 disable_stories=0 disable_adds=0
08-12 20:47:55.382  2275  4630 I DFInstaObserve: !toggles disable_feed=1 disable_explore=0 disable_reels=0 disable_stories=0 disable_adds=0
08-12 20:47:55.429  2275  4630 I DFInstaObserve: !toggles disable_feed=1 disable_explore=0 disable_reels=0 disable_stories=0 disable_adds=0
08-12 20:47:57.718  2275  4609 I DFInstaObserve: !toggles disable_feed=1 disable_explore=0 disable_reels=0 disable_stories=0 disable_adds=0
08-12 20:47:57.760  2275  4615 I DFInstaObserve: !toggles disable_feed=1 disable_explore=0 disable_reels=0 disable_stories=0 disable_adds=0
08-12 20:47:57.884  2275  4630 I DFInstaObserve: !toggles disable_feed=1 disable_explore=0 disable_reels=0 disable_stories=0 disable_adds=0
08-12 20:48:01.311  2275  4486 I DFInstaObserve: !toggles disable_feed=1 disable_explore=0 disable_reels=0 disable_stories=0 disable_adds=0
08-12 20:48:01.311  2275  4486 I DFInstaObserve: /discover/topical_explore
08-12 20:48:01.725  2275  4755 I DFInstaObserve: !toggles disable_feed=1 disable_explore=0 disable_reels=0 disable_stories=0 disable_adds=0
08-12 20:48:01.951  2275  4765 I DFInstaObserve: !toggles disable_feed=1 disable_explore=0 disable_reels=0 disable_stories=0 disable_adds=0
08-12 20:48:03.705  2275  4745 I DFInstaObserve: !toggles disable_feed=1 disable_explore=0 disable_reels=0 disable_stories=0 disable_adds=0
08-12 20:48:03.932  2275  4754 I DFInstaObserve: !toggles disable_feed=1 disable_explore=0 disable_reels=0 disable_stories=0 disable_adds=0
08-12 20:48:04.595  2275  2335 I DFInstaObserve: !toggles disable_feed=1 disable_explore=0 disable_reels=0 disable_stories=0 disable_adds=0
08-12 20:48:04.601  2275  4777 I DFInstaObserve: !toggles disable_feed=1 disable_explore=0 disable_reels=0 disable_stories=0 disable_adds=0
08-12 20:48:04.645  2275  4065 I DFInstaObserve: !toggles disable_feed=1 disable_explore=0 disable_reels=0 disable_stories=0 disable_adds=0
08-12 20:48:04.657  2275  4487 I DFInstaObserve: !toggles disable_feed=1 disable_explore=0 disable_reels=0 disable_stories=0 disable_adds=0
08-12 20:48:04.679  2275  2721 I DFInstaObserve: !toggles disable_feed=1 disable_explore=0 disable_reels=0 disable_stories=0 disable_adds=0
08-12 20:48:04.712  2275  4065 I DFInstaObserve: !toggles disable_feed=1 disable_explore=0 disable_reels=0 disable_stories=0 disable_adds=0
08-12 20:48:04.725  2275  4486 I DFInstaObserve: !toggles disable_feed=1 disable_explore=0 disable_reels=0 disable_stories=0 disable_adds=0
08-12 20:48:04.757  2275  4782 I DFInstaObserve: !toggles disable_feed=1 disable_explore=0 disable_reels=0 disable_stories=0 disable_adds=0
08-12 20:48:04.762  2275  4065 I DFInstaObserve: !toggles disable_feed=1 disable_explore=0 disable_reels=0 disable_stories=0 disable_adds=0
08-12 20:48:04.785  2275  4486 I DFInstaObserve: !toggles disable_feed=1 disable_explore=0 disable_reels=0 disable_stories=0 disable_adds=0
08-12 20:48:04.827  2275  4487 I DFInstaObserve: !toggles disable_feed=1 disable_explore=0 disable_reels=0 disable_stories=0 disable_adds=0
08-12 20:48:04.830  2275  2721 I DFInstaObserve: !toggles disable_feed=1 disable_explore=0 disable_reels=0 disable_stories=0 disable_adds=0
08-12 20:48:04.836  2275  4233 I DFInstaObserve: !toggles disable_feed=1 disable_explore=0 disable_reels=0 disable_stories=0 disable_adds=0
08-12 20:48:04.859  2275  4787 I DFInstaObserve: !toggles disable_feed=1 disable_explore=0 disable_reels=0 disable_stories=0 disable_adds=0
08-12 20:48:04.874  2275  4787 I DFInstaObserve: !toggles disable_feed=1 disable_explore=0 disable_reels=0 disable_stories=0 disable_adds=0
08-12 20:48:04.883  2275  2721 I DFInstaObserve: !toggles disable_feed=1 disable_explore=0 disable_reels=0 disable_stories=0 disable_adds=0
08-12 20:48:04.899  2275  4487 I DFInstaObserve: !toggles disable_feed=1 disable_explore=0 disable_reels=0 disable_stories=0 disable_adds=0
08-12 20:48:04.908  2275  4233 I DFInstaObserve: !toggles disable_feed=1 disable_explore=0 disable_reels=0 disable_stories=0 disable_adds=0
08-12 20:48:04.943  2275  4487 I DFInstaObserve: !toggles disable_feed=1 disable_explore=0 disable_reels=0 disable_stories=0 disable_adds=0
08-12 20:48:04.948  2275  4790 I DFInstaObserve: !toggles disable_feed=1 disable_explore=0 disable_reels=0 disable_stories=0 disable_adds=0
08-12 20:48:04.961  2275  4487 I DFInstaObserve: !toggles disable_feed=1 disable_explore=0 disable_reels=0 disable_stories=0 disable_adds=0
08-12 20:48:05.030  2275  4737 I DFInstaObserve: !toggles disable_feed=1 disable_explore=0 disable_reels=0 disable_stories=0 disable_adds=0
08-12 20:48:05.030  2275  4486 I DFInstaObserve: !toggles disable_feed=1 disable_explore=0 disable_reels=0 disable_stories=0 disable_adds=0
08-12 20:48:05.030  2275  4486 I DFInstaObserve: /discover/topical_explore
08-12 20:48:05.093  2275  4233 I DFInstaObserve: !toggles disable_feed=1 disable_explore=0 disable_reels=0 disable_stories=0 disable_adds=0
08-12 20:48:05.107  2275  4487 I DFInstaObserve: !toggles disable_feed=1 disable_explore=0 disable_reels=0 disable_stories=0 disable_adds=0
08-12 20:48:05.149  2275  4233 I DFInstaObserve: !toggles disable_feed=1 disable_explore=0 disable_reels=0 disable_stories=0 disable_adds=0
08-12 20:48:05.177  2275  4233 I DFInstaObserve: !toggles disable_feed=1 disable_explore=0 disable_reels=0 disable_stories=0 disable_adds=0
08-12 20:48:05.208  2275  2721 I DFInstaObserve: !toggles disable_feed=1 disable_explore=0 disable_reels=0 disable_stories=0 disable_adds=0
08-12 20:48:05.208  2275  4065 I DFInstaObserve: !toggles disable_feed=1 disable_explore=0 disable_reels=0 disable_stories=0 disable_adds=0
08-12 20:48:05.264  2275  2721 I DFInstaObserve: !toggles disable_feed=1 disable_explore=0 disable_reels=0 disable_stories=0 disable_adds=0
08-12 20:48:05.289  2275  4809 I DFInstaObserve: !toggles disable_feed=1 disable_explore=0 disable_reels=0 disable_stories=0 disable_adds=0
08-12 20:48:05.387  2275  2721 I DFInstaObserve: !toggles disable_feed=1 disable_explore=0 disable_reels=0 disable_stories=0 disable_adds=0
08-12 20:48:05.427  2275  2721 I DFInstaObserve: !toggles disable_feed=1 disable_explore=0 disable_reels=0 disable_stories=0 disable_adds=0
08-12 20:48:05.500  2275  2721 I DFInstaObserve: !toggles disable_feed=1 disable_explore=0 disable_reels=0 disable_stories=0 disable_adds=0
08-12 20:48:05.538  2275  2721 I DFInstaObserve: !toggles disable_feed=1 disable_explore=0 disable_reels=0 disable_stories=0 disable_adds=0
08-12 20:48:05.683  2275  2721 I DFInstaObserve: !toggles disable_feed=1 disable_explore=0 disable_reels=0 disable_stories=0 disable_adds=0
08-12 20:48:05.719  2275  2721 I DFInstaObserve: !toggles disable_feed=1 disable_explore=0 disable_reels=0 disable_stories=0 disable_adds=0
08-12 20:48:05.802  2275  2721 I DFInstaObserve: !toggles disable_feed=1 disable_explore=0 disable_reels=0 disable_stories=0 disable_adds=0
08-12 20:48:05.964  2275  2721 I DFInstaObserve: !toggles disable_feed=1 disable_explore=0 disable_reels=0 disable_stories=0 disable_adds=0
08-12 20:48:06.238  2275  2721 I DFInstaObserve: !toggles disable_feed=1 disable_explore=0 disable_reels=0 disable_stories=0 disable_adds=0
08-12 20:48:06.279  2275  2721 I DFInstaObserve: !toggles disable_feed=1 disable_explore=0 disable_reels=0 disable_stories=0 disable_adds=0
08-12 20:48:06.323  2275  2721 I DFInstaObserve: !toggles disable_feed=1 disable_explore=0 disable_reels=0 disable_stories=0 disable_adds=0
08-12 20:48:07.096  2275  4795 I DFInstaObserve: !toggles disable_feed=1 disable_explore=0 disable_reels=0 disable_stories=0 disable_adds=0
08-12 20:48:07.187  2275  4795 I DFInstaObserve: !toggles disable_feed=1 disable_explore=0 disable_reels=0 disable_stories=0 disable_adds=0
08-12 20:48:07.283  2275  4801 I DFInstaObserve: !toggles disable_feed=1 disable_explore=0 disable_reels=0 disable_stories=0 disable_adds=0
08-12 20:48:08.038  2275  4777 I DFInstaObserve: !toggles disable_feed=1 disable_explore=0 disable_reels=0 disable_stories=0 disable_adds=0
08-12 20:48:08.046  2275  2335 I DFInstaObserve: !toggles disable_feed=1 disable_explore=0 disable_reels=0 disable_stories=0 disable_adds=0
08-12 20:48:08.085  2275  4787 I DFInstaObserve: !toggles disable_feed=1 disable_explore=0 disable_reels=0 disable_stories=0 disable_adds=0
08-12 20:48:08.088  2275  2721 I DFInstaObserve: !toggles disable_feed=1 disable_explore=0 disable_reels=0 disable_stories=0 disable_adds=0
08-12 20:48:08.092  2275  4065 I DFInstaObserve: !toggles disable_feed=1 disable_explore=0 disable_reels=0 disable_stories=0 disable_adds=0
08-12 20:48:08.138  2275  4233 I DFInstaObserve: !toggles disable_feed=1 disable_explore=0 disable_reels=0 disable_stories=0 disable_adds=0
08-12 20:48:08.150  2275  4845 I DFInstaObserve: !toggles disable_feed=1 disable_explore=0 disable_reels=0 disable_stories=0 disable_adds=0
08-12 20:48:08.152  2275  4486 I DFInstaObserve: !toggles disable_feed=1 disable_explore=0 disable_reels=0 disable_stories=0 disable_adds=0
08-12 20:48:08.214  2275  4737 I DFInstaObserve: !toggles disable_feed=1 disable_explore=0 disable_reels=0 disable_stories=0 disable_adds=0
08-12 20:48:08.228  2275  4850 I DFInstaObserve: !toggles disable_feed=1 disable_explore=0 disable_reels=0 disable_stories=0 disable_adds=0
08-12 20:48:08.254  2275  4737 I DFInstaObserve: !toggles disable_feed=1 disable_explore=0 disable_reels=0 disable_stories=0 disable_adds=0
08-12 20:48:08.262  2275  2721 I DFInstaObserve: !toggles disable_feed=1 disable_explore=0 disable_reels=0 disable_stories=0 disable_adds=0
08-12 20:48:08.266  2275  4850 I DFInstaObserve: !toggles disable_feed=1 disable_explore=0 disable_reels=0 disable_stories=0 disable_adds=0
08-12 20:48:08.294  2275  4737 I DFInstaObserve: !toggles disable_feed=1 disable_explore=0 disable_reels=0 disable_stories=0 disable_adds=0
08-12 20:48:08.310  2275  2721 I DFInstaObserve: !toggles disable_feed=1 disable_explore=0 disable_reels=0 disable_stories=0 disable_adds=0
08-12 20:48:08.311  2275  4486 I DFInstaObserve: !toggles disable_feed=1 disable_explore=0 disable_reels=0 disable_stories=0 disable_adds=0
08-12 20:48:08.338  2275  4737 I DFInstaObserve: !toggles disable_feed=1 disable_explore=0 disable_reels=0 disable_stories=0 disable_adds=0
08-12 20:48:08.351  2275  4486 I DFInstaObserve: !toggles disable_feed=1 disable_explore=0 disable_reels=0 disable_stories=0 disable_adds=0
08-12 20:48:08.381  2275  4737 I DFInstaObserve: !toggles disable_feed=1 disable_explore=0 disable_reels=0 disable_stories=0 disable_adds=0
08-12 20:48:08.393  2275  4737 I DFInstaObserve: !toggles disable_feed=1 disable_explore=0 disable_reels=0 disable_stories=0 disable_adds=0
08-12 20:48:08.398  2275  2721 I DFInstaObserve: !toggles disable_feed=1 disable_explore=0 disable_reels=0 disable_stories=0 disable_adds=0
08-12 20:48:08.426  2275  4737 I DFInstaObserve: !toggles disable_feed=1 disable_explore=0 disable_reels=0 disable_stories=0 disable_adds=0
08-12 20:48:08.432  2275  4065 I DFInstaObserve: !toggles disable_feed=1 disable_explore=0 disable_reels=0 disable_stories=0 disable_adds=0
08-12 20:48:08.441  2275  2721 I DFInstaObserve: !toggles disable_feed=1 disable_explore=0 disable_reels=0 disable_stories=0 disable_adds=0
08-12 20:48:08.465  2275  4486 I DFInstaObserve: !toggles disable_feed=1 disable_explore=0 disable_reels=0 disable_stories=0 disable_adds=0
08-12 20:48:08.475  2275  4737 I DFInstaObserve: !toggles disable_feed=1 disable_explore=0 disable_reels=0 disable_stories=0 disable_adds=0
08-12 20:48:08.517  2275  2721 I DFInstaObserve: !toggles disable_feed=1 disable_explore=0 disable_reels=0 disable_stories=0 disable_adds=0
08-12 20:48:08.521  2275  4065 I DFInstaObserve: !toggles disable_feed=1 disable_explore=0 disable_reels=0 disable_stories=0 disable_adds=0
08-12 20:48:08.532  2275  4486 I DFInstaObserve: !toggles disable_feed=1 disable_explore=0 disable_reels=0 disable_stories=0 disable_adds=0
08-12 20:48:08.687  2275  2721 I DFInstaObserve: !toggles disable_feed=1 disable_explore=0 disable_reels=0 disable_stories=0 disable_adds=0
08-12 20:48:08.850  2275  2721 I DFInstaObserve: !toggles disable_feed=1 disable_explore=0 disable_reels=0 disable_stories=0 disable_adds=0
08-12 20:48:08.889  2275  2721 I DFInstaObserve: !toggles disable_feed=1 disable_explore=0 disable_reels=0 disable_stories=0 disable_adds=0
08-12 20:48:08.933  2275  2721 I DFInstaObserve: !toggles disable_feed=1 disable_explore=0 disable_reels=0 disable_stories=0 disable_adds=0
08-12 20:48:09.008  2275  2721 I DFInstaObserve: !toggles disable_feed=1 disable_explore=0 disable_reels=0 disable_stories=0 disable_adds=0
08-12 20:48:09.111  2275  2721 I DFInstaObserve: !toggles disable_feed=1 disable_explore=0 disable_reels=0 disable_stories=0 disable_adds=0
08-12 20:48:09.156  2275  2721 I DFInstaObserve: !toggles disable_feed=1 disable_explore=0 disable_reels=0 disable_stories=0 disable_adds=0
08-12 20:48:09.346  2275  2721 I DFInstaObserve: !toggles disable_feed=1 disable_explore=0 disable_reels=0 disable_stories=0 disable_adds=0
08-12 20:48:09.381  2275  2721 I DFInstaObserve: !toggles disable_feed=1 disable_explore=0 disable_reels=0 disable_stories=0 disable_adds=0
08-12 20:48:09.492  2275  2721 I DFInstaObserve: !toggles disable_feed=1 disable_explore=0 disable_reels=0 disable_stories=0 disable_adds=0
08-12 20:48:10.101  2275  4808 I DFInstaObserve: !toggles disable_feed=1 disable_explore=0 disable_reels=0 disable_stories=0 disable_adds=0
08-12 20:48:10.226  2275  4844 I DFInstaObserve: !toggles disable_feed=1 disable_explore=0 disable_reels=0 disable_stories=0 disable_adds=0
08-12 20:48:11.575  2275  4887 I DFInstaObserve: !toggles disable_feed=1 disable_explore=0 disable_reels=0 disable_stories=0 disable_adds=0
08-12 20:48:11.857  2275  4904 I DFInstaObserve: !toggles disable_feed=1 disable_explore=0 disable_reels=0 disable_stories=0 disable_adds=0
08-12 20:48:12.091  2275  4913 I DFInstaObserve: !toggles disable_feed=1 disable_explore=0 disable_reels=0 disable_stories=0 disable_adds=0
08-12 20:48:13.840  2275  4893 I DFInstaObserve: !toggles disable_feed=1 disable_explore=0 disable_reels=0 disable_stories=0 disable_adds=0
08-12 20:48:14.070  2275  4903 I DFInstaObserve: !toggles disable_feed=1 disable_explore=0 disable_reels=0 disable_stories=0 disable_adds=0
08-12 20:48:14.646  2275  4874 I DFInstaObserve: !toggles disable_feed=1 disable_explore=0 disable_reels=0 disable_stories=0 disable_adds=0
08-12 20:48:14.646  2275  4874 I DFInstaObserve: /discover/topical_explore
08-12 20:48:16.936  2275  4933 I DFInstaObserve: !toggles disable_feed=1 disable_explore=0 disable_reels=0 disable_stories=0 disable_adds=0
08-12 20:48:16.983  2275  4933 I DFInstaObserve: !toggles disable_feed=1 disable_explore=0 disable_reels=0 disable_stories=0 disable_adds=0
08-12 20:48:17.001  2275  4941 I DFInstaObserve: !toggles disable_feed=1 disable_explore=0 disable_reels=0 disable_stories=0 disable_adds=0
08-12 20:48:17.972  2275  4777 I DFInstaObserve: !toggles disable_feed=1 disable_explore=0 disable_reels=0 disable_stories=0 disable_adds=0
08-12 20:48:18.134  2275  4777 I DFInstaObserve: !toggles disable_feed=1 disable_explore=0 disable_reels=0 disable_stories=0 disable_adds=0
08-12 20:48:18.143  2275  4777 I DFInstaObserve: !toggles disable_feed=1 disable_explore=0 disable_reels=0 disable_stories=0 disable_adds=0
08-12 20:48:18.209  2275  4984 I DFInstaObserve: !toggles disable_feed=1 disable_explore=0 disable_reels=0 disable_stories=0 disable_adds=0
08-12 20:48:18.217  2275  4988 I DFInstaObserve: !toggles disable_feed=1 disable_explore=0 disable_reels=0 disable_stories=0 disable_adds=0
08-12 20:48:18.237  2275  2721 I DFInstaObserve: !toggles disable_feed=1 disable_explore=0 disable_reels=0 disable_stories=0 disable_adds=0
08-12 20:48:18.263  2275  4984 I DFInstaObserve: !toggles disable_feed=1 disable_explore=0 disable_reels=0 disable_stories=0 disable_adds=0
08-12 20:48:18.264  2275  4777 I DFInstaObserve: !toggles disable_feed=1 disable_explore=0 disable_reels=0 disable_stories=0 disable_adds=0
08-12 20:48:18.290  2275  4984 I DFInstaObserve: !toggles disable_feed=1 disable_explore=0 disable_reels=0 disable_stories=0 disable_adds=0
08-12 20:48:18.313  2275  4930 I DFInstaObserve: !toggles disable_feed=1 disable_explore=0 disable_reels=0 disable_stories=0 disable_adds=0
08-12 20:48:18.395  2275  4930 I DFInstaObserve: !toggles disable_feed=1 disable_explore=0 disable_reels=0 disable_stories=0 disable_adds=0
08-12 20:48:18.402  2275  4988 I DFInstaObserve: !toggles disable_feed=1 disable_explore=0 disable_reels=0 disable_stories=0 disable_adds=0
08-12 20:48:18.462  2275  2838 I DFInstaObserve: !toggles disable_feed=1 disable_explore=0 disable_reels=0 disable_stories=0 disable_adds=0
08-12 20:48:18.489  2275  4874 I DFInstaObserve: !toggles disable_feed=1 disable_explore=0 disable_reels=0 disable_stories=0 disable_adds=0
08-12 20:48:18.509  2275  4930 I DFInstaObserve: !toggles disable_feed=1 disable_explore=0 disable_reels=0 disable_stories=0 disable_adds=0
08-12 20:48:18.528  2275  4930 I DFInstaObserve: !toggles disable_feed=1 disable_explore=0 disable_reels=0 disable_stories=0 disable_adds=0
08-12 20:48:18.553  2275  4930 I DFInstaObserve: !toggles disable_feed=1 disable_explore=0 disable_reels=0 disable_stories=0 disable_adds=0
08-12 20:48:18.553  2275  2838 I DFInstaObserve: !toggles disable_feed=1 disable_explore=0 disable_reels=0 disable_stories=0 disable_adds=0
08-12 20:48:18.573  2275  2721 I DFInstaObserve: !toggles disable_feed=1 disable_explore=0 disable_reels=0 disable_stories=0 disable_adds=0
08-12 20:48:18.576  2275  4930 I DFInstaObserve: !toggles disable_feed=1 disable_explore=0 disable_reels=0 disable_stories=0 disable_adds=0
08-12 20:48:18.591  2275  4930 I DFInstaObserve: !toggles disable_feed=1 disable_explore=0 disable_reels=0 disable_stories=0 disable_adds=0
08-12 20:48:18.616  2275  4874 I DFInstaObserve: !toggles disable_feed=1 disable_explore=0 disable_reels=0 disable_stories=0 disable_adds=0
08-12 20:48:18.633  2275  4874 I DFInstaObserve: !toggles disable_feed=1 disable_explore=0 disable_reels=0 disable_stories=0 disable_adds=0
08-12 20:48:18.634  2275  2721 I DFInstaObserve: !toggles disable_feed=1 disable_explore=0 disable_reels=0 disable_stories=0 disable_adds=0
08-12 20:48:18.644  2275  4874 I DFInstaObserve: !toggles disable_feed=1 disable_explore=0 disable_reels=0 disable_stories=0 disable_adds=0
08-12 20:48:18.685  2275  4988 I DFInstaObserve: !toggles disable_feed=1 disable_explore=0 disable_reels=0 disable_stories=0 disable_adds=0
08-12 20:48:18.690  2275  2721 I DFInstaObserve: !toggles disable_feed=1 disable_explore=0 disable_reels=0 disable_stories=0 disable_adds=0
08-12 20:48:18.697  2275  4874 I DFInstaObserve: !toggles disable_feed=1 disable_explore=0 disable_reels=0 disable_stories=0 disable_adds=0
08-12 20:48:18.718  2275  4988 I DFInstaObserve: !toggles disable_feed=1 disable_explore=0 disable_reels=0 disable_stories=0 disable_adds=0
08-12 20:48:18.733  2275  4850 I DFInstaObserve: !toggles disable_feed=1 disable_explore=0 disable_reels=0 disable_stories=0 disable_adds=0
08-12 20:48:18.736  2275  2721 I DFInstaObserve: !toggles disable_feed=1 disable_explore=0 disable_reels=0 disable_stories=0 disable_adds=0
08-12 20:48:18.757  2275  4930 I DFInstaObserve: !toggles disable_feed=1 disable_explore=0 disable_reels=0 disable_stories=0 disable_adds=0
08-12 20:48:18.832  2275  2721 I DFInstaObserve: !toggles disable_feed=1 disable_explore=0 disable_reels=0 disable_stories=0 disable_adds=0
08-12 20:48:18.870  2275  2721 I DFInstaObserve: !toggles disable_feed=1 disable_explore=0 disable_reels=0 disable_stories=0 disable_adds=0
08-12 20:48:18.903  2275  2721 I DFInstaObserve: !toggles disable_feed=1 disable_explore=0 disable_reels=0 disable_stories=0 disable_adds=0
08-12 20:48:18.940  2275  2721 I DFInstaObserve: !toggles disable_feed=1 disable_explore=0 disable_reels=0 disable_stories=0 disable_adds=0
08-12 20:48:19.158  2275  2721 I DFInstaObserve: !toggles disable_feed=1 disable_explore=0 disable_reels=0 disable_stories=0 disable_adds=0
08-12 20:48:19.204  2275  2721 I DFInstaObserve: !toggles disable_feed=1 disable_explore=0 disable_reels=0 disable_stories=0 disable_adds=0
08-12 20:48:19.325  2275  2721 I DFInstaObserve: !toggles disable_feed=1 disable_explore=0 disable_reels=0 disable_stories=0 disable_adds=0
08-12 20:48:19.360  2275  2721 I DFInstaObserve: !toggles disable_feed=1 disable_explore=0 disable_reels=0 disable_stories=0 disable_adds=0
08-12 20:48:19.427  2275  2721 I DFInstaObserve: !toggles disable_feed=1 disable_explore=0 disable_reels=0 disable_stories=0 disable_adds=0
08-12 20:48:19.461  2275  2721 I DFInstaObserve: !toggles disable_feed=1 disable_explore=0 disable_reels=0 disable_stories=0 disable_adds=0
08-12 20:48:19.550  2275  2721 I DFInstaObserve: !toggles disable_feed=1 disable_explore=0 disable_reels=0 disable_stories=0 disable_adds=0
08-12 20:48:20.334  2275  5032 I DFInstaObserve: !toggles disable_feed=1 disable_explore=0 disable_reels=0 disable_stories=0 disable_adds=0
08-12 20:48:20.334  2275  5033 I DFInstaObserve: !toggles disable_feed=1 disable_explore=0 disable_reels=0 disable_stories=0 disable_adds=0
08-12 20:48:22.796  2275  5033 I DFInstaObserve: !toggles disable_feed=1 disable_explore=0 disable_reels=0 disable_stories=0 disable_adds=0
08-12 20:48:22.799  2275  5032 I DFInstaObserve: !toggles disable_feed=1 disable_explore=0 disable_reels=0 disable_stories=0 disable_adds=0
08-12 20:48:25.977  2275  4777 I DFInstaObserve: !toggles disable_feed=1 disable_explore=0 disable_reels=0 disable_stories=0 disable_adds=0
08-12 20:48:25.985  2275  4777 I DFInstaObserve: !toggles disable_feed=1 disable_explore=0 disable_reels=0 disable_stories=0 disable_adds=0
08-12 20:48:25.985  2275  5008 I DFInstaObserve: !toggles disable_feed=1 disable_explore=0 disable_reels=0 disable_stories=0 disable_adds=0
08-12 20:48:26.017  2275  5085 I DFInstaObserve: !toggles disable_feed=1 disable_explore=0 disable_reels=0 disable_stories=0 disable_adds=0
08-12 20:48:26.091  2275  5085 I DFInstaObserve: !toggles disable_feed=1 disable_explore=0 disable_reels=0 disable_stories=0 disable_adds=0
08-12 20:48:26.426  2275  5085 I DFInstaObserve: !toggles disable_feed=1 disable_explore=0 disable_reels=0 disable_stories=0 disable_adds=0
08-12 20:48:26.455  2275  5008 I DFInstaObserve: !toggles disable_feed=1 disable_explore=0 disable_reels=0 disable_stories=0 disable_adds=0
08-12 20:48:26.475  2275  5085 I DFInstaObserve: !toggles disable_feed=1 disable_explore=0 disable_reels=0 disable_stories=0 disable_adds=0
08-12 20:48:26.515  2275  2838 I DFInstaObserve: !toggles disable_feed=1 disable_explore=0 disable_reels=0 disable_stories=0 disable_adds=0
08-12 20:48:26.516  2275  5085 I DFInstaObserve: !toggles disable_feed=1 disable_explore=0 disable_reels=0 disable_stories=0 disable_adds=0
08-12 20:48:29.698  2275  5008 I DFInstaObserve: !toggles disable_feed=1 disable_explore=0 disable_reels=0 disable_stories=0 disable_adds=0
08-12 20:48:29.707  2275  4777 I DFInstaObserve: !toggles disable_feed=1 disable_explore=0 disable_reels=0 disable_stories=0 disable_adds=0
08-12 20:48:29.708  2275  5008 I DFInstaObserve: !toggles disable_feed=1 disable_explore=0 disable_reels=0 disable_stories=0 disable_adds=0
08-12 20:48:29.713  2275  5008 I DFInstaObserve: !toggles disable_feed=1 disable_explore=0 disable_reels=0 disable_stories=0 disable_adds=0
08-12 20:48:29.753  2275  5008 I DFInstaObserve: !toggles disable_feed=1 disable_explore=0 disable_reels=0 disable_stories=0 disable_adds=0
08-12 20:48:30.415  2275  5110 I DFInstaObserve: !toggles disable_feed=1 disable_explore=0 disable_reels=0 disable_stories=0 disable_adds=0
08-12 20:48:30.418  2275  5111 I DFInstaObserve: !toggles disable_feed=1 disable_explore=0 disable_reels=0 disable_stories=0 disable_adds=0
08-12 20:48:32.423  2275  5111 I DFInstaObserve: !toggles disable_feed=1 disable_explore=0 disable_reels=0 disable_stories=0 disable_adds=0
08-12 20:48:32.460  2275  5111 I DFInstaObserve: !toggles disable_feed=1 disable_explore=0 disable_reels=0 disable_stories=0 disable_adds=0
08-12 20:48:32.654  2275  5126 I DFInstaObserve: !toggles disable_feed=1 disable_explore=0 disable_reels=0 disable_stories=0 disable_adds=0
08-12 20:48:32.654  2275  5126 I DFInstaObserve: /clips/discover
08-12 20:48:32.654  2275  5126 I DFInstaObserve: /clips/discover/stream/
08-12 20:48:32.662  2275  5145 I DFInstaObserve: !toggles disable_feed=1 disable_explore=0 disable_reels=0 disable_stories=0 disable_adds=0
08-12 20:48:32.693  2275  5145 I DFInstaObserve: !toggles disable_feed=1 disable_explore=0 disable_reels=0 disable_stories=0 disable_adds=0
08-12 20:48:33.092  2275  5145 I DFInstaObserve: !toggles disable_feed=1 disable_explore=0 disable_reels=0 disable_stories=0 disable_adds=0
08-12 20:48:33.117  2275  5145 I DFInstaObserve: !toggles disable_feed=1 disable_explore=0 disable_reels=0 disable_stories=0 disable_adds=0
08-12 20:48:33.144  2275  5145 I DFInstaObserve: !toggles disable_feed=1 disable_explore=0 disable_reels=0 disable_stories=0 disable_adds=0
08-12 20:48:33.217  2275  2838 I DFInstaObserve: !toggles disable_feed=1 disable_explore=0 disable_reels=0 disable_stories=0 disable_adds=0
08-12 20:48:35.246  2275  5145 I DFInstaObserve: !toggles disable_feed=1 disable_explore=0 disable_reels=0 disable_stories=0 disable_adds=0
08-12 20:48:35.268  2275  5145 I DFInstaObserve: !toggles disable_feed=1 disable_explore=0 disable_reels=0 disable_stories=0 disable_adds=0
08-12 20:48:37.085  2275  4777 I DFInstaObserve: !toggles disable_feed=1 disable_explore=0 disable_reels=0 disable_stories=0 disable_adds=0
08-12 20:48:37.092  2275  4777 I DFInstaObserve: !toggles disable_feed=1 disable_explore=0 disable_reels=0 disable_stories=0 disable_adds=0
08-12 20:48:37.129  2275  4777 I DFInstaObserve: !toggles disable_feed=1 disable_explore=0 disable_reels=0 disable_stories=0 disable_adds=0
08-12 20:48:37.153  2275  4850 I DFInstaObserve: !toggles disable_feed=1 disable_explore=0 disable_reels=0 disable_stories=0 disable_adds=0
08-12 20:48:37.225  2275  2721 I DFInstaObserve: !toggles disable_feed=1 disable_explore=0 disable_reels=0 disable_stories=0 disable_adds=0
08-12 20:48:37.321  2275  2721 I DFInstaObserve: !toggles disable_feed=1 disable_explore=0 disable_reels=0 disable_stories=0 disable_adds=0
08-12 20:48:37.353  2275  5008 I DFInstaObserve: !toggles disable_feed=1 disable_explore=0 disable_reels=0 disable_stories=0 disable_adds=0
08-12 20:48:37.359  2275  5008 I DFInstaObserve: !toggles disable_feed=1 disable_explore=0 disable_reels=0 disable_stories=0 disable_adds=0
08-12 20:48:37.365  2275  2721 I DFInstaObserve: !toggles disable_feed=1 disable_explore=0 disable_reels=0 disable_stories=0 disable_adds=0
08-12 20:48:37.390  2275  4850 I DFInstaObserve: !toggles disable_feed=1 disable_explore=0 disable_reels=0 disable_stories=0 disable_adds=0
08-12 20:48:37.414  2275  2721 I DFInstaObserve: !toggles disable_feed=1 disable_explore=0 disable_reels=0 disable_stories=0 disable_adds=0
08-12 20:48:37.474  2275  2721 I DFInstaObserve: !toggles disable_feed=1 disable_explore=0 disable_reels=0 disable_stories=0 disable_adds=0
08-12 20:48:37.487  2275  4850 I DFInstaObserve: !toggles disable_feed=1 disable_explore=0 disable_reels=0 disable_stories=0 disable_adds=0
08-12 20:48:37.570  2275  2721 I DFInstaObserve: !toggles disable_feed=1 disable_explore=0 disable_reels=0 disable_stories=0 disable_adds=0
08-12 20:48:37.618  2275  2721 I DFInstaObserve: !toggles disable_feed=1 disable_explore=0 disable_reels=0 disable_stories=0 disable_adds=0
08-12 20:48:37.792  2275  2721 I DFInstaObserve: !toggles disable_feed=1 disable_explore=0 disable_reels=0 disable_stories=0 disable_adds=0
08-12 20:48:38.491  2275  5168 I DFInstaObserve: !toggles disable_feed=1 disable_explore=0 disable_reels=0 disable_stories=0 disable_adds=0
08-12 20:48:38.491  2275  5169 I DFInstaObserve: !toggles disable_feed=1 disable_explore=0 disable_reels=0 disable_stories=0 disable_adds=0
08-12 20:48:39.713  2275  4777 I DFInstaObserve: !toggles disable_feed=1 disable_explore=0 disable_reels=0 disable_stories=0 disable_adds=0
08-12 20:48:39.754  2275  4777 I DFInstaObserve: !toggles disable_feed=1 disable_explore=0 disable_reels=0 disable_stories=0 disable_adds=0
08-12 20:48:41.855  2275  5199 I DFInstaObserve: !toggles disable_feed=1 disable_explore=0 disable_reels=0 disable_stories=0 disable_adds=0
08-12 20:48:41.855  2275  5198 I DFInstaObserve: !toggles disable_feed=1 disable_explore=0 disable_reels=0 disable_stories=0 disable_adds=0
08-12 20:48:42.584  2275  5187 I DFInstaObserve: !toggles disable_feed=1 disable_explore=0 disable_reels=0 disable_stories=0 disable_adds=0
08-12 20:48:43.016  2275  2838 I DFInstaObserve: !toggles disable_feed=1 disable_explore=0 disable_reels=0 disable_stories=0 disable_adds=0
08-12 20:48:59.566  2275  4988 I DFInstaObserve: !toggles disable_feed=1 disable_explore=0 disable_reels=0 disable_stories=0 disable_adds=0
08-12 20:48:59.567  2275  4988 I DFInstaObserve: /clips/discover
08-12 20:48:59.567  2275  4988 I DFInstaObserve: /clips/discover/stream/
08-12 20:49:03.366  2275  2721 I DFInstaObserve: !toggles disable_feed=1 disable_explore=0 disable_reels=0 disable_stories=0 disable_adds=0
08-12 20:49:03.527  2275  2721 I DFInstaObserve: !toggles disable_feed=1 disable_explore=0 disable_reels=0 disable_stories=0 disable_adds=0
08-12 20:49:03.750  2275  2721 I DFInstaObserve: !toggles disable_feed=1 disable_explore=0 disable_reels=0 disable_stories=0 disable_adds=0
08-12 20:49:03.870  2275  2721 I DFInstaObserve: !toggles disable_feed=1 disable_explore=0 disable_reels=0 disable_stories=0 disable_adds=0
08-12 20:49:03.918  2275  2721 I DFInstaObserve: !toggles disable_feed=1 disable_explore=0 disable_reels=0 disable_stories=0 disable_adds=0
08-12 20:49:04.231  2275  2721 I DFInstaObserve: !toggles disable_feed=1 disable_explore=0 disable_reels=0 disable_stories=0 disable_adds=0
08-12 20:49:19.076  2275  2838 I DFInstaObserve: !toggles disable_feed=1 disable_explore=0 disable_reels=0 disable_stories=0 disable_adds=0
08-12 20:49:23.288  2275  5341 I DFInstaObserve: !toggles disable_feed=1 disable_explore=0 disable_reels=0 disable_stories=0 disable_adds=0
08-12 20:49:23.301  2275  5341 I DFInstaObserve: !toggles disable_feed=1 disable_explore=0 disable_reels=0 disable_stories=0 disable_adds=0
08-12 20:49:27.178  2275  5372 I DFInstaObserve: !toggles disable_feed=1 disable_explore=0 disable_reels=0 disable_stories=0 disable_adds=0
08-12 20:49:27.263  2275  5380 I DFInstaObserve: !toggles disable_feed=1 disable_explore=0 disable_reels=0 disable_stories=0 disable_adds=0
08-12 20:49:29.246  2275  5371 I DFInstaObserve: !toggles disable_feed=1 disable_explore=0 disable_reels=0 disable_stories=0 disable_adds=0
08-12 20:49:29.589  2275  5379 I DFInstaObserve: !toggles disable_feed=1 disable_explore=0 disable_reels=0 disable_stories=0 disable_adds=0
08-12 20:49:30.202  2275  4850 I DFInstaObserve: !toggles disable_feed=1 disable_explore=0 disable_reels=0 disable_stories=0 disable_adds=0
08-12 20:49:30.202  2275  4850 I DFInstaObserve: /discover/topical_explore
08-12 20:49:30.925  2275  5430 I DFInstaObserve: !toggles disable_feed=1 disable_explore=0 disable_reels=0 disable_stories=0 disable_adds=0
08-12 20:49:32.693  2275  5414 I DFInstaObserve: !toggles disable_feed=1 disable_explore=0 disable_reels=0 disable_stories=0 disable_adds=0
08-12 20:49:32.908  2275  5421 I DFInstaObserve: !toggles disable_feed=1 disable_explore=0 disable_reels=0 disable_stories=0 disable_adds=0
08-12 20:49:33.965  2275  4777 I DFInstaObserve: !toggles disable_feed=1 disable_explore=0 disable_reels=0 disable_stories=0 disable_adds=0
08-12 20:49:33.972  2275  4777 I DFInstaObserve: !toggles disable_feed=1 disable_explore=0 disable_reels=0 disable_stories=0 disable_adds=0
08-12 20:49:34.173  2275  4777 I DFInstaObserve: !toggles disable_feed=1 disable_explore=0 disable_reels=0 disable_stories=0 disable_adds=0
08-12 20:49:34.178  2275  5464 I DFInstaObserve: !toggles disable_feed=1 disable_explore=0 disable_reels=0 disable_stories=0 disable_adds=0
08-12 20:49:34.241  2275  2721 I DFInstaObserve: !toggles disable_feed=1 disable_explore=0 disable_reels=0 disable_stories=0 disable_adds=0
08-12 20:49:34.248  2275  5126 I DFInstaObserve: !toggles disable_feed=1 disable_explore=0 disable_reels=0 disable_stories=0 disable_adds=0
08-12 20:49:34.263  2275  4850 I DFInstaObserve: !toggles disable_feed=1 disable_explore=0 disable_reels=0 disable_stories=0 disable_adds=0
08-12 20:49:34.310  2275  4850 I DFInstaObserve: !toggles disable_feed=1 disable_explore=0 disable_reels=0 disable_stories=0 disable_adds=0
08-12 20:49:34.316  2275  2721 I DFInstaObserve: !toggles disable_feed=1 disable_explore=0 disable_reels=0 disable_stories=0 disable_adds=0
08-12 20:49:34.320  2275  5448 I DFInstaObserve: !toggles disable_feed=1 disable_explore=0 disable_reels=0 disable_stories=0 disable_adds=0
08-12 20:49:34.350  2275  5459 I DFInstaObserve: !toggles disable_feed=1 disable_explore=0 disable_reels=0 disable_stories=0 disable_adds=0
08-12 20:49:34.366  2275  5459 I DFInstaObserve: !toggles disable_feed=1 disable_explore=0 disable_reels=0 disable_stories=0 disable_adds=0
08-12 20:49:34.366  2275  2721 I DFInstaObserve: !toggles disable_feed=1 disable_explore=0 disable_reels=0 disable_stories=0 disable_adds=0
08-12 20:49:34.408  2275  4850 I DFInstaObserve: !toggles disable_feed=1 disable_explore=0 disable_reels=0 disable_stories=0 disable_adds=0
08-12 20:49:34.434  2275  4850 I DFInstaObserve: !toggles disable_feed=1 disable_explore=0 disable_reels=0 disable_stories=0 disable_adds=0
08-12 20:49:34.477  2275  5126 I DFInstaObserve: !toggles disable_feed=1 disable_explore=0 disable_reels=0 disable_stories=0 disable_adds=0
08-12 20:49:34.512  2275  4850 I DFInstaObserve: !toggles disable_feed=1 disable_explore=0 disable_reels=0 disable_stories=0 disable_adds=0
08-12 20:49:34.538  2275  4850 I DFInstaObserve: !toggles disable_feed=1 disable_explore=0 disable_reels=0 disable_stories=0 disable_adds=0
08-12 20:49:34.559  2275  4850 I DFInstaObserve: !toggles disable_feed=1 disable_explore=0 disable_reels=0 disable_stories=0 disable_adds=0
08-12 20:49:34.562  2275  2721 I DFInstaObserve: !toggles disable_feed=1 disable_explore=0 disable_reels=0 disable_stories=0 disable_adds=0
08-12 20:49:34.611  2275  5459 I DFInstaObserve: !toggles disable_feed=1 disable_explore=0 disable_reels=0 disable_stories=0 disable_adds=0
08-12 20:49:34.631  2275  2721 I DFInstaObserve: !toggles disable_feed=1 disable_explore=0 disable_reels=0 disable_stories=0 disable_adds=0
08-12 20:49:34.637  2275  5459 I DFInstaObserve: !toggles disable_feed=1 disable_explore=0 disable_reels=0 disable_stories=0 disable_adds=0
08-12 20:49:34.680  2275  2721 I DFInstaObserve: !toggles disable_feed=1 disable_explore=0 disable_reels=0 disable_stories=0 disable_adds=0
08-12 20:49:34.688  2275  5459 I DFInstaObserve: !toggles disable_feed=1 disable_explore=0 disable_reels=0 disable_stories=0 disable_adds=0
08-12 20:49:34.695  2275  5448 I DFInstaObserve: !toggles disable_feed=1 disable_explore=0 disable_reels=0 disable_stories=0 disable_adds=0
08-12 20:49:34.719  2275  5126 I DFInstaObserve: !toggles disable_feed=1 disable_explore=0 disable_reels=0 disable_stories=0 disable_adds=0
08-12 20:49:34.734  2275  2721 I DFInstaObserve: !toggles disable_feed=1 disable_explore=0 disable_reels=0 disable_stories=0 disable_adds=0
08-12 20:49:34.734  2275  5459 I DFInstaObserve: !toggles disable_feed=1 disable_explore=0 disable_reels=0 disable_stories=0 disable_adds=0
08-12 20:49:34.868  2275  2721 I DFInstaObserve: !toggles disable_feed=1 disable_explore=0 disable_reels=0 disable_stories=0 disable_adds=0
08-12 20:49:34.913  2275  2721 I DFInstaObserve: !toggles disable_feed=1 disable_explore=0 disable_reels=0 disable_stories=0 disable_adds=0
08-12 20:49:34.963  2275  2721 I DFInstaObserve: !toggles disable_feed=1 disable_explore=0 disable_reels=0 disable_stories=0 disable_adds=0
08-12 20:49:35.026  2275  2721 I DFInstaObserve: !toggles disable_feed=1 disable_explore=0 disable_reels=0 disable_stories=0 disable_adds=0
08-12 20:49:35.195  2275  2721 I DFInstaObserve: !toggles disable_feed=1 disable_explore=0 disable_reels=0 disable_stories=0 disable_adds=0
08-12 20:49:35.762  2275  5452 I DFInstaObserve: !toggles disable_feed=1 disable_explore=0 disable_reels=0 disable_stories=0 disable_adds=0
08-12 20:49:35.917  2275  5452 I DFInstaObserve: !toggles disable_feed=1 disable_explore=0 disable_reels=0 disable_stories=0 disable_adds=0
08-12 20:49:36.886  2275  5460 I DFInstaObserve: !toggles disable_feed=1 disable_explore=0 disable_reels=0 disable_stories=0 disable_adds=0
08-12 20:49:36.961  2275  5460 I DFInstaObserve: !toggles disable_feed=1 disable_explore=0 disable_reels=0 disable_stories=0 disable_adds=0
08-12 20:49:37.008  2275  4874 I DFInstaObserve: !toggles disable_feed=1 disable_explore=0 disable_reels=0 disable_stories=0 disable_adds=0
08-12 20:49:37.008  2275  4874 I DFInstaObserve: /discover/topical_explore
08-12 20:49:39.243  2275  5496 I DFInstaObserve: !toggles disable_feed=1 disable_explore=0 disable_reels=0 disable_stories=0 disable_adds=0
08-12 20:49:39.470  2275  5506 I DFInstaObserve: !toggles disable_feed=1 disable_explore=0 disable_reels=0 disable_stories=0 disable_adds=0
08-12 20:49:40.692  2275  5572 I DFInstaObserve: !toggles disable_feed=1 disable_explore=0 disable_reels=0 disable_stories=0 disable_adds=0
08-12 20:49:40.702  2275  5464 I DFInstaObserve: !toggles disable_feed=1 disable_explore=0 disable_reels=0 disable_stories=0 disable_adds=0
08-12 20:49:40.751  2275  4874 I DFInstaObserve: !toggles disable_feed=1 disable_explore=0 disable_reels=0 disable_stories=0 disable_adds=0
08-12 20:49:40.753  2275  2721 I DFInstaObserve: !toggles disable_feed=1 disable_explore=0 disable_reels=0 disable_stories=0 disable_adds=0
08-12 20:49:40.770  2275  5482 I DFInstaObserve: !toggles disable_feed=1 disable_explore=0 disable_reels=0 disable_stories=0 disable_adds=0
08-12 20:49:40.796  2275  5594 I DFInstaObserve: !toggles disable_feed=1 disable_explore=0 disable_reels=0 disable_stories=0 disable_adds=0
08-12 20:49:40.800  2275  5483 I DFInstaObserve: !toggles disable_feed=1 disable_explore=0 disable_reels=0 disable_stories=0 disable_adds=0
08-12 20:49:40.927  2275  5459 I DFInstaObserve: !toggles disable_feed=1 disable_explore=0 disable_reels=0 disable_stories=0 disable_adds=0
08-12 20:49:40.933  2275  2721 I DFInstaObserve: !toggles disable_feed=1 disable_explore=0 disable_reels=0 disable_stories=0 disable_adds=0
08-12 20:49:40.961  2275  5482 I DFInstaObserve: !toggles disable_feed=1 disable_explore=0 disable_reels=0 disable_stories=0 disable_adds=0
08-12 20:49:41.026  2275  2721 I DFInstaObserve: !toggles disable_feed=1 disable_explore=0 disable_reels=0 disable_stories=0 disable_adds=0
08-12 20:49:41.061  2275  5459 I DFInstaObserve: !toggles disable_feed=1 disable_explore=0 disable_reels=0 disable_stories=0 disable_adds=0
08-12 20:49:41.073  2275  5482 I DFInstaObserve: !toggles disable_feed=1 disable_explore=0 disable_reels=0 disable_stories=0 disable_adds=0
08-12 20:49:41.158  2275  2721 I DFInstaObserve: !toggles disable_feed=1 disable_explore=0 disable_reels=0 disable_stories=0 disable_adds=0
08-12 20:49:41.224  2275  5482 I DFInstaObserve: !toggles disable_feed=1 disable_explore=0 disable_reels=0 disable_stories=0 disable_adds=0
08-12 20:49:41.236  2275  4874 I DFInstaObserve: !toggles disable_feed=1 disable_explore=0 disable_reels=0 disable_stories=0 disable_adds=0
08-12 20:49:41.282  2275  2721 I DFInstaObserve: !toggles disable_feed=1 disable_explore=0 disable_reels=0 disable_stories=0 disable_adds=0
08-12 20:49:41.294  2275  5126 I DFInstaObserve: !toggles disable_feed=1 disable_explore=0 disable_reels=0 disable_stories=0 disable_adds=0
08-12 20:49:41.317  2275  5482 I DFInstaObserve: !toggles disable_feed=1 disable_explore=0 disable_reels=0 disable_stories=0 disable_adds=0
08-12 20:49:41.364  2275  5126 I DFInstaObserve: !toggles disable_feed=1 disable_explore=0 disable_reels=0 disable_stories=0 disable_adds=0
08-12 20:49:41.379  2275  5459 I DFInstaObserve: !toggles disable_feed=1 disable_explore=0 disable_reels=0 disable_stories=0 disable_adds=0
08-12 20:49:41.436  2275  2721 I DFInstaObserve: !toggles disable_feed=1 disable_explore=0 disable_reels=0 disable_stories=0 disable_adds=0
08-12 20:49:41.441  2275  5482 I DFInstaObserve: !toggles disable_feed=1 disable_explore=0 disable_reels=0 disable_stories=0 disable_adds=0
08-12 20:49:41.465  2275  5126 I DFInstaObserve: !toggles disable_feed=1 disable_explore=0 disable_reels=0 disable_stories=0 disable_adds=0
08-12 20:49:41.490  2275  5459 I DFInstaObserve: !toggles disable_feed=1 disable_explore=0 disable_reels=0 disable_stories=0 disable_adds=0
08-12 20:49:41.510  2275  4874 I DFInstaObserve: !toggles disable_feed=1 disable_explore=0 disable_reels=0 disable_stories=0 disable_adds=0
08-12 20:49:41.528  2275  2721 I DFInstaObserve: !toggles disable_feed=1 disable_explore=0 disable_reels=0 disable_stories=0 disable_adds=0
08-12 20:49:41.548  2275  4874 I DFInstaObserve: !toggles disable_feed=1 disable_explore=0 disable_reels=0 disable_stories=0 disable_adds=0
08-12 20:49:41.581  2275  5126 I DFInstaObserve: !toggles disable_feed=1 disable_explore=0 disable_reels=0 disable_stories=0 disable_adds=0
08-12 20:49:41.644  2275  5482 I DFInstaObserve: !toggles disable_feed=1 disable_explore=0 disable_reels=0 disable_stories=0 disable_adds=0
08-12 20:49:41.929  2275  2721 I DFInstaObserve: !toggles disable_feed=1 disable_explore=0 disable_reels=0 disable_stories=0 disable_adds=0
08-12 20:49:41.988  2275  2721 I DFInstaObserve: !toggles disable_feed=1 disable_explore=0 disable_reels=0 disable_stories=0 disable_adds=0
08-12 20:49:42.060  2275  2721 I DFInstaObserve: !toggles disable_feed=1 disable_explore=0 disable_reels=0 disable_stories=0 disable_adds=0
08-12 20:49:42.119  2275  2721 I DFInstaObserve: !toggles disable_feed=1 disable_explore=0 disable_reels=0 disable_stories=0 disable_adds=0
08-12 20:49:42.473  2275  2721 I DFInstaObserve: !toggles disable_feed=1 disable_explore=0 disable_reels=0 disable_stories=0 disable_adds=0
08-12 20:49:42.510  2275  5550 I DFInstaObserve: !toggles disable_feed=1 disable_explore=0 disable_reels=0 disable_stories=0 disable_adds=0
08-12 20:49:42.549  2275  5550 I DFInstaObserve: !toggles disable_feed=1 disable_explore=0 disable_reels=0 disable_stories=0 disable_adds=0
08-12 20:49:42.554  2275  2721 I DFInstaObserve: !toggles disable_feed=1 disable_explore=0 disable_reels=0 disable_stories=0 disable_adds=0
08-12 20:49:42.810  2275  2721 I DFInstaObserve: !toggles disable_feed=1 disable_explore=0 disable_reels=0 disable_stories=0 disable_adds=0
08-12 20:49:42.902  2275  2721 I DFInstaObserve: !toggles disable_feed=1 disable_explore=0 disable_reels=0 disable_stories=0 disable_adds=0
08-12 20:49:42.949  2275  2721 I DFInstaObserve: !toggles disable_feed=1 disable_explore=0 disable_reels=0 disable_stories=0 disable_adds=0
08-12 20:49:43.846  2275  2838 I DFInstaObserve: !toggles disable_feed=1 disable_explore=0 disable_reels=0 disable_stories=0 disable_adds=0
08-12 20:49:44.004  2275  2838 I DFInstaObserve: !toggles disable_feed=1 disable_explore=0 disable_reels=0 disable_stories=0 disable_adds=0
08-12 20:49:45.879  2275  6345 I DFInstaObserve: !toggles disable_feed=1 disable_explore=0 disable_reels=0 disable_stories=0 disable_adds=0
08-12 20:49:45.879  2275  6343 I DFInstaObserve: !toggles disable_feed=1 disable_explore=0 disable_reels=0 disable_stories=0 disable_adds=0
08-12 20:49:48.340  2275  6345 I DFInstaObserve: !toggles disable_feed=1 disable_explore=0 disable_reels=0 disable_stories=0 disable_adds=0
08-12 20:49:48.341  2275  6343 I DFInstaObserve: !toggles disable_feed=1 disable_explore=0 disable_reels=0 disable_stories=0 disable_adds=0
08-12 20:49:51.598  2275  5572 I DFInstaObserve: !toggles disable_feed=1 disable_explore=0 disable_reels=0 disable_stories=0 disable_adds=0
08-12 20:49:51.619  2275  6321 I DFInstaObserve: !toggles disable_feed=1 disable_explore=0 disable_reels=0 disable_stories=0 disable_adds=0
08-12 20:49:51.620  2275  6321 I DFInstaObserve: /clips/discover
08-12 20:49:51.620  2275  6321 I DFInstaObserve: /clips/discover/stream/
08-12 20:49:51.996  2275  5464 I DFInstaObserve: !toggles disable_feed=1 disable_explore=0 disable_reels=0 disable_stories=0 disable_adds=0
08-12 20:49:52.137  2275  2838 I DFInstaObserve: !toggles disable_feed=1 disable_explore=0 disable_reels=0 disable_stories=0 disable_adds=0
08-12 20:49:55.997  2275  5464 I DFInstaObserve: !toggles disable_feed=1 disable_explore=0 disable_reels=0 disable_stories=0 disable_adds=0
08-12 20:49:56.003  2275  5464 I DFInstaObserve: !toggles disable_feed=1 disable_explore=0 disable_reels=0 disable_stories=0 disable_adds=0
08-12 20:49:56.033  2275  6324 I DFInstaObserve: !toggles disable_feed=1 disable_explore=0 disable_reels=0 disable_stories=0 disable_adds=0
08-12 20:49:56.055  2275  2721 I DFInstaObserve: !toggles disable_feed=1 disable_explore=0 disable_reels=0 disable_stories=0 disable_adds=0
08-12 20:49:56.098  2275  2721 I DFInstaObserve: !toggles disable_feed=1 disable_explore=0 disable_reels=0 disable_stories=0 disable_adds=0
08-12 20:49:56.176  2275  2721 I DFInstaObserve: !toggles disable_feed=1 disable_explore=0 disable_reels=0 disable_stories=0 disable_adds=0
08-12 20:49:56.273  2275  5464 I DFInstaObserve: !toggles disable_feed=1 disable_explore=0 disable_reels=0 disable_stories=0 disable_adds=0
08-12 20:49:56.284  2275  5464 I DFInstaObserve: !toggles disable_feed=1 disable_explore=0 disable_reels=0 disable_stories=0 disable_adds=0
08-12 20:49:56.315  2275  6324 I DFInstaObserve: !toggles disable_feed=1 disable_explore=0 disable_reels=0 disable_stories=0 disable_adds=0
08-12 20:49:56.327  2275  2721 I DFInstaObserve: !toggles disable_feed=1 disable_explore=0 disable_reels=0 disable_stories=0 disable_adds=0
08-12 20:49:56.532  2275  6320 I DFInstaObserve: !toggles disable_feed=1 disable_explore=0 disable_reels=0 disable_stories=0 disable_adds=0
08-12 20:49:56.585  2275  2721 I DFInstaObserve: !toggles disable_feed=1 disable_explore=0 disable_reels=0 disable_stories=0 disable_adds=0
08-12 20:49:56.621  2275  2721 I DFInstaObserve: !toggles disable_feed=1 disable_explore=0 disable_reels=0 disable_stories=0 disable_adds=0
08-12 20:49:56.781  2275  2721 I DFInstaObserve: !toggles disable_feed=1 disable_explore=0 disable_reels=0 disable_stories=0 disable_adds=0
08-12 20:49:57.436  2275  7266 I DFInstaObserve: !toggles disable_feed=1 disable_explore=0 disable_reels=0 disable_stories=0 disable_adds=0
08-12 20:49:57.438  2275  7265 I DFInstaObserve: !toggles disable_feed=1 disable_explore=0 disable_reels=0 disable_stories=0 disable_adds=0
08-12 20:50:00.757  2275  7302 I DFInstaObserve: !toggles disable_feed=1 disable_explore=0 disable_reels=0 disable_stories=0 disable_adds=0
08-12 20:50:00.757  2275  7301 I DFInstaObserve: !toggles disable_feed=1 disable_explore=0 disable_reels=0 disable_stories=0 disable_adds=0
08-12 20:50:03.982  2275  7327 I DFInstaObserve: !toggles disable_feed=1 disable_explore=0 disable_reels=0 disable_stories=0 disable_adds=0
08-12 20:50:04.891  2275  6324 I DFInstaObserve: !toggles disable_feed=1 disable_explore=0 disable_reels=0 disable_stories=0 disable_adds=0
08-12 20:50:04.891  2275  6324 I DFInstaObserve: /clips/discover
08-12 20:50:04.891  2275  6324 I DFInstaObserve: /clips/discover/stream/
08-12 20:50:05.305  2275  5572 I DFInstaObserve: !toggles disable_feed=1 disable_explore=0 disable_reels=0 disable_stories=0 disable_adds=0
08-12 20:50:07.353  2275  7346 I DFInstaObserve: !toggles disable_feed=1 disable_explore=0 disable_reels=0 disable_stories=0 disable_adds=0
08-12 20:50:07.354  2275  7345 I DFInstaObserve: !toggles disable_feed=1 disable_explore=0 disable_reels=0 disable_stories=0 disable_adds=0
