08-10 20:54:12.645  3575  3657 I DFInstaObserve: !toggles disable_feed=0 disable_explore=1 disable_reels=0 disable_stories=0 disable_adds=0
08-10 20:54:12.645  3575  3621 I DFInstaObserve: !toggles disable_feed=0 disable_explore=1 disable_reels=0 disable_stories=0 disable_adds=0
08-10 20:54:12.645  3575  3657 I DFInstaObserve: /feed/timeline/
08-10 20:54:12.645  3575  3621 I DFInstaObserve: /feed/reels_tray/
08-10 20:54:12.833  3575  3649 I DFInstaObserve: !toggles disable_feed=0 disable_explore=1 disable_reels=0 disable_stories=0 disable_adds=0
08-10 20:54:12.833  3575  3649 I DFInstaObserve: /clips/discover
08-10 20:54:12.833  3575  3649 I DFInstaObserve: /clips/discover/stream/
08-10 20:54:13.001  3575  3948 I DFInstaObserve: !toggles disable_feed=0 disable_explore=1 disable_reels=0 disable_stories=0 disable_adds=0
08-10 20:54:13.628  3575  3613 I DFInstaObserve: !toggles disable_feed=0 disable_explore=1 disable_reels=0 disable_stories=0 disable_adds=0
08-10 20:54:13.805  3575  3871 I DFInstaObserve: !toggles disable_feed=0 disable_explore=1 disable_reels=0 disable_stories=0 disable_adds=0
08-10 20:54:13.805  3575  3871 I DFInstaObserve: /discover/topical_explore
08-10 20:54:14.629  3575  3614 I DFInstaObserve: !toggles disable_feed=0 disable_explore=1 disable_reels=0 disable_stories=0 disable_adds=0
08-10 20:54:14.890  3575  3657 I DFInstaObserve: !toggles disable_feed=0 disable_explore=1 disable_reels=0 disable_stories=0 disable_adds=0
08-10 20:54:14.890  3575  3657 I DFInstaObserve: /feed/timeline/
08-10 20:54:14.992  3575  3948 I DFInstaObserve: !toggles disable_feed=0 disable_explore=1 disable_reels=0 disable_stories=0 disable_adds=0
08-10 20:54:15.191  3575  3614 I DFInstaObserve: !toggles disable_feed=0 disable_explore=1 disable_reels=0 disable_stories=0 disable_adds=0
08-10 20:54:15.677  3575  4114 I DFInstaObserve: !toggles disable_feed=0 disable_explore=1 disable_reels=0 disable_stories=0 disable_adds=0
08-10 20:54:15.775  3575  3922 I DFInstaObserve: !toggles disable_feed=0 disable_explore=1 disable_reels=0 disable_stories=0 disable_adds=0
08-10 20:54:15.860  3575  3922 I DFInstaObserve: !toggles disable_feed=0 disable_explore=1 disable_reels=0 disable_stories=0 disable_adds=0
08-10 20:54:16.344  3575  3922 I DFInstaObserve: !toggles disable_feed=0 disable_explore=1 disable_reels=0 disable_stories=0 disable_adds=0
08-10 20:54:16.568  3575  3922 I DFInstaObserve: !toggles disable_feed=0 disable_explore=1 disable_reels=0 disable_stories=0 disable_adds=0
08-10 20:54:16.595  3575  3922 I DFInstaObserve: !toggles disable_feed=0 disable_explore=1 disable_reels=0 disable_stories=0 disable_adds=0
08-10 20:54:16.741  3575  3922 I DFInstaObserve: !toggles disable_feed=0 disable_explore=1 disable_reels=0 disable_stories=0 disable_adds=0
08-10 20:54:16.776  3575  3922 I DFInstaObserve: !toggles disable_feed=0 disable_explore=1 disable_reels=0 disable_stories=0 disable_adds=0
08-10 20:54:16.810  3575  3649 I DFInstaObserve: !toggles disable_feed=0 disable_explore=1 disable_reels=0 disable_stories=0 disable_adds=0
08-10 20:54:16.899  3575  4150 I DFInstaObserve: !toggles disable_feed=0 disable_explore=1 disable_reels=0 disable_stories=0 disable_adds=0
08-10 20:54:16.933  3575  4149 I DFInstaObserve: !toggles disable_feed=0 disable_explore=1 disable_reels=0 disable_stories=0 disable_adds=0
08-10 20:54:16.940  3575  4114 I DFInstaObserve: !toggles disable_feed=0 disable_explore=1 disable_reels=0 disable_stories=0 disable_adds=0
08-10 20:54:17.015  3575  3922 I DFInstaObserve: !toggles disable_feed=0 disable_explore=1 disable_reels=0 disable_stories=0 disable_adds=0
08-10 20:54:17.290  3575  3871 I DFInstaObserve: !toggles disable_feed=0 disable_explore=1 disable_reels=0 disable_stories=0 disable_adds=0
08-10 20:54:17.388  3575  3770 I DFInstaObserve: !toggles disable_feed=0 disable_explore=1 disable_reels=0 disable_stories=0 disable_adds=0
08-10 20:54:17.724  3575  3614 I DFInstaObserve: !toggles disable_feed=0 disable_explore=1 disable_reels=0 disable_stories=0 disable_adds=0
08-10 20:54:17.729  3575  3614 I DFInstaObserve: !toggles disable_feed=0 disable_explore=1 disable_reels=0 disable_stories=0 disable_adds=0
08-10 20:54:17.767  3575  4149 I DFInstaObserve: !toggles disable_feed=0 disable_explore=1 disable_reels=0 disable_stories=0 disable_adds=0
08-10 20:54:17.774  3575  4114 I DFInstaObserve: !toggles disable_feed=0 disable_explore=1 disable_reels=0 disable_stories=0 disable_adds=0
08-10 20:54:17.834  3575  4223 I DFInstaObserve: !toggles disable_feed=0 disable_explore=1 disable_reels=0 disable_stories=0 disable_adds=0
08-10 20:54:18.092  3575  4223 I DFInstaObserve: !toggles disable_feed=0 disable_explore=1 disable_reels=0 disable_stories=0 disable_adds=0
08-10 20:54:18.789  3575  3922 I DFInstaObserve: !toggles disable_feed=0 disable_explore=1 disable_reels=0 disable_stories=0 disable_adds=0
08-10 20:54:18.833  3575  3922 I DFInstaObserve: !toggles disable_feed=0 disable_explore=1 disable_reels=0 disable_stories=0 disable_adds=0
08-10 20:54:18.840  3575  4250 I DFInstaObserve: !toggles disable_feed=0 disable_explore=1 disable_reels=0 disable_stories=0 disable_adds=0
08-10 20:54:18.867  3575  3922 I DFInstaObserve: !toggles disable_feed=0 disable_explore=1 disable_reels=0 disable_stories=0 disable_adds=0
08-10 20:54:19.306  3575  3948 I DFInstaObserve: !toggles disable_feed=0 disable_explore=1 disable_reels=0 disable_stories=0 disable_adds=0
08-10 20:54:30.157  3575  4149 I DFInstaObserve: !toggles disable_feed=0 disable_explore=1 disable_reels=0 disable_stories=0 disable_adds=0
08-10 20:54:30.157  3575  4149 I DFInstaObserve: /feed/timeline/
08-10 20:54:30.159  3575  4140 I DFInstaObserve: !toggles disable_feed=0 disable_explore=1 disable_reels=0 disable_stories=0 disable_adds=0
08-10 20:54:30.160  3575  4140 I DFInstaObserve: /feed/reels_tray/
08-10 20:54:30.580  3575  4304 I DFInstaObserve: !toggles disable_feed=0 disable_explore=1 disable_reels=0 disable_stories=0 disable_adds=0
08-10 20:54:30.580  3575  4304 I DFInstaObserve: /feed/reels_media_stream/
08-10 20:54:31.035  3575  4225 I DFInstaObserve: !toggles disable_feed=0 disable_explore=1 disable_reels=0 disable_stories=0 disable_adds=0
08-10 20:54:31.042  3575  4225 I DFInstaObserve: !toggles disable_feed=0 disable_explore=1 disable_reels=0 disable_stories=0 disable_adds=0
08-10 20:54:31.084  3575  4251 I DFInstaObserve: !toggles disable_feed=0 disable_explore=1 disable_reels=0 disable_stories=0 disable_adds=0
08-10 20:54:31.104  3575  3922 I DFInstaObserve: !toggles disable_feed=0 disable_explore=1 disable_reels=0 disable_stories=0 disable_adds=0
08-10 20:54:31.596  3575  4225 I DFInstaObserve: !toggles disable_feed=0 disable_explore=1 disable_reels=0 disable_stories=0 disable_adds=0
08-10 20:54:31.628  3575  3922 I DFInstaObserve: !toggles disable_feed=0 disable_explore=1 disable_reels=0 disable_stories=0 disable_adds=0
08-10 20:54:31.647  3575  4225 I DFInstaObserve: !toggles disable_feed=0 disable_explore=1 disable_reels=0 disable_stories=0 disable_adds=0
08-10 20:54:31.866  3575  4251 I DFInstaObserve: !toggles disable_feed=0 disable_explore=1 disable_reels=0 disable_stories=0 disable_adds=0
08-10 20:54:31.866  3575  4251 I DFInstaObserve: /feed/timeline/
08-10 20:54:39.281  3575  4149 I DFInstaObserve: !toggles disable_feed=0 disable_explore=1 disable_reels=0 disable_stories=0 disable_adds=0
08-10 20:54:39.281  3575  4149 I DFInstaObserve: /feed/timeline/
08-10 20:54:39.285  3575  4251 I DFInstaObserve: !toggles disable_feed=0 disable_explore=1 disable_reels=0 disable_stories=0 disable_adds=0
08-10 20:54:39.285  3575  4251 I DFInstaObserve: /feed/reels_tray/
08-10 20:54:40.861  3575  3614 I DFInstaObserve: !toggles disable_feed=0 disable_explore=1 disable_reels=0 disable_stories=0 disable_adds=0
08-10 20:54:40.872  3575  3922 I DFInstaObserve: !toggles disable_feed=0 disable_explore=1 disable_reels=0 disable_stories=0 disable_adds=0
08-10 20:54:40.874  3575  3614 I DFInstaObserve: !toggles disable_feed=0 disable_explore=1 disable_reels=0 disable_stories=0 disable_adds=0
08-10 20:54:41.610  3575  4225 I DFInstaObserve: !toggles disable_feed=0 disable_explore=1 disable_reels=0 disable_stories=0 disable_adds=0
08-10 20:54:41.615  3575  4225 I DFInstaObserve: !toggles disable_feed=0 disable_explore=1 disable_reels=0 disable_stories=0 disable_adds=0
08-10 20:54:41.651  3575  3922 I DFInstaObserve: !toggles disable_feed=0 disable_explore=1 disable_reels=0 disable_stories=0 disable_adds=0
08-10 20:54:41.708  3575  3922 I DFInstaObserve: !toggles disable_feed=0 disable_explore=1 disable_reels=0 disable_stories=0 disable_adds=0
08-10 20:54:41.770  3575  4149 I DFInstaObserve: !toggles disable_feed=0 disable_explore=1 disable_reels=0 disable_stories=0 disable_adds=0
08-10 20:54:41.771  3575  4149 I DFInstaObserve: /feed/timeline/
08-10 20:54:41.949  3575  3922 I DFInstaObserve: !toggles disable_feed=0 disable_explore=1 disable_reels=0 disable_stories=0 disable_adds=0
08-10 20:54:44.113  3575  4225 I DFInstaObserve: !toggles disable_feed=0 disable_explore=1 disable_reels=0 disable_stories=0 disable_adds=0
08-10 20:54:44.118  3575  4225 I DFInstaObserve: !toggles disable_feed=0 disable_explore=1 disable_reels=0 disable_stories=0 disable_adds=0
08-10 20:54:44.176  3575  4251 I DFInstaObserve: !toggles disable_feed=0 disable_explore=1 disable_reels=0 disable_stories=0 disable_adds=0
08-10 20:54:44.217  3575  3922 I DFInstaObserve: !toggles disable_feed=0 disable_explore=1 disable_reels=0 disable_stories=0 disable_adds=0
08-10 20:54:44.401  3575  3922 I DFInstaObserve: !toggles disable_feed=0 disable_explore=1 disable_reels=0 disable_stories=0 disable_adds=0
08-10 20:54:51.804  3575  3614 I DFInstaObserve: !toggles disable_feed=0 disable_explore=1 disable_reels=0 disable_stories=0 disable_adds=0
08-10 20:54:52.077  3575  4388 I DFInstaObserve: !toggles disable_feed=0 disable_explore=1 disable_reels=0 disable_stories=0 disable_adds=0
08-10 20:54:57.494  3575  4387 I DFInstaObserve: !toggles disable_feed=0 disable_explore=1 disable_reels=0 disable_stories=0 disable_adds=0
08-10 20:54:58.564  3575  3614 I DFInstaObserve: !toggles disable_feed=0 disable_explore=1 disable_reels=0 disable_stories=0 disable_adds=0
08-10 20:54:59.075  3575  4471 I DFInstaObserve: !toggles disable_feed=0 disable_explore=1 disable_reels=0 disable_stories=0 disable_adds=0
08-10 20:54:59.088  3575  4469 I DFInstaObserve: !toggles disable_feed=0 disable_explore=1 disable_reels=0 disable_stories=0 disable_adds=0
08-10 20:55:01.059  3575  4418 I DFInstaObserve: !toggles disable_feed=0 disable_explore=1 disable_reels=0 disable_stories=0 disable_adds=0
08-10 20:55:01.872  3575  3614 I DFInstaObserve: !toggles disable_feed=0 disable_explore=1 disable_reels=0 disable_stories=0 disable_adds=0
08-10 20:55:02.194  3575  4491 I DFInstaObserve: !toggles disable_feed=0 disable_explore=1 disable_reels=0 disable_stories=0 disable_adds=0
08-10 20:55:04.171  3575  4469 I DFInstaObserve: !toggles disable_feed=0 disable_explore=1 disable_reels=0 disable_stories=0 disable_adds=0
08-10 20:55:07.477  3575  4491 I DFInstaObserve: !toggles disable_feed=0 disable_explore=1 disable_reels=0 disable_stories=0 disable_adds=0
08-10 20:55:08.467  3575  4225 I DFInstaObserve: !toggles disable_feed=0 disable_explore=1 disable_reels=0 disable_stories=0 disable_adds=0
08-10 20:55:08.751  3575  4140 I DFInstaObserve: !toggles disable_feed=0 disable_explore=1 disable_reels=0 disable_stories=0 disable_adds=0
08-10 20:55:08.751  3575  4140 I DFInstaObserve: /feed/timeline/
08-10 20:55:11.520  3575  3614 I DFInstaObserve: !toggles disable_feed=0 disable_explore=1 disable_reels=0 disable_stories=0 disable_adds=0
08-10 20:55:11.527  3575  3614 I DFInstaObserve: !toggles disable_feed=0 disable_explore=1 disable_reels=0 disable_stories=0 disable_adds=0
08-10 20:55:11.585  3575  4538 I DFInstaObserve: !toggles disable_feed=0 disable_explore=1 disable_reels=0 disable_stories=0 disable_adds=0
08-10 20:55:11.592  3575  4354 I DFInstaObserve: !toggles disable_feed=0 disable_explore=1 disable_reels=0 disable_stories=0 disable_adds=0
08-10 20:55:11.641  3575  4251 I DFInstaObserve: !toggles disable_feed=0 disable_explore=1 disable_reels=0 disable_stories=0 disable_adds=0
08-10 20:55:11.655  3575  4354 I DFInstaObserve: !toggles disable_feed=0 disable_explore=1 disable_reels=0 disable_stories=0 disable_adds=0
08-10 20:55:11.681  3575  4251 I DFInstaObserve: !toggles disable_feed=0 disable_explore=1 disable_reels=0 disable_stories=0 disable_adds=0
08-10 20:55:11.694  3575  4538 I DFInstaObserve: !toggles disable_feed=0 disable_explore=1 disable_reels=0 disable_stories=0 disable_adds=0
08-10 20:55:11.704  3575  3922 I DFInstaObserve: !toggles disable_feed=0 disable_explore=1 disable_reels=0 disable_stories=0 disable_adds=0
08-10 20:55:11.773  3575  3922 I DFInstaObserve: !toggles disable_feed=0 disable_explore=1 disable_reels=0 disable_stories=0 disable_adds=0
08-10 20:55:11.933  3575  3922 I DFInstaObserve: !toggles disable_feed=0 disable_explore=1 disable_reels=0 disable_stories=0 disable_adds=0
08-10 20:55:11.968  3575  3922 I DFInstaObserve: !toggles disable_feed=0 disable_explore=1 disable_reels=0 disable_stories=0 disable_adds=0
08-10 20:55:12.005  3575  3922 I DFInstaObserve: !toggles disable_feed=0 disable_explore=1 disable_reels=0 disable_stories=0 disable_adds=0
08-10 20:55:12.049  3575  3922 I DFInstaObserve: !toggles disable_feed=0 disable_explore=1 disable_reels=0 disable_stories=0 disable_adds=0
08-10 20:55:14.169  3575  4140 I DFInstaObserve: !toggles disable_feed=0 disable_explore=1 disable_reels=0 disable_stories=0 disable_adds=0
08-10 20:55:14.248  3575  4538 I DFInstaObserve: !toggles disable_feed=0 disable_explore=1 disable_reels=0 disable_stories=0 disable_adds=0
08-10 20:55:14.248  3575  4538 I DFInstaObserve: /discover/topical_explore
08-10 20:55:14.252  3575  4354 I DFInstaObserve: !toggles disable_feed=0 disable_explore=1 disable_reels=0 disable_stories=0 disable_adds=0
08-10 20:55:15.260  3575  3948 I DFInstaObserve: !toggles disable_feed=0 disable_explore=1 disable_reels=0 disable_stories=0 disable_adds=0
08-10 20:55:15.332  3575  3948 I DFInstaObserve: !toggles disable_feed=0 disable_explore=1 disable_reels=0 disable_stories=0 disable_adds=0
08-10 20:55:19.349  3575  4601 I DFInstaObserve: !toggles disable_feed=0 disable_explore=1 disable_reels=0 disable_stories=0 disable_adds=0
08-10 20:55:19.406  3575  4608 I DFInstaObserve: !toggles disable_feed=0 disable_explore=1 disable_reels=0 disable_stories=0 disable_adds=0
08-10 20:55:23.219  3575  4587 I DFInstaObserve: !toggles disable_feed=0 disable_explore=1 disable_reels=0 disable_stories=0 disable_adds=0
08-10 20:55:23.219  3575  4587 I DFInstaObserve: /discover/topical_explore
08-10 20:55:23.744  3575  4587 I DFInstaObserve: !toggles disable_feed=0 disable_explore=1 disable_reels=0 disable_stories=0 disable_adds=0
08-10 20:55:23.744  3575  4587 I DFInstaObserve: /discover/topical_explore
08-10 20:55:29.143  3575  4784 I DFInstaObserve: !toggles disable_feed=0 disable_explore=1 disable_reels=0 disable_stories=0 disable_adds=0
08-10 20:55:29.248  3575  4779 I DFInstaObserve: !toggles disable_feed=0 disable_explore=1 disable_reels=0 disable_stories=0 disable_adds=0
08-10 20:55:32.379  3575  4829 I DFInstaObserve: !toggles disable_feed=0 disable_explore=1 disable_reels=0 disable_stories=0 disable_adds=0
08-10 20:55:32.593  3575  4846 I DFInstaObserve: !toggles disable_feed=0 disable_explore=1 disable_reels=0 disable_stories=0 disable_adds=0
08-10 20:55:33.208  3575  4140 I DFInstaObserve: !toggles disable_feed=0 disable_explore=1 disable_reels=0 disable_stories=0 disable_adds=0
08-10 20:55:33.208  3575  4140 I DFInstaObserve: /discover/topical_explore
08-10 20:55:33.676  3575  4588 I DFInstaObserve: !toggles disable_feed=0 disable_explore=1 disable_reels=0 disable_stories=0 disable_adds=0
08-10 20:55:33.676  3575  4588 I DFInstaObserve: /discover/topical_explore
08-10 20:55:35.877  3575  4883 I DFInstaObserve: !toggles disable_feed=0 disable_explore=1 disable_reels=0 disable_stories=0 disable_adds=0
08-10 20:55:36.034  3575  4883 I DFInstaObserve: !toggles disable_feed=0 disable_explore=1 disable_reels=0 disable_stories=0 disable_adds=0
08-10 20:55:39.103  3575  4936 I DFInstaObserve: !toggles disable_feed=0 disable_explore=1 disable_reels=0 disable_stories=0 disable_adds=0
08-10 20:55:39.344  3575  4944 I DFInstaObserve: !toggles disable_feed=0 disable_explore=1 disable_reels=0 disable_stories=0 disable_adds=0
08-10 20:55:40.267  3575  4992 I DFInstaObserve: !toggles disable_feed=0 disable_explore=1 disable_reels=0 disable_stories=0 disable_adds=0
08-10 20:55:42.461  3575  4991 I DFInstaObserve: !toggles disable_feed=0 disable_explore=1 disable_reels=0 disable_stories=0 disable_adds=0
08-10 20:55:42.800  3575  4998 I DFInstaObserve: !toggles disable_feed=0 disable_explore=1 disable_reels=0 disable_stories=0 disable_adds=0
08-10 20:55:44.962  3575  4991 I DFInstaObserve: !toggles disable_feed=0 disable_explore=1 disable_reels=0 disable_stories=0 disable_adds=0
08-10 20:55:45.305  3575  4998 I DFInstaObserve: !toggles disable_feed=0 disable_explore=1 disable_reels=0 disable_stories=0 disable_adds=0
08-10 20:55:45.463  3575  4881 I DFInstaObserve: !toggles disable_feed=0 disable_explore=1 disable_reels=0 disable_stories=0 disable_adds=0
08-10 20:55:45.606  3575  4588 I DFInstaObserve: !toggles disable_feed=0 disable_explore=1 disable_reels=0 disable_stories=0 disable_adds=0
08-10 20:55:45.740  3575  4881 I DFInstaObserve: !toggles disable_feed=0 disable_explore=1 disable_reels=0 disable_stories=0 disable_adds=0
08-10 20:55:45.746  3575  4881 I DFInstaObserve: !toggles disable_feed=0 disable_explore=1 disable_reels=0 disable_stories=0 disable_adds=0
08-10 20:55:45.775  3575  5092 I DFInstaObserve: !toggles disable_feed=0 disable_explore=1 disable_reels=0 disable_stories=0 disable_adds=0
08-10 20:55:45.784  3575  5102 I DFInstaObserve: !toggles disable_feed=0 disable_explore=1 disable_reels=0 disable_stories=0 disable_adds=0
08-10 20:55:45.808  3575  5100 I DFInstaObserve: !toggles disable_feed=0 disable_explore=1 disable_reels=0 disable_stories=0 disable_adds=0
08-10 20:55:45.852  3575  4881 I DFInstaObserve: !toggles disable_feed=0 disable_explore=1 disable_reels=0 disable_stories=0 disable_adds=0
08-10 20:55:45.905  3575  3614 I DFInstaObserve: !toggles disable_feed=0 disable_explore=1 disable_reels=0 disable_stories=0 disable_adds=0
08-10 20:55:45.964  3575  3614 I DFInstaObserve: !toggles disable_feed=0 disable_explore=1 disable_reels=0 disable_stories=0 disable_adds=0
08-10 20:55:46.029  3575  3948 I DFInstaObserve: !toggles disable_feed=0 disable_explore=1 disable_reels=0 disable_stories=0 disable_adds=0
08-10 20:55:46.133  3575  3948 I DFInstaObserve: !toggles disable_feed=0 disable_explore=1 disable_reels=0 disable_stories=0 disable_adds=0
08-10 20:55:46.236  3575  3948 I DFInstaObserve: !toggles disable_feed=0 disable_explore=1 disable_reels=0 disable_stories=0 disable_adds=0
08-10 20:55:48.154  3575  5108 I DFInstaObserve: !toggles disable_feed=0 disable_explore=1 disable_reels=0 disable_stories=0 disable_adds=0
08-10 20:55:48.154  3575  5107 I DFInstaObserve: !toggles disable_feed=0 disable_explore=1 disable_reels=0 disable_stories=0 disable_adds=0
08-10 20:55:50.608  3575  5108 I DFInstaObserve: !toggles disable_feed=0 disable_explore=1 disable_reels=0 disable_stories=0 disable_adds=0
08-10 20:55:50.609  3575  5107 I DFInstaObserve: !toggles disable_feed=0 disable_explore=1 disable_reels=0 disable_stories=0 disable_adds=0
08-10 20:55:54.576  3575  5093 I DFInstaObserve: !toggles disable_feed=0 disable_explore=1 disable_reels=0 disable_stories=0 disable_adds=0
08-10 20:55:54.576  3575  5093 I DFInstaObserve: /clips/discover
08-10 20:55:54.576  3575  5093 I DFInstaObserve: /clips/discover/stream/
08-10 20:55:54.968  3575  3614 I DFInstaObserve: !toggles disable_feed=0 disable_explore=1 disable_reels=0 disable_stories=0 disable_adds=0
08-10 20:55:55.012  3575  3614 I DFInstaObserve: !toggles disable_feed=0 disable_explore=1 disable_reels=0 disable_stories=0 disable_adds=0
08-10 20:55:57.146  3575  5145 I DFInstaObserve: !toggles disable_feed=0 disable_explore=1 disable_reels=0 disable_stories=0 disable_adds=0
08-10 20:55:57.146  3575  5086 I DFInstaObserve: !toggles disable_feed=0 disable_explore=1 disable_reels=0 disable_stories=0 disable_adds=0
08-10 20:55:58.187  3575  4881 I DFInstaObserve: !toggles disable_feed=0 disable_explore=1 disable_reels=0 disable_stories=0 disable_adds=0
08-10 20:55:58.193  3575  3614 I DFInstaObserve: !toggles disable_feed=0 disable_explore=1 disable_reels=0 disable_stories=0 disable_adds=0
08-10 20:55:58.206  3575  3922 I DFInstaObserve: !toggles disable_feed=0 disable_explore=1 disable_reels=0 disable_stories=0 disable_adds=0
08-10 20:55:58.286  3575  5100 I DFInstaObserve: !toggles disable_feed=0 disable_explore=1 disable_reels=0 disable_stories=0 disable_adds=0
08-10 20:55:58.535  3575  3922 I DFInstaObserve: !toggles disable_feed=0 disable_explore=1 disable_reels=0 disable_stories=0 disable_adds=0
08-10 20:55:58.565  3575  4881 I DFInstaObserve: !toggles disable_feed=0 disable_explore=1 disable_reels=0 disable_stories=0 disable_adds=0
08-10 20:55:58.569  3575  3922 I DFInstaObserve: !toggles disable_feed=0 disable_explore=1 disable_reels=0 disable_stories=0 disable_adds=0
08-10 20:55:58.570  3575  4881 I DFInstaObserve: !toggles disable_feed=0 disable_explore=1 disable_reels=0 disable_stories=0 disable_adds=0
08-10 20:55:58.617  3575  5102 I DFInstaObserve: !toggles disable_feed=0 disable_explore=1 disable_reels=0 disable_stories=0 disable_adds=0
08-10 20:55:58.685  3575  3922 I DFInstaObserve: !toggles disable_feed=0 disable_explore=1 disable_reels=0 disable_stories=0 disable_adds=0
08-10 20:55:58.685  3575  5181 I DFInstaObserve: !toggles disable_feed=0 disable_explore=1 disable_reels=0 disable_stories=0 disable_adds=0
08-10 20:55:58.730  3575  3922 I DFInstaObserve: !toggles disable_feed=0 disable_explore=1 disable_reels=0 disable_stories=0 disable_adds=0
08-10 20:55:58.779  3575  3922 I DFInstaObserve: !toggles disable_feed=0 disable_explore=1 disable_reels=0 disable_stories=0 disable_adds=0
08-10 20:55:58.927  3575  3922 I DFInstaObserve: !toggles disable_feed=0 disable_explore=1 disable_reels=0 disable_stories=0 disable_adds=0
08-10 20:56:00.386  3575  5168 I DFInstaObserve: !toggles disable_feed=0 disable_explore=1 disable_reels=0 disable_stories=0 disable_adds=0
08-10 20:56:00.389  3575  5167 I DFInstaObserve: !toggles disable_feed=0 disable_explore=1 disable_reels=0 disable_stories=0 disable_adds=0
08-10 20:56:01.611  3575  4881 I DFInstaObserve: !toggles disable_feed=0 disable_explore=1 disable_reels=0 disable_stories=0 disable_adds=0
08-10 20:56:03.715  3575  5199 I DFInstaObserve: !toggles disable_feed=0 disable_explore=1 disable_reels=0 disable_stories=0 disable_adds=0
08-10 20:56:03.718  3575  5200 I DFInstaObserve: !toggles disable_feed=0 disable_explore=1 disable_reels=0 disable_stories=0 disable_adds=0
08-10 20:56:07.067  3575  5226 I DFInstaObserve: !toggles disable_feed=0 disable_explore=1 disable_reels=0 disable_stories=0 disable_adds=0
08-10 20:56:07.067  3575  5225 I DFInstaObserve: !toggles disable_feed=0 disable_explore=1 disable_reels=0 disable_stories=0 disable_adds=0
08-10 20:56:07.824  3575  4538 I DFInstaObserve: !toggles disable_feed=0 disable_explore=1 disable_reels=0 disable_stories=0 disable_adds=0
08-10 20:56:07.824  3575  4538 I DFInstaObserve: /clips/discover
08-10 20:56:07.824  3575  4538 I DFInstaObserve: /clips/discover/stream/
08-10 20:56:08.262  3575  3614 I DFInstaObserve: !toggles disable_feed=0 disable_explore=1 disable_reels=0 disable_stories=0 disable_adds=0
08-10 20:56:10.356  3575  5253 I DFInstaObserve: !toggles disable_feed=0 disable_explore=1 disable_reels=0 disable_stories=0 disable_adds=0
08-10 20:56:10.358  3575  5254 I DFInstaObserve: !toggles disable_feed=0 disable_explore=1 disable_reels=0 disable_stories=0 disable_adds=0
08-10 20:56:11.136  3575  5281 I DFInstaObserve: !toggles disable_feed=0 disable_explore=1 disable_reels=0 disable_stories=0 disable_adds=0
08-10 20:56:11.201  3575  5281 I DFInstaObserve: !toggles disable_feed=0 disable_explore=1 disable_reels=0 disable_stories=0 disable_adds=0
08-10 20:56:11.577  3575  5281 I DFInstaObserve: !toggles disable_feed=0 disable_explore=1 disable_reels=0 disable_stories=0 disable_adds=0
08-10 20:56:11.614  3575  5281 I DFInstaObserve: !toggles disable_feed=0 disable_explore=1 disable_reels=0 disable_stories=0 disable_adds=0
08-10 20:56:11.641  3575  5281 I DFInstaObserve: !toggles disable_feed=0 disable_explore=1 disable_reels=0 disable_stories=0 disable_adds=0
08-10 20:56:11.693  3575  3614 I DFInstaObserve: !toggles disable_feed=0 disable_explore=1 disable_reels=0 disable_stories=0 disable_adds=0
08-10 20:56:11.717  3575  3614 I DFInstaObserve: !toggles disable_feed=0 disable_explore=1 disable_reels=0 disable_stories=0 disable_adds=0
08-10 20:56:11.743  3575  5093 I DFInstaObserve: !toggles disable_feed=0 disable_explore=1 disable_reels=0 disable_stories=0 disable_adds=0
08-10 20:56:11.804  3575  3922 I DFInstaObserve: !toggles disable_feed=0 disable_explore=1 disable_reels=0 disable_stories=0 disable_adds=0
08-10 20:56:11.917  3575  3922 I DFInstaObserve: !toggles disable_feed=0 disable_explore=1 disable_reels=0 disable_stories=0 disable_adds=0
08-10 20:56:11.939  3575  3922 I DFInstaObserve: !toggles disable_feed=0 disable_explore=1 disable_reels=0 disable_stories=0 disable_adds=0
08-10 20:56:11.977  3575  3922 I DFInstaObserve: !toggles disable_feed=0 disable_explore=1 disable_reels=0 disable_stories=0 disable_adds=0
08-10 20:56:12.024  3575  4881 I DFInstaObserve: !toggles disable_feed=0 disable_explore=1 disable_reels=0 disable_stories=0 disable_adds=0
08-10 20:56:12.029  3575  4881 I DFInstaObserve: !toggles disable_feed=0 disable_explore=1 disable_reels=0 disable_stories=0 disable_adds=0
08-10 20:56:12.053  3575  5093 I DFInstaObserve: !toggles disable_feed=0 disable_explore=1 disable_reels=0 disable_stories=0 disable_adds=0
08-10 20:56:12.074  3575  3922 I DFInstaObserve: !toggles disable_feed=0 disable_explore=1 disable_reels=0 disable_stories=0 disable_adds=0
08-10 20:56:12.147  3575  3922 I DFInstaObserve: !toggles disable_feed=0 disable_explore=1 disable_reels=0 disable_stories=0 disable_adds=0
08-10 20:56:12.181  3575  3922 I DFInstaObserve: !toggles disable_feed=0 disable_explore=1 disable_reels=0 disable_stories=0 disable_adds=0
08-10 20:56:12.533  3575  5294 I DFInstaObserve: !toggles disable_feed=0 disable_explore=1 disable_reels=0 disable_stories=0 disable_adds=0
08-10 20:56:12.699  3575  3922 I DFInstaObserve: !toggles disable_feed=0 disable_explore=1 disable_reels=0 disable_stories=0 disable_adds=0
08-10 20:56:14.716  3575  5281 I DFInstaObserve: !toggles disable_feed=0 disable_explore=1 disable_reels=0 disable_stories=0 disable_adds=0
08-10 20:56:14.736  3575  5281 I DFInstaObserve: !toggles disable_feed=0 disable_explore=1 disable_reels=0 disable_stories=0 disable_adds=0
08-10 20:56:15.876  3575  5102 I DFInstaObserve: !toggles disable_feed=0 disable_explore=1 disable_reels=0 disable_stories=0 disable_adds=0
08-10 20:56:15.876  3575  5102 I DFInstaObserve: /clips/discover
08-10 20:56:15.876  3575  5102 I DFInstaObserve: /clips/discover/stream/
08-10 20:56:18.588  3575  3922 I DFInstaObserve: !toggles disable_feed=0 disable_explore=1 disable_reels=0 disable_stories=0 disable_adds=0
08-10 20:56:18.694  3575  3922 I DFInstaObserve: !toggles disable_feed=0 disable_explore=1 disable_reels=0 disable_stories=0 disable_adds=0
08-10 20:56:18.713  3575  5281 I DFInstaObserve: !toggles disable_feed=0 disable_explore=1 disable_reels=0 disable_stories=0 disable_adds=0
08-10 20:56:18.736  3575  5281 I DFInstaObserve: !toggles disable_feed=0 disable_explore=1 disable_reels=0 disable_stories=0 disable_adds=0
08-10 20:56:19.107  3575  3922 I DFInstaObserve: !toggles disable_feed=0 disable_explore=1 disable_reels=0 disable_stories=0 disable_adds=0
08-10 20:56:19.338  3575  3922 I DFInstaObserve: !toggles disable_feed=0 disable_explore=1 disable_reels=0 disable_stories=0 disable_adds=0
08-10 20:56:19.559  3575  3922 I DFInstaObserve: !toggles disable_feed=0 disable_explore=1 disable_reels=0 disable_stories=0 disable_adds=0
08-10 20:56:19.725  3575  3922 I DFInstaObserve: !toggles disable_feed=0 disable_explore=1 disable_reels=0 disable_stories=0 disable_adds=0
08-10 20:56:19.757  3575  3922 I DFInstaObserve: !toggles disable_feed=0 disable_explore=1 disable_reels=0 disable_stories=0 disable_adds=0
08-10 20:56:20.183  3575  3922 I DFInstaObserve: !toggles disable_feed=0 disable_explore=1 disable_reels=0 disable_stories=0 disable_adds=0
08-10 20:56:22.704  3575  5281 I DFInstaObserve: !toggles disable_feed=0 disable_explore=1 disable_reels=0 disable_stories=0 disable_adds=0
08-10 20:56:22.736  3575  5281 I DFInstaObserve: !toggles disable_feed=0 disable_explore=1 disable_reels=0 disable_stories=0 disable_adds=0
