08-12 20:57:13.265 11944 12198 I DFInstaObserve: !toggles disable_feed=0 disable_explore=0 disable_reels=0 disable_stories=0 disable_adds=0
08-12 20:57:13.265 11944 12198 I DFInstaObserve: /feed/reels_tray/
08-12 20:57:13.283 11944 12092 I DFInstaObserve: !toggles disable_feed=0 disable_explore=0 disable_reels=0 disable_stories=0 disable_adds=0
08-12 20:57:13.283 11944 12092 I DFInstaObserve: /feed/timeline/
08-12 20:57:13.687 11944 12269 I DFInstaObserve: !toggles disable_feed=0 disable_explore=0 disable_reels=0 disable_stories=0 disable_adds=0
08-12 20:57:14.164 11944 12269 I DFInstaObserve: !toggles disable_feed=0 disable_explore=0 disable_reels=0 disable_stories=0 disable_adds=0
08-12 20:57:14.184 11944 12198 I DFInstaObserve: !toggles disable_feed=0 disable_explore=0 disable_reels=0 disable_stories=0 disable_adds=0
08-12 20:57:15.053 11944 12123 I DFInstaObserve: !toggles disable_feed=0 disable_explore=0 disable_reels=0 disable_stories=0 disable_adds=0
08-12 20:57:15.053 11944 12123 I DFInstaObserve: /discover/topical_explore
08-12 20:57:15.075 11944 12198 I DFInstaObserve: !toggles disable_feed=0 disable_explore=0 disable_reels=0 disable_stories=0 disable_adds=0
08-12 20:57:15.181 11944 12049 I DFInstaObserve: !toggles disable_feed=0 disable_explore=0 disable_reels=0 disable_stories=0 disable_adds=0
08-12 20:57:15.473 11944 12201 I DFInstaObserve: !toggles disable_feed=0 disable_explore=0 disable_reels=0 disable_stories=0 disable_adds=0
08-12 20:57:15.769 11944 12049 I DFInstaObserve: !toggles disable_feed=0 disable_explore=0 disable_reels=0 disable_stories=0 disable_adds=0
08-12 20:57:15.932 11944 12201 I DFInstaObserve: !toggles disable_feed=0 disable_explore=0 disable_reels=0 disable_stories=0 disable_adds=0
08-12 20:57:16.636 11944 12092 I DFInstaObserve: !toggles disable_feed=0 disable_explore=0 disable_reels=0 disable_stories=0 disable_adds=0
08-12 20:57:16.733 11944 12406 I DFInstaObserve: !toggles disable_feed=0 disable_explore=0 disable_reels=0 disable_stories=0 disable_adds=0
08-12 20:57:19.595 11944 12400 I DFInstaObserve: !toggles disable_feed=0 disable_explore=0 disable_reels=0 disable_stories=0 disable_adds=0
08-12 20:57:19.598 11944 12148 I DFInstaObserve: !toggles disable_feed=0 disable_explore=0 disable_reels=0 disable_stories=0 disable_adds=0
08-12 20:57:19.729 11944 12038 I DFInstaObserve: !toggles disable_feed=0 disable_explore=0 disable_reels=0 disable_stories=0 disable_adds=0
08-12 20:57:19.736 11944 12038 I DFInstaObserve: !toggles disable_feed=0 disable_explore=0 disable_reels=0 disable_stories=0 disable_adds=0
08-12 20:57:19.775 11944 12123 I DFInstaObserve: !toggles disable_feed=0 disable_explore=0 disable_reels=0 disable_stories=0 disable_adds=0
08-12 20:57:19.784 11944 12433 I DFInstaObserve: !toggles disable_feed=0 disable_explore=0 disable_reels=0 disable_stories=0 disable_adds=0
08-12 20:57:19.800 11944 12123 I DFInstaObserve: !toggles disable_feed=0 disable_explore=0 disable_reels=0 disable_stories=0 disable_adds=0
08-12 20:57:19.806 11944 12092 I DFInstaObserve: !toggles disable_feed=0 disable_explore=0 disable_reels=0 disable_stories=0 disable_adds=0
08-12 20:57:19.829 11944 12433 I DFInstaObserve: !toggles disable_feed=0 disable_explore=0 disable_reels=0 disable_stories=0 disable_adds=0
08-12 20:57:19.833 11944 12092 I DFInstaObserve: !toggles disable_feed=0 disable_explore=0 disable_reels=0 disable_stories=0 disable_adds=0
08-12 20:57:19.860 11944 12123 I DFInstaObserve: !toggles disable_feed=0 disable_explore=0 disable_reels=0 disable_stories=0 disable_adds=0
08-12 20:57:19.873 11944 12201 I DFInstaObserve: !toggles disable_feed=0 disable_explore=0 disable_reels=0 disable_stories=0 disable_adds=0
08-12 20:57:19.884 11944 12400 I DFInstaObserve: !toggles disable_feed=0 disable_explore=0 disable_reels=0 disable_stories=0 disable_adds=0
08-12 20:57:19.890 11944 12123 I DFInstaObserve: !toggles disable_feed=0 disable_explore=0 disable_reels=0 disable_stories=0 disable_adds=0
08-12 20:57:19.900 11944 12148 I DFInstaObserve: !toggles disable_feed=0 disable_explore=0 disable_reels=0 disable_stories=0 disable_adds=0
08-12 20:57:19.926 11944 12201 I DFInstaObserve: !toggles disable_feed=0 disable_explore=0 disable_reels=0 disable_stories=0 disable_adds=0
08-12 20:57:19.935 11944 12148 I DFInstaObserve: !toggles disable_feed=0 disable_explore=0 disable_reels=0 disable_stories=0 disable_adds=0
08-12 20:57:19.954 11944 12201 I DFInstaObserve: !toggles disable_feed=0 disable_explore=0 disable_reels=0 disable_stories=0 disable_adds=0
08-12 20:57:19.971 11944 12201 I DFInstaObserve: !toggles disable_feed=0 disable_explore=0 disable_reels=0 disable_stories=0 disable_adds=0
08-12 20:57:19.980 11944 12201 I DFInstaObserve: !toggles disable_feed=0 disable_explore=0 disable_reels=0 disable_stories=0 disable_adds=0
08-12 20:57:20.005 11944 12201 I DFInstaObserve: !toggles disable_feed=0 disable_explore=0 disable_reels=0 disable_stories=0 disable_adds=0
08-12 20:57:20.025 11944 12241 I DFInstaObserve: !toggles disable_feed=0 disable_explore=0 disable_reels=0 disable_stories=0 disable_adds=0
08-12 20:57:20.130 11944 12241 I DFInstaObserve: !toggles disable_feed=0 disable_explore=0 disable_reels=0 disable_stories=0 disable_adds=0
08-12 20:57:20.169 11944 12241 I DFInstaObserve: !toggles disable_feed=0 disable_explore=0 disable_reels=0 disable_stories=0 disable_adds=0
08-12 20:57:20.462 11944 12269 I DFInstaObserve: !toggles disable_feed=0 disable_explore=0 disable_reels=0 disable_stories=0 disable_adds=0
08-12 20:57:20.613 11944 12241 I DFInstaObserve: !toggles disable_feed=0 disable_explore=0 disable_reels=0 disable_stories=0 disable_adds=0
08-12 20:57:20.653 11944 12241 I DFInstaObserve: !toggles disable_feed=0 disable_explore=0 disable_reels=0 disable_stories=0 disable_adds=0
08-12 20:57:20.730 11944 12241 I DFInstaObserve: !toggles disable_feed=0 disable_explore=0 disable_reels=0 disable_stories=0 disable_adds=0
08-12 20:57:20.772 11944 12241 I DFInstaObserve: !toggles disable_feed=0 disable_explore=0 disable_reels=0 disable_stories=0 disable_adds=0
08-12 20:57:20.820 11944 12241 I DFInstaObserve: !toggles disable_feed=0 disable_explore=0 disable_reels=0 disable_stories=0 disable_adds=0
08-12 20:57:20.862 11944 12241 I DFInstaObserve: !toggles disable_feed=0 disable_explore=0 disable_reels=0 disable_stories=0 disable_adds=0
08-12 20:57:21.022 11944 12241 I DFInstaObserve: !toggles disable_feed=0 disable_explore=0 disable_reels=0 disable_stories=0 disable_adds=0
08-12 20:57:21.063 11944 12241 I DFInstaObserve: !toggles disable_feed=0 disable_explore=0 disable_reels=0 disable_stories=0 disable_adds=0
08-12 20:57:21.172 11944 12241 I DFInstaObserve: !toggles disable_feed=0 disable_explore=0 disable_reels=0 disable_stories=0 disable_adds=0
08-12 20:57:21.951 11944 12269 I DFInstaObserve: !toggles disable_feed=0 disable_explore=0 disable_reels=0 disable_stories=0 disable_adds=0
08-12 20:57:30.833 11944 12038 I DFInstaObserve: !toggles disable_feed=0 disable_explore=0 disable_reels=0 disable_stories=0 disable_adds=0
08-12 20:57:30.842 11944 12038 I DFInstaObserve: !toggles disable_feed=0 disable_explore=0 disable_reels=0 disable_stories=0 disable_adds=0
08-12 20:57:30.861 11944 12241 I DFInstaObserve: !toggles disable_feed=0 disable_explore=0 disable_reels=0 disable_stories=0 disable_adds=0
08-12 20:57:30.873 11944 12148 I DFInstaObserve: !toggles disable_feed=0 disable_explore=0 disable_reels=0 disable_stories=0 disable_adds=0
08-12 20:57:30.918 11944 12046 I DFInstaObserve: !toggles disable_feed=0 disable_explore=0 disable_reels=0 disable_stories=0 disable_adds=0
08-12 20:57:30.932 11944 12241 I DFInstaObserve: !toggles disable_feed=0 disable_explore=0 disable_reels=0 disable_stories=0 disable_adds=0
08-12 20:57:31.053 11944 12241 I DFInstaObserve: !toggles disable_feed=0 disable_explore=0 disable_reels=0 disable_stories=0 disable_adds=0
08-12 20:57:33.095 11944 12364 I DFInstaObserve: !toggles disable_feed=0 disable_explore=0 disable_reels=0 disable_stories=0 disable_adds=0
08-12 20:57:38.933 11944 12148 I DFInstaObserve: !toggles disable_feed=0 disable_explore=0 disable_reels=0 disable_stories=0 disable_adds=0
08-12 20:57:38.933 11944 12148 I DFInstaObserve: /feed/timeline/
08-12 20:57:38.935 11944 12201 I DFInstaObserve: !toggles disable_feed=0 disable_explore=0 disable_reels=0 disable_stories=0 disable_adds=0
08-12 20:57:38.935 11944 12201 I DFInstaObserve: /feed/reels_tray/
08-12 20:57:39.810 11944 12046 I DFInstaObserve: !toggles disable_feed=0 disable_explore=0 disable_reels=0 disable_stories=0 disable_adds=0
08-12 20:57:39.823 11944 12046 I DFInstaObserve: !toggles disable_feed=0 disable_explore=0 disable_reels=0 disable_stories=0 disable_adds=0
08-12 20:57:40.391 11944 12038 I DFInstaObserve: !toggles disable_feed=0 disable_explore=0 disable_reels=0 disable_stories=0 disable_adds=0
08-12 20:57:40.615 11944 12459 I DFInstaObserve: !toggles disable_feed=0 disable_explore=0 disable_reels=0 disable_stories=0 disable_adds=0
08-12 20:57:40.615 11944 12459 I DFInstaObserve: /feed/timeline/
08-12 20:57:42.387 11944 12046 I DFInstaObserve: !toggles disable_feed=0 disable_explore=0 disable_reels=0 disable_stories=0 disable_adds=0
08-12 20:57:42.395 11944 12046 I DFInstaObserve: !toggles disable_feed=0 disable_explore=0 disable_reels=0 disable_stories=0 disable_adds=0
08-12 20:57:42.453 11944 12201 I DFInstaObserve: !toggles disable_feed=0 disable_explore=0 disable_reels=0 disable_stories=0 disable_adds=0
08-12 20:57:42.506 11944 12241 I DFInstaObserve: !toggles disable_feed=0 disable_explore=0 disable_reels=0 disable_stories=0 disable_adds=0
08-12 20:57:42.596 11944 12241 I DFInstaObserve: !toggles disable_feed=0 disable_explore=0 disable_reels=0 disable_stories=0 disable_adds=0
08-12 20:57:50.575 11944 12038 I DFInstaObserve: !toggles disable_feed=0 disable_explore=0 disable_reels=0 disable_stories=0 disable_adds=0
08-12 20:57:53.909 11944 12046 I DFInstaObserve: !toggles disable_feed=0 disable_explore=0 disable_reels=0 disable_stories=0 disable_adds=0
08-12 20:57:53.914 11944 12038 I DFInstaObserve: !toggles disable_feed=0 disable_explore=0 disable_reels=0 disable_stories=0 disable_adds=0
08-12 20:58:00.569 11944 12046 I DFInstaObserve: !toggles disable_feed=0 disable_explore=0 disable_reels=0 disable_stories=0 disable_adds=0
08-12 20:58:06.008 11944 12703 I DFInstaObserve: !toggles disable_feed=0 disable_explore=0 disable_reels=0 disable_stories=0 disable_adds=0
08-12 20:58:06.993 11944 12614 I DFInstaObserve: !toggles disable_feed=0 disable_explore=0 disable_reels=0 disable_stories=0 disable_adds=0
08-12 20:58:07.115 11944 12605 I DFInstaObserve: !toggles disable_feed=0 disable_explore=0 disable_reels=0 disable_stories=0 disable_adds=0
08-12 20:58:07.284 11944 12046 I DFInstaObserve: !toggles disable_feed=0 disable_explore=0 disable_reels=0 disable_stories=0 disable_adds=0
08-12 20:58:07.289 11944 12038 I DFInstaObserve: !toggles disable_feed=0 disable_explore=0 disable_reels=0 disable_stories=0 disable_adds=0
08-12 20:58:07.320 11944 12459 I DFInstaObserve: !toggles disable_feed=0 disable_explore=0 disable_reels=0 disable_stories=0 disable_adds=0
08-12 20:58:07.330 11944 12614 I DFInstaObserve: !toggles disable_feed=0 disable_explore=0 disable_reels=0 disable_stories=0 disable_adds=0
08-12 20:58:07.341 11944 12241 I DFInstaObserve: !toggles disable_feed=0 disable_explore=0 disable_reels=0 disable_stories=0 disable_adds=0
08-12 20:58:07.357 11944 12459 I DFInstaObserve: !toggles disable_feed=0 disable_explore=0 disable_reels=0 disable_stories=0 disable_adds=0
08-12 20:58:07.364 11944 12742 I DFInstaObserve: !toggles disable_feed=0 disable_explore=0 disable_reels=0 disable_stories=0 disable_adds=0
08-12 20:58:07.365 11944 12605 I DFInstaObserve: !toggles disable_feed=0 disable_explore=0 disable_reels=0 disable_stories=0 disable_adds=0
08-12 20:58:07.389 11944 12269 I DFInstaObserve: !toggles disable_feed=0 disable_explore=0 disable_reels=0 disable_stories=0 disable_adds=0
08-12 20:58:07.398 11944 12241 I DFInstaObserve: !toggles disable_feed=0 disable_explore=0 disable_reels=0 disable_stories=0 disable_adds=0
08-12 20:58:07.406 11944 12605 I DFInstaObserve: !toggles disable_feed=0 disable_explore=0 disable_reels=0 disable_stories=0 disable_adds=0
08-12 20:58:07.473 11944 12241 I DFInstaObserve: !toggles disable_feed=0 disable_explore=0 disable_reels=0 disable_stories=0 disable_adds=0
08-12 20:58:07.560 11944 12758 I DFInstaObserve: !toggles disable_feed=0 disable_explore=0 disable_reels=0 disable_stories=0 disable_adds=0
08-12 20:58:07.714 11944 12241 I DFInstaObserve: !toggles disable_feed=0 disable_explore=0 disable_reels=0 disable_stories=0 disable_adds=0
08-12 20:58:09.434 11944 12741 I DFInstaObserve: !toggles disable_feed=0 disable_explore=0 disable_reels=0 disable_stories=0 disable_adds=0
08-12 20:58:09.514 11944 12750 I DFInstaObserve: !toggles disable_feed=0 disable_explore=0 disable_reels=0 disable_stories=0 disable_adds=0
08-12 20:58:09.550 11944 12750 I DFInstaObserve: !toggles disable_feed=0 disable_explore=0 disable_reels=0 disable_stories=0 disable_adds=0
08-12 20:58:11.941 11944 12741 I DFInstaObserve: !toggles disable_feed=0 disable_explore=0 disable_reels=0 disable_stories=0 disable_adds=0
08-12 20:58:12.016 11944 12750 I DFInstaObserve: !toggles disable_feed=0 disable_explore=0 disable_reels=0 disable_stories=0 disable_adds=0
08-12 20:58:15.054 11944 12614 I DFInstaObserve: !toggles disable_feed=0 disable_explore=0 disable_reels=0 disable_stories=0 disable_adds=0
08-12 20:58:15.054 11944 12614 I DFInstaObserve: /discover/topical_explore
08-12 20:58:15.706 11944 12806 I DFInstaObserve: !toggles disable_feed=0 disable_explore=0 disable_reels=0 disable_stories=0 disable_adds=0
08-12 20:58:17.474 11944 12790 I DFInstaObserve: !toggles disable_feed=0 disable_explore=0 disable_reels=0 disable_stories=0 disable_adds=0
08-12 20:58:17.681 11944 12797 I DFInstaObserve: !toggles disable_feed=0 disable_explore=0 disable_reels=0 disable_stories=0 disable_adds=0
08-12 20:58:18.530 11944 12825 I DFInstaObserve: !toggles disable_feed=0 disable_explore=0 disable_reels=0 disable_stories=0 disable_adds=0
08-12 20:58:18.790 11944 12038 I DFInstaObserve: !toggles disable_feed=0 disable_explore=0 disable_reels=0 disable_stories=0 disable_adds=0
08-12 20:58:18.798 11944 12038 I DFInstaObserve: !toggles disable_feed=0 disable_explore=0 disable_reels=0 disable_stories=0 disable_adds=0
08-12 20:58:18.813 11944 12038 I DFInstaObserve: !toggles disable_feed=0 disable_explore=0 disable_reels=0 disable_stories=0 disable_adds=0
08-12 20:58:19.003 11944 12038 I DFInstaObserve: !toggles disable_feed=0 disable_explore=0 disable_reels=0 disable_stories=0 disable_adds=0
08-12 20:58:19.006 11944 12046 I DFInstaObserve: !toggles disable_feed=0 disable_explore=0 disable_reels=0 disable_stories=0 disable_adds=0
08-12 20:58:19.032 11944 12241 I DFInstaObserve: !toggles disable_feed=0 disable_explore=0 disable_reels=0 disable_stories=0 disable_adds=0
08-12 20:58:19.036 11944 12605 I DFInstaObserve: !toggles disable_feed=0 disable_explore=0 disable_reels=0 disable_stories=0 disable_adds=0
08-12 20:58:19.040 11944 12148 I DFInstaObserve: !toggles disable_feed=0 disable_explore=0 disable_reels=0 disable_stories=0 disable_adds=0
08-12 20:58:19.158 11944 12605 I DFInstaObserve: !toggles disable_feed=0 disable_explore=0 disable_reels=0 disable_stories=0 disable_adds=0
08-12 20:58:19.216 11944 12605 I DFInstaObserve: !toggles disable_feed=0 disable_explore=0 disable_reels=0 disable_stories=0 disable_adds=0
08-12 20:58:19.343 11944 12614 I DFInstaObserve: !toggles disable_feed=0 disable_explore=0 disable_reels=0 disable_stories=0 disable_adds=0
08-12 20:58:19.348 11944 12605 I DFInstaObserve: !toggles disable_feed=0 disable_explore=0 disable_reels=0 disable_stories=0 disable_adds=0
08-12 20:58:19.401 11944 12605 I DFInstaObserve: !toggles disable_feed=0 disable_explore=0 disable_reels=0 disable_stories=0 disable_adds=0
08-12 20:58:19.404 11944 12794 I DFInstaObserve: !toggles disable_feed=0 disable_explore=0 disable_reels=0 disable_stories=0 disable_adds=0
08-12 20:58:19.458 11944 12614 I DFInstaObserve: !toggles disable_feed=0 disable_explore=0 disable_reels=0 disable_stories=0 disable_adds=0
08-12 20:58:19.464 11944 12605 I DFInstaObserve: !toggles disable_feed=0 disable_explore=0 disable_reels=0 disable_stories=0 disable_adds=0
08-12 20:58:19.518 11944 12605 I DFInstaObserve: !toggles disable_feed=0 disable_explore=0 disable_reels=0 disable_stories=0 disable_adds=0
08-12 20:58:19.681 11944 12241 I DFInstaObserve: !toggles disable_feed=0 disable_explore=0 disable_reels=0 disable_stories=0 disable_adds=0
08-12 20:58:19.743 11944 12241 I DFInstaObserve: !toggles disable_feed=0 disable_explore=0 disable_reels=0 disable_stories=0 disable_adds=0
08-12 20:58:19.910 11944 12241 I DFInstaObserve: !toggles disable_feed=0 disable_explore=0 disable_reels=0 disable_stories=0 disable_adds=0
08-12 20:58:19.951 11944 12241 I DFInstaObserve: !toggles disable_feed=0 disable_explore=0 disable_reels=0 disable_stories=0 disable_adds=0
08-12 20:58:19.998 11944 12241 I DFInstaObserve: !toggles disable_feed=0 disable_explore=0 disable_reels=0 disable_stories=0 disable_adds=0
08-12 20:58:20.032 11944 12241 I DFInstaObserve: !toggles disable_feed=0 disable_explore=0 disable_reels=0 disable_stories=0 disable_adds=0
08-12 20:58:20.067 11944 12241 I DFInstaObserve: !toggles disable_feed=0 disable_explore=0 disable_reels=0 disable_stories=0 disable_adds=0
08-12 20:58:20.132 11944 12241 I DFInstaObserve: !toggles disable_feed=0 disable_explore=0 disable_reels=0 disable_stories=0 disable_adds=0
08-12 20:58:20.182 11944 12797 I DFInstaObserve: !toggles disable_feed=0 disable_explore=0 disable_reels=0 disable_stories=0 disable_adds=0
08-12 20:58:20.295 11944 12241 I DFInstaObserve: !toggles disable_feed=0 disable_explore=0 disable_reels=0 disable_stories=0 disable_adds=0
08-12 20:58:20.495 11944 12805 I DFInstaObserve: !toggles disable_feed=0 disable_explore=0 disable_reels=0 disable_stories=0 disable_adds=0
08-12 20:58:20.578 11944 12805 I DFInstaObserve: !toggles disable_feed=0 disable_explore=0 disable_reels=0 disable_stories=0 disable_adds=0
08-12 20:58:21.756 11944 12148 I DFInstaObserve: !toggles disable_feed=0 disable_explore=0 disable_reels=0 disable_stories=0 disable_adds=0
08-12 20:58:21.756 11944 12148 I DFInstaObserve: /discover/topical_explore
08-12 20:58:21.963 11944 12860 I DFInstaObserve: !toggles disable_feed=0 disable_explore=0 disable_reels=0 disable_stories=0 disable_adds=0
08-12 20:58:24.179 11944 12866 I DFInstaObserve: !toggles disable_feed=0 disable_explore=0 disable_reels=0 disable_stories=0 disable_adds=0
08-12 20:58:24.404 11944 12874 I DFInstaObserve: !toggles disable_feed=0 disable_explore=0 disable_reels=0 disable_stories=0 disable_adds=0
08-12 20:58:25.212 11944 12927 I DFInstaObserve: !toggles disable_feed=0 disable_explore=0 disable_reels=0 disable_stories=0 disable_adds=0
08-12 20:58:25.312 11944 12941 I DFInstaObserve: !toggles disable_feed=0 disable_explore=0 disable_reels=0 disable_stories=0 disable_adds=0
08-12 20:58:25.416 11944 12959 I DFInstaObserve: !toggles disable_feed=0 disable_explore=0 disable_reels=0 disable_stories=0 disable_adds=0
08-12 20:58:25.956 11944 12038 I DFInstaObserve: !toggles disable_feed=0 disable_explore=0 disable_reels=0 disable_stories=0 disable_adds=0
08-12 20:58:25.963 11944 12038 I DFInstaObserve: !toggles disable_feed=0 disable_explore=0 disable_reels=0 disable_stories=0 disable_adds=0
08-12 20:58:25.969 11944 12038 I DFInstaObserve: !toggles disable_feed=0 disable_explore=0 disable_reels=0 disable_stories=0 disable_adds=0
08-12 20:58:26.354 11944 12038 I DFInstaObserve: !toggles disable_feed=0 disable_explore=0 disable_reels=0 disable_stories=0 disable_adds=0
08-12 20:58:26.360 11944 12046 I DFInstaObserve: !toggles disable_feed=0 disable_explore=0 disable_reels=0 disable_stories=0 disable_adds=0
08-12 20:58:26.382 11944 12794 I DFInstaObserve: !toggles disable_feed=0 disable_explore=0 disable_reels=0 disable_stories=0 disable_adds=0
08-12 20:58:26.390 11944 12148 I DFInstaObserve: !toggles disable_feed=0 disable_explore=0 disable_reels=0 disable_stories=0 disable_adds=0
08-12 20:58:26.394 11944 12241 I DFInstaObserve: !toggles disable_feed=0 disable_explore=0 disable_reels=0 disable_stories=0 disable_adds=0
08-12 20:58:26.413 11944 12794 I DFInstaObserve: !toggles disable_feed=0 disable_explore=0 disable_reels=0 disable_stories=0 disable_adds=0
08-12 20:58:26.424 11944 12614 I DFInstaObserve: !toggles disable_feed=0 disable_explore=0 disable_reels=0 disable_stories=0 disable_adds=0
08-12 20:58:26.452 11944 12614 I DFInstaObserve: !toggles disable_feed=0 disable_explore=0 disable_reels=0 disable_stories=0 disable_adds=0
08-12 20:58:26.463 11944 12148 I DFInstaObserve: !toggles disable_feed=0 disable_explore=0 disable_reels=0 disable_stories=0 disable_adds=0
08-12 20:58:26.469 11944 12241 I DFInstaObserve: !toggles disable_feed=0 disable_explore=0 disable_reels=0 disable_stories=0 disable_adds=0
08-12 20:58:26.480 11944 12614 I DFInstaObserve: !toggles disable_feed=0 disable_explore=0 disable_reels=0 disable_stories=0 disable_adds=0
08-12 20:58:26.513 11944 12794 I DFInstaObserve: !toggles disable_feed=0 disable_explore=0 disable_reels=0 disable_stories=0 disable_adds=0
08-12 20:58:26.519 11944 12241 I DFInstaObserve: !toggles disable_feed=0 disable_explore=0 disable_reels=0 disable_stories=0 disable_adds=0
08-12 20:58:26.539 11944 12148 I DFInstaObserve: !toggles disable_feed=0 disable_explore=0 disable_reels=0 disable_stories=0 disable_adds=0
08-12 20:58:26.585 11944 12148 I DFInstaObserve: !toggles disable_feed=0 disable_explore=0 disable_reels=0 disable_stories=0 disable_adds=0
08-12 20:58:26.637 11944 12148 I DFInstaObserve: !toggles disable_feed=0 disable_explore=0 disable_reels=0 disable_stories=0 disable_adds=0
08-12 20:58:26.680 11944 12148 I DFInstaObserve: !toggles disable_feed=0 disable_explore=0 disable_reels=0 disable_stories=0 disable_adds=0
08-12 20:58:26.686 11944 12605 I DFInstaObserve: !toggles disable_feed=0 disable_explore=0 disable_reels=0 disable_stories=0 disable_adds=0
08-12 20:58:26.686 11944 12241 I DFInstaObserve: !toggles disable_feed=0 disable_explore=0 disable_reels=0 disable_stories=0 disable_adds=0
08-12 20:58:26.723 11944 12605 I DFInstaObserve: !toggles disable_feed=0 disable_explore=0 disable_reels=0 disable_stories=0 disable_adds=0
08-12 20:58:26.750 11944 12794 I DFInstaObserve: !toggles disable_feed=0 disable_explore=0 disable_reels=0 disable_stories=0 disable_adds=0
08-12 20:58:26.762 11944 12241 I DFInstaObserve: !toggles disable_feed=0 disable_explore=0 disable_reels=0 disable_stories=0 disable_adds=0
08-12 20:58:26.765 11944 12794 I DFInstaObserve: !toggles disable_feed=0 disable_explore=0 disable_reels=0 disable_stories=0 disable_adds=0
08-12 20:58:26.872 11944 12241 I DFInstaObserve: !toggles disable_feed=0 disable_explore=0 disable_reels=0 disable_stories=0 disable_adds=0
08-12 20:58:26.919 11944 12241 I DFInstaObserve: !toggles disable_feed=0 disable_explore=0 disable_reels=0 disable_stories=0 disable_adds=0
08-12 20:58:27.010 11944 12241 I DFInstaObserve: !toggles disable_feed=0 disable_explore=0 disable_reels=0 disable_stories=0 disable_adds=0
08-12 20:58:27.068 11944 12241 I DFInstaObserve: !toggles disable_feed=0 disable_explore=0 disable_reels=0 disable_stories=0 disable_adds=0
08-12 20:58:27.123 11944 12241 I DFInstaObserve: !toggles disable_feed=0 disable_explore=0 disable_reels=0 disable_stories=0 disable_adds=0
08-12 20:58:27.169 11944 12241 I DFInstaObserve: !toggles disable_feed=0 disable_explore=0 disable_reels=0 disable_stories=0 disable_adds=0
08-12 20:58:27.212 11944 12241 I DFInstaObserve: !toggles disable_feed=0 disable_explore=0 disable_reels=0 disable_stories=0 disable_adds=0
08-12 20:58:27.253 11944 12241 I DFInstaObserve: !toggles disable_feed=0 disable_explore=0 disable_reels=0 disable_stories=0 disable_adds=0
08-12 20:58:27.301 11944 12926 I DFInstaObserve: !toggles disable_feed=0 disable_explore=0 disable_reels=0 disable_stories=0 disable_adds=0
08-12 20:58:27.406 11944 12940 I DFInstaObserve: !toggles disable_feed=0 disable_explore=0 disable_reels=0 disable_stories=0 disable_adds=0
08-12 20:58:27.439 11944 12241 I DFInstaObserve: !toggles disable_feed=0 disable_explore=0 disable_reels=0 disable_stories=0 disable_adds=0
08-12 20:58:27.628 11944 12241 I DFInstaObserve: !toggles disable_feed=0 disable_explore=0 disable_reels=0 disable_stories=0 disable_adds=0
08-12 20:58:27.885 11944 12241 I DFInstaObserve: !toggles disable_feed=0 disable_explore=0 disable_reels=0 disable_stories=0 disable_adds=0
08-12 20:58:28.544 11944 12988 I DFInstaObserve: !toggles disable_feed=0 disable_explore=0 disable_reels=0 disable_stories=0 disable_adds=0
08-12 20:58:28.544 11944 12988 I DFInstaObserve: /discover/topical_explore
08-12 20:58:28.627 11944 12995 I DFInstaObserve: !toggles disable_feed=0 disable_explore=0 disable_reels=0 disable_stories=0 disable_adds=0
08-12 20:58:30.886 11944 13013 I DFInstaObserve: !toggles disable_feed=0 disable_explore=0 disable_reels=0 disable_stories=0 disable_adds=0
08-12 20:58:30.921 11944 13013 I DFInstaObserve: !toggles disable_feed=0 disable_explore=0 disable_reels=0 disable_stories=0 disable_adds=0
08-12 20:58:30.935 11944 12038 I DFInstaObserve: !toggles disable_feed=0 disable_explore=0 disable_reels=0 disable_stories=0 disable_adds=0
08-12 20:58:30.940 11944 12046 I DFInstaObserve: !toggles disable_feed=0 disable_explore=0 disable_reels=0 disable_stories=0 disable_adds=0
08-12 20:58:30.968 11944 13019 I DFInstaObserve: !toggles disable_feed=0 disable_explore=0 disable_reels=0 disable_stories=0 disable_adds=0
08-12 20:58:30.977 11944 12605 I DFInstaObserve: !toggles disable_feed=0 disable_explore=0 disable_reels=0 disable_stories=0 disable_adds=0
08-12 20:58:30.979 11944 12241 I DFInstaObserve: !toggles disable_feed=0 disable_explore=0 disable_reels=0 disable_stories=0 disable_adds=0
08-12 20:58:30.985 11944 12148 I DFInstaObserve: !toggles disable_feed=0 disable_explore=0 disable_reels=0 disable_stories=0 disable_adds=0
08-12 20:58:31.026 11944 12605 I DFInstaObserve: !toggles disable_feed=0 disable_explore=0 disable_reels=0 disable_stories=0 disable_adds=0
08-12 20:58:31.035 11944 12988 I DFInstaObserve: !toggles disable_feed=0 disable_explore=0 disable_reels=0 disable_stories=0 disable_adds=0
08-12 20:58:31.080 11944 12988 I DFInstaObserve: !toggles disable_feed=0 disable_explore=0 disable_reels=0 disable_stories=0 disable_adds=0
08-12 20:58:31.095 11944 12605 I DFInstaObserve: !toggles disable_feed=0 disable_explore=0 disable_reels=0 disable_stories=0 disable_adds=0
08-12 20:58:31.131 11944 12605 I DFInstaObserve: !toggles disable_feed=0 disable_explore=0 disable_reels=0 disable_stories=0 disable_adds=0
08-12 20:58:31.142 11944 12148 I DFInstaObserve: !toggles disable_feed=0 disable_explore=0 disable_reels=0 disable_stories=0 disable_adds=0
08-12 20:58:31.164 11944 12605 I DFInstaObserve: !toggles disable_feed=0 disable_explore=0 disable_reels=0 disable_stories=0 disable_adds=0
08-12 20:58:31.192 11944 12605 I DFInstaObserve: !toggles disable_feed=0 disable_explore=0 disable_reels=0 disable_stories=0 disable_adds=0
08-12 20:58:31.274 11944 12241 I DFInstaObserve: !toggles disable_feed=0 disable_explore=0 disable_reels=0 disable_stories=0 disable_adds=0
08-12 20:58:31.324 11944 12241 I DFInstaObserve: !toggles disable_feed=0 disable_explore=0 disable_reels=0 disable_stories=0 disable_adds=0
08-12 20:58:31.586 11944 12241 I DFInstaObserve: !toggles disable_feed=0 disable_explore=0 disable_reels=0 disable_stories=0 disable_adds=0
08-12 20:58:31.637 11944 12241 I DFInstaObserve: !toggles disable_feed=0 disable_explore=0 disable_reels=0 disable_stories=0 disable_adds=0
08-12 20:58:31.803 11944 12148 I DFInstaObserve: !toggles disable_feed=0 disable_explore=0 disable_reels=0 disable_stories=0 disable_adds=0
08-12 20:58:31.960 11944 12046 I DFInstaObserve: !toggles disable_feed=0 disable_explore=0 disable_reels=0 disable_stories=0 disable_adds=0
08-12 20:58:31.965 11944 12038 I DFInstaObserve: !toggles disable_feed=0 disable_explore=0 disable_reels=0 disable_stories=0 disable_adds=0
08-12 20:58:32.005 11944 12988 I DFInstaObserve: !toggles disable_feed=0 disable_explore=0 disable_reels=0 disable_stories=0 disable_adds=0
08-12 20:58:32.010 11944 13046 I DFInstaObserve: !toggles disable_feed=0 disable_explore=0 disable_reels=0 disable_stories=0 disable_adds=0
08-12 20:58:32.025 11944 12269 I DFInstaObserve: !toggles disable_feed=0 disable_explore=0 disable_reels=0 disable_stories=0 disable_adds=0
08-12 20:58:32.043 11944 12406 I DFInstaObserve: !toggles disable_feed=0 disable_explore=0 disable_reels=0 disable_stories=0 disable_adds=0
08-12 20:58:32.080 11944 12614 I DFInstaObserve: !toggles disable_feed=0 disable_explore=0 disable_reels=0 disable_stories=0 disable_adds=0
08-12 20:58:32.123 11944 12269 I DFInstaObserve: !toggles disable_feed=0 disable_explore=0 disable_reels=0 disable_stories=0 disable_adds=0
08-12 20:58:32.448 11944 12241 I DFInstaObserve: !toggles disable_feed=0 disable_explore=0 disable_reels=0 disable_stories=0 disable_adds=0
08-12 20:58:32.498 11944 12241 I DFInstaObserve: !toggles disable_feed=0 disable_explore=0 disable_reels=0 disable_stories=0 disable_adds=0
08-12 20:58:32.591 11944 12241 I DFInstaObserve: !toggles disable_feed=0 disable_explore=0 disable_reels=0 disable_stories=0 disable_adds=0
08-12 20:58:32.658 11944 12241 I DFInstaObserve: !toggles disable_feed=0 disable_explore=0 disable_reels=0 disable_stories=0 disable_adds=0
08-12 20:58:33.269 11944 12241 I DFInstaObserve: !toggles disable_feed=0 disable_explore=0 disable_reels=0 disable_stories=0 disable_adds=0
08-12 20:58:33.309 11944 12241 I DFInstaObserve: !toggles disable_feed=0 disable_explore=0 disable_reels=0 disable_stories=0 disable_adds=0
08-12 20:58:33.370 11944 12241 I DFInstaObserve: !toggles disable_feed=0 disable_explore=0 disable_reels=0 disable_stories=0 disable_adds=0
08-12 20:58:34.309 11944 13061 I DFInstaObserve: !toggles disable_feed=0 disable_explore=0 disable_reels=0 disable_stories=0 disable_adds=0
08-12 20:58:34.311 11944 13062 I DFInstaObserve: !toggles disable_feed=0 disable_explore=0 disable_reels=0 disable_stories=0 disable_adds=0
08-12 20:58:36.764 11944 13062 I DFInstaObserve: !toggles disable_feed=0 disable_explore=0 disable_reels=0 disable_stories=0 disable_adds=0
08-12 20:58:36.765 11944 13061 I DFInstaObserve: !toggles disable_feed=0 disable_explore=0 disable_reels=0 disable_stories=0 disable_adds=0
08-12 20:58:39.791 11944 12148 I DFInstaObserve: !toggles disable_feed=0 disable_explore=0 disable_reels=0 disable_stories=0 disable_adds=0
08-12 20:58:39.791 11944 12148 I DFInstaObserve: /clips/discover
08-12 20:58:39.791 11944 12148 I DFInstaObserve: /clips/discover/stream/
08-12 20:58:42.299 11944 13102 I DFInstaObserve: !toggles disable_feed=0 disable_explore=0 disable_reels=0 disable_stories=0 disable_adds=0
08-12 20:58:42.299 11944 13103 I DFInstaObserve: !toggles disable_feed=0 disable_explore=0 disable_reels=0 disable_stories=0 disable_adds=0
08-12 20:58:44.114 11944 12038 I DFInstaObserve: !toggles disable_feed=0 disable_explore=0 disable_reels=0 disable_stories=0 disable_adds=0
08-12 20:58:44.138 11944 12241 I DFInstaObserve: !toggles disable_feed=0 disable_explore=0 disable_reels=0 disable_stories=0 disable_adds=0
08-12 20:58:44.157 11944 12046 I DFInstaObserve: !toggles disable_feed=0 disable_explore=0 disable_reels=0 disable_stories=0 disable_adds=0
08-12 20:58:44.203 11944 12038 I DFInstaObserve: !toggles disable_feed=0 disable_explore=0 disable_reels=0 disable_stories=0 disable_adds=0
08-12 20:58:44.594 11944 12038 I DFInstaObserve: !toggles disable_feed=0 disable_explore=0 disable_reels=0 disable_stories=0 disable_adds=0
08-12 20:58:44.604 11944 12038 I DFInstaObserve: !toggles disable_feed=0 disable_explore=0 disable_reels=0 disable_stories=0 disable_adds=0
08-12 20:58:44.639 11944 12241 I DFInstaObserve: !toggles disable_feed=0 disable_explore=0 disable_reels=0 disable_stories=0 disable_adds=0
08-12 20:58:44.643 11944 13149 I DFInstaObserve: !toggles disable_feed=0 disable_explore=0 disable_reels=0 disable_stories=0 disable_adds=0
08-12 20:58:44.649 11944 13048 I DFInstaObserve: !toggles disable_feed=0 disable_explore=0 disable_reels=0 disable_stories=0 disable_adds=0
08-12 20:58:44.900 11944 12241 I DFInstaObserve: !toggles disable_feed=0 disable_explore=0 disable_reels=0 disable_stories=0 disable_adds=0
08-12 20:58:44.945 11944 12241 I DFInstaObserve: !toggles disable_feed=0 disable_explore=0 disable_reels=0 disable_stories=0 disable_adds=0
08-12 20:58:45.196 11944 12241 I DFInstaObserve: !toggles disable_feed=0 disable_explore=0 disable_reels=0 disable_stories=0 disable_adds=0
08-12 20:58:45.616 11944 13132 I DFInstaObserve: !toggles disable_feed=0 disable_explore=0 disable_reels=0 disable_stories=0 disable_adds=0
08-12 20:58:45.618 11944 13131 I DFInstaObserve: !toggles disable_feed=0 disable_explore=0 disable_reels=0 disable_stories=0 disable_adds=0
08-12 20:58:46.890 11944 12046 I DFInstaObserve: !toggles disable_feed=0 disable_explore=0 disable_reels=0 disable_stories=0 disable_adds=0
08-12 20:58:48.938 11944 13164 I DFInstaObserve: !toggles disable_feed=0 disable_explore=0 disable_reels=0 disable_stories=0 disable_adds=0
08-12 20:58:48.940 11944 13163 I DFInstaObserve: !toggles disable_feed=0 disable_explore=0 disable_reels=0 disable_stories=0 disable_adds=0
08-12 20:58:49.768 11944 13048 I DFInstaObserve: !toggles disable_feed=0 disable_explore=0 disable_reels=0 disable_stories=0 disable_adds=0
08-12 20:58:49.768 11944 13048 I DFInstaObserve: /clips/discover
08-12 20:58:49.768 11944 13048 I DFInstaObserve: /clips/discover/stream/
08-12 20:58:49.774 11944 13193 I DFInstaObserve: !toggles disable_feed=0 disable_explore=0 disable_reels=0 disable_stories=0 disable_adds=0
08-12 20:58:49.828 11944 13193 I DFInstaObserve: !toggles disable_feed=0 disable_explore=0 disable_reels=0 disable_stories=0 disable_adds=0
08-12 20:58:50.198 11944 12046 I DFInstaObserve: !toggles disable_feed=0 disable_explore=0 disable_reels=0 disable_stories=0 disable_adds=0
08-12 20:58:50.202 11944 13193 I DFInstaObserve: !toggles disable_feed=0 disable_explore=0 disable_reels=0 disable_stories=0 disable_adds=0
08-12 20:58:50.242 11944 13193 I DFInstaObserve: !toggles disable_feed=0 disable_explore=0 disable_reels=0 disable_stories=0 disable_adds=0
08-12 20:58:50.269 11944 13193 I DFInstaObserve: !toggles disable_feed=0 disable_explore=0 disable_reels=0 disable_stories=0 disable_adds=0
08-12 20:58:53.071 11944 13193 I DFInstaObserve: !toggles disable_feed=0 disable_explore=0 disable_reels=0 disable_stories=0 disable_adds=0
08-12 20:58:53.096 11944 13193 I DFInstaObserve: !toggles disable_feed=0 disable_explore=0 disable_reels=0 disable_stories=0 disable_adds=0
08-12 20:58:54.471 11944 12038 I DFInstaObserve: !toggles disable_feed=0 disable_explore=0 disable_reels=0 disable_stories=0 disable_adds=0
08-12 20:58:54.514 11944 12241 I DFInstaObserve: !toggles disable_feed=0 disable_explore=0 disable_reels=0 disable_stories=0 disable_adds=0
08-12 20:58:54.615 11944 12241 I DFInstaObserve: !toggles disable_feed=0 disable_explore=0 disable_reels=0 disable_stories=0 disable_adds=0
08-12 20:58:54.669 11944 12241 I DFInstaObserve: !toggles disable_feed=0 disable_explore=0 disable_reels=0 disable_stories=0 disable_adds=0
08-12 20:58:54.833 11944 12241 I DFInstaObserve: !toggles disable_feed=0 disable_explore=0 disable_reels=0 disable_stories=0 disable_adds=0
08-12 20:58:54.929 11944 12038 I DFInstaObserve: !toggles disable_feed=0 disable_explore=0 disable_reels=0 disable_stories=0 disable_adds=0
08-12 20:58:54.939 11944 12038 I DFInstaObserve: !toggles disable_feed=0 disable_explore=0 disable_reels=0 disable_stories=0 disable_adds=0
08-12 20:58:54.951 11944 12241 I DFInstaObserve: !toggles disable_feed=0 disable_explore=0 disable_reels=0 disable_stories=0 disable_adds=0
08-12 20:58:55.055 11944 12201 I DFInstaObserve: !toggles disable_feed=0 disable_explore=0 disable_reels=0 disable_stories=0 disable_adds=0
08-12 20:58:55.185 11944 12241 I DFInstaObserve: !toggles disable_feed=0 disable_explore=0 disable_reels=0 disable_stories=0 disable_adds=0
08-12 20:58:55.623 11944 13224 I DFInstaObserve: !toggles disable_feed=0 disable_explore=0 disable_reels=0 disable_stories=0 disable_adds=0
08-12 20:58:55.624 11944 13225 I DFInstaObserve: !toggles disable_feed=0 disable_explore=0 disable_reels=0 disable_stories=0 disable_adds=0
08-12 20:58:56.372 11944 13149 I DFInstaObserve: !toggles disable_feed=0 disable_explore=0 disable_reels=0 disable_stories=0 disable_adds=0
08-12 20:58:56.589 11944 12269 I DFInstaObserve: !toggles disable_feed=0 disable_explore=0 disable_reels=0 disable_stories=0 disable_adds=0
08-12 20:59:02.063 11944 13149 I DFInstaObserve: !toggles disable_feed=0 disable_explore=0 disable_reels=0 disable_stories=0 disable_adds=0
08-12 20:59:02.063 11944 13149 I DFInstaObserve: /clips/discover
08-12 20:59:02.063 11944 13149 I DFInstaObserve: /clips/discover/stream/
08-12 20:59:05.839 11944 12241 I DFInstaObserve: !toggles disable_feed=0 disable_explore=0 disable_reels=0 disable_stories=0 disable_adds=0
08-12 20:59:05.993 11944 12241 I DFInstaObserve: !toggles disable_feed=0 disable_explore=0 disable_reels=0 disable_stories=0 disable_adds=0
08-12 20:59:16.343 11944 12201 I DFInstaObserve: !toggles disable_feed=0 disable_explore=0 disable_reels=0 disable_stories=0 disable_adds=0
08-12 20:59:16.343 11944 12201 I DFInstaObserve: /feed/timeline/
08-12 20:59:17.929 11944 12038 I DFInstaObserve: !toggles disable_feed=0 disable_explore=0 disable_reels=0 disable_stories=0 disable_adds=0
08-12 20:59:17.934 11944 12038 I DFInstaObserve: !toggles disable_feed=0 disable_explore=0 disable_reels=0 disable_stories=0 disable_adds=0
08-12 20:59:17.988 11944 13339 I DFInstaObserve: !toggles disable_feed=0 disable_explore=0 disable_reels=0 disable_stories=0 disable_adds=0
08-12 20:59:18.003 11944 13339 I DFInstaObserve: !toggles disable_feed=0 disable_explore=0 disable_reels=0 disable_stories=0 disable_adds=0
08-12 20:59:18.137 11944 12241 I DFInstaObserve: !toggles disable_feed=0 disable_explore=0 disable_reels=0 disable_stories=0 disable_adds=0
08-12 20:59:18.173 11944 12241 I DFInstaObserve: !toggles disable_feed=0 disable_explore=0 disable_reels=0 disable_stories=0 disable_adds=0
08-12 20:59:18.218 11944 12241 I DFInstaObserve: !toggles disable_feed=0 disable_explore=0 disable_reels=0 disable_stories=0 disable_adds=0
08-12 20:59:18.256 11944 12241 I DFInstaObserve: !toggles disable_feed=0 disable_explore=0 disable_reels=0 disable_stories=0 disable_adds=0
08-12 20:59:19.481 11944 12046 I DFInstaObserve: !toggles disable_feed=0 disable_explore=0 disable_reels=0 disable_stories=0 disable_adds=0
08-12 20:59:19.492 11944 12038 I DFInstaObserve: !toggles disable_feed=0 disable_explore=0 disable_reels=0 disable_stories=0 disable_adds=0
08-12 20:59:26.147 11944 12038 I DFInstaObserve: !toggles disable_feed=0 disable_explore=0 disable_reels=0 disable_stories=0 disable_adds=0
08-12 20:59:29.589 11944 12148 I DFInstaObserve: !toggles disable_feed=0 disable_explore=0 disable_reels=0 disable_stories=0 disable_adds=0
08-12 20:59:29.589 11944 12148 I DFInstaObserve: /feed/timeline/
08-12 20:59:31.610 11944 12038 I DFInstaObserve: !toggles disable_feed=0 disable_explore=0 disable_reels=0 disable_stories=0 disable_adds=0
08-12 20:59:31.615 11944 12038 I DFInstaObserve: !toggles disable_feed=0 disable_explore=0 disable_reels=0 disable_stories=0 disable_adds=0
08-12 20:59:31.738 11944 12148 I DFInstaObserve: !toggles disable_feed=0 disable_explore=0 disable_reels=0 disable_stories=0 disable_adds=0
08-12 20:59:31.741 11944 13412 I DFInstaObserve: !toggles disable_feed=0 disable_explore=0 disable_reels=0 disable_stories=0 disable_adds=0
08-12 20:59:31.813 11944 12241 I DFInstaObserve: !toggles disable_feed=0 disable_explore=0 disable_reels=0 disable_stories=0 disable_adds=0
08-12 20:59:31.955 11944 13412 I DFInstaObserve: !toggles disable_feed=0 disable_explore=0 disable_reels=0 disable_stories=0 disable_adds=0
08-12 20:59:32.018 11944 12241 I DFInstaObserve: !toggles disable_feed=0 disable_explore=0 disable_reels=0 disable_stories=0 disable_adds=0
08-12 20:59:32.024 11944 13338 I DFInstaObserve: !toggles disable_feed=0 disable_explore=0 disable_reels=0 disable_stories=0 disable_adds=0
08-12 20:59:32.069 11944 12241 I DFInstaObserve: !toggles disable_feed=0 disable_explore=0 disable_reels=0 disable_stories=0 disable_adds=0
08-12 20:59:32.110 11944 12241 I DFInstaObserve: !toggles disable_feed=0 disable_explore=0 disable_reels=0 disable_stories=0 disable_adds=0
08-12 20:59:32.155 11944 12241 I DFInstaObserve: !toggles disable_feed=0 disable_explore=0 disable_reels=0 disable_stories=0 disable_adds=0
08-12 20:59:32.307 11944 12241 I DFInstaObserve: !toggles disable_feed=0 disable_explore=0 disable_reels=0 disable_stories=0 disable_adds=0
08-12 20:59:32.348 11944 12241 I DFInstaObserve: !toggles disable_feed=0 disable_explore=0 disable_reels=0 disable_stories=0 disable_adds=0
08-12 20:59:32.709 11944 12269 I DFInstaObserve: !toggles disable_feed=0 disable_explore=0 disable_reels=0 disable_stories=0 disable_adds=0
08-12 20:59:37.151 11944 13434 I DFInstaObserve: !toggles disable_feed=0 disable_explore=0 disable_reels=0 disable_stories=0 disable_adds=0
08-12 20:59:37.162 11944 13434 I DFInstaObserve: !toggles disable_feed=0 disable_explore=0 disable_reels=0 disable_stories=0 disable_adds=0
08-12 20:59:41.328 11944 12148 I DFInstaObserve: !toggles disable_feed=0 disable_explore=0 disable_reels=0 disable_stories=0 disable_adds=0
08-12 20:59:41.328 11944 12148 I DFInstaObserve: /discover/topical_explore
08-12 20:59:43.191 11944 13495 I DFInstaObserve: !toggles disable_feed=0 disable_explore=0 disable_reels=0 disable_stories=0 disable_adds=0
08-12 20:59:43.289 11944 13490 I DFInstaObserve: !toggles disable_feed=0 disable_explore=0 disable_reels=0 disable_stories=0 disable_adds=0
08-12 20:59:43.315 11944 13495 I DFInstaObserve: !toggles disable_feed=0 disable_explore=0 disable_reels=0 disable_stories=0 disable_adds=0
08-12 20:59:44.952 11944 12148 I DFInstaObserve: !toggles disable_feed=0 disable_explore=0 disable_reels=0 disable_stories=0 disable_adds=0
08-12 20:59:44.953 11944 12148 I DFInstaObserve: /discover/topical_explore
08-12 20:59:45.010 11944 12046 I DFInstaObserve: !toggles disable_feed=0 disable_explore=0 disable_reels=0 disable_stories=0 disable_adds=0
08-12 20:59:45.014 11944 13548 I DFInstaObserve: !toggles disable_feed=0 disable_explore=0 disable_reels=0 disable_stories=0 disable_adds=0
08-12 20:59:45.040 11944 12241 I DFInstaObserve: !toggles disable_feed=0 disable_explore=0 disable_reels=0 disable_stories=0 disable_adds=0
08-12 20:59:45.092 11944 13338 I DFInstaObserve: !toggles disable_feed=0 disable_explore=0 disable_reels=0 disable_stories=0 disable_adds=0
08-12 20:59:45.097 11944 13520 I DFInstaObserve: !toggles disable_feed=0 disable_explore=0 disable_reels=0 disable_stories=0 disable_adds=0
08-12 20:59:45.135 11944 13338 I DFInstaObserve: !toggles disable_feed=0 disable_explore=0 disable_reels=0 disable_stories=0 disable_adds=0
08-12 20:59:45.158 11944 12241 I DFInstaObserve: !toggles disable_feed=0 disable_explore=0 disable_reels=0 disable_stories=0 disable_adds=0
08-12 20:59:45.175 11944 13412 I DFInstaObserve: !toggles disable_feed=0 disable_explore=0 disable_reels=0 disable_stories=0 disable_adds=0
08-12 20:59:45.183 11944 13520 I DFInstaObserve: !toggles disable_feed=0 disable_explore=0 disable_reels=0 disable_stories=0 disable_adds=0
08-12 20:59:45.215 11944 13520 I DFInstaObserve: !toggles disable_feed=0 disable_explore=0 disable_reels=0 disable_stories=0 disable_adds=0
08-12 20:59:45.216 11944 12241 I DFInstaObserve: !toggles disable_feed=0 disable_explore=0 disable_reels=0 disable_stories=0 disable_adds=0
08-12 20:59:45.222 11944 13412 I DFInstaObserve: !toggles disable_feed=0 disable_explore=0 disable_reels=0 disable_stories=0 disable_adds=0
08-12 20:59:45.255 11944 13338 I DFInstaObserve: !toggles disable_feed=0 disable_explore=0 disable_reels=0 disable_stories=0 disable_adds=0
08-12 20:59:45.270 11944 13412 I DFInstaObserve: !toggles disable_feed=0 disable_explore=0 disable_reels=0 disable_stories=0 disable_adds=0
08-12 20:59:45.299 11944 13338 I DFInstaObserve: !toggles disable_feed=0 disable_explore=0 disable_reels=0 disable_stories=0 disable_adds=0
08-12 20:59:45.320 11944 13338 I DFInstaObserve: !toggles disable_feed=0 disable_explore=0 disable_reels=0 disable_stories=0 disable_adds=0
08-12 20:59:45.348 11944 13338 I DFInstaObserve: !toggles disable_feed=0 disable_explore=0 disable_reels=0 disable_stories=0 disable_adds=0
08-12 20:59:45.375 11944 13412 I DFInstaObserve: !toggles disable_feed=0 disable_explore=0 disable_reels=0 disable_stories=0 disable_adds=0
08-12 20:59:45.401 11944 13412 I DFInstaObserve: !toggles disable_feed=0 disable_explore=0 disable_reels=0 disable_stories=0 disable_adds=0
08-12 20:59:45.401 11944 12241 I DFInstaObserve: !toggles disable_feed=0 disable_explore=0 disable_reels=0 disable_stories=0 disable_adds=0
08-12 20:59:45.411 11944 13520 I DFInstaObserve: !toggles disable_feed=0 disable_explore=0 disable_reels=0 disable_stories=0 disable_adds=0
08-12 20:59:45.467 11944 12241 I DFInstaObserve: !toggles disable_feed=0 disable_explore=0 disable_reels=0 disable_stories=0 disable_adds=0
08-12 20:59:45.627 11944 12241 I DFInstaObserve: !toggles disable_feed=0 disable_explore=0 disable_reels=0 disable_stories=0 disable_adds=0
08-12 20:59:45.678 11944 12241 I DFInstaObserve: !toggles disable_feed=0 disable_explore=0 disable_reels=0 disable_stories=0 disable_adds=0
08-12 20:59:45.762 11944 12241 I DFInstaObserve: !toggles disable_feed=0 disable_explore=0 disable_reels=0 disable_stories=0 disable_adds=0
08-12 20:59:45.828 11944 12241 I DFInstaObserve: !toggles disable_feed=0 disable_explore=0 disable_reels=0 disable_stories=0 disable_adds=0
08-12 20:59:46.140 11944 12241 I DFInstaObserve: !toggles disable_feed=0 disable_explore=0 disable_reels=0 disable_stories=0 disable_adds=0
08-12 20:59:46.189 11944 12241 I DFInstaObserve: !toggles disable_feed=0 disable_explore=0 disable_reels=0 disable_stories=0 disable_adds=0
08-12 20:59:46.273 11944 12241 I DFInstaObserve: !toggles disable_feed=0 disable_explore=0 disable_reels=0 disable_stories=0 disable_adds=0
08-12 20:59:46.673 11944 13535 I DFInstaObserve: !toggles disable_feed=0 disable_explore=0 disable_reels=0 disable_stories=0 disable_adds=0
08-12 20:59:47.464 11944 13579 I DFInstaObserve: !toggles disable_feed=0 disable_explore=0 disable_reels=0 disable_stories=0 disable_adds=0
08-12 20:59:47.620 11944 13542 I DFInstaObserve: !toggles disable_feed=0 disable_explore=0 disable_reels=0 disable_stories=0 disable_adds=0
08-12 20:59:47.715 11944 13593 I DFInstaObserve: !toggles disable_feed=0 disable_explore=0 disable_reels=0 disable_stories=0 disable_adds=0
08-12 20:59:48.223 11944 13572 I DFInstaObserve: !toggles disable_feed=0 disable_explore=0 disable_reels=0 disable_stories=0 disable_adds=0
08-12 20:59:48.223 11944 13572 I DFInstaObserve: /discover/topical_explore
08-12 20:59:48.512 11944 12046 I DFInstaObserve: !toggles disable_feed=0 disable_explore=0 disable_reels=0 disable_stories=0 disable_adds=0
08-12 20:59:48.518 11944 13603 I DFInstaObserve: !toggles disable_feed=0 disable_explore=0 disable_reels=0 disable_stories=0 disable_adds=0
08-12 20:59:48.587 11944 12241 I DFInstaObserve: !toggles disable_feed=0 disable_explore=0 disable_reels=0 disable_stories=0 disable_adds=0
08-12 20:59:48.600 11944 13338 I DFInstaObserve: !toggles disable_feed=0 disable_explore=0 disable_reels=0 disable_stories=0 disable_adds=0
08-12 20:59:48.609 11944 12148 I DFInstaObserve: !toggles disable_feed=0 disable_explore=0 disable_reels=0 disable_stories=0 disable_adds=0
08-12 20:59:48.664 11944 13149 I DFInstaObserve: !toggles disable_feed=0 disable_explore=0 disable_reels=0 disable_stories=0 disable_adds=0
08-12 20:59:48.675 11944 13149 I DFInstaObserve: !toggles disable_feed=0 disable_explore=0 disable_reels=0 disable_stories=0 disable_adds=0
08-12 20:59:48.722 11944 12148 I DFInstaObserve: !toggles disable_feed=0 disable_explore=0 disable_reels=0 disable_stories=0 disable_adds=0
08-12 20:59:48.826 11944 13149 I DFInstaObserve: !toggles disable_feed=0 disable_explore=0 disable_reels=0 disable_stories=0 disable_adds=0
08-12 20:59:48.832 11944 13520 I DFInstaObserve: !toggles disable_feed=0 disable_explore=0 disable_reels=0 disable_stories=0 disable_adds=0
08-12 20:59:48.858 11944 12241 I DFInstaObserve: !toggles disable_feed=0 disable_explore=0 disable_reels=0 disable_stories=0 disable_adds=0
08-12 20:59:48.871 11944 13338 I DFInstaObserve: !toggles disable_feed=0 disable_explore=0 disable_reels=0 disable_stories=0 disable_adds=0
08-12 20:59:48.877 11944 13520 I DFInstaObserve: !toggles disable_feed=0 disable_explore=0 disable_reels=0 disable_stories=0 disable_adds=0
08-12 20:59:48.913 11944 13149 I DFInstaObserve: !toggles disable_feed=0 disable_explore=0 disable_reels=0 disable_stories=0 disable_adds=0
08-12 20:59:48.925 11944 12241 I DFInstaObserve: !toggles disable_feed=0 disable_explore=0 disable_reels=0 disable_stories=0 disable_adds=0
08-12 20:59:48.925 11944 13338 I DFInstaObserve: !toggles disable_feed=0 disable_explore=0 disable_reels=0 disable_stories=0 disable_adds=0
08-12 20:59:48.941 11944 13149 I DFInstaObserve: !toggles disable_feed=0 disable_explore=0 disable_reels=0 disable_stories=0 disable_adds=0
08-12 20:59:48.960 11944 13520 I DFInstaObserve: !toggles disable_feed=0 disable_explore=0 disable_reels=0 disable_stories=0 disable_adds=0
08-12 20:59:49.001 11944 13149 I DFInstaObserve: !toggles disable_feed=0 disable_explore=0 disable_reels=0 disable_stories=0 disable_adds=0
08-12 20:59:49.018 11944 13149 I DFInstaObserve: !toggles disable_feed=0 disable_explore=0 disable_reels=0 disable_stories=0 disable_adds=0
08-12 20:59:49.065 11944 13520 I DFInstaObserve: !toggles disable_feed=0 disable_explore=0 disable_reels=0 disable_stories=0 disable_adds=0
08-12 20:59:49.085 11944 13520 I DFInstaObserve: !toggles disable_feed=0 disable_explore=0 disable_reels=0 disable_stories=0 disable_adds=0
08-12 20:59:49.120 11944 13149 I DFInstaObserve: !toggles disable_feed=0 disable_explore=0 disable_reels=0 disable_stories=0 disable_adds=0
08-12 20:59:49.154 11944 12241 I DFInstaObserve: !toggles disable_feed=0 disable_explore=0 disable_reels=0 disable_stories=0 disable_adds=0
08-12 20:59:49.198 11944 12241 I DFInstaObserve: !toggles disable_feed=0 disable_explore=0 disable_reels=0 disable_stories=0 disable_adds=0
08-12 20:59:49.525 11944 12241 I DFInstaObserve: !toggles disable_feed=0 disable_explore=0 disable_reels=0 disable_stories=0 disable_adds=0
08-12 20:59:49.575 11944 12241 I DFInstaObserve: !toggles disable_feed=0 disable_explore=0 disable_reels=0 disable_stories=0 disable_adds=0
08-12 20:59:49.746 11944 12241 I DFInstaObserve: !toggles disable_feed=0 disable_explore=0 disable_reels=0 disable_stories=0 disable_adds=0
08-12 20:59:49.793 11944 12241 I DFInstaObserve: !toggles disable_feed=0 disable_explore=0 disable_reels=0 disable_stories=0 disable_adds=0
08-12 20:59:49.803 11944 13592 I DFInstaObserve: !toggles disable_feed=0 disable_explore=0 disable_reels=0 disable_stories=0 disable_adds=0
08-12 20:59:49.926 11944 12241 I DFInstaObserve: !toggles disable_feed=0 disable_explore=0 disable_reels=0 disable_stories=0 disable_adds=0
08-12 20:59:49.970 11944 12241 I DFInstaObserve: !toggles disable_feed=0 disable_explore=0 disable_reels=0 disable_stories=0 disable_adds=0
08-12 20:59:50.069 11944 12241 I DFInstaObserve: !toggles disable_feed=0 disable_explore=0 disable_reels=0 disable_stories=0 disable_adds=0
08-12 20:59:50.158 11944 13598 I DFInstaObserve: !toggles disable_feed=0 disable_explore=0 disable_reels=0 disable_stories=0 disable_adds=0
08-12 20:59:50.252 11944 13598 I DFInstaObserve: !toggles disable_feed=0 disable_explore=0 disable_reels=0 disable_stories=0 disable_adds=0
08-12 20:59:51.563 11944 12046 I DFInstaObserve: !toggles disable_feed=0 disable_explore=0 disable_reels=0 disable_stories=0 disable_adds=0
08-12 20:59:51.574 11944 13647 I DFInstaObserve: !toggles disable_feed=0 disable_explore=0 disable_reels=0 disable_stories=0 disable_adds=0
08-12 20:59:51.615 11944 12241 I DFInstaObserve: !toggles disable_feed=0 disable_explore=0 disable_reels=0 disable_stories=0 disable_adds=0
08-12 20:59:51.622 11944 13149 I DFInstaObserve: !toggles disable_feed=0 disable_explore=0 disable_reels=0 disable_stories=0 disable_adds=0
08-12 20:59:51.634 11944 13634 I DFInstaObserve: !toggles disable_feed=0 disable_explore=0 disable_reels=0 disable_stories=0 disable_adds=0
08-12 20:59:51.682 11944 12148 I DFInstaObserve: !toggles disable_feed=0 disable_explore=0 disable_reels=0 disable_stories=0 disable_adds=0
08-12 20:59:51.696 11944 12241 I DFInstaObserve: !toggles disable_feed=0 disable_explore=0 disable_reels=0 disable_stories=0 disable_adds=0
08-12 20:59:51.778 11944 13520 I DFInstaObserve: !toggles disable_feed=0 disable_explore=0 disable_reels=0 disable_stories=0 disable_adds=0
08-12 20:59:51.786 11944 13634 I DFInstaObserve: !toggles disable_feed=0 disable_explore=0 disable_reels=0 disable_stories=0 disable_adds=0
08-12 20:59:51.816 11944 12241 I DFInstaObserve: !toggles disable_feed=0 disable_explore=0 disable_reels=0 disable_stories=0 disable_adds=0
08-12 20:59:51.854 11944 13149 I DFInstaObserve: !toggles disable_feed=0 disable_explore=0 disable_reels=0 disable_stories=0 disable_adds=0
08-12 20:59:51.899 11944 13634 I DFInstaObserve: !toggles disable_feed=0 disable_explore=0 disable_reels=0 disable_stories=0 disable_adds=0
08-12 20:59:51.921 11944 12148 I DFInstaObserve: !toggles disable_feed=0 disable_explore=0 disable_reels=0 disable_stories=0 disable_adds=0
08-12 20:59:51.940 11944 12241 I DFInstaObserve: !toggles disable_feed=0 disable_explore=0 disable_reels=0 disable_stories=0 disable_adds=0
08-12 20:59:51.978 11944 13634 I DFInstaObserve: !toggles disable_feed=0 disable_explore=0 disable_reels=0 disable_stories=0 disable_adds=0
08-12 20:59:51.990 11944 13149 I DFInstaObserve: !toggles disable_feed=0 disable_explore=0 disable_reels=0 disable_stories=0 disable_adds=0
08-12 20:59:52.006 11944 12241 I DFInstaObserve: !toggles disable_feed=0 disable_explore=0 disable_reels=0 disable_stories=0 disable_adds=0
08-12 20:59:52.024 11944 13520 I DFInstaObserve: !toggles disable_feed=0 disable_explore=0 disable_reels=0 disable_stories=0 disable_adds=0
08-12 20:59:52.080 11944 12148 I DFInstaObserve: !toggles disable_feed=0 disable_explore=0 disable_reels=0 disable_stories=0 disable_adds=0
08-12 20:59:52.093 11944 13520 I DFInstaObserve: !toggles disable_feed=0 disable_explore=0 disable_reels=0 disable_stories=0 disable_adds=0
08-12 20:59:52.141 11944 13520 I DFInstaObserve: !toggles disable_feed=0 disable_explore=0 disable_reels=0 disable_stories=0 disable_adds=0
08-12 20:59:52.151 11944 13634 I DFInstaObserve: !toggles disable_feed=0 disable_explore=0 disable_reels=0 disable_stories=0 disable_adds=0
08-12 20:59:52.202 11944 13520 I DFInstaObserve: !toggles disable_feed=0 disable_explore=0 disable_reels=0 disable_stories=0 disable_adds=0
08-12 20:59:52.220 11944 12148 I DFInstaObserve: !toggles disable_feed=0 disable_explore=0 disable_reels=0 disable_stories=0 disable_adds=0
08-12 20:59:52.248 11944 12241 I DFInstaObserve: !toggles disable_feed=0 disable_explore=0 disable_reels=0 disable_stories=0 disable_adds=0
08-12 20:59:52.261 11944 12148 I DFInstaObserve: !toggles disable_feed=0 disable_explore=0 disable_reels=0 disable_stories=0 disable_adds=0
08-12 20:59:52.278 11944 13520 I DFInstaObserve: !toggles disable_feed=0 disable_explore=0 disable_reels=0 disable_stories=0 disable_adds=0
08-12 20:59:52.307 11944 13520 I DFInstaObserve: !toggles disable_feed=0 disable_explore=0 disable_reels=0 disable_stories=0 disable_adds=0
08-12 20:59:52.327 11944 12241 I DFInstaObserve: !toggles disable_feed=0 disable_explore=0 disable_reels=0 disable_stories=0 disable_adds=0
08-12 20:59:52.542 11944 12241 I DFInstaObserve: !toggles disable_feed=0 disable_explore=0 disable_reels=0 disable_stories=0 disable_adds=0
08-12 20:59:52.589 11944 12241 I DFInstaObserve: !toggles disable_feed=0 disable_explore=0 disable_reels=0 disable_stories=0 disable_adds=0
08-12 20:59:52.692 11944 12241 I DFInstaObserve: !toggles disable_feed=0 disable_explore=0 disable_reels=0 disable_stories=0 disable_adds=0
08-12 20:59:52.851 11944 12241 I DFInstaObserve: !toggles disable_feed=0 disable_explore=0 disable_reels=0 disable_stories=0 disable_adds=0
08-12 20:59:52.886 11944 12241 I DFInstaObserve: !toggles disable_feed=0 disable_explore=0 disable_reels=0 disable_stories=0 disable_adds=0
08-12 20:59:52.928 11944 12241 I DFInstaObserve: !toggles disable_feed=0 disable_explore=0 disable_reels=0 disable_stories=0 disable_adds=0
08-12 20:59:53.089 11944 12241 I DFInstaObserve: !toggles disable_feed=0 disable_explore=0 disable_reels=0 disable_stories=0 disable_adds=0
08-12 20:59:53.133 11944 12241 I DFInstaObserve: !toggles disable_feed=0 disable_explore=0 disable_reels=0 disable_stories=0 disable_adds=0
08-12 20:59:53.192 11944 12241 I DFInstaObserve: !toggles disable_feed=0 disable_explore=0 disable_reels=0 disable_stories=0 disable_adds=0
08-12 20:59:53.282 11944 13637 I DFInstaObserve: !toggles disable_feed=0 disable_explore=0 disable_reels=0 disable_stories=0 disable_adds=0
08-12 20:59:53.316 11944 13637 I DFInstaObserve: !toggles disable_feed=0 disable_explore=0 disable_reels=0 disable_stories=0 disable_adds=0
08-12 20:59:54.317 11944 13689 I DFInstaObserve: !toggles disable_feed=0 disable_explore=0 disable_reels=0 disable_stories=0 disable_adds=0
08-12 20:59:56.192 11944 13654 I DFInstaObserve: !toggles disable_feed=0 disable_explore=0 disable_reels=0 disable_stories=0 disable_adds=0
08-12 20:59:56.298 11944 13681 I DFInstaObserve: !toggles disable_feed=0 disable_explore=0 disable_reels=0 disable_stories=0 disable_adds=0
08-12 20:59:57.394 11944 12269 I DFInstaObserve: !toggles disable_feed=0 disable_explore=0 disable_reels=0 disable_stories=0 disable_adds=0
08-12 20:59:57.477 11944 12046 I DFInstaObserve: !toggles disable_feed=0 disable_explore=0 disable_reels=0 disable_stories=0 disable_adds=0
08-12 20:59:57.524 11944 12269 I DFInstaObserve: !toggles disable_feed=0 disable_explore=0 disable_reels=0 disable_stories=0 disable_adds=0
08-12 20:59:59.670 11944 13735 I DFInstaObserve: !toggles disable_feed=0 disable_explore=0 disable_reels=0 disable_stories=0 disable_adds=0
08-12 20:59:59.671 11944 13736 I DFInstaObserve: !toggles disable_feed=0 disable_explore=0 disable_reels=0 disable_stories=0 disable_adds=0
08-12 21:00:02.126 11944 13735 I DFInstaObserve: !toggles disable_feed=0 disable_explore=0 disable_reels=0 disable_stories=0 disable_adds=0
08-12 21:00:02.129 11944 13736 I DFInstaObserve: !toggles disable_feed=0 disable_explore=0 disable_reels=0 disable_stories=0 disable_adds=0
08-12 21:00:05.839 11944 13647 I DFInstaObserve: !toggles disable_feed=0 disable_explore=0 disable_reels=0 disable_stories=0 disable_adds=0
08-12 21:00:06.461 11944 13823 I DFInstaObserve: !toggles disable_feed=0 disable_explore=0 disable_reels=0 disable_stories=0 disable_adds=0
08-12 21:00:06.462 11944 13824 I DFInstaObserve: !toggles disable_feed=0 disable_explore=0 disable_reels=0 disable_stories=0 disable_adds=0
08-12 21:00:08.468 11944 13824 I DFInstaObserve: !toggles disable_feed=0 disable_explore=0 disable_reels=0 disable_stories=0 disable_adds=0
08-12 21:00:08.701 11944 13634 I DFInstaObserve: !toggles disable_feed=0 disable_explore=0 disable_reels=0 disable_stories=0 disable_adds=0
08-12 21:00:08.701 11944 13634 I DFInstaObserve: /clips/discover
08-12 21:00:08.701 11944 13634 I DFInstaObserve: /clips/discover/stream/
08-12 21:00:09.133 11944 13647 I DFInstaObserve: !toggles disable_feed=0 disable_explore=0 disable_reels=0 disable_stories=0 disable_adds=0
08-12 21:00:09.139 11944 12046 I DFInstaObserve: !toggles disable_feed=0 disable_explore=0 disable_reels=0 disable_stories=0 disable_adds=0
08-12 21:00:09.165 11944 13647 I DFInstaObserve: !toggles disable_feed=0 disable_explore=0 disable_reels=0 disable_stories=0 disable_adds=0
08-12 21:00:11.232 11944 13864 I DFInstaObserve: !toggles disable_feed=0 disable_explore=0 disable_reels=0 disable_stories=0 disable_adds=0
08-12 21:00:11.233 11944 13863 I DFInstaObserve: !toggles disable_feed=0 disable_explore=0 disable_reels=0 disable_stories=0 disable_adds=0
08-12 21:00:13.101 11944 13893 I DFInstaObserve: !toggles disable_feed=0 disable_explore=0 disable_reels=0 disable_stories=0 disable_adds=0
08-12 21:00:13.101 11944 13892 I DFInstaObserve: !toggles disable_feed=0 disable_explore=0 disable_reels=0 disable_stories=0 disable_adds=0
08-12 21:00:13.530 11944 12046 I DFInstaObserve: !toggles disable_feed=0 disable_explore=0 disable_reels=0 disable_stories=0 disable_adds=0
08-12 21:00:13.538 11944 12046 I DFInstaObserve: !toggles disable_feed=0 disable_explore=0 disable_reels=0 disable_stories=0 disable_adds=0
08-12 21:00:13.556 11944 13716 I DFInstaObserve: !toggles disable_feed=0 disable_explore=0 disable_reels=0 disable_stories=0 disable_adds=0
08-12 21:00:13.586 11944 12241 I DFInstaObserve: !toggles disable_feed=0 disable_explore=0 disable_reels=0 disable_stories=0 disable_adds=0
08-12 21:00:13.593 11944 13647 I DFInstaObserve: !toggles disable_feed=0 disable_explore=0 disable_reels=0 disable_stories=0 disable_adds=0
08-12 21:00:13.656 11944 12241 I DFInstaObserve: !toggles disable_feed=0 disable_explore=0 disable_reels=0 disable_stories=0 disable_adds=0
08-12 21:00:13.694 11944 12241 I DFInstaObserve: !toggles disable_feed=0 disable_explore=0 disable_reels=0 disable_stories=0 disable_adds=0
08-12 21:00:13.926 11944 12241 I DFInstaObserve: !toggles disable_feed=0 disable_explore=0 disable_reels=0 disable_stories=0 disable_adds=0
08-12 21:00:14.023 11944 12046 I DFInstaObserve: !toggles disable_feed=0 disable_explore=0 disable_reels=0 disable_stories=0 disable_adds=0
08-12 21:00:14.028 11944 12046 I DFInstaObserve: !toggles disable_feed=0 disable_explore=0 disable_reels=0 disable_stories=0 disable_adds=0
08-12 21:00:14.059 11944 13712 I DFInstaObserve: !toggles disable_feed=0 disable_explore=0 disable_reels=0 disable_stories=0 disable_adds=0
08-12 21:00:14.094 11944 12241 I DFInstaObserve: !toggles disable_feed=0 disable_explore=0 disable_reels=0 disable_stories=0 disable_adds=0
08-12 21:00:14.346 11944 12241 I DFInstaObserve: !toggles disable_feed=0 disable_explore=0 disable_reels=0 disable_stories=0 disable_adds=0
08-12 21:00:14.375 11944 12241 I DFInstaObserve: !toggles disable_feed=0 disable_explore=0 disable_reels=0 disable_stories=0 disable_adds=0
08-12 21:00:14.688 11944 13718 I DFInstaObserve: !toggles disable_feed=0 disable_explore=0 disable_reels=0 disable_stories=0 disable_adds=0
08-12 21:00:15.117 11944 13893 I DFInstaObserve: !toggles disable_feed=0 disable_explore=0 disable_reels=0 disable_stories=0 disable_adds=0
08-12 21:00:15.784 11944 13647 I DFInstaObserve: !toggles disable_feed=0 disable_explore=0 disable_reels=0 disable_stories=0 disable_adds=0
08-12 21:00:17.902 11944 13937 I DFInstaObserve: !toggles disable_feed=0 disable_explore=0 disable_reels=0 disable_stories=0 disable_adds=0
08-12 21:00:17.904 11944 13936 I DFInstaObserve: !toggles disable_feed=0 disable_explore=0 disable_reels=0 disable_stories=0 disable_adds=0
08-12 21:00:19.163 11944 13647 I DFInstaObserve: !toggles disable_feed=0 disable_explore=0 disable_reels=0 disable_stories=0 disable_adds=0
08-12 21:00:21.224 11944 13973 I DFInstaObserve: !toggles disable_feed=0 disable_explore=0 disable_reels=0 disable_stories=0 disable_adds=0
08-12 21:00:21.224 11944 13972 I DFInstaObserve: !toggles disable_feed=0 disable_explore=0 disable_reels=0 disable_stories=0 disable_adds=0
08-12 21:00:22.004 11944 13718 I DFInstaObserve: !toggles disable_feed=0 disable_explore=0 disable_reels=0 disable_stories=0 disable_adds=0
08-12 21:00:22.463 11944 12269 I DFInstaObserve: !toggles disable_feed=0 disable_explore=0 disable_reels=0 disable_stories=0 disable_adds=0
08-12 21:00:45.609 11944 13718 I DFInstaObserve: !toggles disable_feed=0 disable_explore=0 disable_reels=0 disable_stories=0 disable_adds=0
08-12 21:00:45.609 11944 13718 I DFInstaObserve: /clips/discover
08-12 21:00:45.609 11944 13718 I DFInstaObserve: /clips/discover/stream/
08-12 21:00:48.387 11944 12046 I DFInstaObserve: !toggles disable_feed=0 disable_explore=0 disable_reels=0 disable_stories=0 disable_adds=0
08-12 21:00:48.852 11944 12241 I DFInstaObserve: !toggles disable_feed=0 disable_explore=0 disable_reels=0 disable_stories=0 disable_adds=0
08-12 21:00:49.052 11944 12241 I DFInstaObserve: !toggles disable_feed=0 disable_explore=0 disable_reels=0 disable_stories=0 disable_adds=0
08-12 21:00:49.290 11944 12241 I DFInstaObserve: !toggles disable_feed=0 disable_explore=0 disable_reels=0 disable_stories=0 disable_adds=0
08-12 21:00:49.487 11944 12241 I DFInstaObserve: !toggles disable_feed=0 disable_explore=0 disable_reels=0 disable_stories=0 disable_adds=0
08-12 21:00:49.523 11944 12241 I DFInstaObserve: !toggles disable_feed=0 disable_explore=0 disable_reels=0 disable_stories=0 disable_adds=0
08-12 21:00:49.609 11944 12241 I DFInstaObserve: !toggles disable_feed=0 disable_explore=0 disable_reels=0 disable_stories=0 disable_adds=0
08-12 21:00:49.647 11944 12241 I DFInstaObserve: !toggles disable_feed=0 disable_explore=0 disable_reels=0 disable_stories=0 disable_adds=0
08-12 21:00:49.811 11944 12241 I DFInstaObserve: !toggles disable_feed=0 disable_explore=0 disable_reels=0 disable_stories=0 disable_adds=0
08-12 21:00:51.727 11944 13647 I DFInstaObserve: !toggles disable_feed=0 disable_explore=0 disable_reels=0 disable_stories=0 disable_adds=0
08-12 21:00:54.965 11944 13718 I DFInstaObserve: !toggles disable_feed=0 disable_explore=0 disable_reels=0 disable_stories=0 disable_adds=0
08-12 21:00:54.965 11944 13718 I DFInstaObserve: /feed/timeline/
08-12 21:00:56.819 11944 12046 I DFInstaObserve: !toggles disable_feed=0 disable_explore=0 disable_reels=0 disable_stories=0 disable_adds=0
08-12 21:00:56.828 11944 12046 I DFInstaObserve: !toggles disable_feed=0 disable_explore=0 disable_reels=0 disable_stories=0 disable_adds=0
08-12 21:00:56.846 11944 13915 I DFInstaObserve: !toggles disable_feed=0 disable_explore=0 disable_reels=0 disable_stories=0 disable_adds=0
08-12 21:00:56.884 11944 14118 I DFInstaObserve: !toggles disable_feed=0 disable_explore=0 disable_reels=0 disable_stories=0 disable_adds=0
08-12 21:00:57.108 11944 12241 I DFInstaObserve: !toggles disable_feed=0 disable_explore=0 disable_reels=0 disable_stories=0 disable_adds=0
08-12 21:00:57.147 11944 12241 I DFInstaObserve: !toggles disable_feed=0 disable_explore=0 disable_reels=0 disable_stories=0 disable_adds=0
08-12 21:00:57.318 11944 12241 I DFInstaObserve: !toggles disable_feed=0 disable_explore=0 disable_reels=0 disable_stories=0 disable_adds=0
08-12 21:00:57.321 11944 14104 I DFInstaObserve: !toggles disable_feed=0 disable_explore=0 disable_reels=0 disable_stories=0 disable_adds=0
08-12 21:00:58.571 11944 12269 I DFInstaObserve: !toggles disable_feed=0 disable_explore=0 disable_reels=0 disable_stories=0 disable_adds=0
08-12 21:01:02.733 11944 14140 I DFInstaObserve: !toggles disable_feed=0 disable_explore=0 disable_reels=0 disable_stories=0 disable_adds=0
08-12 21:01:02.738 11944 14134 I DFInstaObserve: !toggles disable_feed=0 disable_explore=0 disable_reels=0 disable_stories=0 disable_adds=0
08-12 21:01:02.763 11944 14140 I DFInstaObserve: !toggles disable_feed=0 disable_explore=0 disable_reels=0 disable_stories=0 disable_adds=0
08-12 21:01:02.766 11944 14134 I DFInstaObserve: !toggles disable_feed=0 disable_explore=0 disable_reels=0 disable_stories=0 disable_adds=0
08-12 21:01:06.565 11944 14176 I DFInstaObserve: !toggles disable_feed=0 disable_explore=0 disable_reels=0 disable_stories=0 disable_adds=0
08-12 21:01:06.855 11944 14200 I DFInstaObserve: !toggles disable_feed=0 disable_explore=0 disable_reels=0 disable_stories=0 disable_adds=0
08-12 21:01:08.829 11944 14188 I DFInstaObserve: !toggles disable_feed=0 disable_explore=0 disable_reels=0 disable_stories=0 disable_adds=0
08-12 21:01:08.859 11944 14188 I DFInstaObserve: !toggles disable_feed=0 disable_explore=0 disable_reels=0 disable_stories=0 disable_adds=0
08-12 21:01:09.032 11944 14182 I DFInstaObserve: !toggles disable_feed=0 disable_explore=0 disable_reels=0 disable_stories=0 disable_adds=0
08-12 21:01:09.765 11944 14231 I DFInstaObserve: !toggles disable_feed=0 disable_explore=0 disable_reels=0 disable_stories=0 disable_adds=0
08-12 21:01:09.806 11944 13915 I DFInstaObserve: !toggles disable_feed=0 disable_explore=0 disable_reels=0 disable_stories=0 disable_adds=0
08-12 21:01:09.806 11944 13915 I DFInstaObserve: /discover/topical_explore
08-12 21:01:09.875 11944 14245 I DFInstaObserve: !toggles disable_feed=0 disable_explore=0 disable_reels=0 disable_stories=0 disable_adds=0
08-12 21:01:09.984 11944 14254 I DFInstaObserve: !toggles disable_feed=0 disable_explore=0 disable_reels=0 disable_stories=0 disable_adds=0
08-12 21:01:12.228 11944 14259 I DFInstaObserve: !toggles disable_feed=0 disable_explore=0 disable_reels=0 disable_stories=0 disable_adds=0
08-12 21:01:12.300 11944 14259 I DFInstaObserve: !toggles disable_feed=0 disable_explore=0 disable_reels=0 disable_stories=0 disable_adds=0
08-12 21:01:12.430 11944 14253 I DFInstaObserve: !toggles disable_feed=0 disable_explore=0 disable_reels=0 disable_stories=0 disable_adds=0
08-12 21:01:13.103 11944 14281 I DFInstaObserve: !toggles disable_feed=0 disable_explore=0 disable_reels=0 disable_stories=0 disable_adds=0
08-12 21:01:13.109 11944 13647 I DFInstaObserve: !toggles disable_feed=0 disable_explore=0 disable_reels=0 disable_stories=0 disable_adds=0
08-12 21:01:13.149 11944 12241 I DFInstaObserve: !toggles disable_feed=0 disable_explore=0 disable_reels=0 disable_stories=0 disable_adds=0
08-12 21:01:13.175 11944 14286 I DFInstaObserve: !toggles disable_feed=0 disable_explore=0 disable_reels=0 disable_stories=0 disable_adds=0
08-12 21:01:13.228 11944 14116 I DFInstaObserve: !toggles disable_feed=0 disable_explore=0 disable_reels=0 disable_stories=0 disable_adds=0
08-12 21:01:13.236 11944 13718 I DFInstaObserve: !toggles disable_feed=0 disable_explore=0 disable_reels=0 disable_stories=0 disable_adds=0
08-12 21:01:13.260 11944 12241 I DFInstaObserve: !toggles disable_feed=0 disable_explore=0 disable_reels=0 disable_stories=0 disable_adds=0
08-12 21:01:13.278 11944 13718 I DFInstaObserve: !toggles disable_feed=0 disable_explore=0 disable_reels=0 disable_stories=0 disable_adds=0
08-12 21:01:13.288 11944 14116 I DFInstaObserve: !toggles disable_feed=0 disable_explore=0 disable_reels=0 disable_stories=0 disable_adds=0
08-12 21:01:13.289 11944 14297 I DFInstaObserve: !toggles disable_feed=0 disable_explore=0 disable_reels=0 disable_stories=0 disable_adds=0
08-12 21:01:13.308 11944 12241 I DFInstaObserve: !toggles disable_feed=0 disable_explore=0 disable_reels=0 disable_stories=0 disable_adds=0
08-12 21:01:13.323 11944 13718 I DFInstaObserve: !toggles disable_feed=0 disable_explore=0 disable_reels=0 disable_stories=0 disable_adds=0
08-12 21:01:13.329 11944 14116 I DFInstaObserve: !toggles disable_feed=0 disable_explore=0 disable_reels=0 disable_stories=0 disable_adds=0
08-12 21:01:13.364 11944 13915 I DFInstaObserve: !toggles disable_feed=0 disable_explore=0 disable_reels=0 disable_stories=0 disable_adds=0
08-12 21:01:13.376 11944 14116 I DFInstaObserve: !toggles disable_feed=0 disable_explore=0 disable_reels=0 disable_stories=0 disable_adds=0
08-12 21:01:13.393 11944 14116 I DFInstaObserve: !toggles disable_feed=0 disable_explore=0 disable_reels=0 disable_stories=0 disable_adds=0
08-12 21:01:13.413 11944 13915 I DFInstaObserve: !toggles disable_feed=0 disable_explore=0 disable_reels=0 disable_stories=0 disable_adds=0
08-12 21:01:13.428 11944 13915 I DFInstaObserve: !toggles disable_feed=0 disable_explore=0 disable_reels=0 disable_stories=0 disable_adds=0
08-12 21:01:13.447 11944 14116 I DFInstaObserve: !toggles disable_feed=0 disable_explore=0 disable_reels=0 disable_stories=0 disable_adds=0
08-12 21:01:13.451 11944 12241 I DFInstaObserve: !toggles disable_feed=0 disable_explore=0 disable_reels=0 disable_stories=0 disable_adds=0
08-12 21:01:13.459 11944 13915 I DFInstaObserve: !toggles disable_feed=0 disable_explore=0 disable_reels=0 disable_stories=0 disable_adds=0
08-12 21:01:13.474 11944 13915 I DFInstaObserve: !toggles disable_feed=0 disable_explore=0 disable_reels=0 disable_stories=0 disable_adds=0
08-12 21:01:13.489 11944 13718 I DFInstaObserve: !toggles disable_feed=0 disable_explore=0 disable_reels=0 disable_stories=0 disable_adds=0
08-12 21:01:13.499 11944 12241 I DFInstaObserve: !toggles disable_feed=0 disable_explore=0 disable_reels=0 disable_stories=0 disable_adds=0
08-12 21:01:13.517 11944 13915 I DFInstaObserve: !toggles disable_feed=0 disable_explore=0 disable_reels=0 disable_stories=0 disable_adds=0
08-12 21:01:13.542 11944 14116 I DFInstaObserve: !toggles disable_feed=0 disable_explore=0 disable_reels=0 disable_stories=0 disable_adds=0
08-12 21:01:13.561 11944 14116 I DFInstaObserve: !toggles disable_feed=0 disable_explore=0 disable_reels=0 disable_stories=0 disable_adds=0
08-12 21:01:13.578 11944 13718 I DFInstaObserve: !toggles disable_feed=0 disable_explore=0 disable_reels=0 disable_stories=0 disable_adds=0
08-12 21:01:13.594 11944 13718 I DFInstaObserve: !toggles disable_feed=0 disable_explore=0 disable_reels=0 disable_stories=0 disable_adds=0
08-12 21:01:13.714 11944 12241 I DFInstaObserve: !toggles disable_feed=0 disable_explore=0 disable_reels=0 disable_stories=0 disable_adds=0
08-12 21:01:13.749 11944 12241 I DFInstaObserve: !toggles disable_feed=0 disable_explore=0 disable_reels=0 disable_stories=0 disable_adds=0
08-12 21:01:13.856 11944 12241 I DFInstaObserve: !toggles disable_feed=0 disable_explore=0 disable_reels=0 disable_stories=0 disable_adds=0
08-12 21:01:13.901 11944 12241 I DFInstaObserve: !toggles disable_feed=0 disable_explore=0 disable_reels=0 disable_stories=0 disable_adds=0
08-12 21:01:14.120 11944 12241 I DFInstaObserve: !toggles disable_feed=0 disable_explore=0 disable_reels=0 disable_stories=0 disable_adds=0
08-12 21:01:14.161 11944 12241 I DFInstaObserve: !toggles disable_feed=0 disable_explore=0 disable_reels=0 disable_stories=0 disable_adds=0
08-12 21:01:14.235 11944 12241 I DFInstaObserve: !toggles disable_feed=0 disable_explore=0 disable_reels=0 disable_stories=0 disable_adds=0
08-12 21:01:14.278 11944 12241 I DFInstaObserve: !toggles disable_feed=0 disable_explore=0 disable_reels=0 disable_stories=0 disable_adds=0
08-12 21:01:14.416 11944 12241 I DFInstaObserve: !toggles disable_feed=0 disable_explore=0 disable_reels=0 disable_stories=0 disable_adds=0
08-12 21:01:14.457 11944 12241 I DFInstaObserve: !toggles disable_feed=0 disable_explore=0 disable_reels=0 disable_stories=0 disable_adds=0
08-12 21:01:14.515 11944 12241 I DFInstaObserve: !toggles disable_feed=0 disable_explore=0 disable_reels=0 disable_stories=0 disable_adds=0
08-12 21:01:15.126 11944 14265 I DFInstaObserve: !toggles disable_feed=0 disable_explore=0 disable_reels=0 disable_stories=0 disable_adds=0
08-12 21:01:15.230 11944 14285 I DFInstaObserve: !toggles disable_feed=0 disable_explore=0 disable_reels=0 disable_stories=0 disable_adds=0
08-12 21:01:16.524 11944 14326 I DFInstaObserve: !toggles disable_feed=0 disable_explore=0 disable_reels=0 disable_stories=0 disable_adds=0
08-12 21:01:16.603 11944 13718 I DFInstaObserve: !toggles disable_feed=0 disable_explore=0 disable_reels=0 disable_stories=0 disable_adds=0
08-12 21:01:16.603 11944 13718 I DFInstaObserve: /discover/topical_explore
08-12 21:01:16.816 11944 14345 I DFInstaObserve: !toggles disable_feed=0 disable_explore=0 disable_reels=0 disable_stories=0 disable_adds=0
08-12 21:01:17.042 11944 14354 I DFInstaObserve: !toggles disable_feed=0 disable_explore=0 disable_reels=0 disable_stories=0 disable_adds=0
08-12 21:01:18.800 11944 14337 I DFInstaObserve: !toggles disable_feed=0 disable_explore=0 disable_reels=0 disable_stories=0 disable_adds=0
08-12 21:01:19.030 11944 14344 I DFInstaObserve: !toggles disable_feed=0 disable_explore=0 disable_reels=0 disable_stories=0 disable_adds=0
08-12 21:01:20.095 11944 14281 I DFInstaObserve: !toggles disable_feed=0 disable_explore=0 disable_reels=0 disable_stories=0 disable_adds=0
08-12 21:01:20.098 11944 14372 I DFInstaObserve: !toggles disable_feed=0 disable_explore=0 disable_reels=0 disable_stories=0 disable_adds=0
08-12 21:01:20.136 11944 12241 I DFInstaObserve: !toggles disable_feed=0 disable_explore=0 disable_reels=0 disable_stories=0 disable_adds=0
08-12 21:01:20.139 11944 14349 I DFInstaObserve: !toggles disable_feed=0 disable_explore=0 disable_reels=0 disable_stories=0 disable_adds=0
08-12 21:01:20.156 11944 14376 I DFInstaObserve: !toggles disable_feed=0 disable_explore=0 disable_reels=0 disable_stories=0 disable_adds=0
08-12 21:01:20.195 11944 14349 I DFInstaObserve: !toggles disable_feed=0 disable_explore=0 disable_reels=0 disable_stories=0 disable_adds=0
08-12 21:01:20.242 11944 14313 I DFInstaObserve: !toggles disable_feed=0 disable_explore=0 disable_reels=0 disable_stories=0 disable_adds=0
08-12 21:01:20.274 11944 13915 I DFInstaObserve: !toggles disable_feed=0 disable_explore=0 disable_reels=0 disable_stories=0 disable_adds=0
08-12 21:01:20.350 11944 14396 I DFInstaObserve: !toggles disable_feed=0 disable_explore=0 disable_reels=0 disable_stories=0 disable_adds=0
08-12 21:01:20.361 11944 13915 I DFInstaObserve: !toggles disable_feed=0 disable_explore=0 disable_reels=0 disable_stories=0 disable_adds=0
08-12 21:01:20.372 11944 14313 I DFInstaObserve: !toggles disable_feed=0 disable_explore=0 disable_reels=0 disable_stories=0 disable_adds=0
08-12 21:01:20.447 11944 13716 I DFInstaObserve: !toggles disable_feed=0 disable_explore=0 disable_reels=0 disable_stories=0 disable_adds=0
08-12 21:01:20.460 11944 14400 I DFInstaObserve: !toggles disable_feed=0 disable_explore=0 disable_reels=0 disable_stories=0 disable_adds=0
08-12 21:01:20.528 11944 12241 I DFInstaObserve: !toggles disable_feed=0 disable_explore=0 disable_reels=0 disable_stories=0 disable_adds=0
08-12 21:01:20.538 11944 14400 I DFInstaObserve: !toggles disable_feed=0 disable_explore=0 disable_reels=0 disable_stories=0 disable_adds=0
08-12 21:01:20.571 11944 14375 I DFInstaObserve: !toggles disable_feed=0 disable_explore=0 disable_reels=0 disable_stories=0 disable_adds=0
08-12 21:01:20.576 11944 13716 I DFInstaObserve: !toggles disable_feed=0 disable_explore=0 disable_reels=0 disable_stories=0 disable_adds=0
08-12 21:01:20.581 11944 14405 I DFInstaObserve: !toggles disable_feed=0 disable_explore=0 disable_reels=0 disable_stories=0 disable_adds=0
08-12 21:01:20.622 11944 14400 I DFInstaObserve: !toggles disable_feed=0 disable_explore=0 disable_reels=0 disable_stories=0 disable_adds=0
08-12 21:01:20.630 11944 13716 I DFInstaObserve: !toggles disable_feed=0 disable_explore=0 disable_reels=0 disable_stories=0 disable_adds=0
08-12 21:01:20.642 11944 12241 I DFInstaObserve: !toggles disable_feed=0 disable_explore=0 disable_reels=0 disable_stories=0 disable_adds=0
08-12 21:01:20.654 11944 13718 I DFInstaObserve: !toggles disable_feed=0 disable_explore=0 disable_reels=0 disable_stories=0 disable_adds=0
08-12 21:01:20.659 11944 14400 I DFInstaObserve: !toggles disable_feed=0 disable_explore=0 disable_reels=0 disable_stories=0 disable_adds=0
08-12 21:01:20.692 11944 13716 I DFInstaObserve: !toggles disable_feed=0 disable_explore=0 disable_reels=0 disable_stories=0 disable_adds=0
08-12 21:01:20.724 11944 12241 I DFInstaObserve: !toggles disable_feed=0 disable_explore=0 disable_reels=0 disable_stories=0 disable_adds=0
08-12 21:01:20.753 11944 12241 I DFInstaObserve: !toggles disable_feed=0 disable_explore=0 disable_reels=0 disable_stories=0 disable_adds=0
08-12 21:01:20.835 11944 12241 I DFInstaObserve: !toggles disable_feed=0 disable_explore=0 disable_reels=0 disable_stories=0 disable_adds=0
08-12 21:01:20.875 11944 12241 I DFInstaObserve: !toggles disable_feed=0 disable_explore=0 disable_reels=0 disable_stories=0 disable_adds=0
08-12 21:01:21.398 11944 12241 I DFInstaObserve: !toggles disable_feed=0 disable_explore=0 disable_reels=0 disable_stories=0 disable_adds=0
08-12 21:01:21.433 11944 12241 I DFInstaObserve: !toggles disable_feed=0 disable_explore=0 disable_reels=0 disable_stories=0 disable_adds=0
08-12 21:01:21.533 11944 12241 I DFInstaObserve: !toggles disable_feed=0 disable_explore=0 disable_reels=0 disable_stories=0 disable_adds=0
08-12 21:01:21.584 11944 12241 I DFInstaObserve: !toggles disable_feed=0 disable_explore=0 disable_reels=0 disable_stories=0 disable_adds=0
08-12 21:01:21.713 11944 12241 I DFInstaObserve: !toggles disable_feed=0 disable_explore=0 disable_reels=0 disable_stories=0 disable_adds=0
08-12 21:01:21.749 11944 12241 I DFInstaObserve: !toggles disable_feed=0 disable_explore=0 disable_reels=0 disable_stories=0 disable_adds=0
08-12 21:01:21.898 11944 12241 I DFInstaObserve: !toggles disable_feed=0 disable_explore=0 disable_reels=0 disable_stories=0 disable_adds=0
08-12 21:01:21.942 11944 12241 I DFInstaObserve: !toggles disable_feed=0 disable_explore=0 disable_reels=0 disable_stories=0 disable_adds=0
08-12 21:01:22.074 11944 12241 I DFInstaObserve: !toggles disable_feed=0 disable_explore=0 disable_reels=0 disable_stories=0 disable_adds=0
08-12 21:01:22.222 11944 14379 I DFInstaObserve: !toggles disable_feed=0 disable_explore=0 disable_reels=0 disable_stories=0 disable_adds=0
08-12 21:01:22.245 11944 14379 I DFInstaObserve: !toggles disable_feed=0 disable_explore=0 disable_reels=0 disable_stories=0 disable_adds=0
08-12 21:01:22.536 11944 14394 I DFInstaObserve: !toggles disable_feed=0 disable_explore=0 disable_reels=0 disable_stories=0 disable_adds=0
08-12 21:01:23.069 11944 14281 I DFInstaObserve: !toggles disable_feed=0 disable_explore=0 disable_reels=0 disable_stories=0 disable_adds=0
08-12 21:01:23.077 11944 14435 I DFInstaObserve: !toggles disable_feed=0 disable_explore=0 disable_reels=0 disable_stories=0 disable_adds=0
08-12 21:01:23.077 11944 14435 I DFInstaObserve: /clips/discover
08-12 21:01:23.077 11944 14435 I DFInstaObserve: /clips/discover/stream/
08-12 21:01:23.227 11944 12269 I DFInstaObserve: !toggles disable_feed=0 disable_explore=0 disable_reels=0 disable_stories=0 disable_adds=0
08-12 21:01:23.309 11944 12269 I DFInstaObserve: !toggles disable_feed=0 disable_explore=0 disable_reels=0 disable_stories=0 disable_adds=0
08-12 21:01:25.217 11944 14451 I DFInstaObserve: !toggles disable_feed=0 disable_explore=0 disable_reels=0 disable_stories=0 disable_adds=0
08-12 21:01:25.217 11944 14453 I DFInstaObserve: !toggles disable_feed=0 disable_explore=0 disable_reels=0 disable_stories=0 disable_adds=0
08-12 21:01:26.640 11944 14281 I DFInstaObserve: !toggles disable_feed=0 disable_explore=0 disable_reels=0 disable_stories=0 disable_adds=0
08-12 21:01:26.722 11944 12241 I DFInstaObserve: !toggles disable_feed=0 disable_explore=0 disable_reels=0 disable_stories=0 disable_adds=0
08-12 21:01:27.063 11944 12241 I DFInstaObserve: !toggles disable_feed=0 disable_explore=0 disable_reels=0 disable_stories=0 disable_adds=0
08-12 21:01:27.112 11944 14372 I DFInstaObserve: !toggles disable_feed=0 disable_explore=0 disable_reels=0 disable_stories=0 disable_adds=0
08-12 21:01:27.116 11944 14372 I DFInstaObserve: !toggles disable_feed=0 disable_explore=0 disable_reels=0 disable_stories=0 disable_adds=0
08-12 21:01:27.196 11944 14466 I DFInstaObserve: !toggles disable_feed=0 disable_explore=0 disable_reels=0 disable_stories=0 disable_adds=0
08-12 21:01:27.505 11944 12241 I DFInstaObserve: !toggles disable_feed=0 disable_explore=0 disable_reels=0 disable_stories=0 disable_adds=0
08-12 21:01:27.549 11944 12241 I DFInstaObserve: !toggles disable_feed=0 disable_explore=0 disable_reels=0 disable_stories=0 disable_adds=0
08-12 21:01:27.602 11944 12241 I DFInstaObserve: !toggles disable_feed=0 disable_explore=0 disable_reels=0 disable_stories=0 disable_adds=0
08-12 21:01:27.718 11944 12241 I DFInstaObserve: !toggles disable_feed=0 disable_explore=0 disable_reels=0 disable_stories=0 disable_adds=0
08-12 21:01:33.575 11944 14482 I DFInstaObserve: !toggles disable_feed=0 disable_explore=0 disable_reels=0 disable_stories=0 disable_adds=0
08-12 21:01:33.575 11944 14481 I DFInstaObserve: !toggles disable_feed=0 disable_explore=0 disable_reels=0 disable_stories=0 disable_adds=0
08-12 21:01:34.338 11944 14506 I DFInstaObserve: !toggles disable_feed=0 disable_explore=0 disable_reels=0 disable_stories=0 disable_adds=0
08-12 21:01:34.389 11944 14506 I DFInstaObserve: !toggles disable_feed=0 disable_explore=0 disable_reels=0 disable_stories=0 disable_adds=0
08-12 21:01:34.776 11944 14506 I DFInstaObserve: !toggles disable_feed=0 disable_explore=0 disable_reels=0 disable_stories=0 disable_adds=0
08-12 21:01:34.808 11944 14506 I DFInstaObserve: !toggles disable_feed=0 disable_explore=0 disable_reels=0 disable_stories=0 disable_adds=0
08-12 21:01:34.884 11944 14506 I DFInstaObserve: !toggles disable_feed=0 disable_explore=0 disable_reels=0 disable_stories=0 disable_adds=0
08-12 21:01:37.935 11944 14506 I DFInstaObserve: !toggles disable_feed=0 disable_explore=0 disable_reels=0 disable_stories=0 disable_adds=0
08-12 21:01:37.983 11944 14506 I DFInstaObserve: !toggles disable_feed=0 disable_explore=0 disable_reels=0 disable_stories=0 disable_adds=0
08-12 21:01:38.076 11944 14281 I DFInstaObserve: !toggles disable_feed=0 disable_explore=0 disable_reels=0 disable_stories=0 disable_adds=0
08-12 21:01:38.129 11944 14281 I DFInstaObserve: !toggles disable_feed=0 disable_explore=0 disable_reels=0 disable_stories=0 disable_adds=0
08-12 21:01:40.213 11944 14527 I DFInstaObserve: !toggles disable_feed=0 disable_explore=0 disable_reels=0 disable_stories=0 disable_adds=0
08-12 21:01:40.213 11944 14526 I DFInstaObserve: !toggles disable_feed=0 disable_explore=0 disable_reels=0 disable_stories=0 disable_adds=0
08-12 21:01:40.985 11944 14432 I DFInstaObserve: !toggles disable_feed=0 disable_explore=0 disable_reels=0 disable_stories=0 disable_adds=0
08-12 21:01:40.985 11944 14432 I DFInstaObserve: /clips/discover
08-12 21:01:40.985 11944 14432 I DFInstaObserve: /clips/discover/stream/
08-12 21:01:41.302 11944 14372 I DFInstaObserve: !toggles disable_feed=0 disable_explore=0 disable_reels=0 disable_stories=0 disable_adds=0
08-12 21:01:41.302 11944 14281 I DFInstaObserve: !toggles disable_feed=0 disable_explore=0 disable_reels=0 disable_stories=0 disable_adds=0
08-12 21:01:41.312 11944 14372 I DFInstaObserve: !toggles disable_feed=0 disable_explore=0 disable_reels=0 disable_stories=0 disable_adds=0
08-12 21:01:41.314 11944 14281 I DFInstaObserve: !toggles disable_feed=0 disable_explore=0 disable_reels=0 disable_stories=0 disable_adds=0
08-12 21:01:43.510 11944 14563 I DFInstaObserve: !toggles disable_feed=0 disable_explore=0 disable_reels=0 disable_stories=0 disable_adds=0
08-12 21:01:43.510 11944 14562 I DFInstaObserve: !toggles disable_feed=0 disable_explore=0 disable_reels=0 disable_stories=0 disable_adds=0
08-12 21:01:44.921 11944 12269 I DFInstaObserve: !toggles disable_feed=0 disable_explore=0 disable_reels=0 disable_stories=0 disable_adds=0
08-12 21:01:45.264 11944 14281 I DFInstaObserve: !toggles disable_feed=0 disable_explore=0 disable_reels=0 disable_stories=0 disable_adds=0
08-12 21:01:45.269 11944 14281 I DFInstaObserve: !toggles disable_feed=0 disable_explore=0 disable_reels=0 disable_stories=0 disable_adds=0
08-12 21:01:45.299 11944 14466 I DFInstaObserve: !toggles disable_feed=0 disable_explore=0 disable_reels=0 disable_stories=0 disable_adds=0
08-12 21:01:45.349 11944 12241 I DFInstaObserve: !toggles disable_feed=0 disable_explore=0 disable_reels=0 disable_stories=0 disable_adds=0
08-12 21:01:45.701 11944 14281 I DFInstaObserve: !toggles disable_feed=0 disable_explore=0 disable_reels=0 disable_stories=0 disable_adds=0
08-12 21:01:46.308 11944 13716 I DFInstaObserve: !toggles disable_feed=0 disable_explore=0 disable_reels=0 disable_stories=0 disable_adds=0
08-12 21:01:46.656 11944 12241 I DFInstaObserve: !toggles disable_feed=0 disable_explore=0 disable_reels=0 disable_stories=0 disable_adds=0
08-12 21:01:46.696 11944 12241 I DFInstaObserve: !toggles disable_feed=0 disable_explore=0 disable_reels=0 disable_stories=0 disable_adds=0
08-12 21:01:46.778 11944 12241 I DFInstaObserve: !toggles disable_feed=0 disable_explore=0 disable_reels=0 disable_stories=0 disable_adds=0
08-12 21:01:46.826 11944 12241 I DFInstaObserve: !toggles disable_feed=0 disable_explore=0 disable_reels=0 disable_stories=0 disable_adds=0
08-12 21:01:46.982 11944 12241 I DFInstaObserve: !toggles disable_feed=0 disable_explore=0 disable_reels=0 disable_stories=0 disable_adds=0
08-12 21:01:47.021 11944 12241 I DFInstaObserve: !toggles disable_feed=0 disable_explore=0 disable_reels=0 disable_stories=0 disable_adds=0
08-12 21:01:47.089 11944 12241 I DFInstaObserve: !toggles disable_feed=0 disable_explore=0 disable_reels=0 disable_stories=0 disable_adds=0
