08-10 20:51:42.046   936   999 I DFInstaObserve: !toggles disable_feed=0 disable_explore=0 disable_reels=1 disable_stories=0 disable_adds=0
08-10 20:51:42.046   936   999 I DFInstaObserve: /feed/timeline/
08-10 20:51:42.049   936  1066 I DFInstaObserve: !toggles disable_feed=0 disable_explore=0 disable_reels=1 disable_stories=0 disable_adds=0
08-10 20:51:42.049   936  1066 I DFInstaObserve: /feed/reels_tray/
08-10 20:51:42.458   936  1136 I DFInstaObserve: !toggles disable_feed=0 disable_explore=0 disable_reels=1 disable_stories=0 disable_adds=0
08-10 20:51:43.133   936  1070 I DFInstaObserve: !toggles disable_feed=0 disable_explore=0 disable_reels=1 disable_stories=0 disable_adds=0
08-10 20:51:43.133   936  1070 I DFInstaObserve: /discover/topical_explore
08-10 20:51:43.470   936   972 I DFInstaObserve: !toggles disable_feed=0 disable_explore=0 disable_reels=1 disable_stories=0 disable_adds=0
08-10 20:51:43.572   936   972 I DFInstaObserve: !toggles disable_feed=0 disable_explore=0 disable_reels=1 disable_stories=0 disable_adds=0
08-10 20:51:43.755   936   999 I DFInstaObserve: !toggles disable_feed=0 disable_explore=0 disable_reels=1 disable_stories=0 disable_adds=0
08-10 20:51:43.755   936   999 I DFInstaObserve: /feed/timeline/
08-10 20:51:44.412   936  1136 I DFInstaObserve: !toggles disable_feed=0 disable_explore=0 disable_reels=1 disable_stories=0 disable_adds=0
08-10 20:51:44.689   936   972 I DFInstaObserve: !toggles disable_feed=0 disable_explore=0 disable_reels=1 disable_stories=0 disable_adds=0
08-10 20:51:45.032   936  1237 I DFInstaObserve: !toggles disable_feed=0 disable_explore=0 disable_reels=1 disable_stories=0 disable_adds=0
08-10 20:51:45.690   936  1104 I DFInstaObserve: !toggles disable_feed=0 disable_explore=0 disable_reels=1 disable_stories=0 disable_adds=0
08-10 20:51:45.743   936  1235 I DFInstaObserve: !toggles disable_feed=0 disable_explore=0 disable_reels=1 disable_stories=0 disable_adds=0
08-10 20:51:45.764   936  1104 I DFInstaObserve: !toggles disable_feed=0 disable_explore=0 disable_reels=1 disable_stories=0 disable_adds=0
08-10 20:51:45.810   936  1009 I DFInstaObserve: !toggles disable_feed=0 disable_explore=0 disable_reels=1 disable_stories=0 disable_adds=0
08-10 20:51:45.848   936  1252 I DFInstaObserve: !toggles disable_feed=0 disable_explore=0 disable_reels=1 disable_stories=0 disable_adds=0
08-10 20:51:45.852   936  1258 I DFInstaObserve: !toggles disable_feed=0 disable_explore=0 disable_reels=1 disable_stories=0 disable_adds=0
08-10 20:51:46.129   936  1009 I DFInstaObserve: !toggles disable_feed=0 disable_explore=0 disable_reels=1 disable_stories=0 disable_adds=0
08-10 20:51:46.231   936  1258 I DFInstaObserve: !toggles disable_feed=0 disable_explore=0 disable_reels=1 disable_stories=0 disable_adds=0
08-10 20:51:46.674   936   973 I DFInstaObserve: !toggles disable_feed=0 disable_explore=0 disable_reels=1 disable_stories=0 disable_adds=0
08-10 20:51:46.684   936   973 I DFInstaObserve: !toggles disable_feed=0 disable_explore=0 disable_reels=1 disable_stories=0 disable_adds=0
08-10 20:51:46.727   936  1272 I DFInstaObserve: !toggles disable_feed=0 disable_explore=0 disable_reels=1 disable_stories=0 disable_adds=0
08-10 20:51:46.732   936  1009 I DFInstaObserve: !toggles disable_feed=0 disable_explore=0 disable_reels=1 disable_stories=0 disable_adds=0
08-10 20:51:46.762   936  1011 I DFInstaObserve: !toggles disable_feed=0 disable_explore=0 disable_reels=1 disable_stories=0 disable_adds=0
08-10 20:51:46.771   936  1250 I DFInstaObserve: !toggles disable_feed=0 disable_explore=0 disable_reels=1 disable_stories=0 disable_adds=0
08-10 20:51:46.883   936  1323 I DFInstaObserve: !toggles disable_feed=0 disable_explore=0 disable_reels=1 disable_stories=0 disable_adds=0
08-10 20:51:46.886   936   973 I DFInstaObserve: !toggles disable_feed=0 disable_explore=0 disable_reels=1 disable_stories=0 disable_adds=0
08-10 20:51:46.891   936   973 I DFInstaObserve: !toggles disable_feed=0 disable_explore=0 disable_reels=1 disable_stories=0 disable_adds=0
08-10 20:51:46.913   936  1250 I DFInstaObserve: !toggles disable_feed=0 disable_explore=0 disable_reels=1 disable_stories=0 disable_adds=0
08-10 20:51:46.916   936  1272 I DFInstaObserve: !toggles disable_feed=0 disable_explore=0 disable_reels=1 disable_stories=0 disable_adds=0
08-10 20:51:46.946   936  1070 I DFInstaObserve: !toggles disable_feed=0 disable_explore=0 disable_reels=1 disable_stories=0 disable_adds=0
08-10 20:51:46.950   936  1272 I DFInstaObserve: !toggles disable_feed=0 disable_explore=0 disable_reels=1 disable_stories=0 disable_adds=0
08-10 20:51:46.951   936  1136 I DFInstaObserve: !toggles disable_feed=0 disable_explore=0 disable_reels=1 disable_stories=0 disable_adds=0
08-10 20:51:46.976   936  1011 I DFInstaObserve: !toggles disable_feed=0 disable_explore=0 disable_reels=1 disable_stories=0 disable_adds=0
08-10 20:51:46.979   936  1070 I DFInstaObserve: !toggles disable_feed=0 disable_explore=0 disable_reels=1 disable_stories=0 disable_adds=0
08-10 20:51:47.004   936  1271 I DFInstaObserve: !toggles disable_feed=0 disable_explore=0 disable_reels=1 disable_stories=0 disable_adds=0
08-10 20:51:47.008   936  1070 I DFInstaObserve: !toggles disable_feed=0 disable_explore=0 disable_reels=1 disable_stories=0 disable_adds=0
08-10 20:51:47.035   936  1271 I DFInstaObserve: !toggles disable_feed=0 disable_explore=0 disable_reels=1 disable_stories=0 disable_adds=0
08-10 20:51:47.041   936  1250 I DFInstaObserve: !toggles disable_feed=0 disable_explore=0 disable_reels=1 disable_stories=0 disable_adds=0
08-10 20:51:47.073   936  1070 I DFInstaObserve: !toggles disable_feed=0 disable_explore=0 disable_reels=1 disable_stories=0 disable_adds=0
08-10 20:51:47.078   936  1250 I DFInstaObserve: !toggles disable_feed=0 disable_explore=0 disable_reels=1 disable_stories=0 disable_adds=0
08-10 20:51:47.094   936  1104 I DFInstaObserve: !toggles disable_feed=0 disable_explore=0 disable_reels=1 disable_stories=0 disable_adds=0
08-10 20:51:47.115   936  1011 I DFInstaObserve: !toggles disable_feed=0 disable_explore=0 disable_reels=1 disable_stories=0 disable_adds=0
08-10 20:51:47.121   936  1237 I DFInstaObserve: !toggles disable_feed=0 disable_explore=0 disable_reels=1 disable_stories=0 disable_adds=0
08-10 20:51:47.163   936  1104 I DFInstaObserve: !toggles disable_feed=0 disable_explore=0 disable_reels=1 disable_stories=0 disable_adds=0
08-10 20:51:47.166   936  1271 I DFInstaObserve: !toggles disable_feed=0 disable_explore=0 disable_reels=1 disable_stories=0 disable_adds=0
08-10 20:51:47.267   936  1104 I DFInstaObserve: !toggles disable_feed=0 disable_explore=0 disable_reels=1 disable_stories=0 disable_adds=0
08-10 20:51:47.333   936  1104 I DFInstaObserve: !toggles disable_feed=0 disable_explore=0 disable_reels=1 disable_stories=0 disable_adds=0
08-10 20:51:47.365   936  1104 I DFInstaObserve: !toggles disable_feed=0 disable_explore=0 disable_reels=1 disable_stories=0 disable_adds=0
08-10 20:51:47.439   936  1136 I DFInstaObserve: !toggles disable_feed=0 disable_explore=0 disable_reels=1 disable_stories=0 disable_adds=0
08-10 20:51:47.461   936  1104 I DFInstaObserve: !toggles disable_feed=0 disable_explore=0 disable_reels=1 disable_stories=0 disable_adds=0
08-10 20:51:47.495   936  1104 I DFInstaObserve: !toggles disable_feed=0 disable_explore=0 disable_reels=1 disable_stories=0 disable_adds=0
08-10 20:51:47.627   936  1104 I DFInstaObserve: !toggles disable_feed=0 disable_explore=0 disable_reels=1 disable_stories=0 disable_adds=0
08-10 20:51:47.660   936  1104 I DFInstaObserve: !toggles disable_feed=0 disable_explore=0 disable_reels=1 disable_stories=0 disable_adds=0
08-10 20:51:48.037   936  1104 I DFInstaObserve: !toggles disable_feed=0 disable_explore=0 disable_reels=1 disable_stories=0 disable_adds=0
08-10 20:51:48.069   936  1104 I DFInstaObserve: !toggles disable_feed=0 disable_explore=0 disable_reels=1 disable_stories=0 disable_adds=0
08-10 20:51:48.102   936  1104 I DFInstaObserve: !toggles disable_feed=0 disable_explore=0 disable_reels=1 disable_stories=0 disable_adds=0
08-10 20:51:48.138   936  1104 I DFInstaObserve: !toggles disable_feed=0 disable_explore=0 disable_reels=1 disable_stories=0 disable_adds=0
08-10 20:51:48.289   936  1104 I DFInstaObserve: !toggles disable_feed=0 disable_explore=0 disable_reels=1 disable_stories=0 disable_adds=0
08-10 20:51:59.613   936  1250 I DFInstaObserve: !toggles disable_feed=0 disable_explore=0 disable_reels=1 disable_stories=0 disable_adds=0
08-10 20:51:59.613   936  1250 I DFInstaObserve: /feed/timeline/
08-10 20:51:59.617   936  1237 I DFInstaObserve: !toggles disable_feed=0 disable_explore=0 disable_reels=1 disable_stories=0 disable_adds=0
08-10 20:51:59.617   936  1237 I DFInstaObserve: /feed/reels_tray/
08-10 20:52:00.202   936  1237 I DFInstaObserve: !toggles disable_feed=0 disable_explore=0 disable_reels=1 disable_stories=0 disable_adds=0
08-10 20:52:00.202   936  1237 I DFInstaObserve: /feed/reels_media_stream/
08-10 20:52:00.560   936  1324 I DFInstaObserve: !toggles disable_feed=0 disable_explore=0 disable_reels=1 disable_stories=0 disable_adds=0
08-10 20:52:01.127   936   973 I DFInstaObserve: !toggles disable_feed=0 disable_explore=0 disable_reels=1 disable_stories=0 disable_adds=0
08-10 20:52:01.135   936   973 I DFInstaObserve: !toggles disable_feed=0 disable_explore=0 disable_reels=1 disable_stories=0 disable_adds=0
08-10 20:52:01.195   936   973 I DFInstaObserve: !toggles disable_feed=0 disable_explore=0 disable_reels=1 disable_stories=0 disable_adds=0
08-10 20:52:01.197   936  1104 I DFInstaObserve: !toggles disable_feed=0 disable_explore=0 disable_reels=1 disable_stories=0 disable_adds=0
08-10 20:52:01.242   936  1104 I DFInstaObserve: !toggles disable_feed=0 disable_explore=0 disable_reels=1 disable_stories=0 disable_adds=0
08-10 20:52:01.380   936  1011 I DFInstaObserve: !toggles disable_feed=0 disable_explore=0 disable_reels=1 disable_stories=0 disable_adds=0
08-10 20:52:01.380   936  1011 I DFInstaObserve: /feed/timeline/
08-10 20:52:03.916   936  1324 I DFInstaObserve: !toggles disable_feed=0 disable_explore=0 disable_reels=1 disable_stories=0 disable_adds=0
08-10 20:52:03.921   936  1324 I DFInstaObserve: !toggles disable_feed=0 disable_explore=0 disable_reels=1 disable_stories=0 disable_adds=0
08-10 20:52:03.955   936  1402 I DFInstaObserve: !toggles disable_feed=0 disable_explore=0 disable_reels=1 disable_stories=0 disable_adds=0
08-10 20:52:03.970   936  1324 I DFInstaObserve: !toggles disable_feed=0 disable_explore=0 disable_reels=1 disable_stories=0 disable_adds=0
08-10 20:52:04.006   936  1104 I DFInstaObserve: !toggles disable_feed=0 disable_explore=0 disable_reels=1 disable_stories=0 disable_adds=0
08-10 20:52:04.049   936  1104 I DFInstaObserve: !toggles disable_feed=0 disable_explore=0 disable_reels=1 disable_stories=0 disable_adds=0
08-10 20:52:08.725   936  1401 I DFInstaObserve: !toggles disable_feed=0 disable_explore=0 disable_reels=1 disable_stories=0 disable_adds=0
08-10 20:52:08.725   936  1401 I DFInstaObserve: /feed/reels_tray/
08-10 20:52:08.729   936  1235 I DFInstaObserve: !toggles disable_feed=0 disable_explore=0 disable_reels=1 disable_stories=0 disable_adds=0
08-10 20:52:08.729   936  1235 I DFInstaObserve: /feed/timeline/
08-10 20:52:09.357   936  1011 I DFInstaObserve: !toggles disable_feed=0 disable_explore=0 disable_reels=1 disable_stories=0 disable_adds=0
08-10 20:52:09.357   936  1011 I DFInstaObserve: /feed/reels_media_stream/
08-10 20:52:09.928   936   973 I DFInstaObserve: !toggles disable_feed=0 disable_explore=0 disable_reels=1 disable_stories=0 disable_adds=0
08-10 20:52:09.941   936   973 I DFInstaObserve: !toggles disable_feed=0 disable_explore=0 disable_reels=1 disable_stories=0 disable_adds=0
08-10 20:52:10.693   936   973 I DFInstaObserve: !toggles disable_feed=0 disable_explore=0 disable_reels=1 disable_stories=0 disable_adds=0
08-10 20:52:10.700   936   973 I DFInstaObserve: !toggles disable_feed=0 disable_explore=0 disable_reels=1 disable_stories=0 disable_adds=0
08-10 20:52:10.761   936  1104 I DFInstaObserve: !toggles disable_feed=0 disable_explore=0 disable_reels=1 disable_stories=0 disable_adds=0
08-10 20:52:10.783   936   973 I DFInstaObserve: !toggles disable_feed=0 disable_explore=0 disable_reels=1 disable_stories=0 disable_adds=0
08-10 20:52:10.805   936  1104 I DFInstaObserve: !toggles disable_feed=0 disable_explore=0 disable_reels=1 disable_stories=0 disable_adds=0
08-10 20:52:11.004   936  1401 I DFInstaObserve: !toggles disable_feed=0 disable_explore=0 disable_reels=1 disable_stories=0 disable_adds=0
08-10 20:52:11.004   936  1401 I DFInstaObserve: /feed/timeline/
08-10 20:52:13.451   936  1324 I DFInstaObserve: !toggles disable_feed=0 disable_explore=0 disable_reels=1 disable_stories=0 disable_adds=0
08-10 20:52:13.456   936  1324 I DFInstaObserve: !toggles disable_feed=0 disable_explore=0 disable_reels=1 disable_stories=0 disable_adds=0
08-10 20:52:13.524   936  1011 I DFInstaObserve: !toggles disable_feed=0 disable_explore=0 disable_reels=1 disable_stories=0 disable_adds=0
08-10 20:52:13.528   936  1428 I DFInstaObserve: !toggles disable_feed=0 disable_explore=0 disable_reels=1 disable_stories=0 disable_adds=0
08-10 20:52:13.559   936  1104 I DFInstaObserve: !toggles disable_feed=0 disable_explore=0 disable_reels=1 disable_stories=0 disable_adds=0
08-10 20:52:13.595   936  1104 I DFInstaObserve: !toggles disable_feed=0 disable_explore=0 disable_reels=1 disable_stories=0 disable_adds=0
08-10 20:52:13.641   936  1104 I DFInstaObserve: !toggles disable_feed=0 disable_explore=0 disable_reels=1 disable_stories=0 disable_adds=0
08-10 20:52:21.255   936  1324 I DFInstaObserve: !toggles disable_feed=0 disable_explore=0 disable_reels=1 disable_stories=0 disable_adds=0
08-10 20:52:21.345   936  1324 I DFInstaObserve: !toggles disable_feed=0 disable_explore=0 disable_reels=1 disable_stories=0 disable_adds=0
08-10 20:52:24.956   936  1324 I DFInstaObserve: !toggles disable_feed=0 disable_explore=0 disable_reels=1 disable_stories=0 disable_adds=0
08-10 20:52:25.436   936  1324 I DFInstaObserve: !toggles disable_feed=0 disable_explore=0 disable_reels=1 disable_stories=0 disable_adds=0
08-10 20:52:31.313   936  1324 I DFInstaObserve: !toggles disable_feed=0 disable_explore=0 disable_reels=1 disable_stories=0 disable_adds=0
08-10 20:52:33.491   936  1611 I DFInstaObserve: !toggles disable_feed=0 disable_explore=0 disable_reels=1 disable_stories=0 disable_adds=0
08-10 20:52:34.523   936  1324 I DFInstaObserve: !toggles disable_feed=0 disable_explore=0 disable_reels=1 disable_stories=0 disable_adds=0
08-10 20:52:34.629   936   973 I DFInstaObserve: !toggles disable_feed=0 disable_explore=0 disable_reels=1 disable_stories=0 disable_adds=0
08-10 20:52:36.797   936  1652 I DFInstaObserve: !toggles disable_feed=0 disable_explore=0 disable_reels=1 disable_stories=0 disable_adds=0
08-10 20:52:38.021   936  1751 I DFInstaObserve: !toggles disable_feed=0 disable_explore=0 disable_reels=1 disable_stories=0 disable_adds=0
08-10 20:52:38.272   936  1401 I DFInstaObserve: !toggles disable_feed=0 disable_explore=0 disable_reels=1 disable_stories=0 disable_adds=0
08-10 20:52:38.272   936  1401 I DFInstaObserve: /feed/timeline/
08-10 20:52:40.282   936  1324 I DFInstaObserve: !toggles disable_feed=0 disable_explore=0 disable_reels=1 disable_stories=0 disable_adds=0
08-10 20:52:40.287   936  1324 I DFInstaObserve: !toggles disable_feed=0 disable_explore=0 disable_reels=1 disable_stories=0 disable_adds=0
08-10 20:52:40.381   936   973 I DFInstaObserve: !toggles disable_feed=0 disable_explore=0 disable_reels=1 disable_stories=0 disable_adds=0
08-10 20:52:40.381   936  1324 I DFInstaObserve: !toggles disable_feed=0 disable_explore=0 disable_reels=1 disable_stories=0 disable_adds=0
08-10 20:52:40.389   936  1104 I DFInstaObserve: !toggles disable_feed=0 disable_explore=0 disable_reels=1 disable_stories=0 disable_adds=0
08-10 20:52:40.430   936  1104 I DFInstaObserve: !toggles disable_feed=0 disable_explore=0 disable_reels=1 disable_stories=0 disable_adds=0
08-10 20:52:40.586   936  1104 I DFInstaObserve: !toggles disable_feed=0 disable_explore=0 disable_reels=1 disable_stories=0 disable_adds=0
08-10 20:52:43.323   936  1429 I DFInstaObserve: !toggles disable_feed=0 disable_explore=0 disable_reels=1 disable_stories=0 disable_adds=0
08-10 20:52:43.417   936  1428 I DFInstaObserve: !toggles disable_feed=0 disable_explore=0 disable_reels=1 disable_stories=0 disable_adds=0
08-10 20:52:43.593   936   973 I DFInstaObserve: !toggles disable_feed=0 disable_explore=0 disable_reels=1 disable_stories=0 disable_adds=0
08-10 20:52:43.599   936   973 I DFInstaObserve: !toggles disable_feed=0 disable_explore=0 disable_reels=1 disable_stories=0 disable_adds=0
08-10 20:52:43.623   936  1011 I DFInstaObserve: !toggles disable_feed=0 disable_explore=0 disable_reels=1 disable_stories=0 disable_adds=0
08-10 20:52:43.637   936  1401 I DFInstaObserve: !toggles disable_feed=0 disable_explore=0 disable_reels=1 disable_stories=0 disable_adds=0
08-10 20:52:43.651   936  1104 I DFInstaObserve: !toggles disable_feed=0 disable_explore=0 disable_reels=1 disable_stories=0 disable_adds=0
08-10 20:52:43.661   936  1011 I DFInstaObserve: !toggles disable_feed=0 disable_explore=0 disable_reels=1 disable_stories=0 disable_adds=0
08-10 20:52:43.677   936  1428 I DFInstaObserve: !toggles disable_feed=0 disable_explore=0 disable_reels=1 disable_stories=0 disable_adds=0
08-10 20:52:43.682   936  1136 I DFInstaObserve: !toggles disable_feed=0 disable_explore=0 disable_reels=1 disable_stories=0 disable_adds=0
08-10 20:52:43.708   936  1402 I DFInstaObserve: !toggles disable_feed=0 disable_explore=0 disable_reels=1 disable_stories=0 disable_adds=0
08-10 20:52:43.729   936  1104 I DFInstaObserve: !toggles disable_feed=0 disable_explore=0 disable_reels=1 disable_stories=0 disable_adds=0
08-10 20:52:43.781   936  1104 I DFInstaObserve: !toggles disable_feed=0 disable_explore=0 disable_reels=1 disable_stories=0 disable_adds=0
08-10 20:52:43.838   936  1136 I DFInstaObserve: !toggles disable_feed=0 disable_explore=0 disable_reels=1 disable_stories=0 disable_adds=0
08-10 20:52:43.971   936  1104 I DFInstaObserve: !toggles disable_feed=0 disable_explore=0 disable_reels=1 disable_stories=0 disable_adds=0
08-10 20:52:45.724   936  1846 I DFInstaObserve: !toggles disable_feed=0 disable_explore=0 disable_reels=1 disable_stories=0 disable_adds=0
08-10 20:52:45.747   936  1846 I DFInstaObserve: !toggles disable_feed=0 disable_explore=0 disable_reels=1 disable_stories=0 disable_adds=0
08-10 20:52:45.754   936  1851 I DFInstaObserve: !toggles disable_feed=0 disable_explore=0 disable_reels=1 disable_stories=0 disable_adds=0
08-10 20:52:45.784   936  1851 I DFInstaObserve: !toggles disable_feed=0 disable_explore=0 disable_reels=1 disable_stories=0 disable_adds=0
08-10 20:52:48.217   936  1846 I DFInstaObserve: !toggles disable_feed=0 disable_explore=0 disable_reels=1 disable_stories=0 disable_adds=0
08-10 20:52:48.257   936  1851 I DFInstaObserve: !toggles disable_feed=0 disable_explore=0 disable_reels=1 disable_stories=0 disable_adds=0
08-10 20:52:52.380   936  1428 I DFInstaObserve: !toggles disable_feed=0 disable_explore=0 disable_reels=1 disable_stories=0 disable_adds=0
08-10 20:52:52.380   936  1428 I DFInstaObserve: /discover/topical_explore
08-10 20:52:53.072   936  1944 I DFInstaObserve: !toggles disable_feed=0 disable_explore=0 disable_reels=1 disable_stories=0 disable_adds=0
08-10 20:52:54.833   936  1925 I DFInstaObserve: !toggles disable_feed=0 disable_explore=0 disable_reels=1 disable_stories=0 disable_adds=0
08-10 20:52:55.060   936  1935 I DFInstaObserve: !toggles disable_feed=0 disable_explore=0 disable_reels=1 disable_stories=0 disable_adds=0
08-10 20:52:55.469   936  1324 I DFInstaObserve: !toggles disable_feed=0 disable_explore=0 disable_reels=1 disable_stories=0 disable_adds=0
08-10 20:52:55.476   936  1324 I DFInstaObserve: !toggles disable_feed=0 disable_explore=0 disable_reels=1 disable_stories=0 disable_adds=0
08-10 20:52:55.494   936  1324 I DFInstaObserve: !toggles disable_feed=0 disable_explore=0 disable_reels=1 disable_stories=0 disable_adds=0
08-10 20:52:55.705   936   973 I DFInstaObserve: !toggles disable_feed=0 disable_explore=0 disable_reels=1 disable_stories=0 disable_adds=0
08-10 20:52:55.709   936   973 I DFInstaObserve: !toggles disable_feed=0 disable_explore=0 disable_reels=1 disable_stories=0 disable_adds=0
08-10 20:52:55.741   936  1011 I DFInstaObserve: !toggles disable_feed=0 disable_explore=0 disable_reels=1 disable_stories=0 disable_adds=0
08-10 20:52:55.752   936  1104 I DFInstaObserve: !toggles disable_feed=0 disable_explore=0 disable_reels=1 disable_stories=0 disable_adds=0
08-10 20:52:55.758   936  1429 I DFInstaObserve: !toggles disable_feed=0 disable_explore=0 disable_reels=1 disable_stories=0 disable_adds=0
08-10 20:52:55.776   936  1429 I DFInstaObserve: !toggles disable_feed=0 disable_explore=0 disable_reels=1 disable_stories=0 disable_adds=0
08-10 20:52:55.798   936  1401 I DFInstaObserve: !toggles disable_feed=0 disable_explore=0 disable_reels=1 disable_stories=0 disable_adds=0
08-10 20:52:55.813   936  1401 I DFInstaObserve: !toggles disable_feed=0 disable_explore=0 disable_reels=1 disable_stories=0 disable_adds=0
08-10 20:52:55.833   936  1401 I DFInstaObserve: !toggles disable_feed=0 disable_explore=0 disable_reels=1 disable_stories=0 disable_adds=0
08-10 20:52:55.838   936  1104 I DFInstaObserve: !toggles disable_feed=0 disable_explore=0 disable_reels=1 disable_stories=0 disable_adds=0
08-10 20:52:55.848   936  1429 I DFInstaObserve: !toggles disable_feed=0 disable_explore=0 disable_reels=1 disable_stories=0 disable_adds=0
08-10 20:52:55.870   936  1011 I DFInstaObserve: !toggles disable_feed=0 disable_explore=0 disable_reels=1 disable_stories=0 disable_adds=0
08-10 20:52:55.886   936  1104 I DFInstaObserve: !toggles disable_feed=0 disable_explore=0 disable_reels=1 disable_stories=0 disable_adds=0
08-10 20:52:55.893   936  1011 I DFInstaObserve: !toggles disable_feed=0 disable_explore=0 disable_reels=1 disable_stories=0 disable_adds=0
08-10 20:52:55.947   936  1429 I DFInstaObserve: !toggles disable_feed=0 disable_explore=0 disable_reels=1 disable_stories=0 disable_adds=0
08-10 20:52:55.957   936  1401 I DFInstaObserve: !toggles disable_feed=0 disable_explore=0 disable_reels=1 disable_stories=0 disable_adds=0
08-10 20:52:55.957   936  1401 I DFInstaObserve: /discover/topical_explore
08-10 20:52:55.962   936  1402 I DFInstaObserve: !toggles disable_feed=0 disable_explore=0 disable_reels=1 disable_stories=0 disable_adds=0
08-10 20:52:56.025   936  1969 I DFInstaObserve: !toggles disable_feed=0 disable_explore=0 disable_reels=1 disable_stories=0 disable_adds=0
08-10 20:52:56.028   936  1104 I DFInstaObserve: !toggles disable_feed=0 disable_explore=0 disable_reels=1 disable_stories=0 disable_adds=0
08-10 20:52:56.033   936  1962 I DFInstaObserve: !toggles disable_feed=0 disable_explore=0 disable_reels=1 disable_stories=0 disable_adds=0
08-10 20:52:56.048   936  1962 I DFInstaObserve: !toggles disable_feed=0 disable_explore=0 disable_reels=1 disable_stories=0 disable_adds=0
08-10 20:52:56.065   936  1011 I DFInstaObserve: !toggles disable_feed=0 disable_explore=0 disable_reels=1 disable_stories=0 disable_adds=0
08-10 20:52:56.065   936  1104 I DFInstaObserve: !toggles disable_feed=0 disable_explore=0 disable_reels=1 disable_stories=0 disable_adds=0
08-10 20:52:56.079   936  1011 I DFInstaObserve: !toggles disable_feed=0 disable_explore=0 disable_reels=1 disable_stories=0 disable_adds=0
08-10 20:52:56.117   936  1104 I DFInstaObserve: !toggles disable_feed=0 disable_explore=0 disable_reels=1 disable_stories=0 disable_adds=0
08-10 20:52:56.157   936  1104 I DFInstaObserve: !toggles disable_feed=0 disable_explore=0 disable_reels=1 disable_stories=0 disable_adds=0
08-10 20:52:56.287   936  1104 I DFInstaObserve: !toggles disable_feed=0 disable_explore=0 disable_reels=1 disable_stories=0 disable_adds=0
08-10 20:52:56.329   936  1104 I DFInstaObserve: !toggles disable_feed=0 disable_explore=0 disable_reels=1 disable_stories=0 disable_adds=0
08-10 20:52:56.472   936  1104 I DFInstaObserve: !toggles disable_feed=0 disable_explore=0 disable_reels=1 disable_stories=0 disable_adds=0
08-10 20:52:56.567   936  1104 I DFInstaObserve: !toggles disable_feed=0 disable_explore=0 disable_reels=1 disable_stories=0 disable_adds=0
08-10 20:52:56.929   936  1104 I DFInstaObserve: !toggles disable_feed=0 disable_explore=0 disable_reels=1 disable_stories=0 disable_adds=0
08-10 20:52:56.970   936  1104 I DFInstaObserve: !toggles disable_feed=0 disable_explore=0 disable_reels=1 disable_stories=0 disable_adds=0
08-10 20:52:57.012   936  1104 I DFInstaObserve: !toggles disable_feed=0 disable_explore=0 disable_reels=1 disable_stories=0 disable_adds=0
08-10 20:52:57.894   936  1957 I DFInstaObserve: !toggles disable_feed=0 disable_explore=0 disable_reels=1 disable_stories=0 disable_adds=0
08-10 20:52:57.920   936  1957 I DFInstaObserve: !toggles disable_feed=0 disable_explore=0 disable_reels=1 disable_stories=0 disable_adds=0
08-10 20:52:58.119   936  1965 I DFInstaObserve: !toggles disable_feed=0 disable_explore=0 disable_reels=1 disable_stories=0 disable_adds=0
08-10 20:52:58.350   936  1324 I DFInstaObserve: !toggles disable_feed=0 disable_explore=0 disable_reels=1 disable_stories=0 disable_adds=0
08-10 20:52:58.355   936  1324 I DFInstaObserve: !toggles disable_feed=0 disable_explore=0 disable_reels=1 disable_stories=0 disable_adds=0
08-10 20:52:58.376   936  1104 I DFInstaObserve: !toggles disable_feed=0 disable_explore=0 disable_reels=1 disable_stories=0 disable_adds=0
08-10 20:52:58.384   936  1962 I DFInstaObserve: !toggles disable_feed=0 disable_explore=0 disable_reels=1 disable_stories=0 disable_adds=0
08-10 20:52:58.386   936  1969 I DFInstaObserve: !toggles disable_feed=0 disable_explore=0 disable_reels=1 disable_stories=0 disable_adds=0
08-10 20:52:58.419   936  1401 I DFInstaObserve: !toggles disable_feed=0 disable_explore=0 disable_reels=1 disable_stories=0 disable_adds=0
08-10 20:52:58.432   936  1401 I DFInstaObserve: !toggles disable_feed=0 disable_explore=0 disable_reels=1 disable_stories=0 disable_adds=0
08-10 20:52:58.458   936  1401 I DFInstaObserve: !toggles disable_feed=0 disable_explore=0 disable_reels=1 disable_stories=0 disable_adds=0
08-10 20:52:58.470   936  1104 I DFInstaObserve: !toggles disable_feed=0 disable_explore=0 disable_reels=1 disable_stories=0 disable_adds=0
08-10 20:52:58.471   936  1401 I DFInstaObserve: !toggles disable_feed=0 disable_explore=0 disable_reels=1 disable_stories=0 disable_adds=0
08-10 20:52:58.481   936  1401 I DFInstaObserve: !toggles disable_feed=0 disable_explore=0 disable_reels=1 disable_stories=0 disable_adds=0
08-10 20:52:58.498   936  1969 I DFInstaObserve: !toggles disable_feed=0 disable_explore=0 disable_reels=1 disable_stories=0 disable_adds=0
08-10 20:52:58.505   936  1962 I DFInstaObserve: !toggles disable_feed=0 disable_explore=0 disable_reels=1 disable_stories=0 disable_adds=0
08-10 20:52:58.505   936  1104 I DFInstaObserve: !toggles disable_feed=0 disable_explore=0 disable_reels=1 disable_stories=0 disable_adds=0
08-10 20:52:58.524   936  1962 I DFInstaObserve: !toggles disable_feed=0 disable_explore=0 disable_reels=1 disable_stories=0 disable_adds=0
08-10 20:52:58.538   936  1969 I DFInstaObserve: !toggles disable_feed=0 disable_explore=0 disable_reels=1 disable_stories=0 disable_adds=0
08-10 20:52:58.558   936  1969 I DFInstaObserve: !toggles disable_feed=0 disable_explore=0 disable_reels=1 disable_stories=0 disable_adds=0
08-10 20:52:58.572   936  1969 I DFInstaObserve: !toggles disable_feed=0 disable_explore=0 disable_reels=1 disable_stories=0 disable_adds=0
08-10 20:52:58.589   936  1969 I DFInstaObserve: !toggles disable_feed=0 disable_explore=0 disable_reels=1 disable_stories=0 disable_adds=0
08-10 20:52:58.608   936  1969 I DFInstaObserve: !toggles disable_feed=0 disable_explore=0 disable_reels=1 disable_stories=0 disable_adds=0
08-10 20:52:58.616   936  1969 I DFInstaObserve: !toggles disable_feed=0 disable_explore=0 disable_reels=1 disable_stories=0 disable_adds=0
08-10 20:52:58.638   936  1969 I DFInstaObserve: !toggles disable_feed=0 disable_explore=0 disable_reels=1 disable_stories=0 disable_adds=0
08-10 20:52:58.652   936  1428 I DFInstaObserve: !toggles disable_feed=0 disable_explore=0 disable_reels=1 disable_stories=0 disable_adds=0
08-10 20:52:58.673   936  1969 I DFInstaObserve: !toggles disable_feed=0 disable_explore=0 disable_reels=1 disable_stories=0 disable_adds=0
08-10 20:52:58.688   936  1969 I DFInstaObserve: !toggles disable_feed=0 disable_explore=0 disable_reels=1 disable_stories=0 disable_adds=0
08-10 20:52:58.910   936  1104 I DFInstaObserve: !toggles disable_feed=0 disable_explore=0 disable_reels=1 disable_stories=0 disable_adds=0
08-10 20:52:58.950   936  1104 I DFInstaObserve: !toggles disable_feed=0 disable_explore=0 disable_reels=1 disable_stories=0 disable_adds=0
08-10 20:52:59.001   936  1104 I DFInstaObserve: !toggles disable_feed=0 disable_explore=0 disable_reels=1 disable_stories=0 disable_adds=0
08-10 20:52:59.032   936  1104 I DFInstaObserve: !toggles disable_feed=0 disable_explore=0 disable_reels=1 disable_stories=0 disable_adds=0
08-10 20:52:59.370   936  1104 I DFInstaObserve: !toggles disable_feed=0 disable_explore=0 disable_reels=1 disable_stories=0 disable_adds=0
08-10 20:52:59.383   936  2012 I DFInstaObserve: !toggles disable_feed=0 disable_explore=0 disable_reels=1 disable_stories=0 disable_adds=0
08-10 20:52:59.430   936  1104 I DFInstaObserve: !toggles disable_feed=0 disable_explore=0 disable_reels=1 disable_stories=0 disable_adds=0
08-10 20:52:59.553   936  1104 I DFInstaObserve: !toggles disable_feed=0 disable_explore=0 disable_reels=1 disable_stories=0 disable_adds=0
08-10 20:52:59.606   936  1104 I DFInstaObserve: !toggles disable_feed=0 disable_explore=0 disable_reels=1 disable_stories=0 disable_adds=0
08-10 20:52:59.739   936  1104 I DFInstaObserve: !toggles disable_feed=0 disable_explore=0 disable_reels=1 disable_stories=0 disable_adds=0
08-10 20:52:59.786   936  1104 I DFInstaObserve: !toggles disable_feed=0 disable_explore=0 disable_reels=1 disable_stories=0 disable_adds=0
08-10 20:52:59.799   936  2071 I DFInstaObserve: !toggles disable_feed=0 disable_explore=0 disable_reels=1 disable_stories=0 disable_adds=0
08-10 20:52:59.904   936  1104 I DFInstaObserve: !toggles disable_feed=0 disable_explore=0 disable_reels=1 disable_stories=0 disable_adds=0
08-10 20:52:59.936   936  1104 I DFInstaObserve: !toggles disable_feed=0 disable_explore=0 disable_reels=1 disable_stories=0 disable_adds=0
08-10 20:53:00.012   936  1104 I DFInstaObserve: !toggles disable_feed=0 disable_explore=0 disable_reels=1 disable_stories=0 disable_adds=0
08-10 20:53:01.545   936  2028 I DFInstaObserve: !toggles disable_feed=0 disable_explore=0 disable_reels=1 disable_stories=0 disable_adds=0
08-10 20:53:01.776   936  2043 I DFInstaObserve: !toggles disable_feed=0 disable_explore=0 disable_reels=1 disable_stories=0 disable_adds=0
08-10 20:53:02.589   936  2112 I DFInstaObserve: !toggles disable_feed=0 disable_explore=0 disable_reels=1 disable_stories=0 disable_adds=0
08-10 20:53:02.706   936  1962 I DFInstaObserve: !toggles disable_feed=0 disable_explore=0 disable_reels=1 disable_stories=0 disable_adds=0
08-10 20:53:02.706   936  1962 I DFInstaObserve: /discover/topical_explore
08-10 20:53:05.012   936  2166 I DFInstaObserve: !toggles disable_feed=0 disable_explore=0 disable_reels=1 disable_stories=0 disable_adds=0
08-10 20:53:05.037   936  2166 I DFInstaObserve: !toggles disable_feed=0 disable_explore=0 disable_reels=1 disable_stories=0 disable_adds=0
08-10 20:53:05.075   936  2151 I DFInstaObserve: !toggles disable_feed=0 disable_explore=0 disable_reels=1 disable_stories=0 disable_adds=0
08-10 20:53:05.222   936   973 I DFInstaObserve: !toggles disable_feed=0 disable_explore=0 disable_reels=1 disable_stories=0 disable_adds=0
08-10 20:53:05.225   936  1324 I DFInstaObserve: !toggles disable_feed=0 disable_explore=0 disable_reels=1 disable_stories=0 disable_adds=0
08-10 20:53:05.244   936  1104 I DFInstaObserve: !toggles disable_feed=0 disable_explore=0 disable_reels=1 disable_stories=0 disable_adds=0
08-10 20:53:05.271   936  1969 I DFInstaObserve: !toggles disable_feed=0 disable_explore=0 disable_reels=1 disable_stories=0 disable_adds=0
08-10 20:53:05.275   936  1428 I DFInstaObserve: !toggles disable_feed=0 disable_explore=0 disable_reels=1 disable_stories=0 disable_adds=0
08-10 20:53:05.307   936  1104 I DFInstaObserve: !toggles disable_feed=0 disable_explore=0 disable_reels=1 disable_stories=0 disable_adds=0
08-10 20:53:05.320   936  1428 I DFInstaObserve: !toggles disable_feed=0 disable_explore=0 disable_reels=1 disable_stories=0 disable_adds=0
08-10 20:53:05.323   936  1011 I DFInstaObserve: !toggles disable_feed=0 disable_explore=0 disable_reels=1 disable_stories=0 disable_adds=0
08-10 20:53:05.361   936  1104 I DFInstaObserve: !toggles disable_feed=0 disable_explore=0 disable_reels=1 disable_stories=0 disable_adds=0
08-10 20:53:05.363   936  1401 I DFInstaObserve: !toggles disable_feed=0 disable_explore=0 disable_reels=1 disable_stories=0 disable_adds=0
08-10 20:53:05.366   936  1011 I DFInstaObserve: !toggles disable_feed=0 disable_explore=0 disable_reels=1 disable_stories=0 disable_adds=0
08-10 20:53:05.400   936  1401 I DFInstaObserve: !toggles disable_feed=0 disable_explore=0 disable_reels=1 disable_stories=0 disable_adds=0
08-10 20:53:05.419   936  1969 I DFInstaObserve: !toggles disable_feed=0 disable_explore=0 disable_reels=1 disable_stories=0 disable_adds=0
08-10 20:53:05.443   936  1969 I DFInstaObserve: !toggles disable_feed=0 disable_explore=0 disable_reels=1 disable_stories=0 disable_adds=0
08-10 20:53:05.457   936  1401 I DFInstaObserve: !toggles disable_feed=0 disable_explore=0 disable_reels=1 disable_stories=0 disable_adds=0
08-10 20:53:05.486   936  1401 I DFInstaObserve: !toggles disable_feed=0 disable_explore=0 disable_reels=1 disable_stories=0 disable_adds=0
08-10 20:53:05.504   936  1401 I DFInstaObserve: !toggles disable_feed=0 disable_explore=0 disable_reels=1 disable_stories=0 disable_adds=0
08-10 20:53:05.539   936  1969 I DFInstaObserve: !toggles disable_feed=0 disable_explore=0 disable_reels=1 disable_stories=0 disable_adds=0
08-10 20:53:05.550   936  1428 I DFInstaObserve: !toggles disable_feed=0 disable_explore=0 disable_reels=1 disable_stories=0 disable_adds=0
08-10 20:53:05.584   936  1428 I DFInstaObserve: !toggles disable_feed=0 disable_explore=0 disable_reels=1 disable_stories=0 disable_adds=0
08-10 20:53:05.599   936  1428 I DFInstaObserve: !toggles disable_feed=0 disable_explore=0 disable_reels=1 disable_stories=0 disable_adds=0
08-10 20:53:05.618   936  1428 I DFInstaObserve: !toggles disable_feed=0 disable_explore=0 disable_reels=1 disable_stories=0 disable_adds=0
08-10 20:53:05.632   936  1428 I DFInstaObserve: !toggles disable_feed=0 disable_explore=0 disable_reels=1 disable_stories=0 disable_adds=0
08-10 20:53:05.661   936  1969 I DFInstaObserve: !toggles disable_feed=0 disable_explore=0 disable_reels=1 disable_stories=0 disable_adds=0
08-10 20:53:05.665   936  1962 I DFInstaObserve: !toggles disable_feed=0 disable_explore=0 disable_reels=1 disable_stories=0 disable_adds=0
08-10 20:53:05.702   936  1969 I DFInstaObserve: !toggles disable_feed=0 disable_explore=0 disable_reels=1 disable_stories=0 disable_adds=0
08-10 20:53:05.710   936  1428 I DFInstaObserve: !toggles disable_feed=0 disable_explore=0 disable_reels=1 disable_stories=0 disable_adds=0
08-10 20:53:05.828   936  1104 I DFInstaObserve: !toggles disable_feed=0 disable_explore=0 disable_reels=1 disable_stories=0 disable_adds=0
08-10 20:53:05.860   936  1104 I DFInstaObserve: !toggles disable_feed=0 disable_explore=0 disable_reels=1 disable_stories=0 disable_adds=0
08-10 20:53:05.894   936  1104 I DFInstaObserve: !toggles disable_feed=0 disable_explore=0 disable_reels=1 disable_stories=0 disable_adds=0
08-10 20:53:05.937   936  1104 I DFInstaObserve: !toggles disable_feed=0 disable_explore=0 disable_reels=1 disable_stories=0 disable_adds=0
08-10 20:53:05.979   936  2230 I DFInstaObserve: !toggles disable_feed=0 disable_explore=0 disable_reels=1 disable_stories=0 disable_adds=0
08-10 20:53:06.535   936  1104 I DFInstaObserve: !toggles disable_feed=0 disable_explore=0 disable_reels=1 disable_stories=0 disable_adds=0
08-10 20:53:06.583   936  1104 I DFInstaObserve: !toggles disable_feed=0 disable_explore=0 disable_reels=1 disable_stories=0 disable_adds=0
08-10 20:53:06.664   936  1104 I DFInstaObserve: !toggles disable_feed=0 disable_explore=0 disable_reels=1 disable_stories=0 disable_adds=0
08-10 20:53:06.694   936  1104 I DFInstaObserve: !toggles disable_feed=0 disable_explore=0 disable_reels=1 disable_stories=0 disable_adds=0
08-10 20:53:06.775   936  1104 I DFInstaObserve: !toggles disable_feed=0 disable_explore=0 disable_reels=1 disable_stories=0 disable_adds=0
08-10 20:53:06.807   936  1104 I DFInstaObserve: !toggles disable_feed=0 disable_explore=0 disable_reels=1 disable_stories=0 disable_adds=0
08-10 20:53:07.237   936  1104 I DFInstaObserve: !toggles disable_feed=0 disable_explore=0 disable_reels=1 disable_stories=0 disable_adds=0
08-10 20:53:07.272   936  1104 I DFInstaObserve: !toggles disable_feed=0 disable_explore=0 disable_reels=1 disable_stories=0 disable_adds=0
08-10 20:53:07.358   936  1104 I DFInstaObserve: !toggles disable_feed=0 disable_explore=0 disable_reels=1 disable_stories=0 disable_adds=0
08-10 20:53:08.254   936  2253 I DFInstaObserve: !toggles disable_feed=0 disable_explore=0 disable_reels=1 disable_stories=0 disable_adds=0
08-10 20:53:08.477   936  2274 I DFInstaObserve: !toggles disable_feed=0 disable_explore=0 disable_reels=1 disable_stories=0 disable_adds=0
08-10 20:53:09.114   936  1401 I DFInstaObserve: !toggles disable_feed=0 disable_explore=0 disable_reels=1 disable_stories=0 disable_adds=0
08-10 20:53:09.114   936  1401 I DFInstaObserve: /discover/topical_explore
08-10 20:53:11.537   936  2335 I DFInstaObserve: !toggles disable_feed=0 disable_explore=0 disable_reels=1 disable_stories=0 disable_adds=0
08-10 20:53:11.608   936  2348 I DFInstaObserve: !toggles disable_feed=0 disable_explore=0 disable_reels=1 disable_stories=0 disable_adds=0
08-10 20:53:12.231   936   973 I DFInstaObserve: !toggles disable_feed=0 disable_explore=0 disable_reels=1 disable_stories=0 disable_adds=0
08-10 20:53:12.234   936  1324 I DFInstaObserve: !toggles disable_feed=0 disable_explore=0 disable_reels=1 disable_stories=0 disable_adds=0
08-10 20:53:12.260   936  1104 I DFInstaObserve: !toggles disable_feed=0 disable_explore=0 disable_reels=1 disable_stories=0 disable_adds=0
08-10 20:53:12.271   936  2402 I DFInstaObserve: !toggles disable_feed=0 disable_explore=0 disable_reels=1 disable_stories=0 disable_adds=0
08-10 20:53:12.277   936  1969 I DFInstaObserve: !toggles disable_feed=0 disable_explore=0 disable_reels=1 disable_stories=0 disable_adds=0
08-10 20:53:12.312   936  2402 I DFInstaObserve: !toggles disable_feed=0 disable_explore=0 disable_reels=1 disable_stories=0 disable_adds=0
08-10 20:53:12.321   936  1011 I DFInstaObserve: !toggles disable_feed=0 disable_explore=0 disable_reels=1 disable_stories=0 disable_adds=0
08-10 20:53:12.350   936  2402 I DFInstaObserve: !toggles disable_feed=0 disable_explore=0 disable_reels=1 disable_stories=0 disable_adds=0
08-10 20:53:12.377   936  1011 I DFInstaObserve: !toggles disable_feed=0 disable_explore=0 disable_reels=1 disable_stories=0 disable_adds=0
08-10 20:53:12.406   936  2402 I DFInstaObserve: !toggles disable_feed=0 disable_explore=0 disable_reels=1 disable_stories=0 disable_adds=0
08-10 20:53:12.412   936  1401 I DFInstaObserve: !toggles disable_feed=0 disable_explore=0 disable_reels=1 disable_stories=0 disable_adds=0
08-10 20:53:12.445   936  1401 I DFInstaObserve: !toggles disable_feed=0 disable_explore=0 disable_reels=1 disable_stories=0 disable_adds=0
08-10 20:53:12.450   936  1104 I DFInstaObserve: !toggles disable_feed=0 disable_explore=0 disable_reels=1 disable_stories=0 disable_adds=0
08-10 20:53:12.452   936  1011 I DFInstaObserve: !toggles disable_feed=0 disable_explore=0 disable_reels=1 disable_stories=0 disable_adds=0
08-10 20:53:12.472   936  1011 I DFInstaObserve: !toggles disable_feed=0 disable_explore=0 disable_reels=1 disable_stories=0 disable_adds=0
08-10 20:53:12.479   936  1969 I DFInstaObserve: !toggles disable_feed=0 disable_explore=0 disable_reels=1 disable_stories=0 disable_adds=0
08-10 20:53:12.493   936  1104 I DFInstaObserve: !toggles disable_feed=0 disable_explore=0 disable_reels=1 disable_stories=0 disable_adds=0
08-10 20:53:12.517   936  1011 I DFInstaObserve: !toggles disable_feed=0 disable_explore=0 disable_reels=1 disable_stories=0 disable_adds=0
08-10 20:53:12.522   936  1969 I DFInstaObserve: !toggles disable_feed=0 disable_explore=0 disable_reels=1 disable_stories=0 disable_adds=0
08-10 20:53:12.558   936  2402 I DFInstaObserve: !toggles disable_feed=0 disable_explore=0 disable_reels=1 disable_stories=0 disable_adds=0
08-10 20:53:12.561   936  1969 I DFInstaObserve: !toggles disable_feed=0 disable_explore=0 disable_reels=1 disable_stories=0 disable_adds=0
08-10 20:53:12.594   936  1011 I DFInstaObserve: !toggles disable_feed=0 disable_explore=0 disable_reels=1 disable_stories=0 disable_adds=0
08-10 20:53:12.597   936  1969 I DFInstaObserve: !toggles disable_feed=0 disable_explore=0 disable_reels=1 disable_stories=0 disable_adds=0
08-10 20:53:12.631   936  1011 I DFInstaObserve: !toggles disable_feed=0 disable_explore=0 disable_reels=1 disable_stories=0 disable_adds=0
08-10 20:53:12.676   936  1104 I DFInstaObserve: !toggles disable_feed=0 disable_explore=0 disable_reels=1 disable_stories=0 disable_adds=0
08-10 20:53:12.709   936  1104 I DFInstaObserve: !toggles disable_feed=0 disable_explore=0 disable_reels=1 disable_stories=0 disable_adds=0
08-10 20:53:12.809   936  1104 I DFInstaObserve: !toggles disable_feed=0 disable_explore=0 disable_reels=1 disable_stories=0 disable_adds=0
08-10 20:53:12.836   936  1104 I DFInstaObserve: !toggles disable_feed=0 disable_explore=0 disable_reels=1 disable_stories=0 disable_adds=0
08-10 20:53:12.897   936  1104 I DFInstaObserve: !toggles disable_feed=0 disable_explore=0 disable_reels=1 disable_stories=0 disable_adds=0
08-10 20:53:12.932   936  1104 I DFInstaObserve: !toggles disable_feed=0 disable_explore=0 disable_reels=1 disable_stories=0 disable_adds=0
08-10 20:53:13.070   936  1104 I DFInstaObserve: !toggles disable_feed=0 disable_explore=0 disable_reels=1 disable_stories=0 disable_adds=0
08-10 20:53:13.105   936  1104 I DFInstaObserve: !toggles disable_feed=0 disable_explore=0 disable_reels=1 disable_stories=0 disable_adds=0
08-10 20:53:13.184   936  1104 I DFInstaObserve: !toggles disable_feed=0 disable_explore=0 disable_reels=1 disable_stories=0 disable_adds=0
08-10 20:53:13.217   936  1104 I DFInstaObserve: !toggles disable_feed=0 disable_explore=0 disable_reels=1 disable_stories=0 disable_adds=0
08-10 20:53:13.256   936  1104 I DFInstaObserve: !toggles disable_feed=0 disable_explore=0 disable_reels=1 disable_stories=0 disable_adds=0
08-10 20:53:13.292   936  1104 I DFInstaObserve: !toggles disable_feed=0 disable_explore=0 disable_reels=1 disable_stories=0 disable_adds=0
08-10 20:53:13.547   936  1104 I DFInstaObserve: !toggles disable_feed=0 disable_explore=0 disable_reels=1 disable_stories=0 disable_adds=0
08-10 20:53:14.031   936  2335 I DFInstaObserve: !toggles disable_feed=0 disable_explore=0 disable_reels=1 disable_stories=0 disable_adds=0
08-10 20:53:14.733   936  1401 I DFInstaObserve: !toggles disable_feed=0 disable_explore=0 disable_reels=1 disable_stories=0 disable_adds=0
08-10 20:53:14.853   936  1324 I DFInstaObserve: !toggles disable_feed=0 disable_explore=0 disable_reels=1 disable_stories=0 disable_adds=0
08-10 20:53:14.861   936   973 I DFInstaObserve: !toggles disable_feed=0 disable_explore=0 disable_reels=1 disable_stories=0 disable_adds=0
08-10 20:53:14.883   936  2634 I DFInstaObserve: !toggles disable_feed=0 disable_explore=0 disable_reels=1 disable_stories=0 disable_adds=0
08-10 20:53:14.904   936  2625 I DFInstaObserve: !toggles disable_feed=0 disable_explore=0 disable_reels=1 disable_stories=0 disable_adds=0
08-10 20:53:14.918   936  2629 I DFInstaObserve: !toggles disable_feed=0 disable_explore=0 disable_reels=1 disable_stories=0 disable_adds=0
08-10 20:53:14.920   936  1136 I DFInstaObserve: !toggles disable_feed=0 disable_explore=0 disable_reels=1 disable_stories=0 disable_adds=0
08-10 20:53:14.949   936  2625 I DFInstaObserve: !toggles disable_feed=0 disable_explore=0 disable_reels=1 disable_stories=0 disable_adds=0
08-10 20:53:14.980   936  1324 I DFInstaObserve: !toggles disable_feed=0 disable_explore=0 disable_reels=1 disable_stories=0 disable_adds=0
08-10 20:53:15.036   936  1136 I DFInstaObserve: !toggles disable_feed=0 disable_explore=0 disable_reels=1 disable_stories=0 disable_adds=0
08-10 20:53:17.201   936  2644 I DFInstaObserve: !toggles disable_feed=0 disable_explore=0 disable_reels=1 disable_stories=0 disable_adds=0
08-10 20:53:17.203   936  2643 I DFInstaObserve: !toggles disable_feed=0 disable_explore=0 disable_reels=1 disable_stories=0 disable_adds=0
08-10 20:53:23.711   936  1401 I DFInstaObserve: !toggles disable_feed=0 disable_explore=0 disable_reels=1 disable_stories=0 disable_adds=0
08-10 20:53:24.123   936  1324 I DFInstaObserve: !toggles disable_feed=0 disable_explore=0 disable_reels=1 disable_stories=0 disable_adds=0
08-10 20:53:24.162   936  1324 I DFInstaObserve: !toggles disable_feed=0 disable_explore=0 disable_reels=1 disable_stories=0 disable_adds=0
08-10 20:53:26.213   936  2707 I DFInstaObserve: !toggles disable_feed=0 disable_explore=0 disable_reels=1 disable_stories=0 disable_adds=0
08-10 20:53:26.213   936  2712 I DFInstaObserve: !toggles disable_feed=0 disable_explore=0 disable_reels=1 disable_stories=0 disable_adds=0
08-10 20:53:27.003   936  1401 I DFInstaObserve: !toggles disable_feed=0 disable_explore=0 disable_reels=1 disable_stories=0 disable_adds=0
08-10 20:53:29.528   936  2846 I DFInstaObserve: !toggles disable_feed=0 disable_explore=0 disable_reels=1 disable_stories=0 disable_adds=0
08-10 20:53:29.528   936  2845 I DFInstaObserve: !toggles disable_feed=0 disable_explore=0 disable_reels=1 disable_stories=0 disable_adds=0
08-10 20:53:30.326   936  2625 I DFInstaObserve: !toggles disable_feed=0 disable_explore=0 disable_reels=1 disable_stories=0 disable_adds=0
08-10 20:53:31.445   936  2890 I DFInstaObserve: !toggles disable_feed=0 disable_explore=0 disable_reels=1 disable_stories=0 disable_adds=0
08-10 20:53:31.445   936  2889 I DFInstaObserve: !toggles disable_feed=0 disable_explore=0 disable_reels=1 disable_stories=0 disable_adds=0
08-10 20:53:33.450   936  2890 I DFInstaObserve: !toggles disable_feed=0 disable_explore=0 disable_reels=1 disable_stories=0 disable_adds=0
08-10 20:53:33.475   936  2890 I DFInstaObserve: !toggles disable_feed=0 disable_explore=0 disable_reels=1 disable_stories=0 disable_adds=0
08-10 20:53:33.476   936  2889 I DFInstaObserve: !toggles disable_feed=0 disable_explore=0 disable_reels=1 disable_stories=0 disable_adds=0
08-10 20:53:33.638   936  2264 I DFInstaObserve: !toggles disable_feed=0 disable_explore=0 disable_reels=1 disable_stories=0 disable_adds=0
08-10 20:53:36.203   936  2599 I DFInstaObserve: !toggles disable_feed=0 disable_explore=0 disable_reels=1 disable_stories=0 disable_adds=0
08-10 20:53:36.207   936  2963 I DFInstaObserve: !toggles disable_feed=0 disable_explore=0 disable_reels=1 disable_stories=0 disable_adds=0
08-10 20:53:36.964   936  2629 I DFInstaObserve: !toggles disable_feed=0 disable_explore=0 disable_reels=1 disable_stories=0 disable_adds=0
08-10 20:53:42.808   936  3056 I DFInstaObserve: !toggles disable_feed=0 disable_explore=0 disable_reels=1 disable_stories=0 disable_adds=0
08-10 20:53:42.808   936  3057 I DFInstaObserve: !toggles disable_feed=0 disable_explore=0 disable_reels=1 disable_stories=0 disable_adds=0
08-10 20:53:44.959   936  1401 I DFInstaObserve: !toggles disable_feed=0 disable_explore=0 disable_reels=1 disable_stories=0 disable_adds=0
08-10 20:53:45.263   936  3057 I DFInstaObserve: !toggles disable_feed=0 disable_explore=0 disable_reels=1 disable_stories=0 disable_adds=0
