08-12 20:34:21.453 27174 27245 I DFInstaObserve: !toggles disable_feed=0 disable_explore=0 disable_reels=1 disable_stories=0 disable_adds=0
08-12 20:34:21.453 27174 27245 I DFInstaObserve: /feed/timeline/
08-12 20:34:21.454 27174 27359 I DFInstaObserve: !toggles disable_feed=0 disable_explore=0 disable_reels=1 disable_stories=0 disable_adds=0
08-12 20:34:21.454 27174 27359 I DFInstaObserve: /feed/reels_tray/
08-12 20:34:21.868 27174 27431 I DFInstaObserve: !toggles disable_feed=0 disable_explore=0 disable_reels=1 disable_stories=0 disable_adds=0
08-12 20:34:22.336 27174 27383 I DFInstaObserve: !toggles disable_feed=0 disable_explore=0 disable_reels=1 disable_stories=0 disable_adds=0
08-12 20:34:22.337 27174 27431 I DFInstaObserve: !toggles disable_feed=0 disable_explore=0 disable_reels=1 disable_stories=0 disable_adds=0
08-12 20:34:22.618 27174 27231 I DFInstaObserve: !toggles disable_feed=0 disable_explore=0 disable_reels=1 disable_stories=0 disable_adds=0
08-12 20:34:22.747 27174 27353 I DFInstaObserve: !toggles disable_feed=0 disable_explore=0 disable_reels=1 disable_stories=0 disable_adds=0
08-12 20:34:22.747 27174 27353 I DFInstaObserve: /discover/topical_explore
08-12 20:34:24.385 27174 27262 I DFInstaObserve: !toggles disable_feed=0 disable_explore=0 disable_reels=1 disable_stories=0 disable_adds=0
08-12 20:34:24.592 27174 27245 I DFInstaObserve: !toggles disable_feed=0 disable_explore=0 disable_reels=1 disable_stories=0 disable_adds=0
08-12 20:34:24.700 27174 27232 I DFInstaObserve: !toggles disable_feed=0 disable_explore=0 disable_reels=1 disable_stories=0 disable_adds=0
08-12 20:34:24.997 27174 27574 I DFInstaObserve: !toggles disable_feed=0 disable_explore=0 disable_reels=1 disable_stories=0 disable_adds=0
08-12 20:34:25.044 27174 27232 I DFInstaObserve: !toggles disable_feed=0 disable_explore=0 disable_reels=1 disable_stories=0 disable_adds=0
08-12 20:34:25.519 27174 27362 I DFInstaObserve: !toggles disable_feed=0 disable_explore=0 disable_reels=1 disable_stories=0 disable_adds=0
08-12 20:34:25.688 27174 27586 I DFInstaObserve: !toggles disable_feed=0 disable_explore=0 disable_reels=1 disable_stories=0 disable_adds=0
08-12 20:34:25.721 27174 27579 I DFInstaObserve: !toggles disable_feed=0 disable_explore=0 disable_reels=1 disable_stories=0 disable_adds=0
08-12 20:34:26.754 27174 27231 I DFInstaObserve: !toggles disable_feed=0 disable_explore=0 disable_reels=1 disable_stories=0 disable_adds=0
08-12 20:34:26.760 27174 27231 I DFInstaObserve: !toggles disable_feed=0 disable_explore=0 disable_reels=1 disable_stories=0 disable_adds=0
08-12 20:34:26.783 27174 27362 I DFInstaObserve: !toggles disable_feed=0 disable_explore=0 disable_reels=1 disable_stories=0 disable_adds=0
08-12 20:34:26.787 27174 27574 I DFInstaObserve: !toggles disable_feed=0 disable_explore=0 disable_reels=1 disable_stories=0 disable_adds=0
08-12 20:34:26.807 27174 27574 I DFInstaObserve: !toggles disable_feed=0 disable_explore=0 disable_reels=1 disable_stories=0 disable_adds=0
08-12 20:34:26.812 27174 27353 I DFInstaObserve: !toggles disable_feed=0 disable_explore=0 disable_reels=1 disable_stories=0 disable_adds=0
08-12 20:34:26.836 27174 27574 I DFInstaObserve: !toggles disable_feed=0 disable_explore=0 disable_reels=1 disable_stories=0 disable_adds=0
08-12 20:34:26.844 27174 27362 I DFInstaObserve: !toggles disable_feed=0 disable_explore=0 disable_reels=1 disable_stories=0 disable_adds=0
08-12 20:34:26.892 27174 27574 I DFInstaObserve: !toggles disable_feed=0 disable_explore=0 disable_reels=1 disable_stories=0 disable_adds=0
08-12 20:34:26.909 27174 27362 I DFInstaObserve: !toggles disable_feed=0 disable_explore=0 disable_reels=1 disable_stories=0 disable_adds=0
08-12 20:34:26.916 27174 27353 I DFInstaObserve: !toggles disable_feed=0 disable_explore=0 disable_reels=1 disable_stories=0 disable_adds=0
08-12 20:34:26.938 27174 27404 I DFInstaObserve: !toggles disable_feed=0 disable_explore=0 disable_reels=1 disable_stories=0 disable_adds=0
08-12 20:34:26.971 27174 27574 I DFInstaObserve: !toggles disable_feed=0 disable_explore=0 disable_reels=1 disable_stories=0 disable_adds=0
08-12 20:34:26.975 27174 27353 I DFInstaObserve: !toggles disable_feed=0 disable_explore=0 disable_reels=1 disable_stories=0 disable_adds=0
08-12 20:34:27.010 27174 27579 I DFInstaObserve: !toggles disable_feed=0 disable_explore=0 disable_reels=1 disable_stories=0 disable_adds=0
08-12 20:34:27.031 27174 27574 I DFInstaObserve: !toggles disable_feed=0 disable_explore=0 disable_reels=1 disable_stories=0 disable_adds=0
08-12 20:34:27.038 27174 27404 I DFInstaObserve: !toggles disable_feed=0 disable_explore=0 disable_reels=1 disable_stories=0 disable_adds=0
08-12 20:34:27.070 27174 27404 I DFInstaObserve: !toggles disable_feed=0 disable_explore=0 disable_reels=1 disable_stories=0 disable_adds=0
08-12 20:34:27.103 27174 27404 I DFInstaObserve: !toggles disable_feed=0 disable_explore=0 disable_reels=1 disable_stories=0 disable_adds=0
08-12 20:34:27.148 27174 27404 I DFInstaObserve: !toggles disable_feed=0 disable_explore=0 disable_reels=1 disable_stories=0 disable_adds=0
08-12 20:34:27.441 27174 27404 I DFInstaObserve: !toggles disable_feed=0 disable_explore=0 disable_reels=1 disable_stories=0 disable_adds=0
08-12 20:34:27.481 27174 27404 I DFInstaObserve: !toggles disable_feed=0 disable_explore=0 disable_reels=1 disable_stories=0 disable_adds=0
08-12 20:34:27.537 27174 27404 I DFInstaObserve: !toggles disable_feed=0 disable_explore=0 disable_reels=1 disable_stories=0 disable_adds=0
08-12 20:34:27.575 27174 27404 I DFInstaObserve: !toggles disable_feed=0 disable_explore=0 disable_reels=1 disable_stories=0 disable_adds=0
08-12 20:34:27.766 27174 27404 I DFInstaObserve: !toggles disable_feed=0 disable_explore=0 disable_reels=1 disable_stories=0 disable_adds=0
08-12 20:34:27.813 27174 27404 I DFInstaObserve: !toggles disable_feed=0 disable_explore=0 disable_reels=1 disable_stories=0 disable_adds=0
08-12 20:34:28.032 27174 27404 I DFInstaObserve: !toggles disable_feed=0 disable_explore=0 disable_reels=1 disable_stories=0 disable_adds=0
08-12 20:34:32.637 27174 27582 I DFInstaObserve: !toggles disable_feed=0 disable_explore=0 disable_reels=1 disable_stories=0 disable_adds=0
08-12 20:34:32.641 27174 27362 I DFInstaObserve: !toggles disable_feed=0 disable_explore=0 disable_reels=1 disable_stories=0 disable_adds=0
08-12 20:34:32.918 27174 27574 I DFInstaObserve: !toggles disable_feed=0 disable_explore=0 disable_reels=1 disable_stories=0 disable_adds=0
08-12 20:34:33.041 27174 27582 I DFInstaObserve: !toggles disable_feed=0 disable_explore=0 disable_reels=1 disable_stories=0 disable_adds=0
08-12 20:34:33.203 27174 27431 I DFInstaObserve: !toggles disable_feed=0 disable_explore=0 disable_reels=1 disable_stories=0 disable_adds=0
08-12 20:34:34.694 27174 27431 I DFInstaObserve: !toggles disable_feed=0 disable_explore=0 disable_reels=1 disable_stories=0 disable_adds=0
08-12 20:34:39.000 27174 27593 I DFInstaObserve: !toggles disable_feed=0 disable_explore=0 disable_reels=1 disable_stories=0 disable_adds=0
08-12 20:34:39.010 27174 27593 I DFInstaObserve: !toggles disable_feed=0 disable_explore=0 disable_reels=1 disable_stories=0 disable_adds=0
08-12 20:34:39.045 27174 27404 I DFInstaObserve: !toggles disable_feed=0 disable_explore=0 disable_reels=1 disable_stories=0 disable_adds=0
08-12 20:34:39.121 27174 27404 I DFInstaObserve: !toggles disable_feed=0 disable_explore=0 disable_reels=1 disable_stories=0 disable_adds=0
08-12 20:34:39.121 27174 27593 I DFInstaObserve: !toggles disable_feed=0 disable_explore=0 disable_reels=1 disable_stories=0 disable_adds=0
08-12 20:34:39.122 27174 27231 I DFInstaObserve: !toggles disable_feed=0 disable_explore=0 disable_reels=1 disable_stories=0 disable_adds=0
08-12 20:34:39.181 27174 27404 I DFInstaObserve: !toggles disable_feed=0 disable_explore=0 disable_reels=1 disable_stories=0 disable_adds=0
08-12 20:34:47.122 27174 27353 I DFInstaObserve: !toggles disable_feed=0 disable_explore=0 disable_reels=1 disable_stories=0 disable_adds=0
08-12 20:34:47.122 27174 27353 I DFInstaObserve: /feed/timeline/
08-12 20:34:47.127 27174 27362 I DFInstaObserve: !toggles disable_feed=0 disable_explore=0 disable_reels=1 disable_stories=0 disable_adds=0
08-12 20:34:47.127 27174 27362 I DFInstaObserve: /feed/reels_tray/
08-12 20:34:47.554 27174 27579 I DFInstaObserve: !toggles disable_feed=0 disable_explore=0 disable_reels=1 disable_stories=0 disable_adds=0
08-12 20:34:47.554 27174 27579 I DFInstaObserve: /feed/reels_media_stream/
08-12 20:34:48.925 27174 27593 I DFInstaObserve: !toggles disable_feed=0 disable_explore=0 disable_reels=1 disable_stories=0 disable_adds=0
08-12 20:34:48.933 27174 27593 I DFInstaObserve: !toggles disable_feed=0 disable_explore=0 disable_reels=1 disable_stories=0 disable_adds=0
08-12 20:34:48.992 27174 27404 I DFInstaObserve: !toggles disable_feed=0 disable_explore=0 disable_reels=1 disable_stories=0 disable_adds=0
08-12 20:34:49.037 27174 27231 I DFInstaObserve: !toggles disable_feed=0 disable_explore=0 disable_reels=1 disable_stories=0 disable_adds=0
08-12 20:34:49.049 27174 27404 I DFInstaObserve: !toggles disable_feed=0 disable_explore=0 disable_reels=1 disable_stories=0 disable_adds=0
08-12 20:34:49.272 27174 27353 I DFInstaObserve: !toggles disable_feed=0 disable_explore=0 disable_reels=1 disable_stories=0 disable_adds=0
08-12 20:34:49.272 27174 27353 I DFInstaObserve: /feed/timeline/
08-12 20:34:49.344 27174 27404 I DFInstaObserve: !toggles disable_feed=0 disable_explore=0 disable_reels=1 disable_stories=0 disable_adds=0
08-12 20:34:50.536 27174 27739 I DFInstaObserve: !toggles disable_feed=0 disable_explore=0 disable_reels=1 disable_stories=0 disable_adds=0
08-12 20:34:53.033 27174 27739 I DFInstaObserve: !toggles disable_feed=0 disable_explore=0 disable_reels=1 disable_stories=0 disable_adds=0
08-12 20:34:53.491 27174 27231 I DFInstaObserve: !toggles disable_feed=0 disable_explore=0 disable_reels=1 disable_stories=0 disable_adds=0
08-12 20:34:53.500 27174 27231 I DFInstaObserve: !toggles disable_feed=0 disable_explore=0 disable_reels=1 disable_stories=0 disable_adds=0
08-12 20:34:53.545 27174 27582 I DFInstaObserve: !toggles disable_feed=0 disable_explore=0 disable_reels=1 disable_stories=0 disable_adds=0
08-12 20:34:53.554 27174 27776 I DFInstaObserve: !toggles disable_feed=0 disable_explore=0 disable_reels=1 disable_stories=0 disable_adds=0
08-12 20:34:53.598 27174 27404 I DFInstaObserve: !toggles disable_feed=0 disable_explore=0 disable_reels=1 disable_stories=0 disable_adds=0
08-12 20:34:53.699 27174 27579 I DFInstaObserve: !toggles disable_feed=0 disable_explore=0 disable_reels=1 disable_stories=0 disable_adds=0
08-12 20:34:53.903 27174 27404 I DFInstaObserve: !toggles disable_feed=0 disable_explore=0 disable_reels=1 disable_stories=0 disable_adds=0
08-12 20:34:54.056 27174 27404 I DFInstaObserve: !toggles disable_feed=0 disable_explore=0 disable_reels=1 disable_stories=0 disable_adds=0
08-12 20:34:54.150 27174 27404 I DFInstaObserve: !toggles disable_feed=0 disable_explore=0 disable_reels=1 disable_stories=0 disable_adds=0
08-12 20:34:54.173 27174 27404 I DFInstaObserve: !toggles disable_feed=0 disable_explore=0 disable_reels=1 disable_stories=0 disable_adds=0
08-12 20:34:58.758 27174 27231 I DFInstaObserve: !toggles disable_feed=0 disable_explore=0 disable_reels=1 disable_stories=0 disable_adds=0
08-12 20:34:59.067 27174 27809 I DFInstaObserve: !toggles disable_feed=0 disable_explore=0 disable_reels=1 disable_stories=0 disable_adds=0
08-12 20:35:02.866 27174 27593 I DFInstaObserve: !toggles disable_feed=0 disable_explore=0 disable_reels=1 disable_stories=0 disable_adds=0
08-12 20:35:04.297 27174 27808 I DFInstaObserve: !toggles disable_feed=0 disable_explore=0 disable_reels=1 disable_stories=0 disable_adds=0
08-12 20:35:06.181 27174 27231 I DFInstaObserve: !toggles disable_feed=0 disable_explore=0 disable_reels=1 disable_stories=0 disable_adds=0
08-12 20:35:12.431 27174 27582 I DFInstaObserve: !toggles disable_feed=0 disable_explore=0 disable_reels=1 disable_stories=0 disable_adds=0
08-12 20:35:12.432 27174 27582 I DFInstaObserve: /feed/timeline/
08-12 20:35:15.144 27174 27639 I DFInstaObserve: !toggles disable_feed=0 disable_explore=0 disable_reels=1 disable_stories=0 disable_adds=0
08-12 20:35:15.266 27174 27773 I DFInstaObserve: !toggles disable_feed=0 disable_explore=0 disable_reels=1 disable_stories=0 disable_adds=0
08-12 20:35:15.495 27174 27593 I DFInstaObserve: !toggles disable_feed=0 disable_explore=0 disable_reels=1 disable_stories=0 disable_adds=0
08-12 20:35:15.499 27174 27231 I DFInstaObserve: !toggles disable_feed=0 disable_explore=0 disable_reels=1 disable_stories=0 disable_adds=0
08-12 20:35:15.548 27174 27404 I DFInstaObserve: !toggles disable_feed=0 disable_explore=0 disable_reels=1 disable_stories=0 disable_adds=0
08-12 20:35:15.556 27174 27776 I DFInstaObserve: !toggles disable_feed=0 disable_explore=0 disable_reels=1 disable_stories=0 disable_adds=0
08-12 20:35:15.617 27174 27431 I DFInstaObserve: !toggles disable_feed=0 disable_explore=0 disable_reels=1 disable_stories=0 disable_adds=0
08-12 20:35:15.638 27174 27404 I DFInstaObserve: !toggles disable_feed=0 disable_explore=0 disable_reels=1 disable_stories=0 disable_adds=0
08-12 20:35:17.591 27174 27907 I DFInstaObserve: !toggles disable_feed=0 disable_explore=0 disable_reels=1 disable_stories=0 disable_adds=0
08-12 20:35:17.624 27174 27907 I DFInstaObserve: !toggles disable_feed=0 disable_explore=0 disable_reels=1 disable_stories=0 disable_adds=0
08-12 20:35:17.631 27174 27909 I DFInstaObserve: !toggles disable_feed=0 disable_explore=0 disable_reels=1 disable_stories=0 disable_adds=0
08-12 20:35:17.666 27174 27909 I DFInstaObserve: !toggles disable_feed=0 disable_explore=0 disable_reels=1 disable_stories=0 disable_adds=0
08-12 20:35:17.840 27174 27593 I DFInstaObserve: !toggles disable_feed=0 disable_explore=0 disable_reels=1 disable_stories=0 disable_adds=0
08-12 20:35:17.847 27174 27593 I DFInstaObserve: !toggles disable_feed=0 disable_explore=0 disable_reels=1 disable_stories=0 disable_adds=0
08-12 20:35:17.882 27174 27776 I DFInstaObserve: !toggles disable_feed=0 disable_explore=0 disable_reels=1 disable_stories=0 disable_adds=0
08-12 20:35:17.893 27174 27582 I DFInstaObserve: !toggles disable_feed=0 disable_explore=0 disable_reels=1 disable_stories=0 disable_adds=0
08-12 20:35:17.951 27174 27776 I DFInstaObserve: !toggles disable_feed=0 disable_explore=0 disable_reels=1 disable_stories=0 disable_adds=0
08-12 20:35:17.959 27174 27582 I DFInstaObserve: !toggles disable_feed=0 disable_explore=0 disable_reels=1 disable_stories=0 disable_adds=0
08-12 20:35:18.007 27174 27404 I DFInstaObserve: !toggles disable_feed=0 disable_explore=0 disable_reels=1 disable_stories=0 disable_adds=0
08-12 20:35:18.018 27174 27896 I DFInstaObserve: !toggles disable_feed=0 disable_explore=0 disable_reels=1 disable_stories=0 disable_adds=0
08-12 20:35:19.036 27174 27404 I DFInstaObserve: !toggles disable_feed=0 disable_explore=0 disable_reels=1 disable_stories=0 disable_adds=0
08-12 20:35:19.077 27174 27404 I DFInstaObserve: !toggles disable_feed=0 disable_explore=0 disable_reels=1 disable_stories=0 disable_adds=0
08-12 20:35:19.154 27174 27404 I DFInstaObserve: !toggles disable_feed=0 disable_explore=0 disable_reels=1 disable_stories=0 disable_adds=0
08-12 20:35:19.214 27174 27404 I DFInstaObserve: !toggles disable_feed=0 disable_explore=0 disable_reels=1 disable_stories=0 disable_adds=0
08-12 20:35:19.261 27174 27404 I DFInstaObserve: !toggles disable_feed=0 disable_explore=0 disable_reels=1 disable_stories=0 disable_adds=0
08-12 20:35:19.330 27174 27404 I DFInstaObserve: !toggles disable_feed=0 disable_explore=0 disable_reels=1 disable_stories=0 disable_adds=0
08-12 20:35:20.096 27174 27907 I DFInstaObserve: !toggles disable_feed=0 disable_explore=0 disable_reels=1 disable_stories=0 disable_adds=0
08-12 20:35:20.135 27174 27909 I DFInstaObserve: !toggles disable_feed=0 disable_explore=0 disable_reels=1 disable_stories=0 disable_adds=0
08-12 20:35:23.218 27174 27579 I DFInstaObserve: !toggles disable_feed=0 disable_explore=0 disable_reels=1 disable_stories=0 disable_adds=0
08-12 20:35:23.218 27174 27579 I DFInstaObserve: /discover/topical_explore
08-12 20:35:25.689 27174 27956 I DFInstaObserve: !toggles disable_feed=0 disable_explore=0 disable_reels=1 disable_stories=0 disable_adds=0
08-12 20:35:25.727 27174 27956 I DFInstaObserve: !toggles disable_feed=0 disable_explore=0 disable_reels=1 disable_stories=0 disable_adds=0
08-12 20:35:25.782 27174 27962 I DFInstaObserve: !toggles disable_feed=0 disable_explore=0 disable_reels=1 disable_stories=0 disable_adds=0
08-12 20:35:25.945 27174 27231 I DFInstaObserve: !toggles disable_feed=0 disable_explore=0 disable_reels=1 disable_stories=0 disable_adds=0
08-12 20:35:25.958 27174 27231 I DFInstaObserve: !toggles disable_feed=0 disable_explore=0 disable_reels=1 disable_stories=0 disable_adds=0
08-12 20:35:25.973 27174 27231 I DFInstaObserve: !toggles disable_feed=0 disable_explore=0 disable_reels=1 disable_stories=0 disable_adds=0
08-12 20:35:26.167 27174 27231 I DFInstaObserve: !toggles disable_feed=0 disable_explore=0 disable_reels=1 disable_stories=0 disable_adds=0
08-12 20:35:26.173 27174 27980 I DFInstaObserve: !toggles disable_feed=0 disable_explore=0 disable_reels=1 disable_stories=0 disable_adds=0
08-12 20:35:26.222 27174 27404 I DFInstaObserve: !toggles disable_feed=0 disable_explore=0 disable_reels=1 disable_stories=0 disable_adds=0
08-12 20:35:26.222 27174 27776 I DFInstaObserve: !toggles disable_feed=0 disable_explore=0 disable_reels=1 disable_stories=0 disable_adds=0
08-12 20:35:26.234 27174 27579 I DFInstaObserve: !toggles disable_feed=0 disable_explore=0 disable_reels=1 disable_stories=0 disable_adds=0
08-12 20:35:26.289 27174 27579 I DFInstaObserve: !toggles disable_feed=0 disable_explore=0 disable_reels=1 disable_stories=0 disable_adds=0
08-12 20:35:26.333 27174 27947 I DFInstaObserve: !toggles disable_feed=0 disable_explore=0 disable_reels=1 disable_stories=0 disable_adds=0
08-12 20:35:26.360 27174 27404 I DFInstaObserve: !toggles disable_feed=0 disable_explore=0 disable_reels=1 disable_stories=0 disable_adds=0
08-12 20:35:26.364 27174 27896 I DFInstaObserve: !toggles disable_feed=0 disable_explore=0 disable_reels=1 disable_stories=0 disable_adds=0
08-12 20:35:26.381 27174 27947 I DFInstaObserve: !toggles disable_feed=0 disable_explore=0 disable_reels=1 disable_stories=0 disable_adds=0
08-12 20:35:26.417 27174 27404 I DFInstaObserve: !toggles disable_feed=0 disable_explore=0 disable_reels=1 disable_stories=0 disable_adds=0
08-12 20:35:26.430 27174 27579 I DFInstaObserve: !toggles disable_feed=0 disable_explore=0 disable_reels=1 disable_stories=0 disable_adds=0
08-12 20:35:26.439 27174 27947 I DFInstaObserve: !toggles disable_feed=0 disable_explore=0 disable_reels=1 disable_stories=0 disable_adds=0
08-12 20:35:26.505 27174 27776 I DFInstaObserve: !toggles disable_feed=0 disable_explore=0 disable_reels=1 disable_stories=0 disable_adds=0
08-12 20:35:26.539 27174 27404 I DFInstaObserve: !toggles disable_feed=0 disable_explore=0 disable_reels=1 disable_stories=0 disable_adds=0
08-12 20:35:26.602 27174 27404 I DFInstaObserve: !toggles disable_feed=0 disable_explore=0 disable_reels=1 disable_stories=0 disable_adds=0
08-12 20:35:26.735 27174 27579 I DFInstaObserve: !toggles disable_feed=0 disable_explore=0 disable_reels=1 disable_stories=0 disable_adds=0
08-12 20:35:26.735 27174 27579 I DFInstaObserve: /discover/topical_explore
08-12 20:35:26.920 27174 27404 I DFInstaObserve: !toggles disable_feed=0 disable_explore=0 disable_reels=1 disable_stories=0 disable_adds=0
08-12 20:35:26.962 27174 27404 I DFInstaObserve: !toggles disable_feed=0 disable_explore=0 disable_reels=1 disable_stories=0 disable_adds=0
08-12 20:35:27.310 27174 28022 I DFInstaObserve: !toggles disable_feed=0 disable_explore=0 disable_reels=1 disable_stories=0 disable_adds=0
08-12 20:35:27.354 27174 28019 I DFInstaObserve: !toggles disable_feed=0 disable_explore=0 disable_reels=1 disable_stories=0 disable_adds=0
08-12 20:35:27.386 27174 27404 I DFInstaObserve: !toggles disable_feed=0 disable_explore=0 disable_reels=1 disable_stories=0 disable_adds=0
08-12 20:35:27.481 27174 27404 I DFInstaObserve: !toggles disable_feed=0 disable_explore=0 disable_reels=1 disable_stories=0 disable_adds=0
08-12 20:35:27.525 27174 27404 I DFInstaObserve: !toggles disable_feed=0 disable_explore=0 disable_reels=1 disable_stories=0 disable_adds=0
08-12 20:35:27.579 27174 27404 I DFInstaObserve: !toggles disable_feed=0 disable_explore=0 disable_reels=1 disable_stories=0 disable_adds=0
08-12 20:35:27.625 27174 27404 I DFInstaObserve: !toggles disable_feed=0 disable_explore=0 disable_reels=1 disable_stories=0 disable_adds=0
08-12 20:35:27.662 27174 27404 I DFInstaObserve: !toggles disable_feed=0 disable_explore=0 disable_reels=1 disable_stories=0 disable_adds=0
08-12 20:35:27.950 27174 27404 I DFInstaObserve: !toggles disable_feed=0 disable_explore=0 disable_reels=1 disable_stories=0 disable_adds=0
08-12 20:35:28.018 27174 27404 I DFInstaObserve: !toggles disable_feed=0 disable_explore=0 disable_reels=1 disable_stories=0 disable_adds=0
08-12 20:35:28.134 27174 27404 I DFInstaObserve: !toggles disable_feed=0 disable_explore=0 disable_reels=1 disable_stories=0 disable_adds=0
08-12 20:35:29.019 27174 28003 I DFInstaObserve: !toggles disable_feed=0 disable_explore=0 disable_reels=1 disable_stories=0 disable_adds=0
08-12 20:35:29.256 27174 28010 I DFInstaObserve: !toggles disable_feed=0 disable_explore=0 disable_reels=1 disable_stories=0 disable_adds=0
08-12 20:35:30.185 27174 28061 I DFInstaObserve: !toggles disable_feed=0 disable_explore=0 disable_reels=1 disable_stories=0 disable_adds=0
08-12 20:35:32.229 27174 28060 I DFInstaObserve: !toggles disable_feed=0 disable_explore=0 disable_reels=1 disable_stories=0 disable_adds=0
08-12 20:35:32.354 27174 28075 I DFInstaObserve: !toggles disable_feed=0 disable_explore=0 disable_reels=1 disable_stories=0 disable_adds=0
08-12 20:35:32.395 27174 28075 I DFInstaObserve: !toggles disable_feed=0 disable_explore=0 disable_reels=1 disable_stories=0 disable_adds=0
08-12 20:35:36.906 27174 27231 I DFInstaObserve: !toggles disable_feed=0 disable_explore=0 disable_reels=1 disable_stories=0 disable_adds=0
08-12 20:35:36.921 27174 27231 I DFInstaObserve: !toggles disable_feed=0 disable_explore=0 disable_reels=1 disable_stories=0 disable_adds=0
08-12 20:35:37.154 27174 27231 I DFInstaObserve: !toggles disable_feed=0 disable_explore=0 disable_reels=1 disable_stories=0 disable_adds=0
08-12 20:35:37.157 27174 28119 I DFInstaObserve: !toggles disable_feed=0 disable_explore=0 disable_reels=1 disable_stories=0 disable_adds=0
08-12 20:35:37.177 27174 27993 I DFInstaObserve: !toggles disable_feed=0 disable_explore=0 disable_reels=1 disable_stories=0 disable_adds=0
08-12 20:35:37.186 27174 27404 I DFInstaObserve: !toggles disable_feed=0 disable_explore=0 disable_reels=1 disable_stories=0 disable_adds=0
08-12 20:35:37.195 27174 27776 I DFInstaObserve: !toggles disable_feed=0 disable_explore=0 disable_reels=1 disable_stories=0 disable_adds=0
08-12 20:35:37.211 27174 27776 I DFInstaObserve: !toggles disable_feed=0 disable_explore=0 disable_reels=1 disable_stories=0 disable_adds=0
08-12 20:35:37.236 27174 27776 I DFInstaObserve: !toggles disable_feed=0 disable_explore=0 disable_reels=1 disable_stories=0 disable_adds=0
08-12 20:35:37.263 27174 27993 I DFInstaObserve: !toggles disable_feed=0 disable_explore=0 disable_reels=1 disable_stories=0 disable_adds=0
08-12 20:35:37.279 27174 27776 I DFInstaObserve: !toggles disable_feed=0 disable_explore=0 disable_reels=1 disable_stories=0 disable_adds=0
08-12 20:35:37.352 27174 27993 I DFInstaObserve: !toggles disable_feed=0 disable_explore=0 disable_reels=1 disable_stories=0 disable_adds=0
08-12 20:35:37.364 27174 27947 I DFInstaObserve: !toggles disable_feed=0 disable_explore=0 disable_reels=1 disable_stories=0 disable_adds=0
08-12 20:35:37.400 27174 27947 I DFInstaObserve: !toggles disable_feed=0 disable_explore=0 disable_reels=1 disable_stories=0 disable_adds=0
08-12 20:35:37.409 27174 27993 I DFInstaObserve: !toggles disable_feed=0 disable_explore=0 disable_reels=1 disable_stories=0 disable_adds=0
08-12 20:35:37.429 27174 27993 I DFInstaObserve: !toggles disable_feed=0 disable_explore=0 disable_reels=1 disable_stories=0 disable_adds=0
08-12 20:35:37.504 27174 27404 I DFInstaObserve: !toggles disable_feed=0 disable_explore=0 disable_reels=1 disable_stories=0 disable_adds=0
08-12 20:35:37.539 27174 27404 I DFInstaObserve: !toggles disable_feed=0 disable_explore=0 disable_reels=1 disable_stories=0 disable_adds=0
08-12 20:35:37.593 27174 27404 I DFInstaObserve: !toggles disable_feed=0 disable_explore=0 disable_reels=1 disable_stories=0 disable_adds=0
08-12 20:35:37.652 27174 27404 I DFInstaObserve: !toggles disable_feed=0 disable_explore=0 disable_reels=1 disable_stories=0 disable_adds=0
08-12 20:35:37.730 27174 27404 I DFInstaObserve: !toggles disable_feed=0 disable_explore=0 disable_reels=1 disable_stories=0 disable_adds=0
08-12 20:35:37.768 27174 27404 I DFInstaObserve: !toggles disable_feed=0 disable_explore=0 disable_reels=1 disable_stories=0 disable_adds=0
08-12 20:35:37.873 27174 27404 I DFInstaObserve: !toggles disable_feed=0 disable_explore=0 disable_reels=1 disable_stories=0 disable_adds=0
08-12 20:35:37.930 27174 27404 I DFInstaObserve: !toggles disable_feed=0 disable_explore=0 disable_reels=1 disable_stories=0 disable_adds=0
08-12 20:35:37.973 27174 27404 I DFInstaObserve: !toggles disable_feed=0 disable_explore=0 disable_reels=1 disable_stories=0 disable_adds=0
08-12 20:35:38.013 27174 27404 I DFInstaObserve: !toggles disable_feed=0 disable_explore=0 disable_reels=1 disable_stories=0 disable_adds=0
08-12 20:35:38.124 27174 27404 I DFInstaObserve: !toggles disable_feed=0 disable_explore=0 disable_reels=1 disable_stories=0 disable_adds=0
08-12 20:35:39.260 27174 28060 I DFInstaObserve: !toggles disable_feed=0 disable_explore=0 disable_reels=1 disable_stories=0 disable_adds=0
08-12 20:35:39.846 27174 28136 I DFInstaObserve: !toggles disable_feed=0 disable_explore=0 disable_reels=1 disable_stories=0 disable_adds=0
08-12 20:35:39.953 27174 27993 I DFInstaObserve: !toggles disable_feed=0 disable_explore=0 disable_reels=1 disable_stories=0 disable_adds=0
08-12 20:35:40.108 27174 27231 I DFInstaObserve: !toggles disable_feed=0 disable_explore=0 disable_reels=1 disable_stories=0 disable_adds=0
08-12 20:35:40.118 27174 27231 I DFInstaObserve: !toggles disable_feed=0 disable_explore=0 disable_reels=1 disable_stories=0 disable_adds=0
08-12 20:35:40.140 27174 27579 I DFInstaObserve: !toggles disable_feed=0 disable_explore=0 disable_reels=1 disable_stories=0 disable_adds=0
08-12 20:35:40.154 27174 27231 I DFInstaObserve: !toggles disable_feed=0 disable_explore=0 disable_reels=1 disable_stories=0 disable_adds=0
08-12 20:35:40.191 27174 28119 I DFInstaObserve: !toggles disable_feed=0 disable_explore=0 disable_reels=1 disable_stories=0 disable_adds=0
08-12 20:35:40.212 27174 27431 I DFInstaObserve: !toggles disable_feed=0 disable_explore=0 disable_reels=1 disable_stories=0 disable_adds=0
08-12 20:35:40.224 27174 27231 I DFInstaObserve: !toggles disable_feed=0 disable_explore=0 disable_reels=1 disable_stories=0 disable_adds=0
08-12 20:35:40.309 27174 27231 I DFInstaObserve: !toggles disable_feed=0 disable_explore=0 disable_reels=1 disable_stories=0 disable_adds=0
08-12 20:35:42.499 27174 28161 I DFInstaObserve: !toggles disable_feed=0 disable_explore=0 disable_reels=1 disable_stories=0 disable_adds=0
08-12 20:35:42.499 27174 28160 I DFInstaObserve: !toggles disable_feed=0 disable_explore=0 disable_reels=1 disable_stories=0 disable_adds=0
08-12 20:35:47.937 27174 27579 I DFInstaObserve: !toggles disable_feed=0 disable_explore=0 disable_reels=1 disable_stories=0 disable_adds=0
08-12 20:35:48.353 27174 28119 I DFInstaObserve: !toggles disable_feed=0 disable_explore=0 disable_reels=1 disable_stories=0 disable_adds=0
08-12 20:35:48.984 27174 28196 I DFInstaObserve: !toggles disable_feed=0 disable_explore=0 disable_reels=1 disable_stories=0 disable_adds=0
08-12 20:35:48.985 27174 28195 I DFInstaObserve: !toggles disable_feed=0 disable_explore=0 disable_reels=1 disable_stories=0 disable_adds=0
08-12 20:35:50.992 27174 28196 I DFInstaObserve: !toggles disable_feed=0 disable_explore=0 disable_reels=1 disable_stories=0 disable_adds=0
08-12 20:35:51.171 27174 28196 I DFInstaObserve: !toggles disable_feed=0 disable_explore=0 disable_reels=1 disable_stories=0 disable_adds=0
08-12 20:35:51.247 27174 27579 I DFInstaObserve: !toggles disable_feed=0 disable_explore=0 disable_reels=1 disable_stories=0 disable_adds=0
08-12 20:35:53.780 27174 28223 I DFInstaObserve: !toggles disable_feed=0 disable_explore=0 disable_reels=1 disable_stories=0 disable_adds=0
08-12 20:35:53.783 27174 28224 I DFInstaObserve: !toggles disable_feed=0 disable_explore=0 disable_reels=1 disable_stories=0 disable_adds=0
08-12 20:35:54.575 27174 28153 I DFInstaObserve: !toggles disable_feed=0 disable_explore=0 disable_reels=1 disable_stories=0 disable_adds=0
08-12 20:35:54.854 27174 27404 I DFInstaObserve: !toggles disable_feed=0 disable_explore=0 disable_reels=1 disable_stories=0 disable_adds=0
08-12 20:35:55.032 27174 27404 I DFInstaObserve: !toggles disable_feed=0 disable_explore=0 disable_reels=1 disable_stories=0 disable_adds=0
08-12 20:35:57.097 27174 28267 I DFInstaObserve: !toggles disable_feed=0 disable_explore=0 disable_reels=1 disable_stories=0 disable_adds=0
08-12 20:35:57.097 27174 28266 I DFInstaObserve: !toggles disable_feed=0 disable_explore=0 disable_reels=1 disable_stories=0 disable_adds=0
08-12 20:35:57.908 27174 27579 I DFInstaObserve: !toggles disable_feed=0 disable_explore=0 disable_reels=1 disable_stories=0 disable_adds=0
08-12 20:35:58.203 27174 27404 I DFInstaObserve: !toggles disable_feed=0 disable_explore=0 disable_reels=1 disable_stories=0 disable_adds=0
08-12 20:35:58.372 27174 27404 I DFInstaObserve: !toggles disable_feed=0 disable_explore=0 disable_reels=1 disable_stories=0 disable_adds=0
08-12 20:36:00.459 27174 28365 I DFInstaObserve: !toggles disable_feed=0 disable_explore=0 disable_reels=1 disable_stories=0 disable_adds=0
08-12 20:36:00.463 27174 28364 I DFInstaObserve: !toggles disable_feed=0 disable_explore=0 disable_reels=1 disable_stories=0 disable_adds=0
08-12 20:36:01.221 27174 27579 I DFInstaObserve: !toggles disable_feed=0 disable_explore=0 disable_reels=1 disable_stories=0 disable_adds=0
08-12 20:36:01.503 27174 27404 I DFInstaObserve: !toggles disable_feed=0 disable_explore=0 disable_reels=1 disable_stories=0 disable_adds=0
08-12 20:36:01.789 27174 27404 I DFInstaObserve: !toggles disable_feed=0 disable_explore=0 disable_reels=1 disable_stories=0 disable_adds=0
08-12 20:36:03.735 27174 28399 I DFInstaObserve: !toggles disable_feed=0 disable_explore=0 disable_reels=1 disable_stories=0 disable_adds=0
08-12 20:36:03.737 27174 28398 I DFInstaObserve: !toggles disable_feed=0 disable_explore=0 disable_reels=1 disable_stories=0 disable_adds=0
08-12 20:36:04.514 27174 28145 I DFInstaObserve: !toggles disable_feed=0 disable_explore=0 disable_reels=1 disable_stories=0 disable_adds=0
08-12 20:36:04.785 27174 27431 I DFInstaObserve: !toggles disable_feed=0 disable_explore=0 disable_reels=1 disable_stories=0 disable_adds=0
08-12 20:36:10.242 27174 28145 I DFInstaObserve: !toggles disable_feed=0 disable_explore=0 disable_reels=1 disable_stories=0 disable_adds=0
08-12 20:36:27.613 27174 27231 I DFInstaObserve: !toggles disable_feed=0 disable_explore=0 disable_reels=1 disable_stories=0 disable_adds=0
08-12 20:36:29.551 27174 28516 I DFInstaObserve: !toggles disable_feed=0 disable_explore=0 disable_reels=1 disable_stories=0 disable_adds=0
08-12 20:36:34.470 27174 28119 I DFInstaObserve: !toggles disable_feed=0 disable_explore=0 disable_reels=1 disable_stories=0 disable_adds=0
08-12 20:36:37.810 27174 27231 I DFInstaObserve: !toggles disable_feed=0 disable_explore=0 disable_reels=1 disable_stories=0 disable_adds=0
08-12 20:36:41.376 27174 27431 I DFInstaObserve: !toggles disable_feed=0 disable_explore=0 disable_reels=1 disable_stories=0 disable_adds=0
08-12 20:36:45.425 27174 28589 I DFInstaObserve: !toggles disable_feed=0 disable_explore=0 disable_reels=1 disable_stories=0 disable_adds=0
08-12 20:36:45.460 27174 28589 I DFInstaObserve: !toggles disable_feed=0 disable_explore=0 disable_reels=1 disable_stories=0 disable_adds=0
08-12 20:36:49.102 27174 28147 I DFInstaObserve: !toggles disable_feed=0 disable_explore=0 disable_reels=1 disable_stories=0 disable_adds=0
08-12 20:36:49.102 27174 28147 I DFInstaObserve: /discover/topical_explore
08-12 20:36:49.331 27174 28647 I DFInstaObserve: !toggles disable_feed=0 disable_explore=0 disable_reels=1 disable_stories=0 disable_adds=0
08-12 20:36:49.552 27174 28664 I DFInstaObserve: !toggles disable_feed=0 disable_explore=0 disable_reels=1 disable_stories=0 disable_adds=0
08-12 20:36:51.523 27174 28652 I DFInstaObserve: !toggles disable_feed=0 disable_explore=0 disable_reels=1 disable_stories=0 disable_adds=0
08-12 20:36:51.574 27174 28652 I DFInstaObserve: !toggles disable_feed=0 disable_explore=0 disable_reels=1 disable_stories=0 disable_adds=0
08-12 20:36:51.624 27174 28646 I DFInstaObserve: !toggles disable_feed=0 disable_explore=0 disable_reels=1 disable_stories=0 disable_adds=0
08-12 20:36:52.528 27174 27231 I DFInstaObserve: !toggles disable_feed=0 disable_explore=0 disable_reels=1 disable_stories=0 disable_adds=0
08-12 20:36:52.532 27174 27231 I DFInstaObserve: !toggles disable_feed=0 disable_explore=0 disable_reels=1 disable_stories=0 disable_adds=0
08-12 20:36:52.537 27174 27231 I DFInstaObserve: !toggles disable_feed=0 disable_explore=0 disable_reels=1 disable_stories=0 disable_adds=0
08-12 20:36:52.691 27174 28694 I DFInstaObserve: !toggles disable_feed=0 disable_explore=0 disable_reels=1 disable_stories=0 disable_adds=0
08-12 20:36:52.692 27174 27231 I DFInstaObserve: !toggles disable_feed=0 disable_explore=0 disable_reels=1 disable_stories=0 disable_adds=0
08-12 20:36:52.707 27174 27231 I DFInstaObserve: !toggles disable_feed=0 disable_explore=0 disable_reels=1 disable_stories=0 disable_adds=0
08-12 20:36:52.752 27174 28694 I DFInstaObserve: !toggles disable_feed=0 disable_explore=0 disable_reels=1 disable_stories=0 disable_adds=0
08-12 20:36:52.763 27174 27231 I DFInstaObserve: !toggles disable_feed=0 disable_explore=0 disable_reels=1 disable_stories=0 disable_adds=0
08-12 20:36:52.818 27174 28153 I DFInstaObserve: !toggles disable_feed=0 disable_explore=0 disable_reels=1 disable_stories=0 disable_adds=0
08-12 20:36:52.824 27174 27579 I DFInstaObserve: !toggles disable_feed=0 disable_explore=0 disable_reels=1 disable_stories=0 disable_adds=0
08-12 20:36:52.876 27174 28153 I DFInstaObserve: !toggles disable_feed=0 disable_explore=0 disable_reels=1 disable_stories=0 disable_adds=0
08-12 20:36:52.889 27174 27404 I DFInstaObserve: !toggles disable_feed=0 disable_explore=0 disable_reels=1 disable_stories=0 disable_adds=0
08-12 20:36:52.899 27174 28704 I DFInstaObserve: !toggles disable_feed=0 disable_explore=0 disable_reels=1 disable_stories=0 disable_adds=0
08-12 20:36:52.966 27174 28145 I DFInstaObserve: !toggles disable_feed=0 disable_explore=0 disable_reels=1 disable_stories=0 disable_adds=0
08-12 20:36:52.984 27174 27993 I DFInstaObserve: !toggles disable_feed=0 disable_explore=0 disable_reels=1 disable_stories=0 disable_adds=0
08-12 20:36:53.013 27174 28145 I DFInstaObserve: !toggles disable_feed=0 disable_explore=0 disable_reels=1 disable_stories=0 disable_adds=0
08-12 20:36:53.032 27174 28705 I DFInstaObserve: !toggles disable_feed=0 disable_explore=0 disable_reels=1 disable_stories=0 disable_adds=0
08-12 20:36:53.033 27174 28704 I DFInstaObserve: !toggles disable_feed=0 disable_explore=0 disable_reels=1 disable_stories=0 disable_adds=0
08-12 20:36:53.033 27174 28704 I DFInstaObserve: /discover/topical_explore
08-12 20:36:53.055 27174 28145 I DFInstaObserve: !toggles disable_feed=0 disable_explore=0 disable_reels=1 disable_stories=0 disable_adds=0
08-12 20:36:53.067 27174 28145 I DFInstaObserve: !toggles disable_feed=0 disable_explore=0 disable_reels=1 disable_stories=0 disable_adds=0
08-12 20:36:53.078 27174 28722 I DFInstaObserve: !toggles disable_feed=0 disable_explore=0 disable_reels=1 disable_stories=0 disable_adds=0
08-12 20:36:53.107 27174 28720 I DFInstaObserve: !toggles disable_feed=0 disable_explore=0 disable_reels=1 disable_stories=0 disable_adds=0
08-12 20:36:53.134 27174 28730 I DFInstaObserve: !toggles disable_feed=0 disable_explore=0 disable_reels=1 disable_stories=0 disable_adds=0
08-12 20:36:53.141 27174 28145 I DFInstaObserve: !toggles disable_feed=0 disable_explore=0 disable_reels=1 disable_stories=0 disable_adds=0
08-12 20:36:53.151 27174 28701 I DFInstaObserve: !toggles disable_feed=0 disable_explore=0 disable_reels=1 disable_stories=0 disable_adds=0
08-12 20:36:53.237 27174 27404 I DFInstaObserve: !toggles disable_feed=0 disable_explore=0 disable_reels=1 disable_stories=0 disable_adds=0
08-12 20:36:53.247 27174 28145 I DFInstaObserve: !toggles disable_feed=0 disable_explore=0 disable_reels=1 disable_stories=0 disable_adds=0
08-12 20:36:53.253 27174 28705 I DFInstaObserve: !toggles disable_feed=0 disable_explore=0 disable_reels=1 disable_stories=0 disable_adds=0
08-12 20:36:53.256 27174 28738 I DFInstaObserve: !toggles disable_feed=0 disable_explore=0 disable_reels=1 disable_stories=0 disable_adds=0
08-12 20:36:53.288 27174 27404 I DFInstaObserve: !toggles disable_feed=0 disable_explore=0 disable_reels=1 disable_stories=0 disable_adds=0
08-12 20:36:53.295 27174 27993 I DFInstaObserve: !toggles disable_feed=0 disable_explore=0 disable_reels=1 disable_stories=0 disable_adds=0
08-12 20:36:53.304 27174 28703 I DFInstaObserve: !toggles disable_feed=0 disable_explore=0 disable_reels=1 disable_stories=0 disable_adds=0
08-12 20:36:53.355 27174 27404 I DFInstaObserve: !toggles disable_feed=0 disable_explore=0 disable_reels=1 disable_stories=0 disable_adds=0
08-12 20:36:53.435 27174 27404 I DFInstaObserve: !toggles disable_feed=0 disable_explore=0 disable_reels=1 disable_stories=0 disable_adds=0
08-12 20:36:53.623 27174 27404 I DFInstaObserve: !toggles disable_feed=0 disable_explore=0 disable_reels=1 disable_stories=0 disable_adds=0
08-12 20:36:53.659 27174 27404 I DFInstaObserve: !toggles disable_feed=0 disable_explore=0 disable_reels=1 disable_stories=0 disable_adds=0
08-12 20:36:53.825 27174 27404 I DFInstaObserve: !toggles disable_feed=0 disable_explore=0 disable_reels=1 disable_stories=0 disable_adds=0
08-12 20:36:53.863 27174 27404 I DFInstaObserve: !toggles disable_feed=0 disable_explore=0 disable_reels=1 disable_stories=0 disable_adds=0
08-12 20:36:54.205 27174 27404 I DFInstaObserve: !toggles disable_feed=0 disable_explore=0 disable_reels=1 disable_stories=0 disable_adds=0
08-12 20:36:54.242 27174 27404 I DFInstaObserve: !toggles disable_feed=0 disable_explore=0 disable_reels=1 disable_stories=0 disable_adds=0
08-12 20:36:54.387 27174 27404 I DFInstaObserve: !toggles disable_feed=0 disable_explore=0 disable_reels=1 disable_stories=0 disable_adds=0
08-12 20:36:54.426 27174 27404 I DFInstaObserve: !toggles disable_feed=0 disable_explore=0 disable_reels=1 disable_stories=0 disable_adds=0
08-12 20:36:54.475 27174 27404 I DFInstaObserve: !toggles disable_feed=0 disable_explore=0 disable_reels=1 disable_stories=0 disable_adds=0
08-12 20:36:54.801 27174 28696 I DFInstaObserve: !toggles disable_feed=0 disable_explore=0 disable_reels=1 disable_stories=0 disable_adds=0
08-12 20:36:54.829 27174 28696 I DFInstaObserve: !toggles disable_feed=0 disable_explore=0 disable_reels=1 disable_stories=0 disable_adds=0
08-12 20:36:55.041 27174 28712 I DFInstaObserve: !toggles disable_feed=0 disable_explore=0 disable_reels=1 disable_stories=0 disable_adds=0
08-12 20:36:55.225 27174 28730 I DFInstaObserve: !toggles disable_feed=0 disable_explore=0 disable_reels=1 disable_stories=0 disable_adds=0
08-12 20:36:56.380 27174 28704 I DFInstaObserve: !toggles disable_feed=0 disable_explore=0 disable_reels=1 disable_stories=0 disable_adds=0
08-12 20:36:56.380 27174 28704 I DFInstaObserve: /discover/topical_explore
08-12 20:36:56.708 27174 27231 I DFInstaObserve: !toggles disable_feed=0 disable_explore=0 disable_reels=1 disable_stories=0 disable_adds=0
08-12 20:36:56.712 27174 28780 I DFInstaObserve: !toggles disable_feed=0 disable_explore=0 disable_reels=1 disable_stories=0 disable_adds=0
08-12 20:36:56.741 27174 27404 I DFInstaObserve: !toggles disable_feed=0 disable_explore=0 disable_reels=1 disable_stories=0 disable_adds=0
08-12 20:36:56.824 27174 28767 I DFInstaObserve: !toggles disable_feed=0 disable_explore=0 disable_reels=1 disable_stories=0 disable_adds=0
08-12 20:36:56.837 27174 28705 I DFInstaObserve: !toggles disable_feed=0 disable_explore=0 disable_reels=1 disable_stories=0 disable_adds=0
08-12 20:36:56.889 27174 28705 I DFInstaObserve: !toggles disable_feed=0 disable_explore=0 disable_reels=1 disable_stories=0 disable_adds=0
08-12 20:36:56.899 27174 28767 I DFInstaObserve: !toggles disable_feed=0 disable_explore=0 disable_reels=1 disable_stories=0 disable_adds=0
08-12 20:36:56.980 27174 28705 I DFInstaObserve: !toggles disable_feed=0 disable_explore=0 disable_reels=1 disable_stories=0 disable_adds=0
08-12 20:36:56.985 27174 28768 I DFInstaObserve: !toggles disable_feed=0 disable_explore=0 disable_reels=1 disable_stories=0 disable_adds=0
08-12 20:36:56.985 27174 27404 I DFInstaObserve: !toggles disable_feed=0 disable_explore=0 disable_reels=1 disable_stories=0 disable_adds=0
08-12 20:36:57.015 27174 28768 I DFInstaObserve: !toggles disable_feed=0 disable_explore=0 disable_reels=1 disable_stories=0 disable_adds=0
08-12 20:36:57.024 27174 28768 I DFInstaObserve: !toggles disable_feed=0 disable_explore=0 disable_reels=1 disable_stories=0 disable_adds=0
08-12 20:36:57.029 27174 27404 I DFInstaObserve: !toggles disable_feed=0 disable_explore=0 disable_reels=1 disable_stories=0 disable_adds=0
08-12 20:36:57.042 27174 28705 I DFInstaObserve: !toggles disable_feed=0 disable_explore=0 disable_reels=1 disable_stories=0 disable_adds=0
08-12 20:36:57.047 27174 28145 I DFInstaObserve: !toggles disable_feed=0 disable_explore=0 disable_reels=1 disable_stories=0 disable_adds=0
08-12 20:36:57.080 27174 28705 I DFInstaObserve: !toggles disable_feed=0 disable_explore=0 disable_reels=1 disable_stories=0 disable_adds=0
08-12 20:36:57.089 27174 28145 I DFInstaObserve: !toggles disable_feed=0 disable_explore=0 disable_reels=1 disable_stories=0 disable_adds=0
08-12 20:36:57.177 27174 28766 I DFInstaObserve: !toggles disable_feed=0 disable_explore=0 disable_reels=1 disable_stories=0 disable_adds=0
08-12 20:36:57.182 27174 28705 I DFInstaObserve: !toggles disable_feed=0 disable_explore=0 disable_reels=1 disable_stories=0 disable_adds=0
08-12 20:36:57.225 27174 28145 I DFInstaObserve: !toggles disable_feed=0 disable_explore=0 disable_reels=1 disable_stories=0 disable_adds=0
08-12 20:36:57.230 27174 28705 I DFInstaObserve: !toggles disable_feed=0 disable_explore=0 disable_reels=1 disable_stories=0 disable_adds=0
08-12 20:36:57.236 27174 27404 I DFInstaObserve: !toggles disable_feed=0 disable_explore=0 disable_reels=1 disable_stories=0 disable_adds=0
08-12 20:36:57.282 27174 27404 I DFInstaObserve: !toggles disable_feed=0 disable_explore=0 disable_reels=1 disable_stories=0 disable_adds=0
08-12 20:36:57.624 27174 27404 I DFInstaObserve: !toggles disable_feed=0 disable_explore=0 disable_reels=1 disable_stories=0 disable_adds=0
08-12 20:36:57.660 27174 27404 I DFInstaObserve: !toggles disable_feed=0 disable_explore=0 disable_reels=1 disable_stories=0 disable_adds=0
08-12 20:36:57.843 27174 27404 I DFInstaObserve: !toggles disable_feed=0 disable_explore=0 disable_reels=1 disable_stories=0 disable_adds=0
08-12 20:36:57.894 27174 27404 I DFInstaObserve: !toggles disable_feed=0 disable_explore=0 disable_reels=1 disable_stories=0 disable_adds=0
08-12 20:36:58.072 27174 27404 I DFInstaObserve: !toggles disable_feed=0 disable_explore=0 disable_reels=1 disable_stories=0 disable_adds=0
08-12 20:36:58.112 27174 27404 I DFInstaObserve: !toggles disable_feed=0 disable_explore=0 disable_reels=1 disable_stories=0 disable_adds=0
08-12 20:36:58.157 27174 27404 I DFInstaObserve: !toggles disable_feed=0 disable_explore=0 disable_reels=1 disable_stories=0 disable_adds=0
08-12 20:36:58.182 27174 28770 I DFInstaObserve: !toggles disable_feed=0 disable_explore=0 disable_reels=1 disable_stories=0 disable_adds=0
08-12 20:36:58.198 27174 27404 I DFInstaObserve: !toggles disable_feed=0 disable_explore=0 disable_reels=1 disable_stories=0 disable_adds=0
08-12 20:36:58.213 27174 28770 I DFInstaObserve: !toggles disable_feed=0 disable_explore=0 disable_reels=1 disable_stories=0 disable_adds=0
08-12 20:36:58.389 27174 28775 I DFInstaObserve: !toggles disable_feed=0 disable_explore=0 disable_reels=1 disable_stories=0 disable_adds=0
08-12 20:36:58.443 27174 28775 I DFInstaObserve: !toggles disable_feed=0 disable_explore=0 disable_reels=1 disable_stories=0 disable_adds=0
08-12 20:36:58.598 27174 27404 I DFInstaObserve: !toggles disable_feed=0 disable_explore=0 disable_reels=1 disable_stories=0 disable_adds=0
08-12 20:36:58.649 27174 27404 I DFInstaObserve: !toggles disable_feed=0 disable_explore=0 disable_reels=1 disable_stories=0 disable_adds=0
08-12 20:36:58.905 27174 27404 I DFInstaObserve: !toggles disable_feed=0 disable_explore=0 disable_reels=1 disable_stories=0 disable_adds=0
08-12 20:36:59.230 27174 28780 I DFInstaObserve: !toggles disable_feed=0 disable_explore=0 disable_reels=1 disable_stories=0 disable_adds=0
08-12 20:36:59.245 27174 28780 I DFInstaObserve: !toggles disable_feed=0 disable_explore=0 disable_reels=1 disable_stories=0 disable_adds=0
08-12 20:36:59.327 27174 27404 I DFInstaObserve: !toggles disable_feed=0 disable_explore=0 disable_reels=1 disable_stories=0 disable_adds=0
08-12 20:36:59.335 27174 28811 I DFInstaObserve: !toggles disable_feed=0 disable_explore=0 disable_reels=1 disable_stories=0 disable_adds=0
08-12 20:36:59.344 27174 28766 I DFInstaObserve: !toggles disable_feed=0 disable_explore=0 disable_reels=1 disable_stories=0 disable_adds=0
08-12 20:36:59.351 27174 28704 I DFInstaObserve: !toggles disable_feed=0 disable_explore=0 disable_reels=1 disable_stories=0 disable_adds=0
08-12 20:36:59.399 27174 28768 I DFInstaObserve: !toggles disable_feed=0 disable_explore=0 disable_reels=1 disable_stories=0 disable_adds=0
08-12 20:36:59.439 27174 28819 I DFInstaObserve: !toggles disable_feed=0 disable_explore=0 disable_reels=1 disable_stories=0 disable_adds=0
08-12 20:36:59.439 27174 28766 I DFInstaObserve: !toggles disable_feed=0 disable_explore=0 disable_reels=1 disable_stories=0 disable_adds=0
08-12 20:36:59.466 27174 28704 I DFInstaObserve: !toggles disable_feed=0 disable_explore=0 disable_reels=1 disable_stories=0 disable_adds=0
08-12 20:36:59.513 27174 28704 I DFInstaObserve: !toggles disable_feed=0 disable_explore=0 disable_reels=1 disable_stories=0 disable_adds=0
08-12 20:36:59.553 27174 27404 I DFInstaObserve: !toggles disable_feed=0 disable_explore=0 disable_reels=1 disable_stories=0 disable_adds=0
08-12 20:36:59.725 27174 27404 I DFInstaObserve: !toggles disable_feed=0 disable_explore=0 disable_reels=1 disable_stories=0 disable_adds=0
08-12 20:36:59.787 27174 27404 I DFInstaObserve: !toggles disable_feed=0 disable_explore=0 disable_reels=1 disable_stories=0 disable_adds=0
08-12 20:36:59.838 27174 27404 I DFInstaObserve: !toggles disable_feed=0 disable_explore=0 disable_reels=1 disable_stories=0 disable_adds=0
08-12 20:36:59.936 27174 27404 I DFInstaObserve: !toggles disable_feed=0 disable_explore=0 disable_reels=1 disable_stories=0 disable_adds=0
08-12 20:36:59.987 27174 27404 I DFInstaObserve: !toggles disable_feed=0 disable_explore=0 disable_reels=1 disable_stories=0 disable_adds=0
08-12 20:37:00.105 27174 27404 I DFInstaObserve: !toggles disable_feed=0 disable_explore=0 disable_reels=1 disable_stories=0 disable_adds=0
08-12 20:37:00.173 27174 27404 I DFInstaObserve: !toggles disable_feed=0 disable_explore=0 disable_reels=1 disable_stories=0 disable_adds=0
08-12 20:37:00.244 27174 27404 I DFInstaObserve: !toggles disable_feed=0 disable_explore=0 disable_reels=1 disable_stories=0 disable_adds=0
08-12 20:37:01.598 27174 28825 I DFInstaObserve: !toggles disable_feed=0 disable_explore=0 disable_reels=1 disable_stories=0 disable_adds=0
08-12 20:37:01.627 27174 28825 I DFInstaObserve: !toggles disable_feed=0 disable_explore=0 disable_reels=1 disable_stories=0 disable_adds=0
08-12 20:37:01.855 27174 28839 I DFInstaObserve: !toggles disable_feed=0 disable_explore=0 disable_reels=1 disable_stories=0 disable_adds=0
08-12 20:37:01.880 27174 28839 I DFInstaObserve: !toggles disable_feed=0 disable_explore=0 disable_reels=1 disable_stories=0 disable_adds=0
08-12 20:37:02.648 27174 28863 I DFInstaObserve: !toggles disable_feed=0 disable_explore=0 disable_reels=1 disable_stories=0 disable_adds=0
08-12 20:37:03.160 27174 28889 I DFInstaObserve: !toggles disable_feed=0 disable_explore=0 disable_reels=1 disable_stories=0 disable_adds=0
08-12 20:37:04.915 27174 28873 I DFInstaObserve: !toggles disable_feed=0 disable_explore=0 disable_reels=1 disable_stories=0 disable_adds=0
08-12 20:37:05.145 27174 28881 I DFInstaObserve: !toggles disable_feed=0 disable_explore=0 disable_reels=1 disable_stories=0 disable_adds=0
08-12 20:37:05.801 27174 27404 I DFInstaObserve: !toggles disable_feed=0 disable_explore=0 disable_reels=1 disable_stories=0 disable_adds=0
08-12 20:37:06.034 27174 27404 I DFInstaObserve: !toggles disable_feed=0 disable_explore=0 disable_reels=1 disable_stories=0 disable_adds=0
08-12 20:37:06.071 27174 27431 I DFInstaObserve: !toggles disable_feed=0 disable_explore=0 disable_reels=1 disable_stories=0 disable_adds=0
08-12 20:37:06.147 27174 27431 I DFInstaObserve: !toggles disable_feed=0 disable_explore=0 disable_reels=1 disable_stories=0 disable_adds=0
08-12 20:37:07.945 27174 28931 I DFInstaObserve: !toggles disable_feed=0 disable_explore=0 disable_reels=1 disable_stories=0 disable_adds=0
08-12 20:37:07.946 27174 28929 I DFInstaObserve: !toggles disable_feed=0 disable_explore=0 disable_reels=1 disable_stories=0 disable_adds=0
08-12 20:37:10.399 27174 28931 I DFInstaObserve: !toggles disable_feed=0 disable_explore=0 disable_reels=1 disable_stories=0 disable_adds=0
08-12 20:37:13.984 27174 27404 I DFInstaObserve: !toggles disable_feed=0 disable_explore=0 disable_reels=1 disable_stories=0 disable_adds=0
08-12 20:37:14.060 27174 27404 I DFInstaObserve: !toggles disable_feed=0 disable_explore=0 disable_reels=1 disable_stories=0 disable_adds=0
08-12 20:37:16.221 27174 28991 I DFInstaObserve: !toggles disable_feed=0 disable_explore=0 disable_reels=1 disable_stories=0 disable_adds=0
08-12 20:37:16.224 27174 28990 I DFInstaObserve: !toggles disable_feed=0 disable_explore=0 disable_reels=1 disable_stories=0 disable_adds=0
08-12 20:37:17.324 27174 27404 I DFInstaObserve: !toggles disable_feed=0 disable_explore=0 disable_reels=1 disable_stories=0 disable_adds=0
08-12 20:37:17.620 27174 27404 I DFInstaObserve: !toggles disable_feed=0 disable_explore=0 disable_reels=1 disable_stories=0 disable_adds=0
08-12 20:37:19.585 27174 29054 I DFInstaObserve: !toggles disable_feed=0 disable_explore=0 disable_reels=1 disable_stories=0 disable_adds=0
08-12 20:37:19.585 27174 29055 I DFInstaObserve: !toggles disable_feed=0 disable_explore=0 disable_reels=1 disable_stories=0 disable_adds=0
08-12 20:37:20.906 27174 27404 I DFInstaObserve: !toggles disable_feed=0 disable_explore=0 disable_reels=1 disable_stories=0 disable_adds=0
08-12 20:37:20.965 27174 27404 I DFInstaObserve: !toggles disable_feed=0 disable_explore=0 disable_reels=1 disable_stories=0 disable_adds=0
08-12 20:37:22.861 27174 29101 I DFInstaObserve: !toggles disable_feed=0 disable_explore=0 disable_reels=1 disable_stories=0 disable_adds=0
08-12 20:37:22.862 27174 29100 I DFInstaObserve: !toggles disable_feed=0 disable_explore=0 disable_reels=1 disable_stories=0 disable_adds=0
08-12 20:37:23.988 27174 27404 I DFInstaObserve: !toggles disable_feed=0 disable_explore=0 disable_reels=1 disable_stories=0 disable_adds=0
08-12 20:37:24.050 27174 27404 I DFInstaObserve: !toggles disable_feed=0 disable_explore=0 disable_reels=1 disable_stories=0 disable_adds=0
08-12 20:37:26.224 27174 29160 I DFInstaObserve: !toggles disable_feed=0 disable_explore=0 disable_reels=1 disable_stories=0 disable_adds=0
08-12 20:37:26.224 27174 29159 I DFInstaObserve: !toggles disable_feed=0 disable_explore=0 disable_reels=1 disable_stories=0 disable_adds=0
08-12 20:37:27.281 27174 27404 I DFInstaObserve: !toggles disable_feed=0 disable_explore=0 disable_reels=1 disable_stories=0 disable_adds=0
08-12 20:37:27.631 27174 27404 I DFInstaObserve: !toggles disable_feed=0 disable_explore=0 disable_reels=1 disable_stories=0 disable_adds=0
08-12 20:37:29.504 27174 29196 I DFInstaObserve: !toggles disable_feed=0 disable_explore=0 disable_reels=1 disable_stories=0 disable_adds=0
08-12 20:37:29.504 27174 29197 I DFInstaObserve: !toggles disable_feed=0 disable_explore=0 disable_reels=1 disable_stories=0 disable_adds=0
08-12 20:37:30.267 27174 28949 I DFInstaObserve: !toggles disable_feed=0 disable_explore=0 disable_reels=1 disable_stories=0 disable_adds=0
08-12 20:37:30.634 27174 27431 I DFInstaObserve: !toggles disable_feed=0 disable_explore=0 disable_reels=1 disable_stories=0 disable_adds=0
08-12 20:37:50.574 27174 28768 I DFInstaObserve: !toggles disable_feed=0 disable_explore=0 disable_reels=1 disable_stories=0 disable_adds=0
08-12 20:37:50.574 27174 28768 I DFInstaObserve: /feed/timeline/
08-12 20:37:52.806 27174 28780 I DFInstaObserve: !toggles disable_feed=0 disable_explore=0 disable_reels=1 disable_stories=0 disable_adds=0
08-12 20:37:52.810 27174 28780 I DFInstaObserve: !toggles disable_feed=0 disable_explore=0 disable_reels=1 disable_stories=0 disable_adds=0
08-12 20:37:52.864 27174 28951 I DFInstaObserve: !toggles disable_feed=0 disable_explore=0 disable_reels=1 disable_stories=0 disable_adds=0
08-12 20:37:52.873 27174 28949 I DFInstaObserve: !toggles disable_feed=0 disable_explore=0 disable_reels=1 disable_stories=0 disable_adds=0
08-12 20:37:52.937 27174 28768 I DFInstaObserve: !toggles disable_feed=0 disable_explore=0 disable_reels=1 disable_stories=0 disable_adds=0
08-12 20:37:52.945 27174 28868 I DFInstaObserve: !toggles disable_feed=0 disable_explore=0 disable_reels=1 disable_stories=0 disable_adds=0
08-12 20:37:53.122 27174 27404 I DFInstaObserve: !toggles disable_feed=0 disable_explore=0 disable_reels=1 disable_stories=0 disable_adds=0
08-12 20:37:53.182 27174 27404 I DFInstaObserve: !toggles disable_feed=0 disable_explore=0 disable_reels=1 disable_stories=0 disable_adds=0
08-12 20:37:53.219 27174 27404 I DFInstaObserve: !toggles disable_feed=0 disable_explore=0 disable_reels=1 disable_stories=0 disable_adds=0
08-12 20:37:53.258 27174 27404 I DFInstaObserve: !toggles disable_feed=0 disable_explore=0 disable_reels=1 disable_stories=0 disable_adds=0
08-12 20:37:53.301 27174 27404 I DFInstaObserve: !toggles disable_feed=0 disable_explore=0 disable_reels=1 disable_stories=0 disable_adds=0
08-12 20:37:53.348 27174 27404 I DFInstaObserve: !toggles disable_feed=0 disable_explore=0 disable_reels=1 disable_stories=0 disable_adds=0
08-12 20:38:06.722 27174 27431 I DFInstaObserve: !toggles disable_feed=0 disable_explore=0 disable_reels=1 disable_stories=0 disable_adds=0
08-12 20:38:14.633 27174 28868 I DFInstaObserve: !toggles disable_feed=0 disable_explore=0 disable_reels=1 disable_stories=0 disable_adds=0
08-12 20:38:14.633 27174 28868 I DFInstaObserve: /discover/topical_explore
08-12 20:38:17.201 27174 29420 I DFInstaObserve: !toggles disable_feed=0 disable_explore=0 disable_reels=1 disable_stories=0 disable_adds=0
08-12 20:38:17.236 27174 29420 I DFInstaObserve: !toggles disable_feed=0 disable_explore=0 disable_reels=1 disable_stories=0 disable_adds=0
08-12 20:38:17.484 27174 29415 I DFInstaObserve: !toggles disable_feed=0 disable_explore=0 disable_reels=1 disable_stories=0 disable_adds=0
08-12 20:38:18.357 27174 28780 I DFInstaObserve: !toggles disable_feed=0 disable_explore=0 disable_reels=1 disable_stories=0 disable_adds=0
08-12 20:38:18.362 27174 28780 I DFInstaObserve: !toggles disable_feed=0 disable_explore=0 disable_reels=1 disable_stories=0 disable_adds=0
08-12 20:38:18.366 27174 28780 I DFInstaObserve: !toggles disable_feed=0 disable_explore=0 disable_reels=1 disable_stories=0 disable_adds=0
08-12 20:38:18.765 27174 28780 I DFInstaObserve: !toggles disable_feed=0 disable_explore=0 disable_reels=1 disable_stories=0 disable_adds=0
08-12 20:38:18.770 27174 29452 I DFInstaObserve: !toggles disable_feed=0 disable_explore=0 disable_reels=1 disable_stories=0 disable_adds=0
08-12 20:38:18.792 27174 28768 I DFInstaObserve: !toggles disable_feed=0 disable_explore=0 disable_reels=1 disable_stories=0 disable_adds=0
08-12 20:38:18.796 27174 27404 I DFInstaObserve: !toggles disable_feed=0 disable_explore=0 disable_reels=1 disable_stories=0 disable_adds=0
08-12 20:38:18.808 27174 28949 I DFInstaObserve: !toggles disable_feed=0 disable_explore=0 disable_reels=1 disable_stories=0 disable_adds=0
08-12 20:38:18.817 27174 29457 I DFInstaObserve: !toggles disable_feed=0 disable_explore=0 disable_reels=1 disable_stories=0 disable_adds=0
08-12 20:38:18.853 27174 29446 I DFInstaObserve: !toggles disable_feed=0 disable_explore=0 disable_reels=1 disable_stories=0 disable_adds=0
08-12 20:38:18.861 27174 28868 I DFInstaObserve: !toggles disable_feed=0 disable_explore=0 disable_reels=1 disable_stories=0 disable_adds=0
08-12 20:38:18.894 27174 28704 I DFInstaObserve: !toggles disable_feed=0 disable_explore=0 disable_reels=1 disable_stories=0 disable_adds=0
08-12 20:38:18.900 27174 29446 I DFInstaObserve: !toggles disable_feed=0 disable_explore=0 disable_reels=1 disable_stories=0 disable_adds=0
08-12 20:38:18.929 27174 28704 I DFInstaObserve: !toggles disable_feed=0 disable_explore=0 disable_reels=1 disable_stories=0 disable_adds=0
08-12 20:38:18.939 27174 28868 I DFInstaObserve: !toggles disable_feed=0 disable_explore=0 disable_reels=1 disable_stories=0 disable_adds=0
08-12 20:38:18.963 27174 28704 I DFInstaObserve: !toggles disable_feed=0 disable_explore=0 disable_reels=1 disable_stories=0 disable_adds=0
08-12 20:38:18.978 27174 28868 I DFInstaObserve: !toggles disable_feed=0 disable_explore=0 disable_reels=1 disable_stories=0 disable_adds=0
08-12 20:38:19.005 27174 28704 I DFInstaObserve: !toggles disable_feed=0 disable_explore=0 disable_reels=1 disable_stories=0 disable_adds=0
08-12 20:38:19.018 27174 28868 I DFInstaObserve: !toggles disable_feed=0 disable_explore=0 disable_reels=1 disable_stories=0 disable_adds=0
08-12 20:38:19.045 27174 28704 I DFInstaObserve: !toggles disable_feed=0 disable_explore=0 disable_reels=1 disable_stories=0 disable_adds=0
08-12 20:38:19.058 27174 29446 I DFInstaObserve: !toggles disable_feed=0 disable_explore=0 disable_reels=1 disable_stories=0 disable_adds=0
08-12 20:38:19.077 27174 28704 I DFInstaObserve: !toggles disable_feed=0 disable_explore=0 disable_reels=1 disable_stories=0 disable_adds=0
08-12 20:38:19.102 27174 29446 I DFInstaObserve: !toggles disable_feed=0 disable_explore=0 disable_reels=1 disable_stories=0 disable_adds=0
08-12 20:38:19.122 27174 29446 I DFInstaObserve: !toggles disable_feed=0 disable_explore=0 disable_reels=1 disable_stories=0 disable_adds=0
08-12 20:38:19.146 27174 29446 I DFInstaObserve: !toggles disable_feed=0 disable_explore=0 disable_reels=1 disable_stories=0 disable_adds=0
08-12 20:38:19.190 27174 27404 I DFInstaObserve: !toggles disable_feed=0 disable_explore=0 disable_reels=1 disable_stories=0 disable_adds=0
08-12 20:38:19.233 27174 27404 I DFInstaObserve: !toggles disable_feed=0 disable_explore=0 disable_reels=1 disable_stories=0 disable_adds=0
08-12 20:38:19.285 27174 27404 I DFInstaObserve: !toggles disable_feed=0 disable_explore=0 disable_reels=1 disable_stories=0 disable_adds=0
08-12 20:38:19.318 27174 27404 I DFInstaObserve: !toggles disable_feed=0 disable_explore=0 disable_reels=1 disable_stories=0 disable_adds=0
08-12 20:38:19.358 27174 27404 I DFInstaObserve: !toggles disable_feed=0 disable_explore=0 disable_reels=1 disable_stories=0 disable_adds=0
08-12 20:38:19.397 27174 27404 I DFInstaObserve: !toggles disable_feed=0 disable_explore=0 disable_reels=1 disable_stories=0 disable_adds=0
08-12 20:38:19.615 27174 27404 I DFInstaObserve: !toggles disable_feed=0 disable_explore=0 disable_reels=1 disable_stories=0 disable_adds=0
08-12 20:38:19.653 27174 27404 I DFInstaObserve: !toggles disable_feed=0 disable_explore=0 disable_reels=1 disable_stories=0 disable_adds=0
08-12 20:38:19.749 27174 27404 I DFInstaObserve: !toggles disable_feed=0 disable_explore=0 disable_reels=1 disable_stories=0 disable_adds=0
08-12 20:38:19.784 27174 27404 I DFInstaObserve: !toggles disable_feed=0 disable_explore=0 disable_reels=1 disable_stories=0 disable_adds=0
08-12 20:38:19.854 27174 27404 I DFInstaObserve: !toggles disable_feed=0 disable_explore=0 disable_reels=1 disable_stories=0 disable_adds=0
08-12 20:38:19.885 27174 27404 I DFInstaObserve: !toggles disable_feed=0 disable_explore=0 disable_reels=1 disable_stories=0 disable_adds=0
08-12 20:38:19.969 27174 27404 I DFInstaObserve: !toggles disable_feed=0 disable_explore=0 disable_reels=1 disable_stories=0 disable_adds=0
08-12 20:38:20.012 27174 27404 I DFInstaObserve: !toggles disable_feed=0 disable_explore=0 disable_reels=1 disable_stories=0 disable_adds=0
08-12 20:38:20.212 27174 27404 I DFInstaObserve: !toggles disable_feed=0 disable_explore=0 disable_reels=1 disable_stories=0 disable_adds=0
08-12 20:38:20.223 27174 29442 I DFInstaObserve: !toggles disable_feed=0 disable_explore=0 disable_reels=1 disable_stories=0 disable_adds=0
08-12 20:38:20.252 27174 29442 I DFInstaObserve: !toggles disable_feed=0 disable_explore=0 disable_reels=1 disable_stories=0 disable_adds=0
08-12 20:38:20.445 27174 29448 I DFInstaObserve: !toggles disable_feed=0 disable_explore=0 disable_reels=1 disable_stories=0 disable_adds=0
08-12 20:38:20.504 27174 29448 I DFInstaObserve: !toggles disable_feed=0 disable_explore=0 disable_reels=1 disable_stories=0 disable_adds=0
08-12 20:38:21.332 27174 29446 I DFInstaObserve: !toggles disable_feed=0 disable_explore=0 disable_reels=1 disable_stories=0 disable_adds=0
08-12 20:38:21.332 27174 29446 I DFInstaObserve: /discover/topical_explore
08-12 20:38:21.781 27174 29493 I DFInstaObserve: !toggles disable_feed=0 disable_explore=0 disable_reels=1 disable_stories=0 disable_adds=0
08-12 20:38:23.761 27174 29485 I DFInstaObserve: !toggles disable_feed=0 disable_explore=0 disable_reels=1 disable_stories=0 disable_adds=0
08-12 20:38:23.871 27174 29480 I DFInstaObserve: !toggles disable_feed=0 disable_explore=0 disable_reels=1 disable_stories=0 disable_adds=0
08-12 20:38:24.696 27174 29513 I DFInstaObserve: !toggles disable_feed=0 disable_explore=0 disable_reels=1 disable_stories=0 disable_adds=0
08-12 20:38:24.804 27174 29523 I DFInstaObserve: !toggles disable_feed=0 disable_explore=0 disable_reels=1 disable_stories=0 disable_adds=0
08-12 20:38:24.899 27174 29531 I DFInstaObserve: !toggles disable_feed=0 disable_explore=0 disable_reels=1 disable_stories=0 disable_adds=0
08-12 20:38:26.888 27174 29522 I DFInstaObserve: !toggles disable_feed=0 disable_explore=0 disable_reels=1 disable_stories=0 disable_adds=0
08-12 20:38:26.993 27174 29530 I DFInstaObserve: !toggles disable_feed=0 disable_explore=0 disable_reels=1 disable_stories=0 disable_adds=0
08-12 20:38:28.018 27174 28704 I DFInstaObserve: !toggles disable_feed=0 disable_explore=0 disable_reels=1 disable_stories=0 disable_adds=0
08-12 20:38:28.018 27174 28704 I DFInstaObserve: /discover/topical_explore
08-12 20:38:30.287 27174 29560 I DFInstaObserve: !toggles disable_feed=0 disable_explore=0 disable_reels=1 disable_stories=0 disable_adds=0
08-12 20:38:31.783 27174 29543 I DFInstaObserve: !toggles disable_feed=0 disable_explore=0 disable_reels=1 disable_stories=0 disable_adds=0
08-12 20:38:31.788 27174 29629 I DFInstaObserve: !toggles disable_feed=0 disable_explore=0 disable_reels=1 disable_stories=0 disable_adds=0
08-12 20:38:31.830 27174 27404 I DFInstaObserve: !toggles disable_feed=0 disable_explore=0 disable_reels=1 disable_stories=0 disable_adds=0
08-12 20:38:31.838 27174 29618 I DFInstaObserve: !toggles disable_feed=0 disable_explore=0 disable_reels=1 disable_stories=0 disable_adds=0
08-12 20:38:31.846 27174 29625 I DFInstaObserve: !toggles disable_feed=0 disable_explore=0 disable_reels=1 disable_stories=0 disable_adds=0
08-12 20:38:31.880 27174 29621 I DFInstaObserve: !toggles disable_feed=0 disable_explore=0 disable_reels=1 disable_stories=0 disable_adds=0
08-12 20:38:31.892 27174 27431 I DFInstaObserve: !toggles disable_feed=0 disable_explore=0 disable_reels=1 disable_stories=0 disable_adds=0
08-12 20:38:31.892 27174 29617 I DFInstaObserve: !toggles disable_feed=0 disable_explore=0 disable_reels=1 disable_stories=0 disable_adds=0
08-12 20:38:31.925 27174 29617 I DFInstaObserve: !toggles disable_feed=0 disable_explore=0 disable_reels=1 disable_stories=0 disable_adds=0
08-12 20:38:31.935 27174 29621 I DFInstaObserve: !toggles disable_feed=0 disable_explore=0 disable_reels=1 disable_stories=0 disable_adds=0
08-12 20:38:31.959 27174 29617 I DFInstaObserve: !toggles disable_feed=0 disable_explore=0 disable_reels=1 disable_stories=0 disable_adds=0
08-12 20:38:31.972 27174 29617 I DFInstaObserve: !toggles disable_feed=0 disable_explore=0 disable_reels=1 disable_stories=0 disable_adds=0
08-12 20:38:32.008 27174 27431 I DFInstaObserve: !toggles disable_feed=0 disable_explore=0 disable_reels=1 disable_stories=0 disable_adds=0
08-12 20:38:32.015 27174 29621 I DFInstaObserve: !toggles disable_feed=0 disable_explore=0 disable_reels=1 disable_stories=0 disable_adds=0
08-12 20:38:32.024 27174 29617 I DFInstaObserve: !toggles disable_feed=0 disable_explore=0 disable_reels=1 disable_stories=0 disable_adds=0
08-12 20:38:32.087 27174 29623 I DFInstaObserve: !toggles disable_feed=0 disable_explore=0 disable_reels=1 disable_stories=0 disable_adds=0
08-12 20:38:32.101 27174 29617 I DFInstaObserve: !toggles disable_feed=0 disable_explore=0 disable_reels=1 disable_stories=0 disable_adds=0
08-12 20:38:32.167 27174 29618 I DFInstaObserve: !toggles disable_feed=0 disable_explore=0 disable_reels=1 disable_stories=0 disable_adds=0
08-12 20:38:32.180 27174 29623 I DFInstaObserve: !toggles disable_feed=0 disable_explore=0 disable_reels=1 disable_stories=0 disable_adds=0
08-12 20:38:32.207 27174 29618 I DFInstaObserve: !toggles disable_feed=0 disable_explore=0 disable_reels=1 disable_stories=0 disable_adds=0
08-12 20:38:32.217 27174 29617 I DFInstaObserve: !toggles disable_feed=0 disable_explore=0 disable_reels=1 disable_stories=0 disable_adds=0
08-12 20:38:32.268 27174 29623 I DFInstaObserve: !toggles disable_feed=0 disable_explore=0 disable_reels=1 disable_stories=0 disable_adds=0
08-12 20:38:32.274 27174 29617 I DFInstaObserve: !toggles disable_feed=0 disable_explore=0 disable_reels=1 disable_stories=0 disable_adds=0
08-12 20:38:32.325 27174 29623 I DFInstaObserve: !toggles disable_feed=0 disable_explore=0 disable_reels=1 disable_stories=0 disable_adds=0
08-12 20:38:32.336 27174 29617 I DFInstaObserve: !toggles disable_feed=0 disable_explore=0 disable_reels=1 disable_stories=0 disable_adds=0
08-12 20:38:32.365 27174 29623 I DFInstaObserve: !toggles disable_feed=0 disable_explore=0 disable_reels=1 disable_stories=0 disable_adds=0
08-12 20:38:32.375 27174 29623 I DFInstaObserve: !toggles disable_feed=0 disable_explore=0 disable_reels=1 disable_stories=0 disable_adds=0
08-12 20:38:32.515 27174 27404 I DFInstaObserve: !toggles disable_feed=0 disable_explore=0 disable_reels=1 disable_stories=0 disable_adds=0
08-12 20:38:32.575 27174 27404 I DFInstaObserve: !toggles disable_feed=0 disable_explore=0 disable_reels=1 disable_stories=0 disable_adds=0
08-12 20:38:32.657 27174 27404 I DFInstaObserve: !toggles disable_feed=0 disable_explore=0 disable_reels=1 disable_stories=0 disable_adds=0
08-12 20:38:32.688 27174 27404 I DFInstaObserve: !toggles disable_feed=0 disable_explore=0 disable_reels=1 disable_stories=0 disable_adds=0
08-12 20:38:32.737 27174 27404 I DFInstaObserve: !toggles disable_feed=0 disable_explore=0 disable_reels=1 disable_stories=0 disable_adds=0
08-12 20:38:32.775 27174 27404 I DFInstaObserve: !toggles disable_feed=0 disable_explore=0 disable_reels=1 disable_stories=0 disable_adds=0
08-12 20:38:32.843 27174 27404 I DFInstaObserve: !toggles disable_feed=0 disable_explore=0 disable_reels=1 disable_stories=0 disable_adds=0
08-12 20:38:32.879 27174 27404 I DFInstaObserve: !toggles disable_feed=0 disable_explore=0 disable_reels=1 disable_stories=0 disable_adds=0
08-12 20:38:32.986 27174 27404 I DFInstaObserve: !toggles disable_feed=0 disable_explore=0 disable_reels=1 disable_stories=0 disable_adds=0
08-12 20:38:33.026 27174 27404 I DFInstaObserve: !toggles disable_feed=0 disable_explore=0 disable_reels=1 disable_stories=0 disable_adds=0
08-12 20:38:33.106 27174 27404 I DFInstaObserve: !toggles disable_feed=0 disable_explore=0 disable_reels=1 disable_stories=0 disable_adds=0
08-12 20:38:33.137 27174 27404 I DFInstaObserve: !toggles disable_feed=0 disable_explore=0 disable_reels=1 disable_stories=0 disable_adds=0
08-12 20:38:33.205 27174 27404 I DFInstaObserve: !toggles disable_feed=0 disable_explore=0 disable_reels=1 disable_stories=0 disable_adds=0
08-12 20:38:33.242 27174 27404 I DFInstaObserve: !toggles disable_feed=0 disable_explore=0 disable_reels=1 disable_stories=0 disable_adds=0
08-12 20:38:33.278 27174 27404 I DFInstaObserve: !toggles disable_feed=0 disable_explore=0 disable_reels=1 disable_stories=0 disable_adds=0
08-12 20:38:33.311 27174 27404 I DFInstaObserve: !toggles disable_feed=0 disable_explore=0 disable_reels=1 disable_stories=0 disable_adds=0
08-12 20:38:33.372 27174 27404 I DFInstaObserve: !toggles disable_feed=0 disable_explore=0 disable_reels=1 disable_stories=0 disable_adds=0
08-12 20:38:33.489 27174 29606 I DFInstaObserve: !toggles disable_feed=0 disable_explore=0 disable_reels=1 disable_stories=0 disable_adds=0
08-12 20:38:33.489 27174 29604 I DFInstaObserve: !toggles disable_feed=0 disable_explore=0 disable_reels=1 disable_stories=0 disable_adds=0
08-12 20:38:35.943 27174 29606 I DFInstaObserve: !toggles disable_feed=0 disable_explore=0 disable_reels=1 disable_stories=0 disable_adds=0
08-12 20:38:35.944 27174 29604 I DFInstaObserve: !toggles disable_feed=0 disable_explore=0 disable_reels=1 disable_stories=0 disable_adds=0
08-12 20:38:39.545 27174 27404 I DFInstaObserve: !toggles disable_feed=0 disable_explore=0 disable_reels=1 disable_stories=0 disable_adds=0
08-12 20:38:39.617 27174 27404 I DFInstaObserve: !toggles disable_feed=0 disable_explore=0 disable_reels=1 disable_stories=0 disable_adds=0
08-12 20:38:41.804 27174 29649 I DFInstaObserve: !toggles disable_feed=0 disable_explore=0 disable_reels=1 disable_stories=0 disable_adds=0
08-12 20:38:41.805 27174 29648 I DFInstaObserve: !toggles disable_feed=0 disable_explore=0 disable_reels=1 disable_stories=0 disable_adds=0
08-12 20:38:42.910 27174 27404 I DFInstaObserve: !toggles disable_feed=0 disable_explore=0 disable_reels=1 disable_stories=0 disable_adds=0
08-12 20:38:43.108 27174 27404 I DFInstaObserve: !toggles disable_feed=0 disable_explore=0 disable_reels=1 disable_stories=0 disable_adds=0
08-12 20:38:45.091 27174 29691 I DFInstaObserve: !toggles disable_feed=0 disable_explore=0 disable_reels=1 disable_stories=0 disable_adds=0
08-12 20:38:45.097 27174 29692 I DFInstaObserve: !toggles disable_feed=0 disable_explore=0 disable_reels=1 disable_stories=0 disable_adds=0
08-12 20:38:46.236 27174 27404 I DFInstaObserve: !toggles disable_feed=0 disable_explore=0 disable_reels=1 disable_stories=0 disable_adds=0
08-12 20:38:46.340 27174 27404 I DFInstaObserve: !toggles disable_feed=0 disable_explore=0 disable_reels=1 disable_stories=0 disable_adds=0
08-12 20:38:48.442 27174 29718 I DFInstaObserve: !toggles disable_feed=0 disable_explore=0 disable_reels=1 disable_stories=0 disable_adds=0
08-12 20:38:48.442 27174 29719 I DFInstaObserve: !toggles disable_feed=0 disable_explore=0 disable_reels=1 disable_stories=0 disable_adds=0
08-12 20:38:49.585 27174 27404 I DFInstaObserve: !toggles disable_feed=0 disable_explore=0 disable_reels=1 disable_stories=0 disable_adds=0
08-12 20:38:49.744 27174 27404 I DFInstaObserve: !toggles disable_feed=0 disable_explore=0 disable_reels=1 disable_stories=0 disable_adds=0
08-12 20:38:51.760 27174 29752 I DFInstaObserve: !toggles disable_feed=0 disable_explore=0 disable_reels=1 disable_stories=0 disable_adds=0
08-12 20:38:51.763 27174 29751 I DFInstaObserve: !toggles disable_feed=0 disable_explore=0 disable_reels=1 disable_stories=0 disable_adds=0
08-12 20:38:52.893 27174 27404 I DFInstaObserve: !toggles disable_feed=0 disable_explore=0 disable_reels=1 disable_stories=0 disable_adds=0
08-12 20:38:53.209 27174 27404 I DFInstaObserve: !toggles disable_feed=0 disable_explore=0 disable_reels=1 disable_stories=0 disable_adds=0
08-12 20:38:55.081 27174 29792 I DFInstaObserve: !toggles disable_feed=0 disable_explore=0 disable_reels=1 disable_stories=0 disable_adds=0
08-12 20:38:55.081 27174 29791 I DFInstaObserve: !toggles disable_feed=0 disable_explore=0 disable_reels=1 disable_stories=0 disable_adds=0
