08-12 20:00:53.022  6411  6467 I DFInstaObserve: !toggles disable_feed=0 disable_explore=1 disable_reels=0 disable_stories=0 disable_adds=0
08-12 20:00:53.022  6411  6467 I DFInstaObserve: /feed/reels_tray/
08-12 20:00:53.028  6411  6560 I DFInstaObserve: !toggles disable_feed=0 disable_explore=1 disable_reels=0 disable_stories=0 disable_adds=0
08-12 20:00:53.028  6411  6560 I DFInstaObserve: /feed/timeline/
08-12 20:00:53.416  6411  6613 I DFInstaObserve: !toggles disable_feed=0 disable_explore=1 disable_reels=0 disable_stories=0 disable_adds=0
08-12 20:00:53.981  6411  6448 I DFInstaObserve: !toggles disable_feed=0 disable_explore=1 disable_reels=0 disable_stories=0 disable_adds=0
08-12 20:00:54.052  6411  6701 I DFInstaObserve: !toggles disable_feed=0 disable_explore=1 disable_reels=0 disable_stories=0 disable_adds=0
08-12 20:00:54.250  6411  6452 I DFInstaObserve: !toggles disable_feed=0 disable_explore=1 disable_reels=0 disable_stories=0 disable_adds=0
08-12 20:00:54.250  6411  6452 I DFInstaObserve: /discover/topical_explore
08-12 20:00:54.395  6411  6613 I DFInstaObserve: !toggles disable_feed=0 disable_explore=1 disable_reels=0 disable_stories=0 disable_adds=0
08-12 20:00:54.685  6411  6586 I DFInstaObserve: !toggles disable_feed=0 disable_explore=1 disable_reels=0 disable_stories=0 disable_adds=0
08-12 20:00:55.478  6411  6490 I DFInstaObserve: !toggles disable_feed=0 disable_explore=1 disable_reels=0 disable_stories=0 disable_adds=0
08-12 20:00:55.720  6411  6560 I DFInstaObserve: !toggles disable_feed=0 disable_explore=1 disable_reels=0 disable_stories=0 disable_adds=0
08-12 20:00:55.836  6411  6449 I DFInstaObserve: !toggles disable_feed=0 disable_explore=1 disable_reels=0 disable_stories=0 disable_adds=0
08-12 20:00:56.103  6411  6757 I DFInstaObserve: !toggles disable_feed=0 disable_explore=1 disable_reels=0 disable_stories=0 disable_adds=0
08-12 20:00:56.318  6411  6449 I DFInstaObserve: !toggles disable_feed=0 disable_explore=1 disable_reels=0 disable_stories=0 disable_adds=0
08-12 20:00:56.716  6411  6752 I DFInstaObserve: !toggles disable_feed=0 disable_explore=1 disable_reels=0 disable_stories=0 disable_adds=0
08-12 20:00:56.762  6411  6764 I DFInstaObserve: !toggles disable_feed=0 disable_explore=1 disable_reels=0 disable_stories=0 disable_adds=0
08-12 20:01:00.545  6411  6753 I DFInstaObserve: !toggles disable_feed=0 disable_explore=1 disable_reels=0 disable_stories=0 disable_adds=0
08-12 20:01:00.548  6411  6758 I DFInstaObserve: !toggles disable_feed=0 disable_explore=1 disable_reels=0 disable_stories=0 disable_adds=0
08-12 20:01:00.808  6411  6753 I DFInstaObserve: !toggles disable_feed=0 disable_explore=1 disable_reels=0 disable_stories=0 disable_adds=0
08-12 20:01:00.915  6411  6759 I DFInstaObserve: !toggles disable_feed=0 disable_explore=1 disable_reels=0 disable_stories=0 disable_adds=0
08-12 20:01:01.196  6411  6613 I DFInstaObserve: !toggles disable_feed=0 disable_explore=1 disable_reels=0 disable_stories=0 disable_adds=0
08-12 20:01:02.685  6411  6613 I DFInstaObserve: !toggles disable_feed=0 disable_explore=1 disable_reels=0 disable_stories=0 disable_adds=0
08-12 20:01:10.609  6411  6765 I DFInstaObserve: !toggles disable_feed=0 disable_explore=1 disable_reels=0 disable_stories=0 disable_adds=0
08-12 20:01:10.618  6411  6765 I DFInstaObserve: !toggles disable_feed=0 disable_explore=1 disable_reels=0 disable_stories=0 disable_adds=0
08-12 20:01:10.631  6411  6586 I DFInstaObserve: !toggles disable_feed=0 disable_explore=1 disable_reels=0 disable_stories=0 disable_adds=0
08-12 20:01:10.770  6411  6759 I DFInstaObserve: !toggles disable_feed=0 disable_explore=1 disable_reels=0 disable_stories=0 disable_adds=0
08-12 20:01:18.730  6411  6752 I DFInstaObserve: !toggles disable_feed=0 disable_explore=1 disable_reels=0 disable_stories=0 disable_adds=0
08-12 20:01:18.730  6411  6752 I DFInstaObserve: /feed/timeline/
08-12 20:01:18.733  6411  6756 I DFInstaObserve: !toggles disable_feed=0 disable_explore=1 disable_reels=0 disable_stories=0 disable_adds=0
08-12 20:01:18.733  6411  6756 I DFInstaObserve: /feed/reels_tray/
08-12 20:01:20.487  6411  6447 I DFInstaObserve: !toggles disable_feed=0 disable_explore=1 disable_reels=0 disable_stories=0 disable_adds=0
08-12 20:01:20.503  6411  6765 I DFInstaObserve: !toggles disable_feed=0 disable_explore=1 disable_reels=0 disable_stories=0 disable_adds=0
08-12 20:01:21.095  6411  6447 I DFInstaObserve: !toggles disable_feed=0 disable_explore=1 disable_reels=0 disable_stories=0 disable_adds=0
08-12 20:01:21.148  6411  6586 I DFInstaObserve: !toggles disable_feed=0 disable_explore=1 disable_reels=0 disable_stories=0 disable_adds=0
08-12 20:01:21.414  6411  6907 I DFInstaObserve: !toggles disable_feed=0 disable_explore=1 disable_reels=0 disable_stories=0 disable_adds=0
08-12 20:01:21.414  6411  6907 I DFInstaObserve: /feed/timeline/
08-12 20:01:25.625  6411  6447 I DFInstaObserve: !toggles disable_feed=0 disable_explore=1 disable_reels=0 disable_stories=0 disable_adds=0
08-12 20:01:25.632  6411  6447 I DFInstaObserve: !toggles disable_feed=0 disable_explore=1 disable_reels=0 disable_stories=0 disable_adds=0
08-12 20:01:25.714  6411  6752 I DFInstaObserve: !toggles disable_feed=0 disable_explore=1 disable_reels=0 disable_stories=0 disable_adds=0
08-12 20:01:25.719  6411  6908 I DFInstaObserve: !toggles disable_feed=0 disable_explore=1 disable_reels=0 disable_stories=0 disable_adds=0
08-12 20:01:25.752  6411  6907 I DFInstaObserve: !toggles disable_feed=0 disable_explore=1 disable_reels=0 disable_stories=0 disable_adds=0
08-12 20:01:25.756  6411  6752 I DFInstaObserve: !toggles disable_feed=0 disable_explore=1 disable_reels=0 disable_stories=0 disable_adds=0
08-12 20:01:25.783  6411  6908 I DFInstaObserve: !toggles disable_feed=0 disable_explore=1 disable_reels=0 disable_stories=0 disable_adds=0
08-12 20:01:25.796  6411  6586 I DFInstaObserve: !toggles disable_feed=0 disable_explore=1 disable_reels=0 disable_stories=0 disable_adds=0
08-12 20:01:25.799  6411  6752 I DFInstaObserve: !toggles disable_feed=0 disable_explore=1 disable_reels=0 disable_stories=0 disable_adds=0
08-12 20:01:25.819  6411  6752 I DFInstaObserve: !toggles disable_feed=0 disable_explore=1 disable_reels=0 disable_stories=0 disable_adds=0
08-12 20:01:26.073  6411  6586 I DFInstaObserve: !toggles disable_feed=0 disable_explore=1 disable_reels=0 disable_stories=0 disable_adds=0
08-12 20:01:26.106  6411  6586 I DFInstaObserve: !toggles disable_feed=0 disable_explore=1 disable_reels=0 disable_stories=0 disable_adds=0
08-12 20:01:26.183  6411  6586 I DFInstaObserve: !toggles disable_feed=0 disable_explore=1 disable_reels=0 disable_stories=0 disable_adds=0
08-12 20:01:26.344  6411  6586 I DFInstaObserve: !toggles disable_feed=0 disable_explore=1 disable_reels=0 disable_stories=0 disable_adds=0
08-12 20:01:26.389  6411  6586 I DFInstaObserve: !toggles disable_feed=0 disable_explore=1 disable_reels=0 disable_stories=0 disable_adds=0
08-12 20:01:26.697  6411  6586 I DFInstaObserve: !toggles disable_feed=0 disable_explore=1 disable_reels=0 disable_stories=0 disable_adds=0
08-12 20:01:26.722  6411  6586 I DFInstaObserve: !toggles disable_feed=0 disable_explore=1 disable_reels=0 disable_stories=0 disable_adds=0
08-12 20:01:26.767  6411  6586 I DFInstaObserve: !toggles disable_feed=0 disable_explore=1 disable_reels=0 disable_stories=0 disable_adds=0
08-12 20:01:26.808  6411  6586 I DFInstaObserve: !toggles disable_feed=0 disable_explore=1 disable_reels=0 disable_stories=0 disable_adds=0
08-12 20:01:26.848  6411  6586 I DFInstaObserve: !toggles disable_feed=0 disable_explore=1 disable_reels=0 disable_stories=0 disable_adds=0
08-12 20:01:26.896  6411  6586 I DFInstaObserve: !toggles disable_feed=0 disable_explore=1 disable_reels=0 disable_stories=0 disable_adds=0
08-12 20:01:26.931  6411  6586 I DFInstaObserve: !toggles disable_feed=0 disable_explore=1 disable_reels=0 disable_stories=0 disable_adds=0
08-12 20:01:27.412  6411  6586 I DFInstaObserve: !toggles disable_feed=0 disable_explore=1 disable_reels=0 disable_stories=0 disable_adds=0
08-12 20:01:27.441  6411  6586 I DFInstaObserve: !toggles disable_feed=0 disable_explore=1 disable_reels=0 disable_stories=0 disable_adds=0
08-12 20:01:30.168  6411  6447 I DFInstaObserve: !toggles disable_feed=0 disable_explore=1 disable_reels=0 disable_stories=0 disable_adds=0
08-12 20:01:33.689  6411  6447 I DFInstaObserve: !toggles disable_feed=0 disable_explore=1 disable_reels=0 disable_stories=0 disable_adds=0
08-12 20:01:37.023  6411  6447 I DFInstaObserve: !toggles disable_feed=0 disable_explore=1 disable_reels=0 disable_stories=0 disable_adds=0
08-12 20:01:40.360  6411  6447 I DFInstaObserve: !toggles disable_feed=0 disable_explore=1 disable_reels=0 disable_stories=0 disable_adds=0
08-12 20:01:40.363  6411  6765 I DFInstaObserve: !toggles disable_feed=0 disable_explore=1 disable_reels=0 disable_stories=0 disable_adds=0
08-12 20:01:46.770  6411  6756 I DFInstaObserve: !toggles disable_feed=0 disable_explore=1 disable_reels=0 disable_stories=0 disable_adds=0
08-12 20:01:46.875  6411  6908 I DFInstaObserve: !toggles disable_feed=0 disable_explore=1 disable_reels=0 disable_stories=0 disable_adds=0
08-12 20:01:46.875  6411  6908 I DFInstaObserve: /discover/topical_explore
08-12 20:01:46.879  6411  6919 I DFInstaObserve: !toggles disable_feed=0 disable_explore=1 disable_reels=0 disable_stories=0 disable_adds=0
08-12 20:01:47.705  6411  6613 I DFInstaObserve: !toggles disable_feed=0 disable_explore=1 disable_reels=0 disable_stories=0 disable_adds=0
08-12 20:01:51.988  6411  7144 I DFInstaObserve: !toggles disable_feed=0 disable_explore=1 disable_reels=0 disable_stories=0 disable_adds=0
08-12 20:01:54.854  6411  6819 I DFInstaObserve: !toggles disable_feed=0 disable_explore=1 disable_reels=0 disable_stories=0 disable_adds=0
08-12 20:01:54.854  6411  6819 I DFInstaObserve: /discover/topical_explore
08-12 20:01:55.377  6411  6819 I DFInstaObserve: !toggles disable_feed=0 disable_explore=1 disable_reels=0 disable_stories=0 disable_adds=0
08-12 20:01:55.377  6411  6819 I DFInstaObserve: /discover/topical_explore
08-12 20:01:55.770  6411  7225 I DFInstaObserve: !toggles disable_feed=0 disable_explore=1 disable_reels=0 disable_stories=0 disable_adds=0
08-12 20:01:57.342  6411  7210 I DFInstaObserve: !toggles disable_feed=0 disable_explore=1 disable_reels=0 disable_stories=0 disable_adds=0
08-12 20:01:57.379  6411  7210 I DFInstaObserve: !toggles disable_feed=0 disable_explore=1 disable_reels=0 disable_stories=0 disable_adds=0
08-12 20:02:02.292  6411  7319 I DFInstaObserve: !toggles disable_feed=0 disable_explore=1 disable_reels=0 disable_stories=0 disable_adds=0
08-12 20:02:02.292  6411  7319 I DFInstaObserve: /discover/topical_explore
08-12 20:02:08.568  6411  7319 I DFInstaObserve: !toggles disable_feed=0 disable_explore=1 disable_reels=0 disable_stories=0 disable_adds=0
08-12 20:02:08.568  6411  7319 I DFInstaObserve: /discover/topical_explore
08-12 20:02:08.977  6411  6908 I DFInstaObserve: !toggles disable_feed=0 disable_explore=1 disable_reels=0 disable_stories=0 disable_adds=0
08-12 20:02:08.977  6411  6908 I DFInstaObserve: /discover/topical_explore
08-12 20:02:11.602  6411  6908 I DFInstaObserve: !toggles disable_feed=0 disable_explore=1 disable_reels=0 disable_stories=0 disable_adds=0
08-12 20:02:11.756  6411  6765 I DFInstaObserve: !toggles disable_feed=0 disable_explore=1 disable_reels=0 disable_stories=0 disable_adds=0
08-12 20:02:11.770  6411  7452 I DFInstaObserve: !toggles disable_feed=0 disable_explore=1 disable_reels=0 disable_stories=0 disable_adds=0
08-12 20:02:11.798  6411  7118 I DFInstaObserve: !toggles disable_feed=0 disable_explore=1 disable_reels=0 disable_stories=0 disable_adds=0
08-12 20:02:11.813  6411  7118 I DFInstaObserve: !toggles disable_feed=0 disable_explore=1 disable_reels=0 disable_stories=0 disable_adds=0
08-12 20:02:11.838  6411  7118 I DFInstaObserve: !toggles disable_feed=0 disable_explore=1 disable_reels=0 disable_stories=0 disable_adds=0
08-12 20:02:11.848  6411  6613 I DFInstaObserve: !toggles disable_feed=0 disable_explore=1 disable_reels=0 disable_stories=0 disable_adds=0
08-12 20:02:11.854  6411  6765 I DFInstaObserve: !toggles disable_feed=0 disable_explore=1 disable_reels=0 disable_stories=0 disable_adds=0
08-12 20:02:11.936  6411  6765 I DFInstaObserve: !toggles disable_feed=0 disable_explore=1 disable_reels=0 disable_stories=0 disable_adds=0
08-12 20:02:11.969  6411  6613 I DFInstaObserve: !toggles disable_feed=0 disable_explore=1 disable_reels=0 disable_stories=0 disable_adds=0
08-12 20:02:14.169  6411  7504 I DFInstaObserve: !toggles disable_feed=0 disable_explore=1 disable_reels=0 disable_stories=0 disable_adds=0
08-12 20:02:14.169  6411  7503 I DFInstaObserve: !toggles disable_feed=0 disable_explore=1 disable_reels=0 disable_stories=0 disable_adds=0
08-12 20:02:19.615  6411  7320 I DFInstaObserve: !toggles disable_feed=0 disable_explore=1 disable_reels=0 disable_stories=0 disable_adds=0
08-12 20:02:19.615  6411  7320 I DFInstaObserve: /clips/discover
08-12 20:02:19.615  6411  7320 I DFInstaObserve: /clips/discover/stream/
08-12 20:02:19.995  6411  6765 I DFInstaObserve: !toggles disable_feed=0 disable_explore=1 disable_reels=0 disable_stories=0 disable_adds=0
08-12 20:02:20.029  6411  7452 I DFInstaObserve: !toggles disable_feed=0 disable_explore=1 disable_reels=0 disable_stories=0 disable_adds=0
08-12 20:02:22.088  6411  7547 I DFInstaObserve: !toggles disable_feed=0 disable_explore=1 disable_reels=0 disable_stories=0 disable_adds=0
08-12 20:02:22.088  6411  7546 I DFInstaObserve: !toggles disable_feed=0 disable_explore=1 disable_reels=0 disable_stories=0 disable_adds=0
08-12 20:02:24.267  6411  7452 I DFInstaObserve: !toggles disable_feed=0 disable_explore=1 disable_reels=0 disable_stories=0 disable_adds=0
08-12 20:02:24.309  6411  6586 I DFInstaObserve: !toggles disable_feed=0 disable_explore=1 disable_reels=0 disable_stories=0 disable_adds=0
08-12 20:02:24.664  6411  6765 I DFInstaObserve: !toggles disable_feed=0 disable_explore=1 disable_reels=0 disable_stories=0 disable_adds=0
08-12 20:02:24.693  6411  6765 I DFInstaObserve: !toggles disable_feed=0 disable_explore=1 disable_reels=0 disable_stories=0 disable_adds=0
08-12 20:02:24.716  6411  6586 I DFInstaObserve: !toggles disable_feed=0 disable_explore=1 disable_reels=0 disable_stories=0 disable_adds=0
08-12 20:02:24.807  6411  7118 I DFInstaObserve: !toggles disable_feed=0 disable_explore=1 disable_reels=0 disable_stories=0 disable_adds=0
08-12 20:02:25.030  6411  6586 I DFInstaObserve: !toggles disable_feed=0 disable_explore=1 disable_reels=0 disable_stories=0 disable_adds=0
08-12 20:02:25.450  6411  7592 I DFInstaObserve: !toggles disable_feed=0 disable_explore=1 disable_reels=0 disable_stories=0 disable_adds=0
08-12 20:02:25.451  6411  7590 I DFInstaObserve: !toggles disable_feed=0 disable_explore=1 disable_reels=0 disable_stories=0 disable_adds=0
08-12 20:02:28.774  6411  7633 I DFInstaObserve: !toggles disable_feed=0 disable_explore=1 disable_reels=0 disable_stories=0 disable_adds=0
08-12 20:02:28.774  6411  7632 I DFInstaObserve: !toggles disable_feed=0 disable_explore=1 disable_reels=0 disable_stories=0 disable_adds=0
08-12 20:02:29.592  6411  7668 I DFInstaObserve: !toggles disable_feed=0 disable_explore=1 disable_reels=0 disable_stories=0 disable_adds=0
08-12 20:02:29.989  6411  7668 I DFInstaObserve: !toggles disable_feed=0 disable_explore=1 disable_reels=0 disable_stories=0 disable_adds=0
08-12 20:02:30.038  6411  7668 I DFInstaObserve: !toggles disable_feed=0 disable_explore=1 disable_reels=0 disable_stories=0 disable_adds=0
08-12 20:02:30.069  6411  7668 I DFInstaObserve: !toggles disable_feed=0 disable_explore=1 disable_reels=0 disable_stories=0 disable_adds=0
08-12 20:02:32.889  6411  7118 I DFInstaObserve: !toggles disable_feed=0 disable_explore=1 disable_reels=0 disable_stories=0 disable_adds=0
08-12 20:02:32.889  6411  7118 I DFInstaObserve: /clips/discover
08-12 20:02:32.889  6411  7118 I DFInstaObserve: /clips/discover/stream/
08-12 20:02:33.171  6411  7668 I DFInstaObserve: !toggles disable_feed=0 disable_explore=1 disable_reels=0 disable_stories=0 disable_adds=0
08-12 20:02:33.193  6411  7668 I DFInstaObserve: !toggles disable_feed=0 disable_explore=1 disable_reels=0 disable_stories=0 disable_adds=0
08-12 20:02:35.406  6411  7690 I DFInstaObserve: !toggles disable_feed=0 disable_explore=1 disable_reels=0 disable_stories=0 disable_adds=0
08-12 20:02:35.407  6411  7689 I DFInstaObserve: !toggles disable_feed=0 disable_explore=1 disable_reels=0 disable_stories=0 disable_adds=0
08-12 20:02:36.204  6411  6908 I DFInstaObserve: !toggles disable_feed=0 disable_explore=1 disable_reels=0 disable_stories=0 disable_adds=0
08-12 20:02:36.421  6411  6613 I DFInstaObserve: !toggles disable_feed=0 disable_explore=1 disable_reels=0 disable_stories=0 disable_adds=0
08-12 20:02:36.933  6411  6765 I DFInstaObserve: !toggles disable_feed=0 disable_explore=1 disable_reels=0 disable_stories=0 disable_adds=0
08-12 20:02:36.939  6411  6765 I DFInstaObserve: !toggles disable_feed=0 disable_explore=1 disable_reels=0 disable_stories=0 disable_adds=0
08-12 20:02:36.972  6411  7610 I DFInstaObserve: !toggles disable_feed=0 disable_explore=1 disable_reels=0 disable_stories=0 disable_adds=0
08-12 20:02:36.975  6411  6586 I DFInstaObserve: !toggles disable_feed=0 disable_explore=1 disable_reels=0 disable_stories=0 disable_adds=0
08-12 20:02:37.097  6411  6586 I DFInstaObserve: !toggles disable_feed=0 disable_explore=1 disable_reels=0 disable_stories=0 disable_adds=0
08-12 20:02:37.152  6411  6586 I DFInstaObserve: !toggles disable_feed=0 disable_explore=1 disable_reels=0 disable_stories=0 disable_adds=0
08-12 20:02:37.298  6411  6765 I DFInstaObserve: !toggles disable_feed=0 disable_explore=1 disable_reels=0 disable_stories=0 disable_adds=0
08-12 20:02:37.305  6411  6765 I DFInstaObserve: !toggles disable_feed=0 disable_explore=1 disable_reels=0 disable_stories=0 disable_adds=0
08-12 20:02:37.369  6411  7610 I DFInstaObserve: !toggles disable_feed=0 disable_explore=1 disable_reels=0 disable_stories=0 disable_adds=0
08-12 20:02:37.412  6411  6586 I DFInstaObserve: !toggles disable_feed=0 disable_explore=1 disable_reels=0 disable_stories=0 disable_adds=0
08-12 20:02:37.447  6411  6586 I DFInstaObserve: !toggles disable_feed=0 disable_explore=1 disable_reels=0 disable_stories=0 disable_adds=0
08-12 20:02:37.499  6411  6586 I DFInstaObserve: !toggles disable_feed=0 disable_explore=1 disable_reels=0 disable_stories=0 disable_adds=0
08-12 20:02:37.584  6411  6586 I DFInstaObserve: !toggles disable_feed=0 disable_explore=1 disable_reels=0 disable_stories=0 disable_adds=0
08-12 20:02:37.819  6411  7118 I DFInstaObserve: !toggles disable_feed=0 disable_explore=1 disable_reels=0 disable_stories=0 disable_adds=0
08-12 20:02:41.871  6411  7499 I DFInstaObserve: !toggles disable_feed=0 disable_explore=1 disable_reels=0 disable_stories=0 disable_adds=0
08-12 20:02:41.871  6411  7499 I DFInstaObserve: /clips/discover
08-12 20:02:41.871  6411  7499 I DFInstaObserve: /clips/discover/stream/
08-12 20:02:45.148  6411  6586 I DFInstaObserve: !toggles disable_feed=0 disable_explore=1 disable_reels=0 disable_stories=0 disable_adds=0
08-12 20:02:45.378  6411  6586 I DFInstaObserve: !toggles disable_feed=0 disable_explore=1 disable_reels=0 disable_stories=0 disable_adds=0
08-12 20:02:45.536  6411  6586 I DFInstaObserve: !toggles disable_feed=0 disable_explore=1 disable_reels=0 disable_stories=0 disable_adds=0
08-12 20:02:45.815  6411  6586 I DFInstaObserve: !toggles disable_feed=0 disable_explore=1 disable_reels=0 disable_stories=0 disable_adds=0
08-12 20:02:45.918  6411  6586 I DFInstaObserve: !toggles disable_feed=0 disable_explore=1 disable_reels=0 disable_stories=0 disable_adds=0
08-12 20:02:46.053  6411  6586 I DFInstaObserve: !toggles disable_feed=0 disable_explore=1 disable_reels=0 disable_stories=0 disable_adds=0
08-12 20:02:46.097  6411  6586 I DFInstaObserve: !toggles disable_feed=0 disable_explore=1 disable_reels=0 disable_stories=0 disable_adds=0
08-12 20:02:46.208  6411  6586 I DFInstaObserve: !toggles disable_feed=0 disable_explore=1 disable_reels=0 disable_stories=0 disable_adds=0
08-12 20:02:46.410  6411  7744 I DFInstaObserve: !toggles disable_feed=0 disable_explore=1 disable_reels=0 disable_stories=0 disable_adds=0
08-12 20:02:59.260  6411  6765 I DFInstaObserve: !toggles disable_feed=0 disable_explore=1 disable_reels=0 disable_stories=0 disable_adds=0
08-12 20:03:01.438  6411  7797 I DFInstaObserve: !toggles disable_feed=0 disable_explore=1 disable_reels=0 disable_stories=0 disable_adds=0
08-12 20:03:02.933  6411  6765 I DFInstaObserve: !toggles disable_feed=0 disable_explore=1 disable_reels=0 disable_stories=0 disable_adds=0
08-12 20:03:04.750  6411  7818 I DFInstaObserve: !toggles disable_feed=0 disable_explore=1 disable_reels=0 disable_stories=0 disable_adds=0
08-12 20:03:09.183  6411  7452 I DFInstaObserve: !toggles disable_feed=0 disable_explore=1 disable_reels=0 disable_stories=0 disable_adds=0
08-12 20:03:09.184  6411  6765 I DFInstaObserve: !toggles disable_feed=0 disable_explore=1 disable_reels=0 disable_stories=0 disable_adds=0
08-12 20:03:12.501  6411  6613 I DFInstaObserve: !toggles disable_feed=0 disable_explore=1 disable_reels=0 disable_stories=0 disable_adds=0
08-12 20:03:16.880  6411  7892 I DFInstaObserve: !toggles disable_feed=0 disable_explore=1 disable_reels=0 disable_stories=0 disable_adds=0
08-12 20:03:22.801  6411  7938 I DFInstaObserve: !toggles disable_feed=0 disable_explore=1 disable_reels=0 disable_stories=0 disable_adds=0
08-12 20:03:26.512  6411  8011 I DFInstaObserve: !toggles disable_feed=0 disable_explore=1 disable_reels=0 disable_stories=0 disable_adds=0
08-12 20:03:26.558  6411  8011 I DFInstaObserve: !toggles disable_feed=0 disable_explore=1 disable_reels=0 disable_stories=0 disable_adds=0
08-12 20:03:27.819  6411  7609 I DFInstaObserve: !toggles disable_feed=0 disable_explore=1 disable_reels=0 disable_stories=0 disable_adds=0
08-12 20:03:27.819  6411  7609 I DFInstaObserve: /discover/topical_explore
08-12 20:03:29.768  6411  8059 I DFInstaObserve: !toggles disable_feed=0 disable_explore=1 disable_reels=0 disable_stories=0 disable_adds=0
08-12 20:03:31.136  6411  8119 I DFInstaObserve: !toggles disable_feed=0 disable_explore=1 disable_reels=0 disable_stories=0 disable_adds=0
08-12 20:03:32.898  6411  8103 I DFInstaObserve: !toggles disable_feed=0 disable_explore=1 disable_reels=0 disable_stories=0 disable_adds=0
08-12 20:03:33.117  6411  8111 I DFInstaObserve: !toggles disable_feed=0 disable_explore=1 disable_reels=0 disable_stories=0 disable_adds=0
08-12 20:03:34.084  6411  8142 I DFInstaObserve: !toggles disable_feed=0 disable_explore=1 disable_reels=0 disable_stories=0 disable_adds=0
08-12 20:03:34.084  6411  8142 I DFInstaObserve: /discover/topical_explore
08-12 20:03:34.550  6411  7610 I DFInstaObserve: !toggles disable_feed=0 disable_explore=1 disable_reels=0 disable_stories=0 disable_adds=0
08-12 20:03:34.550  6411  7610 I DFInstaObserve: /discover/topical_explore
08-12 20:03:36.281  6411  8150 I DFInstaObserve: !toggles disable_feed=0 disable_explore=1 disable_reels=0 disable_stories=0 disable_adds=0
08-12 20:03:36.361  6411  8150 I DFInstaObserve: !toggles disable_feed=0 disable_explore=1 disable_reels=0 disable_stories=0 disable_adds=0
08-12 20:03:37.209  6411  6613 I DFInstaObserve: !toggles disable_feed=0 disable_explore=1 disable_reels=0 disable_stories=0 disable_adds=0
08-12 20:03:37.317  6411  6613 I DFInstaObserve: !toggles disable_feed=0 disable_explore=1 disable_reels=0 disable_stories=0 disable_adds=0
08-12 20:03:39.392  6411  8217 I DFInstaObserve: !toggles disable_feed=0 disable_explore=1 disable_reels=0 disable_stories=0 disable_adds=0
08-12 20:03:39.392  6411  8219 I DFInstaObserve: !toggles disable_feed=0 disable_explore=1 disable_reels=0 disable_stories=0 disable_adds=0
08-12 20:03:48.885  6411  8073 I DFInstaObserve: !toggles disable_feed=0 disable_explore=1 disable_reels=0 disable_stories=0 disable_adds=0
08-12 20:03:50.957  6411  8276 I DFInstaObserve: !toggles disable_feed=0 disable_explore=1 disable_reels=0 disable_stories=0 disable_adds=0
08-12 20:03:50.957  6411  8277 I DFInstaObserve: !toggles disable_feed=0 disable_explore=1 disable_reels=0 disable_stories=0 disable_adds=0
08-12 20:03:51.761  6411  8142 I DFInstaObserve: !toggles disable_feed=0 disable_explore=1 disable_reels=0 disable_stories=0 disable_adds=0
08-12 20:03:51.761  6411  8142 I DFInstaObserve: /clips/discover
08-12 20:03:51.761  6411  8142 I DFInstaObserve: /clips/discover/stream/
08-12 20:03:52.191  6411  8073 I DFInstaObserve: !toggles disable_feed=0 disable_explore=1 disable_reels=0 disable_stories=0 disable_adds=0
08-12 20:03:54.275  6411  8321 I DFInstaObserve: !toggles disable_feed=0 disable_explore=1 disable_reels=0 disable_stories=0 disable_adds=0
08-12 20:03:54.275  6411  8320 I DFInstaObserve: !toggles disable_feed=0 disable_explore=1 disable_reels=0 disable_stories=0 disable_adds=0
08-12 20:03:56.386  6411  8161 I DFInstaObserve: !toggles disable_feed=0 disable_explore=1 disable_reels=0 disable_stories=0 disable_adds=0
08-12 20:03:56.400  6411  8161 I DFInstaObserve: !toggles disable_feed=0 disable_explore=1 disable_reels=0 disable_stories=0 disable_adds=0
08-12 20:03:56.422  6411  8358 I DFInstaObserve: !toggles disable_feed=0 disable_explore=1 disable_reels=0 disable_stories=0 disable_adds=0
08-12 20:03:56.501  6411  6586 I DFInstaObserve: !toggles disable_feed=0 disable_explore=1 disable_reels=0 disable_stories=0 disable_adds=0
08-12 20:03:56.593  6411  8161 I DFInstaObserve: !toggles disable_feed=0 disable_explore=1 disable_reels=0 disable_stories=0 disable_adds=0
08-12 20:03:56.601  6411  8161 I DFInstaObserve: !toggles disable_feed=0 disable_explore=1 disable_reels=0 disable_stories=0 disable_adds=0
08-12 20:03:56.722  6411  6586 I DFInstaObserve: !toggles disable_feed=0 disable_explore=1 disable_reels=0 disable_stories=0 disable_adds=0
08-12 20:03:56.762  6411  6586 I DFInstaObserve: !toggles disable_feed=0 disable_explore=1 disable_reels=0 disable_stories=0 disable_adds=0
08-12 20:03:56.789  6411  6586 I DFInstaObserve: !toggles disable_feed=0 disable_explore=1 disable_reels=0 disable_stories=0 disable_adds=0
08-12 20:03:56.823  6411  6586 I DFInstaObserve: !toggles disable_feed=0 disable_explore=1 disable_reels=0 disable_stories=0 disable_adds=0
08-12 20:03:56.885  6411  8142 I DFInstaObserve: !toggles disable_feed=0 disable_explore=1 disable_reels=0 disable_stories=0 disable_adds=0
08-12 20:03:56.974  6411  6586 I DFInstaObserve: !toggles disable_feed=0 disable_explore=1 disable_reels=0 disable_stories=0 disable_adds=0
08-12 20:03:58.845  6411  8161 I DFInstaObserve: !toggles disable_feed=0 disable_explore=1 disable_reels=0 disable_stories=0 disable_adds=0
08-12 20:03:58.879  6411  8161 I DFInstaObserve: !toggles disable_feed=0 disable_explore=1 disable_reels=0 disable_stories=0 disable_adds=0
08-12 20:04:00.950  6411  8375 I DFInstaObserve: !toggles disable_feed=0 disable_explore=1 disable_reels=0 disable_stories=0 disable_adds=0
08-12 20:04:00.951  6411  8376 I DFInstaObserve: !toggles disable_feed=0 disable_explore=1 disable_reels=0 disable_stories=0 disable_adds=0
08-12 20:04:01.697  6411  8358 I DFInstaObserve: !toggles disable_feed=0 disable_explore=1 disable_reels=0 disable_stories=0 disable_adds=0
08-12 20:04:02.229  6411  6613 I DFInstaObserve: !toggles disable_feed=0 disable_explore=1 disable_reels=0 disable_stories=0 disable_adds=0
08-12 20:04:21.460  6411  8073 I DFInstaObserve: !toggles disable_feed=0 disable_explore=1 disable_reels=0 disable_stories=0 disable_adds=0
08-12 20:04:24.988  6411  8454 I DFInstaObserve: !toggles disable_feed=0 disable_explore=1 disable_reels=0 disable_stories=0 disable_adds=0
08-12 20:04:26.973  6411  8438 I DFInstaObserve: !toggles disable_feed=0 disable_explore=1 disable_reels=0 disable_stories=0 disable_adds=0
08-12 20:04:28.044  6411  8358 I DFInstaObserve: !toggles disable_feed=0 disable_explore=1 disable_reels=0 disable_stories=0 disable_adds=0
08-12 20:04:28.044  6411  8358 I DFInstaObserve: /feed/timeline/
08-12 20:04:30.207  6411  8453 I DFInstaObserve: !toggles disable_feed=0 disable_explore=1 disable_reels=0 disable_stories=0 disable_adds=0
08-12 20:04:31.380  6411  8073 I DFInstaObserve: !toggles disable_feed=0 disable_explore=1 disable_reels=0 disable_stories=0 disable_adds=0
08-12 20:04:31.387  6411  8073 I DFInstaObserve: !toggles disable_feed=0 disable_explore=1 disable_reels=0 disable_stories=0 disable_adds=0
08-12 20:04:31.475  6411  8200 I DFInstaObserve: !toggles disable_feed=0 disable_explore=1 disable_reels=0 disable_stories=0 disable_adds=0
08-12 20:04:31.483  6411  8480 I DFInstaObserve: !toggles disable_feed=0 disable_explore=1 disable_reels=0 disable_stories=0 disable_adds=0
08-12 20:04:31.533  6411  8205 I DFInstaObserve: !toggles disable_feed=0 disable_explore=1 disable_reels=0 disable_stories=0 disable_adds=0
08-12 20:04:31.552  6411  8205 I DFInstaObserve: !toggles disable_feed=0 disable_explore=1 disable_reels=0 disable_stories=0 disable_adds=0
08-12 20:04:31.573  6411  8205 I DFInstaObserve: !toggles disable_feed=0 disable_explore=1 disable_reels=0 disable_stories=0 disable_adds=0
08-12 20:04:31.604  6411  8205 I DFInstaObserve: !toggles disable_feed=0 disable_explore=1 disable_reels=0 disable_stories=0 disable_adds=0
08-12 20:04:31.621  6411  8205 I DFInstaObserve: !toggles disable_feed=0 disable_explore=1 disable_reels=0 disable_stories=0 disable_adds=0
08-12 20:04:31.662  6411  8480 I DFInstaObserve: !toggles disable_feed=0 disable_explore=1 disable_reels=0 disable_stories=0 disable_adds=0
08-12 20:04:31.676  6411  8200 I DFInstaObserve: !toggles disable_feed=0 disable_explore=1 disable_reels=0 disable_stories=0 disable_adds=0
08-12 20:04:31.711  6411  8205 I DFInstaObserve: !toggles disable_feed=0 disable_explore=1 disable_reels=0 disable_stories=0 disable_adds=0
08-12 20:04:31.808  6411  6586 I DFInstaObserve: !toggles disable_feed=0 disable_explore=1 disable_reels=0 disable_stories=0 disable_adds=0
08-12 20:04:31.887  6411  6586 I DFInstaObserve: !toggles disable_feed=0 disable_explore=1 disable_reels=0 disable_stories=0 disable_adds=0
08-12 20:04:31.933  6411  6586 I DFInstaObserve: !toggles disable_feed=0 disable_explore=1 disable_reels=0 disable_stories=0 disable_adds=0
08-12 20:04:31.986  6411  6586 I DFInstaObserve: !toggles disable_feed=0 disable_explore=1 disable_reels=0 disable_stories=0 disable_adds=0
08-12 20:04:32.132  6411  6586 I DFInstaObserve: !toggles disable_feed=0 disable_explore=1 disable_reels=0 disable_stories=0 disable_adds=0
08-12 20:04:32.166  6411  6586 I DFInstaObserve: !toggles disable_feed=0 disable_explore=1 disable_reels=0 disable_stories=0 disable_adds=0
08-12 20:04:32.210  6411  6586 I DFInstaObserve: !toggles disable_feed=0 disable_explore=1 disable_reels=0 disable_stories=0 disable_adds=0
08-12 20:04:32.248  6411  6586 I DFInstaObserve: !toggles disable_feed=0 disable_explore=1 disable_reels=0 disable_stories=0 disable_adds=0
08-12 20:04:32.291  6411  6586 I DFInstaObserve: !toggles disable_feed=0 disable_explore=1 disable_reels=0 disable_stories=0 disable_adds=0
08-12 20:04:32.702  6411  8453 I DFInstaObserve: !toggles disable_feed=0 disable_explore=1 disable_reels=0 disable_stories=0 disable_adds=0
08-12 20:04:33.225  6411  6586 I DFInstaObserve: !toggles disable_feed=0 disable_explore=1 disable_reels=0 disable_stories=0 disable_adds=0
08-12 20:04:33.262  6411  6586 I DFInstaObserve: !toggles disable_feed=0 disable_explore=1 disable_reels=0 disable_stories=0 disable_adds=0
08-12 20:04:34.789  6411  8485 I DFInstaObserve: !toggles disable_feed=0 disable_explore=1 disable_reels=0 disable_stories=0 disable_adds=0
08-12 20:04:34.801  6411  8073 I DFInstaObserve: !toggles disable_feed=0 disable_explore=1 disable_reels=0 disable_stories=0 disable_adds=0
08-12 20:04:34.825  6411  8142 I DFInstaObserve: !toggles disable_feed=0 disable_explore=1 disable_reels=0 disable_stories=0 disable_adds=0
08-12 20:04:38.311  6411  6613 I DFInstaObserve: !toggles disable_feed=0 disable_explore=1 disable_reels=0 disable_stories=0 disable_adds=0
08-12 20:04:42.440  6411  8526 I DFInstaObserve: !toggles disable_feed=0 disable_explore=1 disable_reels=0 disable_stories=0 disable_adds=0
08-12 20:04:42.498  6411  8531 I DFInstaObserve: !toggles disable_feed=0 disable_explore=1 disable_reels=0 disable_stories=0 disable_adds=0
08-12 20:04:42.536  6411  8531 I DFInstaObserve: !toggles disable_feed=0 disable_explore=1 disable_reels=0 disable_stories=0 disable_adds=0
08-12 20:04:48.562  6411  8570 I DFInstaObserve: !toggles disable_feed=0 disable_explore=1 disable_reels=0 disable_stories=0 disable_adds=0
08-12 20:04:48.888  6411  8576 I DFInstaObserve: !toggles disable_feed=0 disable_explore=1 disable_reels=0 disable_stories=0 disable_adds=0
08-12 20:04:51.939  6411  8609 I DFInstaObserve: !toggles disable_feed=0 disable_explore=1 disable_reels=0 disable_stories=0 disable_adds=0
08-12 20:04:53.296  6411  8480 I DFInstaObserve: !toggles disable_feed=0 disable_explore=1 disable_reels=0 disable_stories=0 disable_adds=0
08-12 20:04:53.296  6411  8480 I DFInstaObserve: /discover/topical_explore
08-12 20:04:58.531  6411  8720 I DFInstaObserve: !toggles disable_feed=0 disable_explore=1 disable_reels=0 disable_stories=0 disable_adds=0
08-12 20:04:58.576  6411  8720 I DFInstaObserve: !toggles disable_feed=0 disable_explore=1 disable_reels=0 disable_stories=0 disable_adds=0
08-12 20:04:59.606  6411  8752 I DFInstaObserve: !toggles disable_feed=0 disable_explore=1 disable_reels=0 disable_stories=0 disable_adds=0
08-12 20:04:59.618  6411  8751 I DFInstaObserve: !toggles disable_feed=0 disable_explore=1 disable_reels=0 disable_stories=0 disable_adds=0
08-12 20:04:59.631  6411  8358 I DFInstaObserve: !toggles disable_feed=0 disable_explore=1 disable_reels=0 disable_stories=0 disable_adds=0
08-12 20:04:59.631  6411  8358 I DFInstaObserve: /discover/topical_explore
08-12 20:04:59.675  6411  6411 E IgFunctionalErrorEvent: EXPLORE_NOT_LOADING
08-12 20:04:59.675  6411  6411 E IgFunctionalErrorEvent: java.io.IOException: Blocked by DFInsta setting
08-12 20:04:59.971  6411  8774 I DFInstaObserve: !toggles disable_feed=0 disable_explore=1 disable_reels=0 disable_stories=0 disable_adds=0
08-12 20:05:01.956  6411  8766 I DFInstaObserve: !toggles disable_feed=0 disable_explore=1 disable_reels=0 disable_stories=0 disable_adds=0
08-12 20:05:02.039  6411  8759 I DFInstaObserve: !toggles disable_feed=0 disable_explore=1 disable_reels=0 disable_stories=0 disable_adds=0
08-12 20:05:02.744  6411  8818 I DFInstaObserve: !toggles disable_feed=0 disable_explore=1 disable_reels=0 disable_stories=0 disable_adds=0
08-12 20:05:02.999  6411  6613 I DFInstaObserve: !toggles disable_feed=0 disable_explore=1 disable_reels=0 disable_stories=0 disable_adds=0
08-12 20:05:03.092  6411  6613 I DFInstaObserve: !toggles disable_feed=0 disable_explore=1 disable_reels=0 disable_stories=0 disable_adds=0
08-12 20:05:04.886  6411  8819 I DFInstaObserve: !toggles disable_feed=0 disable_explore=1 disable_reels=0 disable_stories=0 disable_adds=0
08-12 20:05:04.889  6411  8818 I DFInstaObserve: !toggles disable_feed=0 disable_explore=1 disable_reels=0 disable_stories=0 disable_adds=0
08-12 20:05:10.696  6411  8802 I DFInstaObserve: !toggles disable_feed=0 disable_explore=1 disable_reels=0 disable_stories=0 disable_adds=0
08-12 20:05:10.696  6411  8802 I DFInstaObserve: /clips/discover
08-12 20:05:10.696  6411  8802 I DFInstaObserve: /clips/discover/stream/
08-12 20:05:11.109  6411  8485 I DFInstaObserve: !toggles disable_feed=0 disable_explore=1 disable_reels=0 disable_stories=0 disable_adds=0
08-12 20:05:13.207  6411  8853 I DFInstaObserve: !toggles disable_feed=0 disable_explore=1 disable_reels=0 disable_stories=0 disable_adds=0
08-12 20:05:13.213  6411  8854 I DFInstaObserve: !toggles disable_feed=0 disable_explore=1 disable_reels=0 disable_stories=0 disable_adds=0
08-12 20:05:14.923  6411  8687 I DFInstaObserve: !toggles disable_feed=0 disable_explore=1 disable_reels=0 disable_stories=0 disable_adds=0
08-12 20:05:14.934  6411  8687 I DFInstaObserve: !toggles disable_feed=0 disable_explore=1 disable_reels=0 disable_stories=0 disable_adds=0
08-12 20:05:14.942  6411  8687 I DFInstaObserve: !toggles disable_feed=0 disable_explore=1 disable_reels=0 disable_stories=0 disable_adds=0
08-12 20:05:15.002  6411  6586 I DFInstaObserve: !toggles disable_feed=0 disable_explore=1 disable_reels=0 disable_stories=0 disable_adds=0
08-12 20:05:15.457  6411  6586 I DFInstaObserve: !toggles disable_feed=0 disable_explore=1 disable_reels=0 disable_stories=0 disable_adds=0
08-12 20:05:15.527  6411  8687 I DFInstaObserve: !toggles disable_feed=0 disable_explore=1 disable_reels=0 disable_stories=0 disable_adds=0
08-12 20:05:15.538  6411  8687 I DFInstaObserve: !toggles disable_feed=0 disable_explore=1 disable_reels=0 disable_stories=0 disable_adds=0
08-12 20:05:15.577  6411  8358 I DFInstaObserve: !toggles disable_feed=0 disable_explore=1 disable_reels=0 disable_stories=0 disable_adds=0
08-12 20:05:15.650  6411  6586 I DFInstaObserve: !toggles disable_feed=0 disable_explore=1 disable_reels=0 disable_stories=0 disable_adds=0
08-12 20:05:15.753  6411  8200 I DFInstaObserve: !toggles disable_feed=0 disable_explore=1 disable_reels=0 disable_stories=0 disable_adds=0
08-12 20:05:15.913  6411  6586 I DFInstaObserve: !toggles disable_feed=0 disable_explore=1 disable_reels=0 disable_stories=0 disable_adds=0
08-12 20:05:16.019  6411  6586 I DFInstaObserve: !toggles disable_feed=0 disable_explore=1 disable_reels=0 disable_stories=0 disable_adds=0
08-12 20:05:16.118  6411  6586 I DFInstaObserve: !toggles disable_feed=0 disable_explore=1 disable_reels=0 disable_stories=0 disable_adds=0
08-12 20:05:16.180  6411  6586 I DFInstaObserve: !toggles disable_feed=0 disable_explore=1 disable_reels=0 disable_stories=0 disable_adds=0
08-12 20:05:16.281  6411  6586 I DFInstaObserve: !toggles disable_feed=0 disable_explore=1 disable_reels=0 disable_stories=0 disable_adds=0
08-12 20:05:16.586  6411  8889 I DFInstaObserve: !toggles disable_feed=0 disable_explore=1 disable_reels=0 disable_stories=0 disable_adds=0
08-12 20:05:16.586  6411  8888 I DFInstaObserve: !toggles disable_feed=0 disable_explore=1 disable_reels=0 disable_stories=0 disable_adds=0
08-12 20:05:19.892  6411  8918 I DFInstaObserve: !toggles disable_feed=0 disable_explore=1 disable_reels=0 disable_stories=0 disable_adds=0
08-12 20:05:19.897  6411  8921 I DFInstaObserve: !toggles disable_feed=0 disable_explore=1 disable_reels=0 disable_stories=0 disable_adds=0
08-12 20:05:21.087  6411  8687 I DFInstaObserve: !toggles disable_feed=0 disable_explore=1 disable_reels=0 disable_stories=0 disable_adds=0
08-12 20:05:23.214  6411  8945 I DFInstaObserve: !toggles disable_feed=0 disable_explore=1 disable_reels=0 disable_stories=0 disable_adds=0
08-12 20:05:23.228  6411  8946 I DFInstaObserve: !toggles disable_feed=0 disable_explore=1 disable_reels=0 disable_stories=0 disable_adds=0
08-12 20:05:23.995  6411  8358 I DFInstaObserve: !toggles disable_feed=0 disable_explore=1 disable_reels=0 disable_stories=0 disable_adds=0
08-12 20:05:23.995  6411  8358 I DFInstaObserve: /clips/discover
08-12 20:05:23.995  6411  8358 I DFInstaObserve: /clips/discover/stream/
08-12 20:05:24.461  6411  8687 I DFInstaObserve: !toggles disable_feed=0 disable_explore=1 disable_reels=0 disable_stories=0 disable_adds=0
08-12 20:05:26.574  6411  8972 I DFInstaObserve: !toggles disable_feed=0 disable_explore=1 disable_reels=0 disable_stories=0 disable_adds=0
08-12 20:05:26.578  6411  8973 I DFInstaObserve: !toggles disable_feed=0 disable_explore=1 disable_reels=0 disable_stories=0 disable_adds=0
