08-12 18:56:57.577  8148  8292 I DFInstaObserve: !toggles disable_feed=0 disable_explore=0 disable_reels=0 disable_stories=1 disable_adds=0
08-12 18:56:57.577  8148  8292 I DFInstaObserve: /feed/reels_tray/
08-12 18:56:57.601  8148  8220 I DFInstaObserve: !toggles disable_feed=0 disable_explore=0 disable_reels=0 disable_stories=1 disable_adds=0
08-12 18:56:57.601  8148  8220 I DFInstaObserve: /feed/timeline/
08-12 18:56:57.706  8148  8193 I DFInstaObserve: !toggles disable_feed=0 disable_explore=0 disable_reels=0 disable_stories=1 disable_adds=0
08-12 18:56:57.706  8148  8193 I DFInstaObserve: /clips/discover
08-12 18:56:57.706  8148  8193 I DFInstaObserve: /clips/discover/stream/
08-12 18:56:57.907  8148  8148 E IgFunctionalErrorEvent: STORY_NOT_LOADING
08-12 18:56:57.907  8148  8148 E IgFunctionalErrorEvent: java.io.IOException: Blocked by DFInsta setting
08-12 18:56:57.944  8148  8347 I DFInstaObserve: !toggles disable_feed=0 disable_explore=0 disable_reels=0 disable_stories=1 disable_adds=0
08-12 18:56:58.054  8148  8188 I DFInstaObserve: !toggles disable_feed=0 disable_explore=0 disable_reels=0 disable_stories=1 disable_adds=0
08-12 18:56:58.276  8148  8221 I DFInstaObserve: !toggles disable_feed=0 disable_explore=0 disable_reels=0 disable_stories=1 disable_adds=0
08-12 18:56:58.339  8148  8285 I DFInstaObserve: !toggles disable_feed=0 disable_explore=0 disable_reels=0 disable_stories=1 disable_adds=0
08-12 18:56:58.339  8148  8285 I DFInstaObserve: /feed/reels_media_stream/
08-12 18:56:58.446  8148  8347 I DFInstaObserve: !toggles disable_feed=0 disable_explore=0 disable_reels=0 disable_stories=1 disable_adds=0
08-12 18:56:58.573  8148  8188 I DFInstaObserve: !toggles disable_feed=0 disable_explore=0 disable_reels=0 disable_stories=1 disable_adds=0
08-12 18:56:58.584  8148  8323 I DFInstaObserve: !toggles disable_feed=0 disable_explore=0 disable_reels=0 disable_stories=1 disable_adds=0
08-12 18:56:58.674  8148  8457 I DFInstaObserve: !toggles disable_feed=0 disable_explore=0 disable_reels=0 disable_stories=1 disable_adds=0
08-12 18:56:58.674  8148  8457 I DFInstaObserve: /discover/topical_explore
08-12 18:56:58.690  8148  8188 I DFInstaObserve: !toggles disable_feed=0 disable_explore=0 disable_reels=0 disable_stories=1 disable_adds=0
08-12 18:56:58.929  8148  8188 I DFInstaObserve: !toggles disable_feed=0 disable_explore=0 disable_reels=0 disable_stories=1 disable_adds=0
08-12 18:56:59.362  8148  8323 I DFInstaObserve: !toggles disable_feed=0 disable_explore=0 disable_reels=0 disable_stories=1 disable_adds=0
08-12 18:56:59.563  8148  8323 I DFInstaObserve: !toggles disable_feed=0 disable_explore=0 disable_reels=0 disable_stories=1 disable_adds=0
08-12 18:56:59.605  8148  8323 I DFInstaObserve: !toggles disable_feed=0 disable_explore=0 disable_reels=0 disable_stories=1 disable_adds=0
08-12 18:56:59.905  8148  8220 I DFInstaObserve: !toggles disable_feed=0 disable_explore=0 disable_reels=0 disable_stories=1 disable_adds=0
08-12 18:57:00.111  8148  8296 I DFInstaObserve: !toggles disable_feed=0 disable_explore=0 disable_reels=0 disable_stories=1 disable_adds=0
08-12 18:57:00.192  8148  8190 I DFInstaObserve: !toggles disable_feed=0 disable_explore=0 disable_reels=0 disable_stories=1 disable_adds=0
08-12 18:57:00.426  8148  8221 I DFInstaObserve: !toggles disable_feed=0 disable_explore=0 disable_reels=0 disable_stories=1 disable_adds=0
08-12 18:57:00.665  8148  8190 I DFInstaObserve: !toggles disable_feed=0 disable_explore=0 disable_reels=0 disable_stories=1 disable_adds=0
08-12 18:57:00.672  8148  8323 I DFInstaObserve: !toggles disable_feed=0 disable_explore=0 disable_reels=0 disable_stories=1 disable_adds=0
08-12 18:57:00.793  8148  8504 I DFInstaObserve: !toggles disable_feed=0 disable_explore=0 disable_reels=0 disable_stories=1 disable_adds=0
08-12 18:57:00.828  8148  8514 I DFInstaObserve: !toggles disable_feed=0 disable_explore=0 disable_reels=0 disable_stories=1 disable_adds=0
08-12 18:57:01.144  8148  8323 I DFInstaObserve: !toggles disable_feed=0 disable_explore=0 disable_reels=0 disable_stories=1 disable_adds=0
08-12 18:57:01.226  8148  8323 I DFInstaObserve: !toggles disable_feed=0 disable_explore=0 disable_reels=0 disable_stories=1 disable_adds=0
08-12 18:57:01.657  8148  8323 I DFInstaObserve: !toggles disable_feed=0 disable_explore=0 disable_reels=0 disable_stories=1 disable_adds=0
08-12 18:57:01.743  8148  8323 I DFInstaObserve: !toggles disable_feed=0 disable_explore=0 disable_reels=0 disable_stories=1 disable_adds=0
08-12 18:57:01.865  8148  8323 I DFInstaObserve: !toggles disable_feed=0 disable_explore=0 disable_reels=0 disable_stories=1 disable_adds=0
08-12 18:57:01.966  8148  8323 I DFInstaObserve: !toggles disable_feed=0 disable_explore=0 disable_reels=0 disable_stories=1 disable_adds=0
08-12 18:57:02.606  8148  8323 I DFInstaObserve: !toggles disable_feed=0 disable_explore=0 disable_reels=0 disable_stories=1 disable_adds=0
08-12 18:57:03.834  8148  8188 I DFInstaObserve: !toggles disable_feed=0 disable_explore=0 disable_reels=0 disable_stories=1 disable_adds=0
08-12 18:57:03.841  8148  8188 I DFInstaObserve: !toggles disable_feed=0 disable_explore=0 disable_reels=0 disable_stories=1 disable_adds=0
08-12 18:57:03.888  8148  8457 I DFInstaObserve: !toggles disable_feed=0 disable_explore=0 disable_reels=0 disable_stories=1 disable_adds=0
08-12 18:57:03.918  8148  8508 I DFInstaObserve: !toggles disable_feed=0 disable_explore=0 disable_reels=0 disable_stories=1 disable_adds=0
08-12 18:57:03.978  8148  8323 I DFInstaObserve: !toggles disable_feed=0 disable_explore=0 disable_reels=0 disable_stories=1 disable_adds=0
08-12 18:57:03.987  8148  8457 I DFInstaObserve: !toggles disable_feed=0 disable_explore=0 disable_reels=0 disable_stories=1 disable_adds=0
08-12 18:57:04.018  8148  8502 I DFInstaObserve: !toggles disable_feed=0 disable_explore=0 disable_reels=0 disable_stories=1 disable_adds=0
08-12 18:57:04.065  8148  8457 I DFInstaObserve: !toggles disable_feed=0 disable_explore=0 disable_reels=0 disable_stories=1 disable_adds=0
08-12 18:57:04.161  8148  8457 I DFInstaObserve: !toggles disable_feed=0 disable_explore=0 disable_reels=0 disable_stories=1 disable_adds=0
08-12 18:57:04.262  8148  8291 I DFInstaObserve: !toggles disable_feed=0 disable_explore=0 disable_reels=0 disable_stories=1 disable_adds=0
08-12 18:57:04.329  8148  8323 I DFInstaObserve: !toggles disable_feed=0 disable_explore=0 disable_reels=0 disable_stories=1 disable_adds=0
08-12 18:57:04.371  8148  8457 I DFInstaObserve: !toggles disable_feed=0 disable_explore=0 disable_reels=0 disable_stories=1 disable_adds=0
08-12 18:57:04.413  8148  8323 I DFInstaObserve: !toggles disable_feed=0 disable_explore=0 disable_reels=0 disable_stories=1 disable_adds=0
08-12 18:57:04.471  8148  8504 I DFInstaObserve: !toggles disable_feed=0 disable_explore=0 disable_reels=0 disable_stories=1 disable_adds=0
08-12 18:57:04.564  8148  8508 I DFInstaObserve: !toggles disable_feed=0 disable_explore=0 disable_reels=0 disable_stories=1 disable_adds=0
08-12 18:57:04.596  8148  8502 I DFInstaObserve: !toggles disable_feed=0 disable_explore=0 disable_reels=0 disable_stories=1 disable_adds=0
08-12 18:57:04.670  8148  8323 I DFInstaObserve: !toggles disable_feed=0 disable_explore=0 disable_reels=0 disable_stories=1 disable_adds=0
08-12 18:57:04.692  8148  8504 I DFInstaObserve: !toggles disable_feed=0 disable_explore=0 disable_reels=0 disable_stories=1 disable_adds=0
08-12 18:57:04.727  8148  8502 I DFInstaObserve: !toggles disable_feed=0 disable_explore=0 disable_reels=0 disable_stories=1 disable_adds=0
08-12 18:57:04.820  8148  8323 I DFInstaObserve: !toggles disable_feed=0 disable_explore=0 disable_reels=0 disable_stories=1 disable_adds=0
08-12 18:57:04.843  8148  8504 I DFInstaObserve: !toggles disable_feed=0 disable_explore=0 disable_reels=0 disable_stories=1 disable_adds=0
08-12 18:57:05.820  8148  8323 I DFInstaObserve: !toggles disable_feed=0 disable_explore=0 disable_reels=0 disable_stories=1 disable_adds=0
08-12 18:57:05.890  8148  8323 I DFInstaObserve: !toggles disable_feed=0 disable_explore=0 disable_reels=0 disable_stories=1 disable_adds=0
08-12 18:57:08.190  8148  8504 I DFInstaObserve: !toggles disable_feed=0 disable_explore=0 disable_reels=0 disable_stories=1 disable_adds=0
08-12 18:57:08.281  8148  8457 I DFInstaObserve: !toggles disable_feed=0 disable_explore=0 disable_reels=0 disable_stories=1 disable_adds=0
08-12 18:57:08.716  8148  8347 I DFInstaObserve: !toggles disable_feed=0 disable_explore=0 disable_reels=0 disable_stories=1 disable_adds=0
08-12 18:57:09.556  8148  8323 I DFInstaObserve: !toggles disable_feed=0 disable_explore=0 disable_reels=0 disable_stories=1 disable_adds=0
08-12 18:57:09.866  8148  8323 I DFInstaObserve: !toggles disable_feed=0 disable_explore=0 disable_reels=0 disable_stories=1 disable_adds=0
08-12 18:57:11.002  8148  8323 I DFInstaObserve: !toggles disable_feed=0 disable_explore=0 disable_reels=0 disable_stories=1 disable_adds=0
08-12 18:57:11.199  8148  8323 I DFInstaObserve: !toggles disable_feed=0 disable_explore=0 disable_reels=0 disable_stories=1 disable_adds=0
08-12 18:57:11.432  8148  8323 I DFInstaObserve: !toggles disable_feed=0 disable_explore=0 disable_reels=0 disable_stories=1 disable_adds=0
08-12 18:57:11.709  8148  8347 I DFInstaObserve: !toggles disable_feed=0 disable_explore=0 disable_reels=0 disable_stories=1 disable_adds=0
08-12 18:57:15.175  8148  8515 I DFInstaObserve: !toggles disable_feed=0 disable_explore=0 disable_reels=0 disable_stories=1 disable_adds=0
08-12 18:57:15.213  8148  8323 I DFInstaObserve: !toggles disable_feed=0 disable_explore=0 disable_reels=0 disable_stories=1 disable_adds=0
08-12 18:57:17.440  8148  8478 I DFInstaObserve: !toggles disable_feed=0 disable_explore=0 disable_reels=0 disable_stories=1 disable_adds=0
08-12 18:57:23.283  8148  8558 I DFInstaObserve: !toggles disable_feed=0 disable_explore=0 disable_reels=0 disable_stories=1 disable_adds=0
08-12 18:57:23.283  8148  8558 I DFInstaObserve: /feed/timeline/
08-12 18:57:23.285  8148  8502 I DFInstaObserve: !toggles disable_feed=0 disable_explore=0 disable_reels=0 disable_stories=1 disable_adds=0
08-12 18:57:23.285  8148  8502 I DFInstaObserve: /feed/reels_tray/
08-12 18:57:23.290  8148  8148 E IgFunctionalErrorEvent: STORY_NOT_LOADING
08-12 18:57:23.290  8148  8148 E IgFunctionalErrorEvent: java.io.IOException: Blocked by DFInsta setting
08-12 18:57:25.517  8148  8188 I DFInstaObserve: !toggles disable_feed=0 disable_explore=0 disable_reels=0 disable_stories=1 disable_adds=0
08-12 18:57:25.525  8148  8188 I DFInstaObserve: !toggles disable_feed=0 disable_explore=0 disable_reels=0 disable_stories=1 disable_adds=0
08-12 18:57:25.586  8148  8323 I DFInstaObserve: !toggles disable_feed=0 disable_explore=0 disable_reels=0 disable_stories=1 disable_adds=0
08-12 18:57:25.654  8148  8323 I DFInstaObserve: !toggles disable_feed=0 disable_explore=0 disable_reels=0 disable_stories=1 disable_adds=0
08-12 18:57:25.743  8148  8558 I DFInstaObserve: !toggles disable_feed=0 disable_explore=0 disable_reels=0 disable_stories=1 disable_adds=0
08-12 18:57:25.743  8148  8558 I DFInstaObserve: /feed/timeline/
08-12 18:57:25.755  8148  8323 I DFInstaObserve: !toggles disable_feed=0 disable_explore=0 disable_reels=0 disable_stories=1 disable_adds=0
08-12 18:57:28.166  8148  8515 I DFInstaObserve: !toggles disable_feed=0 disable_explore=0 disable_reels=0 disable_stories=1 disable_adds=0
08-12 18:57:28.170  8148  8515 I DFInstaObserve: !toggles disable_feed=0 disable_explore=0 disable_reels=0 disable_stories=1 disable_adds=0
08-12 18:57:28.336  8148  8323 I DFInstaObserve: !toggles disable_feed=0 disable_explore=0 disable_reels=0 disable_stories=1 disable_adds=0
08-12 18:57:28.369  8148  8626 I DFInstaObserve: !toggles disable_feed=0 disable_explore=0 disable_reels=0 disable_stories=1 disable_adds=0
08-12 18:57:28.441  8148  8642 I DFInstaObserve: !toggles disable_feed=0 disable_explore=0 disable_reels=0 disable_stories=1 disable_adds=0
08-12 18:57:28.477  8148  8626 I DFInstaObserve: !toggles disable_feed=0 disable_explore=0 disable_reels=0 disable_stories=1 disable_adds=0
08-12 18:57:28.606  8148  8323 I DFInstaObserve: !toggles disable_feed=0 disable_explore=0 disable_reels=0 disable_stories=1 disable_adds=0
08-12 18:57:28.642  8148  8291 I DFInstaObserve: !toggles disable_feed=0 disable_explore=0 disable_reels=0 disable_stories=1 disable_adds=0
08-12 18:57:28.642  8148  8323 I DFInstaObserve: !toggles disable_feed=0 disable_explore=0 disable_reels=0 disable_stories=1 disable_adds=0
08-12 18:57:28.718  8148  8323 I DFInstaObserve: !toggles disable_feed=0 disable_explore=0 disable_reels=0 disable_stories=1 disable_adds=0
08-12 18:57:28.748  8148  8323 I DFInstaObserve: !toggles disable_feed=0 disable_explore=0 disable_reels=0 disable_stories=1 disable_adds=0
08-12 18:57:28.829  8148  8558 I DFInstaObserve: !toggles disable_feed=0 disable_explore=0 disable_reels=0 disable_stories=1 disable_adds=0
08-12 18:57:28.846  8148  8323 I DFInstaObserve: !toggles disable_feed=0 disable_explore=0 disable_reels=0 disable_stories=1 disable_adds=0
08-12 18:57:28.878  8148  8323 I DFInstaObserve: !toggles disable_feed=0 disable_explore=0 disable_reels=0 disable_stories=1 disable_adds=0
08-12 18:57:28.913  8148  8323 I DFInstaObserve: !toggles disable_feed=0 disable_explore=0 disable_reels=0 disable_stories=1 disable_adds=0
08-12 18:57:28.953  8148  8323 I DFInstaObserve: !toggles disable_feed=0 disable_explore=0 disable_reels=0 disable_stories=1 disable_adds=0
08-12 18:57:29.018  8148  8291 I DFInstaObserve: !toggles disable_feed=0 disable_explore=0 disable_reels=0 disable_stories=1 disable_adds=0
08-12 18:57:29.077  8148  8642 I DFInstaObserve: !toggles disable_feed=0 disable_explore=0 disable_reels=0 disable_stories=1 disable_adds=0
08-12 18:57:29.131  8148  8323 I DFInstaObserve: !toggles disable_feed=0 disable_explore=0 disable_reels=0 disable_stories=1 disable_adds=0
08-12 18:57:29.241  8148  8323 I DFInstaObserve: !toggles disable_feed=0 disable_explore=0 disable_reels=0 disable_stories=1 disable_adds=0
08-12 18:57:29.280  8148  8323 I DFInstaObserve: !toggles disable_feed=0 disable_explore=0 disable_reels=0 disable_stories=1 disable_adds=0
08-12 18:57:29.293  8148  8558 I DFInstaObserve: !toggles disable_feed=0 disable_explore=0 disable_reels=0 disable_stories=1 disable_adds=0
08-12 18:57:29.335  8148  8323 I DFInstaObserve: !toggles disable_feed=0 disable_explore=0 disable_reels=0 disable_stories=1 disable_adds=0
08-12 18:57:29.378  8148  8323 I DFInstaObserve: !toggles disable_feed=0 disable_explore=0 disable_reels=0 disable_stories=1 disable_adds=0
08-12 18:57:29.416  8148  8323 I DFInstaObserve: !toggles disable_feed=0 disable_explore=0 disable_reels=0 disable_stories=1 disable_adds=0
08-12 18:57:29.480  8148  8323 I DFInstaObserve: !toggles disable_feed=0 disable_explore=0 disable_reels=0 disable_stories=1 disable_adds=0
08-12 18:57:29.600  8148  8642 I DFInstaObserve: !toggles disable_feed=0 disable_explore=0 disable_reels=0 disable_stories=1 disable_adds=0
08-12 18:57:34.920  8148  8515 I DFInstaObserve: !toggles disable_feed=0 disable_explore=0 disable_reels=0 disable_stories=1 disable_adds=0
08-12 18:57:38.244  8148  8515 I DFInstaObserve: !toggles disable_feed=0 disable_explore=0 disable_reels=0 disable_stories=1 disable_adds=0
08-12 18:57:41.573  8148  8188 I DFInstaObserve: !toggles disable_feed=0 disable_explore=0 disable_reels=0 disable_stories=1 disable_adds=0
08-12 18:57:41.581  8148  8515 I DFInstaObserve: !toggles disable_feed=0 disable_explore=0 disable_reels=0 disable_stories=1 disable_adds=0
08-12 18:57:44.005  8148  8719 I DFInstaObserve: !toggles disable_feed=0 disable_explore=0 disable_reels=0 disable_stories=1 disable_adds=0
08-12 18:57:47.206  8148  8730 I DFInstaObserve: !toggles disable_feed=0 disable_explore=0 disable_reels=0 disable_stories=1 disable_adds=0
08-12 18:57:48.583  8148  8781 I DFInstaObserve: !toggles disable_feed=0 disable_explore=0 disable_reels=0 disable_stories=1 disable_adds=0
08-12 18:57:50.569  8148  8748 I DFInstaObserve: !toggles disable_feed=0 disable_explore=0 disable_reels=0 disable_stories=1 disable_adds=0
08-12 18:57:51.562  8148  8188 I DFInstaObserve: !toggles disable_feed=0 disable_explore=0 disable_reels=0 disable_stories=1 disable_adds=0
08-12 18:57:53.774  8148  8780 I DFInstaObserve: !toggles disable_feed=0 disable_explore=0 disable_reels=0 disable_stories=1 disable_adds=0
08-12 18:57:54.630  8148  8626 I DFInstaObserve: !toggles disable_feed=0 disable_explore=0 disable_reels=0 disable_stories=1 disable_adds=0
08-12 18:57:54.730  8148  8558 I DFInstaObserve: !toggles disable_feed=0 disable_explore=0 disable_reels=0 disable_stories=1 disable_adds=0
08-12 18:57:54.915  8148  8515 I DFInstaObserve: !toggles disable_feed=0 disable_explore=0 disable_reels=0 disable_stories=1 disable_adds=0
08-12 18:57:54.920  8148  8188 I DFInstaObserve: !toggles disable_feed=0 disable_explore=0 disable_reels=0 disable_stories=1 disable_adds=0
08-12 18:57:54.979  8148  8817 I DFInstaObserve: !toggles disable_feed=0 disable_explore=0 disable_reels=0 disable_stories=1 disable_adds=0
08-12 18:57:54.985  8148  8323 I DFInstaObserve: !toggles disable_feed=0 disable_explore=0 disable_reels=0 disable_stories=1 disable_adds=0
08-12 18:57:55.079  8148  8816 I DFInstaObserve: !toggles disable_feed=0 disable_explore=0 disable_reels=0 disable_stories=1 disable_adds=0
08-12 18:57:55.104  8148  8843 I DFInstaObserve: !toggles disable_feed=0 disable_explore=0 disable_reels=0 disable_stories=1 disable_adds=0
08-12 18:57:55.113  8148  8291 I DFInstaObserve: !toggles disable_feed=0 disable_explore=0 disable_reels=0 disable_stories=1 disable_adds=0
08-12 18:57:55.127  8148  8323 I DFInstaObserve: !toggles disable_feed=0 disable_explore=0 disable_reels=0 disable_stories=1 disable_adds=0
08-12 18:57:55.150  8148  8626 I DFInstaObserve: !toggles disable_feed=0 disable_explore=0 disable_reels=0 disable_stories=1 disable_adds=0
08-12 18:57:55.238  8148  8347 I DFInstaObserve: !toggles disable_feed=0 disable_explore=0 disable_reels=0 disable_stories=1 disable_adds=0
08-12 18:57:55.516  8148  8347 I DFInstaObserve: !toggles disable_feed=0 disable_explore=0 disable_reels=0 disable_stories=1 disable_adds=0
08-12 18:57:55.605  8148  8347 I DFInstaObserve: !toggles disable_feed=0 disable_explore=0 disable_reels=0 disable_stories=1 disable_adds=0
08-12 18:57:57.048  8148  8824 I DFInstaObserve: !toggles disable_feed=0 disable_explore=0 disable_reels=0 disable_stories=1 disable_adds=0
08-12 18:57:57.057  8148  8830 I DFInstaObserve: !toggles disable_feed=0 disable_explore=0 disable_reels=0 disable_stories=1 disable_adds=0
08-12 18:57:57.074  8148  8824 I DFInstaObserve: !toggles disable_feed=0 disable_explore=0 disable_reels=0 disable_stories=1 disable_adds=0
08-12 18:57:57.079  8148  8830 I DFInstaObserve: !toggles disable_feed=0 disable_explore=0 disable_reels=0 disable_stories=1 disable_adds=0
08-12 18:58:02.706  8148  8817 I DFInstaObserve: !toggles disable_feed=0 disable_explore=0 disable_reels=0 disable_stories=1 disable_adds=0
08-12 18:58:02.706  8148  8817 I DFInstaObserve: /discover/topical_explore
08-12 18:58:03.424  8148  8909 I DFInstaObserve: !toggles disable_feed=0 disable_explore=0 disable_reels=0 disable_stories=1 disable_adds=0
08-12 18:58:05.184  8148  8892 I DFInstaObserve: !toggles disable_feed=0 disable_explore=0 disable_reels=0 disable_stories=1 disable_adds=0
08-12 18:58:05.404  8148  8898 I DFInstaObserve: !toggles disable_feed=0 disable_explore=0 disable_reels=0 disable_stories=1 disable_adds=0
08-12 18:58:05.965  8148  8515 I DFInstaObserve: !toggles disable_feed=0 disable_explore=0 disable_reels=0 disable_stories=1 disable_adds=0
08-12 18:58:05.971  8148  8515 I DFInstaObserve: !toggles disable_feed=0 disable_explore=0 disable_reels=0 disable_stories=1 disable_adds=0
08-12 18:58:05.977  8148  8515 I DFInstaObserve: !toggles disable_feed=0 disable_explore=0 disable_reels=0 disable_stories=1 disable_adds=0
08-12 18:58:06.063  8148  8515 I DFInstaObserve: !toggles disable_feed=0 disable_explore=0 disable_reels=0 disable_stories=1 disable_adds=0
08-12 18:58:06.071  8148  8515 I DFInstaObserve: !toggles disable_feed=0 disable_explore=0 disable_reels=0 disable_stories=1 disable_adds=0
08-12 18:58:06.078  8148  8515 I DFInstaObserve: !toggles disable_feed=0 disable_explore=0 disable_reels=0 disable_stories=1 disable_adds=0
08-12 18:58:06.170  8148  8515 I DFInstaObserve: !toggles disable_feed=0 disable_explore=0 disable_reels=0 disable_stories=1 disable_adds=0
08-12 18:58:06.175  8148  8515 I DFInstaObserve: !toggles disable_feed=0 disable_explore=0 disable_reels=0 disable_stories=1 disable_adds=0
08-12 18:58:06.186  8148  8515 I DFInstaObserve: !toggles disable_feed=0 disable_explore=0 disable_reels=0 disable_stories=1 disable_adds=0
08-12 18:58:06.193  8148  8932 I DFInstaObserve: !toggles disable_feed=0 disable_explore=0 disable_reels=0 disable_stories=1 disable_adds=0
08-12 18:58:06.193  8148  8932 I DFInstaObserve: /discover/topical_explore
08-12 18:58:06.293  8148  8515 I DFInstaObserve: !toggles disable_feed=0 disable_explore=0 disable_reels=0 disable_stories=1 disable_adds=0
08-12 18:58:06.304  8148  8188 I DFInstaObserve: !toggles disable_feed=0 disable_explore=0 disable_reels=0 disable_stories=1 disable_adds=0
08-12 18:58:06.306  8148  8515 I DFInstaObserve: !toggles disable_feed=0 disable_explore=0 disable_reels=0 disable_stories=1 disable_adds=0
08-12 18:58:06.316  8148  8188 I DFInstaObserve: !toggles disable_feed=0 disable_explore=0 disable_reels=0 disable_stories=1 disable_adds=0
08-12 18:58:06.371  8148  8944 I DFInstaObserve: !toggles disable_feed=0 disable_explore=0 disable_reels=0 disable_stories=1 disable_adds=0
08-12 18:58:06.402  8148  8323 I DFInstaObserve: !toggles disable_feed=0 disable_explore=0 disable_reels=0 disable_stories=1 disable_adds=0
08-12 18:58:06.428  8148  8514 I DFInstaObserve: !toggles disable_feed=0 disable_explore=0 disable_reels=0 disable_stories=1 disable_adds=0
08-12 18:58:06.530  8148  8935 I DFInstaObserve: !toggles disable_feed=0 disable_explore=0 disable_reels=0 disable_stories=1 disable_adds=0
08-12 18:58:06.546  8148  8958 I DFInstaObserve: !toggles disable_feed=0 disable_explore=0 disable_reels=0 disable_stories=1 disable_adds=0
08-12 18:58:06.561  8148  8323 I DFInstaObserve: !toggles disable_feed=0 disable_explore=0 disable_reels=0 disable_stories=1 disable_adds=0
08-12 18:58:06.603  8148  8961 I DFInstaObserve: !toggles disable_feed=0 disable_explore=0 disable_reels=0 disable_stories=1 disable_adds=0
08-12 18:58:06.654  8148  8323 I DFInstaObserve: !toggles disable_feed=0 disable_explore=0 disable_reels=0 disable_stories=1 disable_adds=0
08-12 18:58:06.733  8148  8323 I DFInstaObserve: !toggles disable_feed=0 disable_explore=0 disable_reels=0 disable_stories=1 disable_adds=0
08-12 18:58:06.748  8148  8514 I DFInstaObserve: !toggles disable_feed=0 disable_explore=0 disable_reels=0 disable_stories=1 disable_adds=0
08-12 18:58:06.753  8148  8514 I DFInstaObserve: !toggles disable_feed=0 disable_explore=0 disable_reels=0 disable_stories=1 disable_adds=0
08-12 18:58:06.757  8148  8975 I DFInstaObserve: !toggles disable_feed=0 disable_explore=0 disable_reels=0 disable_stories=1 disable_adds=0
08-12 18:58:06.762  8148  8942 I DFInstaObserve: !toggles disable_feed=0 disable_explore=0 disable_reels=0 disable_stories=1 disable_adds=0
08-12 18:58:06.791  8148  8881 I DFInstaObserve: !toggles disable_feed=0 disable_explore=0 disable_reels=0 disable_stories=1 disable_adds=0
08-12 18:58:06.810  8148  8323 I DFInstaObserve: !toggles disable_feed=0 disable_explore=0 disable_reels=0 disable_stories=1 disable_adds=0
08-12 18:58:06.937  8148  8935 I DFInstaObserve: !toggles disable_feed=0 disable_explore=0 disable_reels=0 disable_stories=1 disable_adds=0
08-12 18:58:06.945  8148  8323 I DFInstaObserve: !toggles disable_feed=0 disable_explore=0 disable_reels=0 disable_stories=1 disable_adds=0
08-12 18:58:07.150  8148  8323 I DFInstaObserve: !toggles disable_feed=0 disable_explore=0 disable_reels=0 disable_stories=1 disable_adds=0
08-12 18:58:07.198  8148  8323 I DFInstaObserve: !toggles disable_feed=0 disable_explore=0 disable_reels=0 disable_stories=1 disable_adds=0
08-12 18:58:07.605  8148  8323 I DFInstaObserve: !toggles disable_feed=0 disable_explore=0 disable_reels=0 disable_stories=1 disable_adds=0
08-12 18:58:07.645  8148  8323 I DFInstaObserve: !toggles disable_feed=0 disable_explore=0 disable_reels=0 disable_stories=1 disable_adds=0
08-12 18:58:07.949  8148  8323 I DFInstaObserve: !toggles disable_feed=0 disable_explore=0 disable_reels=0 disable_stories=1 disable_adds=0
08-12 18:58:07.993  8148  8323 I DFInstaObserve: !toggles disable_feed=0 disable_explore=0 disable_reels=0 disable_stories=1 disable_adds=0
08-12 18:58:08.719  8148  8958 I DFInstaObserve: !toggles disable_feed=0 disable_explore=0 disable_reels=0 disable_stories=1 disable_adds=0
08-12 18:58:08.782  8148  8958 I DFInstaObserve: !toggles disable_feed=0 disable_explore=0 disable_reels=0 disable_stories=1 disable_adds=0
08-12 18:58:09.310  8148  8188 I DFInstaObserve: !toggles disable_feed=0 disable_explore=0 disable_reels=0 disable_stories=1 disable_adds=0
08-12 18:58:09.314  8148  8983 I DFInstaObserve: !toggles disable_feed=0 disable_explore=0 disable_reels=0 disable_stories=1 disable_adds=0
08-12 18:58:09.443  8148  8935 I DFInstaObserve: !toggles disable_feed=0 disable_explore=0 disable_reels=0 disable_stories=1 disable_adds=0
08-12 18:58:09.476  8148  8942 I DFInstaObserve: !toggles disable_feed=0 disable_explore=0 disable_reels=0 disable_stories=1 disable_adds=0
08-12 18:58:09.528  8148  9001 I DFInstaObserve: !toggles disable_feed=0 disable_explore=0 disable_reels=0 disable_stories=1 disable_adds=0
08-12 18:58:09.589  8148  8881 I DFInstaObserve: !toggles disable_feed=0 disable_explore=0 disable_reels=0 disable_stories=1 disable_adds=0
08-12 18:58:09.663  8148  8992 I DFInstaObserve: !toggles disable_feed=0 disable_explore=0 disable_reels=0 disable_stories=1 disable_adds=0
08-12 18:58:09.705  8148  8932 I DFInstaObserve: !toggles disable_feed=0 disable_explore=0 disable_reels=0 disable_stories=1 disable_adds=0
08-12 18:58:09.780  8148  8935 I DFInstaObserve: !toggles disable_feed=0 disable_explore=0 disable_reels=0 disable_stories=1 disable_adds=0
08-12 18:58:09.788  8148  8323 I DFInstaObserve: !toggles disable_feed=0 disable_explore=0 disable_reels=0 disable_stories=1 disable_adds=0
08-12 18:58:09.817  8148  8953 I DFInstaObserve: !toggles disable_feed=0 disable_explore=0 disable_reels=0 disable_stories=1 disable_adds=0
08-12 18:58:09.877  8148  8323 I DFInstaObserve: !toggles disable_feed=0 disable_explore=0 disable_reels=0 disable_stories=1 disable_adds=0
08-12 18:58:09.935  8148  8881 I DFInstaObserve: !toggles disable_feed=0 disable_explore=0 disable_reels=0 disable_stories=1 disable_adds=0
08-12 18:58:10.104  8148  8992 I DFInstaObserve: !toggles disable_feed=0 disable_explore=0 disable_reels=0 disable_stories=1 disable_adds=0
08-12 18:58:10.130  8148  9026 I DFInstaObserve: !toggles disable_feed=0 disable_explore=0 disable_reels=0 disable_stories=1 disable_adds=0
08-12 18:58:10.245  8148  8953 I DFInstaObserve: !toggles disable_feed=0 disable_explore=0 disable_reels=0 disable_stories=1 disable_adds=0
08-12 18:58:10.289  8148  8323 I DFInstaObserve: !toggles disable_feed=0 disable_explore=0 disable_reels=0 disable_stories=1 disable_adds=0
08-12 18:58:10.290  8148  8953 I DFInstaObserve: !toggles disable_feed=0 disable_explore=0 disable_reels=0 disable_stories=1 disable_adds=0
08-12 18:58:10.291  8148  8953 I DFInstaObserve: /discover/topical_explore
08-12 18:58:10.336  8148  8932 I DFInstaObserve: !toggles disable_feed=0 disable_explore=0 disable_reels=0 disable_stories=1 disable_adds=0
08-12 18:58:10.365  8148  8323 I DFInstaObserve: !toggles disable_feed=0 disable_explore=0 disable_reels=0 disable_stories=1 disable_adds=0
08-12 18:58:10.374  8148  8935 I DFInstaObserve: !toggles disable_feed=0 disable_explore=0 disable_reels=0 disable_stories=1 disable_adds=0
08-12 18:58:10.442  8148  8992 I DFInstaObserve: !toggles disable_feed=0 disable_explore=0 disable_reels=0 disable_stories=1 disable_adds=0
08-12 18:58:10.476  8148  8932 I DFInstaObserve: !toggles disable_feed=0 disable_explore=0 disable_reels=0 disable_stories=1 disable_adds=0
08-12 18:58:10.540  8148  8992 I DFInstaObserve: !toggles disable_feed=0 disable_explore=0 disable_reels=0 disable_stories=1 disable_adds=0
08-12 18:58:10.618  8148  8932 I DFInstaObserve: !toggles disable_feed=0 disable_explore=0 disable_reels=0 disable_stories=1 disable_adds=0
08-12 18:58:10.668  8148  8992 I DFInstaObserve: !toggles disable_feed=0 disable_explore=0 disable_reels=0 disable_stories=1 disable_adds=0
08-12 18:58:10.848  8148  8932 I DFInstaObserve: !toggles disable_feed=0 disable_explore=0 disable_reels=0 disable_stories=1 disable_adds=0
08-12 18:58:10.902  8148  8942 I DFInstaObserve: !toggles disable_feed=0 disable_explore=0 disable_reels=0 disable_stories=1 disable_adds=0
08-12 18:58:10.955  8148  8323 I DFInstaObserve: !toggles disable_feed=0 disable_explore=0 disable_reels=0 disable_stories=1 disable_adds=0
08-12 18:58:11.017  8148  8323 I DFInstaObserve: !toggles disable_feed=0 disable_explore=0 disable_reels=0 disable_stories=1 disable_adds=0
08-12 18:58:11.502  8148  8323 I DFInstaObserve: !toggles disable_feed=0 disable_explore=0 disable_reels=0 disable_stories=1 disable_adds=0
08-12 18:58:11.563  8148  8323 I DFInstaObserve: !toggles disable_feed=0 disable_explore=0 disable_reels=0 disable_stories=1 disable_adds=0
08-12 18:58:11.687  8148  8323 I DFInstaObserve: !toggles disable_feed=0 disable_explore=0 disable_reels=0 disable_stories=1 disable_adds=0
08-12 18:58:11.742  8148  8323 I DFInstaObserve: !toggles disable_feed=0 disable_explore=0 disable_reels=0 disable_stories=1 disable_adds=0
08-12 18:58:11.824  8148  8323 I DFInstaObserve: !toggles disable_feed=0 disable_explore=0 disable_reels=0 disable_stories=1 disable_adds=0
08-12 18:58:11.880  8148  8323 I DFInstaObserve: !toggles disable_feed=0 disable_explore=0 disable_reels=0 disable_stories=1 disable_adds=0
08-12 18:58:12.042  8148  9020 I DFInstaObserve: !toggles disable_feed=0 disable_explore=0 disable_reels=0 disable_stories=1 disable_adds=0
08-12 18:58:12.092  8148  9014 I DFInstaObserve: !toggles disable_feed=0 disable_explore=0 disable_reels=0 disable_stories=1 disable_adds=0
08-12 18:58:12.192  8148  9020 I DFInstaObserve: !toggles disable_feed=0 disable_explore=0 disable_reels=0 disable_stories=1 disable_adds=0
08-12 18:58:12.929  8148  9049 I DFInstaObserve: !toggles disable_feed=0 disable_explore=0 disable_reels=0 disable_stories=1 disable_adds=0
08-12 18:58:13.117  8148  8323 I DFInstaObserve: !toggles disable_feed=0 disable_explore=0 disable_reels=0 disable_stories=1 disable_adds=0
08-12 18:58:13.243  8148  9065 I DFInstaObserve: !toggles disable_feed=0 disable_explore=0 disable_reels=0 disable_stories=1 disable_adds=0
08-12 18:58:13.284  8148  8323 I DFInstaObserve: !toggles disable_feed=0 disable_explore=0 disable_reels=0 disable_stories=1 disable_adds=0
08-12 18:58:13.678  8148  8953 I DFInstaObserve: !toggles disable_feed=0 disable_explore=0 disable_reels=0 disable_stories=1 disable_adds=0
08-12 18:58:13.678  8148  8953 I DFInstaObserve: /discover/topical_explore
08-12 18:58:13.830  8148  8983 I DFInstaObserve: !toggles disable_feed=0 disable_explore=0 disable_reels=0 disable_stories=1 disable_adds=0
08-12 18:58:13.841  8148  9075 I DFInstaObserve: !toggles disable_feed=0 disable_explore=0 disable_reels=0 disable_stories=1 disable_adds=0
08-12 18:58:13.978  8148  8932 I DFInstaObserve: !toggles disable_feed=0 disable_explore=0 disable_reels=0 disable_stories=1 disable_adds=0
08-12 18:58:14.040  8148  8942 I DFInstaObserve: !toggles disable_feed=0 disable_explore=0 disable_reels=0 disable_stories=1 disable_adds=0
08-12 18:58:14.186  8148  9044 I DFInstaObserve: !toggles disable_feed=0 disable_explore=0 disable_reels=0 disable_stories=1 disable_adds=0
08-12 18:58:14.273  8148  8932 I DFInstaObserve: !toggles disable_feed=0 disable_explore=0 disable_reels=0 disable_stories=1 disable_adds=0
08-12 18:58:14.484  8148  9042 I DFInstaObserve: !toggles disable_feed=0 disable_explore=0 disable_reels=0 disable_stories=1 disable_adds=0
08-12 18:58:14.546  8148  9042 I DFInstaObserve: !toggles disable_feed=0 disable_explore=0 disable_reels=0 disable_stories=1 disable_adds=0
08-12 18:58:14.649  8148  8932 I DFInstaObserve: !toggles disable_feed=0 disable_explore=0 disable_reels=0 disable_stories=1 disable_adds=0
08-12 18:58:14.690  8148  9042 I DFInstaObserve: !toggles disable_feed=0 disable_explore=0 disable_reels=0 disable_stories=1 disable_adds=0
08-12 18:58:14.775  8148  8932 I DFInstaObserve: !toggles disable_feed=0 disable_explore=0 disable_reels=0 disable_stories=1 disable_adds=0
08-12 18:58:14.820  8148  9042 I DFInstaObserve: !toggles disable_feed=0 disable_explore=0 disable_reels=0 disable_stories=1 disable_adds=0
08-12 18:58:14.861  8148  9042 I DFInstaObserve: !toggles disable_feed=0 disable_explore=0 disable_reels=0 disable_stories=1 disable_adds=0
08-12 18:58:14.956  8148  9042 I DFInstaObserve: !toggles disable_feed=0 disable_explore=0 disable_reels=0 disable_stories=1 disable_adds=0
08-12 18:58:15.184  8148  8932 I DFInstaObserve: !toggles disable_feed=0 disable_explore=0 disable_reels=0 disable_stories=1 disable_adds=0
08-12 18:58:15.221  8148  8942 I DFInstaObserve: !toggles disable_feed=0 disable_explore=0 disable_reels=0 disable_stories=1 disable_adds=0
08-12 18:58:15.298  8148  9042 I DFInstaObserve: !toggles disable_feed=0 disable_explore=0 disable_reels=0 disable_stories=1 disable_adds=0
08-12 18:58:15.362  8148  8942 I DFInstaObserve: !toggles disable_feed=0 disable_explore=0 disable_reels=0 disable_stories=1 disable_adds=0
08-12 18:58:15.416  8148  8942 I DFInstaObserve: !toggles disable_feed=0 disable_explore=0 disable_reels=0 disable_stories=1 disable_adds=0
08-12 18:58:15.448  8148  9071 I DFInstaObserve: !toggles disable_feed=0 disable_explore=0 disable_reels=0 disable_stories=1 disable_adds=0
08-12 18:58:15.501  8148  9064 I DFInstaObserve: !toggles disable_feed=0 disable_explore=0 disable_reels=0 disable_stories=1 disable_adds=0
08-12 18:58:15.520  8148  8323 I DFInstaObserve: !toggles disable_feed=0 disable_explore=0 disable_reels=0 disable_stories=1 disable_adds=0
08-12 18:58:15.550  8148  9042 I DFInstaObserve: !toggles disable_feed=0 disable_explore=0 disable_reels=0 disable_stories=1 disable_adds=0
08-12 18:58:15.650  8148  9069 I DFInstaObserve: !toggles disable_feed=0 disable_explore=0 disable_reels=0 disable_stories=1 disable_adds=0
08-12 18:58:15.887  8148  8323 I DFInstaObserve: !toggles disable_feed=0 disable_explore=0 disable_reels=0 disable_stories=1 disable_adds=0
08-12 18:58:16.153  8148  8323 I DFInstaObserve: !toggles disable_feed=0 disable_explore=0 disable_reels=0 disable_stories=1 disable_adds=0
08-12 18:58:16.339  8148  8323 I DFInstaObserve: !toggles disable_feed=0 disable_explore=0 disable_reels=0 disable_stories=1 disable_adds=0
08-12 18:58:16.458  8148  9075 I DFInstaObserve: !toggles disable_feed=0 disable_explore=0 disable_reels=0 disable_stories=1 disable_adds=0
08-12 18:58:16.471  8148  9282 I DFInstaObserve: !toggles disable_feed=0 disable_explore=0 disable_reels=0 disable_stories=1 disable_adds=0
08-12 18:58:16.712  8148  8323 I DFInstaObserve: !toggles disable_feed=0 disable_explore=0 disable_reels=0 disable_stories=1 disable_adds=0
08-12 18:58:16.738  8148  9284 I DFInstaObserve: !toggles disable_feed=0 disable_explore=0 disable_reels=0 disable_stories=1 disable_adds=0
08-12 18:58:16.792  8148  9303 I DFInstaObserve: !toggles disable_feed=0 disable_explore=0 disable_reels=0 disable_stories=1 disable_adds=0
08-12 18:58:16.807  8148  8323 I DFInstaObserve: !toggles disable_feed=0 disable_explore=0 disable_reels=0 disable_stories=1 disable_adds=0
08-12 18:58:16.818  8148  9287 I DFInstaObserve: !toggles disable_feed=0 disable_explore=0 disable_reels=0 disable_stories=1 disable_adds=0
08-12 18:58:16.885  8148  9044 I DFInstaObserve: !toggles disable_feed=0 disable_explore=0 disable_reels=0 disable_stories=1 disable_adds=0
08-12 18:58:17.001  8148  8953 I DFInstaObserve: !toggles disable_feed=0 disable_explore=0 disable_reels=0 disable_stories=1 disable_adds=0
08-12 18:58:17.060  8148  9317 I DFInstaObserve: !toggles disable_feed=0 disable_explore=0 disable_reels=0 disable_stories=1 disable_adds=0
08-12 18:58:17.077  8148  9289 I DFInstaObserve: !toggles disable_feed=0 disable_explore=0 disable_reels=0 disable_stories=1 disable_adds=0
08-12 18:58:17.220  8148  9286 I DFInstaObserve: !toggles disable_feed=0 disable_explore=0 disable_reels=0 disable_stories=1 disable_adds=0
08-12 18:58:17.464  8148  8953 I DFInstaObserve: !toggles disable_feed=0 disable_explore=0 disable_reels=0 disable_stories=1 disable_adds=0
08-12 18:58:17.553  8148  9287 I DFInstaObserve: !toggles disable_feed=0 disable_explore=0 disable_reels=0 disable_stories=1 disable_adds=0
08-12 18:58:17.700  8148  9286 I DFInstaObserve: !toggles disable_feed=0 disable_explore=0 disable_reels=0 disable_stories=1 disable_adds=0
08-12 18:58:17.783  8148  9287 I DFInstaObserve: !toggles disable_feed=0 disable_explore=0 disable_reels=0 disable_stories=1 disable_adds=0
08-12 18:58:18.100  8148  9286 I DFInstaObserve: !toggles disable_feed=0 disable_explore=0 disable_reels=0 disable_stories=1 disable_adds=0
08-12 18:58:18.114  8148  9303 I DFInstaObserve: !toggles disable_feed=0 disable_explore=0 disable_reels=0 disable_stories=1 disable_adds=0
08-12 18:58:18.131  8148  9289 I DFInstaObserve: !toggles disable_feed=0 disable_explore=0 disable_reels=0 disable_stories=1 disable_adds=0
08-12 18:58:18.178  8148  8953 I DFInstaObserve: !toggles disable_feed=0 disable_explore=0 disable_reels=0 disable_stories=1 disable_adds=0
08-12 18:58:18.233  8148  9289 I DFInstaObserve: !toggles disable_feed=0 disable_explore=0 disable_reels=0 disable_stories=1 disable_adds=0
08-12 18:58:18.333  8148  8953 I DFInstaObserve: !toggles disable_feed=0 disable_explore=0 disable_reels=0 disable_stories=1 disable_adds=0
08-12 18:58:18.362  8148  9287 I DFInstaObserve: !toggles disable_feed=0 disable_explore=0 disable_reels=0 disable_stories=1 disable_adds=0
08-12 18:58:18.488  8148  9287 I DFInstaObserve: !toggles disable_feed=0 disable_explore=0 disable_reels=0 disable_stories=1 disable_adds=0
08-12 18:58:18.517  8148  8953 I DFInstaObserve: !toggles disable_feed=0 disable_explore=0 disable_reels=0 disable_stories=1 disable_adds=0
08-12 18:58:18.894  8148  8953 I DFInstaObserve: !toggles disable_feed=0 disable_explore=0 disable_reels=0 disable_stories=1 disable_adds=0
08-12 18:58:18.937  8148  9289 I DFInstaObserve: !toggles disable_feed=0 disable_explore=0 disable_reels=0 disable_stories=1 disable_adds=0
08-12 18:58:18.958  8148  9307 I DFInstaObserve: !toggles disable_feed=0 disable_explore=0 disable_reels=0 disable_stories=1 disable_adds=0
08-12 18:58:19.576  8148  8323 I DFInstaObserve: !toggles disable_feed=0 disable_explore=0 disable_reels=0 disable_stories=1 disable_adds=0
08-12 18:58:19.624  8148  8323 I DFInstaObserve: !toggles disable_feed=0 disable_explore=0 disable_reels=0 disable_stories=1 disable_adds=0
08-12 18:58:19.667  8148  8323 I DFInstaObserve: !toggles disable_feed=0 disable_explore=0 disable_reels=0 disable_stories=1 disable_adds=0
08-12 18:58:19.701  8148  9392 I DFInstaObserve: !toggles disable_feed=0 disable_explore=0 disable_reels=0 disable_stories=1 disable_adds=0
08-12 18:58:19.881  8148  9402 I DFInstaObserve: !toggles disable_feed=0 disable_explore=0 disable_reels=0 disable_stories=1 disable_adds=0
08-12 18:58:19.881  8148  9400 I DFInstaObserve: !toggles disable_feed=0 disable_explore=0 disable_reels=0 disable_stories=1 disable_adds=0
08-12 18:58:20.030  8148  9410 I DFInstaObserve: !toggles disable_feed=0 disable_explore=0 disable_reels=0 disable_stories=1 disable_adds=0
08-12 18:58:20.133  8148  9416 I DFInstaObserve: !toggles disable_feed=0 disable_explore=0 disable_reels=0 disable_stories=1 disable_adds=0
08-12 18:58:20.453  8148  9424 I DFInstaObserve: !toggles disable_feed=0 disable_explore=0 disable_reels=0 disable_stories=1 disable_adds=0
08-12 18:58:20.905  8148  8323 I DFInstaObserve: !toggles disable_feed=0 disable_explore=0 disable_reels=0 disable_stories=1 disable_adds=0
08-12 18:58:21.005  8148  8323 I DFInstaObserve: !toggles disable_feed=0 disable_explore=0 disable_reels=0 disable_stories=1 disable_adds=0
08-12 18:58:21.052  8148  8323 I DFInstaObserve: !toggles disable_feed=0 disable_explore=0 disable_reels=0 disable_stories=1 disable_adds=0
08-12 18:58:21.088  8148  8323 I DFInstaObserve: !toggles disable_feed=0 disable_explore=0 disable_reels=0 disable_stories=1 disable_adds=0
08-12 18:58:21.121  8148  8323 I DFInstaObserve: !toggles disable_feed=0 disable_explore=0 disable_reels=0 disable_stories=1 disable_adds=0
08-12 18:58:21.161  8148  8323 I DFInstaObserve: !toggles disable_feed=0 disable_explore=0 disable_reels=0 disable_stories=1 disable_adds=0
08-12 18:58:21.258  8148  8323 I DFInstaObserve: !toggles disable_feed=0 disable_explore=0 disable_reels=0 disable_stories=1 disable_adds=0
08-12 18:58:21.281  8148  8323 I DFInstaObserve: !toggles disable_feed=0 disable_explore=0 disable_reels=0 disable_stories=1 disable_adds=0
08-12 18:58:21.319  8148  8323 I DFInstaObserve: !toggles disable_feed=0 disable_explore=0 disable_reels=0 disable_stories=1 disable_adds=0
08-12 18:58:21.346  8148  8323 I DFInstaObserve: !toggles disable_feed=0 disable_explore=0 disable_reels=0 disable_stories=1 disable_adds=0
08-12 18:58:21.383  8148  8323 I DFInstaObserve: !toggles disable_feed=0 disable_explore=0 disable_reels=0 disable_stories=1 disable_adds=0
08-12 18:58:21.430  8148  8323 I DFInstaObserve: !toggles disable_feed=0 disable_explore=0 disable_reels=0 disable_stories=1 disable_adds=0
08-12 18:58:21.772  8148  8323 I DFInstaObserve: !toggles disable_feed=0 disable_explore=0 disable_reels=0 disable_stories=1 disable_adds=0
08-12 18:58:21.812  8148  8323 I DFInstaObserve: !toggles disable_feed=0 disable_explore=0 disable_reels=0 disable_stories=1 disable_adds=0
08-12 18:58:21.967  8148  8323 I DFInstaObserve: !toggles disable_feed=0 disable_explore=0 disable_reels=0 disable_stories=1 disable_adds=0
08-12 18:58:22.001  8148  8323 I DFInstaObserve: !toggles disable_feed=0 disable_explore=0 disable_reels=0 disable_stories=1 disable_adds=0
08-12 18:58:22.127  8148  8323 I DFInstaObserve: !toggles disable_feed=0 disable_explore=0 disable_reels=0 disable_stories=1 disable_adds=0
08-12 18:58:22.162  8148  8323 I DFInstaObserve: !toggles disable_feed=0 disable_explore=0 disable_reels=0 disable_stories=1 disable_adds=0
08-12 18:58:22.379  8148  8323 I DFInstaObserve: !toggles disable_feed=0 disable_explore=0 disable_reels=0 disable_stories=1 disable_adds=0
08-12 18:58:22.379  8148  9416 I DFInstaObserve: !toggles disable_feed=0 disable_explore=0 disable_reels=0 disable_stories=1 disable_adds=0
08-12 18:58:22.441  8148  8323 I DFInstaObserve: !toggles disable_feed=0 disable_explore=0 disable_reels=0 disable_stories=1 disable_adds=0
08-12 18:58:22.536  8148  9410 I DFInstaObserve: !toggles disable_feed=0 disable_explore=0 disable_reels=0 disable_stories=1 disable_adds=0
08-12 18:58:22.565  8148  8323 I DFInstaObserve: !toggles disable_feed=0 disable_explore=0 disable_reels=0 disable_stories=1 disable_adds=0
08-12 18:58:22.751  8148  9282 I DFInstaObserve: !toggles disable_feed=0 disable_explore=0 disable_reels=0 disable_stories=1 disable_adds=0
08-12 18:58:22.881  8148  8953 I DFInstaObserve: !toggles disable_feed=0 disable_explore=0 disable_reels=0 disable_stories=1 disable_adds=0
08-12 18:58:22.921  8148  9282 I DFInstaObserve: !toggles disable_feed=0 disable_explore=0 disable_reels=0 disable_stories=1 disable_adds=0
08-12 18:58:23.033  8148  9282 I DFInstaObserve: !toggles disable_feed=0 disable_explore=0 disable_reels=0 disable_stories=1 disable_adds=0
08-12 18:58:23.039  8148  9282 I DFInstaObserve: !toggles disable_feed=0 disable_explore=0 disable_reels=0 disable_stories=1 disable_adds=0
08-12 18:58:23.094  8148  8514 I DFInstaObserve: !toggles disable_feed=0 disable_explore=0 disable_reels=0 disable_stories=1 disable_adds=0
08-12 18:58:23.137  8148  8347 I DFInstaObserve: !toggles disable_feed=0 disable_explore=0 disable_reels=0 disable_stories=1 disable_adds=0
08-12 18:58:23.184  8148  8514 I DFInstaObserve: !toggles disable_feed=0 disable_explore=0 disable_reels=0 disable_stories=1 disable_adds=0
08-12 18:58:23.225  8148  8347 I DFInstaObserve: !toggles disable_feed=0 disable_explore=0 disable_reels=0 disable_stories=1 disable_adds=0
08-12 18:58:23.249  8148  9472 I DFInstaObserve: !toggles disable_feed=0 disable_explore=0 disable_reels=0 disable_stories=1 disable_adds=0
08-12 18:58:23.353  8148  9477 I DFInstaObserve: !toggles disable_feed=0 disable_explore=0 disable_reels=0 disable_stories=1 disable_adds=0
08-12 18:58:23.570  8148  8347 I DFInstaObserve: !toggles disable_feed=0 disable_explore=0 disable_reels=0 disable_stories=1 disable_adds=0
08-12 18:58:23.876  8148  8347 I DFInstaObserve: !toggles disable_feed=0 disable_explore=0 disable_reels=0 disable_stories=1 disable_adds=0
08-12 18:58:23.963  8148  8347 I DFInstaObserve: !toggles disable_feed=0 disable_explore=0 disable_reels=0 disable_stories=1 disable_adds=0
08-12 18:58:24.042  8148  8347 I DFInstaObserve: !toggles disable_feed=0 disable_explore=0 disable_reels=0 disable_stories=1 disable_adds=0
08-12 18:58:25.398  8148  9484 I DFInstaObserve: !toggles disable_feed=0 disable_explore=0 disable_reels=0 disable_stories=1 disable_adds=0
08-12 18:58:25.512  8148  9484 I DFInstaObserve: !toggles disable_feed=0 disable_explore=0 disable_reels=0 disable_stories=1 disable_adds=0
08-12 18:58:25.516  8148  9483 I DFInstaObserve: !toggles disable_feed=0 disable_explore=0 disable_reels=0 disable_stories=1 disable_adds=0
08-12 18:58:25.603  8148  9483 I DFInstaObserve: !toggles disable_feed=0 disable_explore=0 disable_reels=0 disable_stories=1 disable_adds=0
08-12 18:58:27.858  8148  9484 I DFInstaObserve: !toggles disable_feed=0 disable_explore=0 disable_reels=0 disable_stories=1 disable_adds=0
08-12 18:58:27.859  8148  9483 I DFInstaObserve: !toggles disable_feed=0 disable_explore=0 disable_reels=0 disable_stories=1 disable_adds=0
08-12 18:58:30.855  8148  8953 I DFInstaObserve: !toggles disable_feed=0 disable_explore=0 disable_reels=0 disable_stories=1 disable_adds=0
08-12 18:58:30.855  8148  8953 I DFInstaObserve: /clips/discover
08-12 18:58:30.855  8148  8953 I DFInstaObserve: /clips/discover/stream/
08-12 18:58:31.276  8148  9075 I DFInstaObserve: !toggles disable_feed=0 disable_explore=0 disable_reels=0 disable_stories=1 disable_adds=0
08-12 18:58:31.330  8148  9075 I DFInstaObserve: !toggles disable_feed=0 disable_explore=0 disable_reels=0 disable_stories=1 disable_adds=0
08-12 18:58:33.436  8148  9520 I DFInstaObserve: !toggles disable_feed=0 disable_explore=0 disable_reels=0 disable_stories=1 disable_adds=0
08-12 18:58:33.445  8148  9449 I DFInstaObserve: !toggles disable_feed=0 disable_explore=0 disable_reels=0 disable_stories=1 disable_adds=0
08-12 18:58:35.310  8148  9075 I DFInstaObserve: !toggles disable_feed=0 disable_explore=0 disable_reels=0 disable_stories=1 disable_adds=0
08-12 18:58:35.320  8148  9282 I DFInstaObserve: !toggles disable_feed=0 disable_explore=0 disable_reels=0 disable_stories=1 disable_adds=0
08-12 18:58:35.330  8148  8323 I DFInstaObserve: !toggles disable_feed=0 disable_explore=0 disable_reels=0 disable_stories=1 disable_adds=0
08-12 18:58:35.384  8148  9282 I DFInstaObserve: !toggles disable_feed=0 disable_explore=0 disable_reels=0 disable_stories=1 disable_adds=0
08-12 18:58:35.481  8148  9560 I DFInstaObserve: !toggles disable_feed=0 disable_explore=0 disable_reels=0 disable_stories=1 disable_adds=0
08-12 18:58:35.482  8148  8323 I DFInstaObserve: !toggles disable_feed=0 disable_explore=0 disable_reels=0 disable_stories=1 disable_adds=0
08-12 18:58:35.744  8148  8323 I DFInstaObserve: !toggles disable_feed=0 disable_explore=0 disable_reels=0 disable_stories=1 disable_adds=0
08-12 18:58:35.963  8148  9075 I DFInstaObserve: !toggles disable_feed=0 disable_explore=0 disable_reels=0 disable_stories=1 disable_adds=0
08-12 18:58:35.970  8148  9075 I DFInstaObserve: !toggles disable_feed=0 disable_explore=0 disable_reels=0 disable_stories=1 disable_adds=0
08-12 18:58:36.018  8148  9563 I DFInstaObserve: !toggles disable_feed=0 disable_explore=0 disable_reels=0 disable_stories=1 disable_adds=0
08-12 18:58:36.041  8148  8323 I DFInstaObserve: !toggles disable_feed=0 disable_explore=0 disable_reels=0 disable_stories=1 disable_adds=0
08-12 18:58:36.063  8148  9562 I DFInstaObserve: !toggles disable_feed=0 disable_explore=0 disable_reels=0 disable_stories=1 disable_adds=0
08-12 18:58:36.253  8148  9465 I DFInstaObserve: !toggles disable_feed=0 disable_explore=0 disable_reels=0 disable_stories=1 disable_adds=0
08-12 18:58:36.299  8148  9562 I DFInstaObserve: !toggles disable_feed=0 disable_explore=0 disable_reels=0 disable_stories=1 disable_adds=0
08-12 18:58:36.422  8148  9562 I DFInstaObserve: !toggles disable_feed=0 disable_explore=0 disable_reels=0 disable_stories=1 disable_adds=0
08-12 18:58:36.684  8148  8323 I DFInstaObserve: !toggles disable_feed=0 disable_explore=0 disable_reels=0 disable_stories=1 disable_adds=0
08-12 18:58:36.710  8148  9544 I DFInstaObserve: !toggles disable_feed=0 disable_explore=0 disable_reels=0 disable_stories=1 disable_adds=0
08-12 18:58:36.710  8148  9543 I DFInstaObserve: !toggles disable_feed=0 disable_explore=0 disable_reels=0 disable_stories=1 disable_adds=0
08-12 18:58:36.723  8148  8323 I DFInstaObserve: !toggles disable_feed=0 disable_explore=0 disable_reels=0 disable_stories=1 disable_adds=0
08-12 18:58:36.987  8148  8323 I DFInstaObserve: !toggles disable_feed=0 disable_explore=0 disable_reels=0 disable_stories=1 disable_adds=0
08-12 18:58:37.280  8148  8323 I DFInstaObserve: !toggles disable_feed=0 disable_explore=0 disable_reels=0 disable_stories=1 disable_adds=0
08-12 18:58:37.361  8148  8323 I DFInstaObserve: !toggles disable_feed=0 disable_explore=0 disable_reels=0 disable_stories=1 disable_adds=0
08-12 18:58:37.864  8148  8323 I DFInstaObserve: !toggles disable_feed=0 disable_explore=0 disable_reels=0 disable_stories=1 disable_adds=0
08-12 18:58:37.907  8148  8323 I DFInstaObserve: !toggles disable_feed=0 disable_explore=0 disable_reels=0 disable_stories=1 disable_adds=0
08-12 18:58:37.923  8148  9282 I DFInstaObserve: !toggles disable_feed=0 disable_explore=0 disable_reels=0 disable_stories=1 disable_adds=0
08-12 18:58:38.025  8148  8323 I DFInstaObserve: !toggles disable_feed=0 disable_explore=0 disable_reels=0 disable_stories=1 disable_adds=0
08-12 18:58:40.038  8148  9577 I DFInstaObserve: !toggles disable_feed=0 disable_explore=0 disable_reels=0 disable_stories=1 disable_adds=0
08-12 18:58:40.041  8148  9576 I DFInstaObserve: !toggles disable_feed=0 disable_explore=0 disable_reels=0 disable_stories=1 disable_adds=0
08-12 18:58:41.278  8148  9075 I DFInstaObserve: !toggles disable_feed=0 disable_explore=0 disable_reels=0 disable_stories=1 disable_adds=0
08-12 18:58:44.561  8148  9282 I DFInstaObserve: !toggles disable_feed=0 disable_explore=0 disable_reels=0 disable_stories=1 disable_adds=0
08-12 18:58:44.606  8148  9282 I DFInstaObserve: !toggles disable_feed=0 disable_explore=0 disable_reels=0 disable_stories=1 disable_adds=0
08-12 18:58:46.675  8148  9651 I DFInstaObserve: !toggles disable_feed=0 disable_explore=0 disable_reels=0 disable_stories=1 disable_adds=0
08-12 18:58:46.676  8148  9650 I DFInstaObserve: !toggles disable_feed=0 disable_explore=0 disable_reels=0 disable_stories=1 disable_adds=0
08-12 18:58:47.881  8148  9075 I DFInstaObserve: !toggles disable_feed=0 disable_explore=0 disable_reels=0 disable_stories=1 disable_adds=0
08-12 18:58:49.993  8148  9680 I DFInstaObserve: !toggles disable_feed=0 disable_explore=0 disable_reels=0 disable_stories=1 disable_adds=0
08-12 18:58:49.993  8148  9679 I DFInstaObserve: !toggles disable_feed=0 disable_explore=0 disable_reels=0 disable_stories=1 disable_adds=0
