08-12 21:56:49.912 17193 17253 I DFInstaObserve: !toggles disable_feed=1 disable_explore=0 disable_reels=0 disable_stories=0 disable_adds=0
08-12 21:56:49.912 17193 17253 I DFInstaObserve: /feed/reels_tray/
08-12 21:56:49.915 17193 17251 I DFInstaObserve: !toggles disable_feed=1 disable_explore=0 disable_reels=0 disable_stories=0 disable_adds=0
08-12 21:56:49.921 17193 17232 I DFInstaObserve: !toggles disable_feed=1 disable_explore=0 disable_reels=0 disable_stories=0 disable_adds=0
08-12 21:56:49.921 17193 17232 I DFInstaObserve: /feed/timeline/
08-12 21:56:50.256 17193 17391 I DFInstaObserve: !toggles disable_feed=1 disable_explore=0 disable_reels=0 disable_stories=0 disable_adds=0
08-12 21:56:50.327 17193 17193 E IgFunctionalErrorEvent: FEED_NOT_LOADING
08-12 21:56:50.327 17193 17193 E IgFunctionalErrorEvent: java.io.IOException: Blocked by DFInsta setting
08-12 21:56:50.332 17193 17265 I DFInstaObserve: !toggles disable_feed=1 disable_explore=0 disable_reels=0 disable_stories=0 disable_adds=0
08-12 21:56:50.704 17193 17227 I DFInstaObserve: !toggles disable_feed=1 disable_explore=0 disable_reels=0 disable_stories=0 disable_adds=0
08-12 21:56:50.721 17193 17391 I DFInstaObserve: !toggles disable_feed=1 disable_explore=0 disable_reels=0 disable_stories=0 disable_adds=0
08-12 21:56:50.769 17193 17251 I DFInstaObserve: !toggles disable_feed=1 disable_explore=0 disable_reels=0 disable_stories=0 disable_adds=0
08-12 21:56:50.878 17193 17240 I DFInstaObserve: !toggles disable_feed=1 disable_explore=0 disable_reels=0 disable_stories=0 disable_adds=0
08-12 21:56:50.878 17193 17240 I DFInstaObserve: /feed/reels_media_stream/
08-12 21:56:52.030 17193 17265 I DFInstaObserve: !toggles disable_feed=1 disable_explore=0 disable_reels=0 disable_stories=0 disable_adds=0
08-12 21:56:52.129 17193 17485 I DFInstaObserve: !toggles disable_feed=1 disable_explore=0 disable_reels=0 disable_stories=0 disable_adds=0
08-12 21:56:52.470 17193 17521 I DFInstaObserve: !toggles disable_feed=1 disable_explore=0 disable_reels=0 disable_stories=0 disable_adds=0
08-12 21:56:52.485 17193 17485 I DFInstaObserve: !toggles disable_feed=1 disable_explore=0 disable_reels=0 disable_stories=0 disable_adds=0
08-12 21:56:52.903 17193 17240 I DFInstaObserve: !toggles disable_feed=1 disable_explore=0 disable_reels=0 disable_stories=0 disable_adds=0
08-12 21:56:53.119 17193 17526 I DFInstaObserve: !toggles disable_feed=1 disable_explore=0 disable_reels=0 disable_stories=0 disable_adds=0
08-12 21:56:53.132 17193 17535 I DFInstaObserve: !toggles disable_feed=1 disable_explore=0 disable_reels=0 disable_stories=0 disable_adds=0
08-12 21:56:53.352 17193 17240 I DFInstaObserve: !toggles disable_feed=1 disable_explore=0 disable_reels=0 disable_stories=0 disable_adds=0
08-12 21:56:53.352 17193 17240 I DFInstaObserve: /feed/timeline/
08-12 21:56:53.362 17193 17193 E IgFunctionalErrorEvent: FEED_NOT_LOADING
08-12 21:56:53.362 17193 17193 E IgFunctionalErrorEvent: java.io.IOException: Blocked by DFInsta setting
08-12 21:56:53.784 17193 17526 I DFInstaObserve: !toggles disable_feed=1 disable_explore=0 disable_reels=0 disable_stories=0 disable_adds=0
08-12 21:56:53.889 17193 17528 I DFInstaObserve: !toggles disable_feed=1 disable_explore=0 disable_reels=0 disable_stories=0 disable_adds=0
08-12 21:56:53.901 17193 17530 I DFInstaObserve: !toggles disable_feed=1 disable_explore=0 disable_reels=0 disable_stories=0 disable_adds=0
08-12 21:56:53.901 17193 17530 I DFInstaObserve: /clips/discover
08-12 21:56:55.095 17193 17391 I DFInstaObserve: !toggles disable_feed=1 disable_explore=0 disable_reels=0 disable_stories=0 disable_adds=0
08-12 21:56:55.584 17193 17391 I DFInstaObserve: !toggles disable_feed=1 disable_explore=0 disable_reels=0 disable_stories=0 disable_adds=0
08-12 21:56:56.386 17193 17526 I DFInstaObserve: !toggles disable_feed=1 disable_explore=0 disable_reels=0 disable_stories=0 disable_adds=0
08-12 21:56:56.386 17193 17526 I DFInstaObserve: /feed/timeline/
08-12 21:56:56.398 17193 17193 E IgFunctionalErrorEvent: FEED_NOT_LOADING
08-12 21:56:56.398 17193 17193 E IgFunctionalErrorEvent: java.io.IOException: Blocked by DFInsta setting
08-12 21:56:59.414 17193 17523 I DFInstaObserve: !toggles disable_feed=1 disable_explore=0 disable_reels=0 disable_stories=0 disable_adds=0
08-12 21:56:59.414 17193 17523 I DFInstaObserve: /feed/timeline/
08-12 21:56:59.426 17193 17193 E IgFunctionalErrorEvent: FEED_NOT_LOADING
08-12 21:56:59.426 17193 17193 E IgFunctionalErrorEvent: java.io.IOException: Blocked by DFInsta setting
08-12 21:57:07.393 17193 17523 I DFInstaObserve: !toggles disable_feed=1 disable_explore=0 disable_reels=0 disable_stories=0 disable_adds=0
08-12 21:57:07.393 17193 17523 I DFInstaObserve: /feed/timeline/
08-12 21:57:07.393 17193 17530 I DFInstaObserve: !toggles disable_feed=1 disable_explore=0 disable_reels=0 disable_stories=0 disable_adds=0
08-12 21:57:07.393 17193 17530 I DFInstaObserve: /feed/reels_tray/
08-12 21:57:07.397 17193 17193 E IgFunctionalErrorEvent: FEED_NOT_LOADING
08-12 21:57:07.397 17193 17193 E IgFunctionalErrorEvent: java.io.IOException: Blocked by DFInsta setting
08-12 21:57:10.413 17193 17528 I DFInstaObserve: !toggles disable_feed=1 disable_explore=0 disable_reels=0 disable_stories=0 disable_adds=0
08-12 21:57:10.413 17193 17528 I DFInstaObserve: /feed/timeline/
08-12 21:57:10.429 17193 17193 E IgFunctionalErrorEvent: FEED_NOT_LOADING
08-12 21:57:10.429 17193 17193 E IgFunctionalErrorEvent: java.io.IOException: Blocked by DFInsta setting
08-12 21:57:13.443 17193 17530 I DFInstaObserve: !toggles disable_feed=1 disable_explore=0 disable_reels=0 disable_stories=0 disable_adds=0
08-12 21:57:13.443 17193 17530 I DFInstaObserve: /feed/timeline/
08-12 21:57:13.450 17193 17193 E IgFunctionalErrorEvent: FEED_NOT_LOADING
08-12 21:57:13.451 17193 17193 E IgFunctionalErrorEvent: java.io.IOException: Blocked by DFInsta setting
08-12 21:57:15.513 17193 17523 I DFInstaObserve: !toggles disable_feed=1 disable_explore=0 disable_reels=0 disable_stories=0 disable_adds=0
08-12 21:57:15.513 17193 17523 I DFInstaObserve: /feed/timeline/
08-12 21:57:15.517 17193 17528 I DFInstaObserve: !toggles disable_feed=1 disable_explore=0 disable_reels=0 disable_stories=0 disable_adds=0
08-12 21:57:15.517 17193 17528 I DFInstaObserve: /feed/reels_tray/
08-12 21:57:15.521 17193 17193 E IgFunctionalErrorEvent: FEED_NOT_LOADING
08-12 21:57:15.521 17193 17193 E IgFunctionalErrorEvent: java.io.IOException: Blocked by DFInsta setting
08-12 21:57:15.540 17193 17530 I DFInstaObserve: !toggles disable_feed=1 disable_explore=0 disable_reels=0 disable_stories=0 disable_adds=0
08-12 21:57:15.540 17193 17530 I DFInstaObserve: /feed/timeline/
08-12 21:57:15.574 17193 17193 E IgFunctionalErrorEvent: FEED_NOT_LOADING
08-12 21:57:15.574 17193 17193 E IgFunctionalErrorEvent: java.io.IOException: Blocked by DFInsta setting
08-12 21:57:15.600 17193 17523 I DFInstaObserve: !toggles disable_feed=1 disable_explore=0 disable_reels=0 disable_stories=0 disable_adds=0
08-12 21:57:15.600 17193 17523 I DFInstaObserve: /feed/timeline/
08-12 21:57:15.617 17193 17193 E IgFunctionalErrorEvent: FEED_NOT_LOADING
08-12 21:57:15.617 17193 17193 E IgFunctionalErrorEvent: java.io.IOException: Blocked by DFInsta setting
08-12 21:57:15.638 17193 17523 I DFInstaObserve: !toggles disable_feed=1 disable_explore=0 disable_reels=0 disable_stories=0 disable_adds=0
08-12 21:57:15.638 17193 17523 I DFInstaObserve: /feed/timeline/
08-12 21:57:15.654 17193 17193 E IgFunctionalErrorEvent: FEED_NOT_LOADING
08-12 21:57:15.654 17193 17193 E IgFunctionalErrorEvent: java.io.IOException: Blocked by DFInsta setting
08-12 21:57:15.673 17193 17652 I DFInstaObserve: !toggles disable_feed=1 disable_explore=0 disable_reels=0 disable_stories=0 disable_adds=0
08-12 21:57:15.674 17193 17652 I DFInstaObserve: /feed/timeline/
08-12 21:57:15.698 17193 17193 E IgFunctionalErrorEvent: FEED_NOT_LOADING
08-12 21:57:15.699 17193 17193 E IgFunctionalErrorEvent: java.io.IOException: Blocked by DFInsta setting
08-12 21:57:15.726 17193 17526 I DFInstaObserve: !toggles disable_feed=1 disable_explore=0 disable_reels=0 disable_stories=0 disable_adds=0
08-12 21:57:15.726 17193 17526 I DFInstaObserve: /feed/timeline/
08-12 21:57:15.757 17193 17193 E IgFunctionalErrorEvent: FEED_NOT_LOADING
08-12 21:57:15.757 17193 17193 E IgFunctionalErrorEvent: java.io.IOException: Blocked by DFInsta setting
08-12 21:57:15.780 17193 17652 I DFInstaObserve: !toggles disable_feed=1 disable_explore=0 disable_reels=0 disable_stories=0 disable_adds=0
08-12 21:57:15.780 17193 17652 I DFInstaObserve: /feed/timeline/
08-12 21:57:15.797 17193 17193 E IgFunctionalErrorEvent: FEED_NOT_LOADING
08-12 21:57:15.798 17193 17193 E IgFunctionalErrorEvent: java.io.IOException: Blocked by DFInsta setting
08-12 21:57:15.827 17193 17521 I DFInstaObserve: !toggles disable_feed=1 disable_explore=0 disable_reels=0 disable_stories=0 disable_adds=0
08-12 21:57:15.827 17193 17521 I DFInstaObserve: /feed/timeline/
08-12 21:57:15.849 17193 17193 E IgFunctionalErrorEvent: FEED_NOT_LOADING
08-12 21:57:15.849 17193 17193 E IgFunctionalErrorEvent: java.io.IOException: Blocked by DFInsta setting
08-12 21:57:16.464 17193 17652 I DFInstaObserve: !toggles disable_feed=1 disable_explore=0 disable_reels=0 disable_stories=0 disable_adds=0
08-12 21:57:16.465 17193 17652 I DFInstaObserve: /feed/timeline/
08-12 21:57:16.478 17193 17193 E IgFunctionalErrorEvent: FEED_NOT_LOADING
08-12 21:57:16.478 17193 17193 E IgFunctionalErrorEvent: java.io.IOException: Blocked by DFInsta setting
08-12 21:57:43.545 17193 17652 I DFInstaObserve: !toggles disable_feed=1 disable_explore=0 disable_reels=0 disable_stories=0 disable_adds=0
08-12 21:57:43.659 17193 17528 I DFInstaObserve: !toggles disable_feed=1 disable_explore=0 disable_reels=0 disable_stories=0 disable_adds=0
08-12 21:57:43.659 17193 17528 I DFInstaObserve: /discover/topical_explore
08-12 21:57:43.665 17193 17521 I DFInstaObserve: !toggles disable_feed=1 disable_explore=0 disable_reels=0 disable_stories=0 disable_adds=0
08-12 21:57:43.992 17193 17391 I DFInstaObserve: !toggles disable_feed=1 disable_explore=0 disable_reels=0 disable_stories=0 disable_adds=0
08-12 21:57:44.071 17193 17391 I DFInstaObserve: !toggles disable_feed=1 disable_explore=0 disable_reels=0 disable_stories=0 disable_adds=0
08-12 21:57:46.811 17193 17228 I DFInstaObserve: !toggles disable_feed=1 disable_explore=0 disable_reels=0 disable_stories=0 disable_adds=0
08-12 21:57:46.823 17193 17227 I DFInstaObserve: !toggles disable_feed=1 disable_explore=0 disable_reels=0 disable_stories=0 disable_adds=0
08-12 21:57:46.836 17193 17228 I DFInstaObserve: !toggles disable_feed=1 disable_explore=0 disable_reels=0 disable_stories=0 disable_adds=0
08-12 21:57:46.840 17193 17227 I DFInstaObserve: !toggles disable_feed=1 disable_explore=0 disable_reels=0 disable_stories=0 disable_adds=0
08-12 21:57:46.890 17193 17356 I DFInstaObserve: !toggles disable_feed=1 disable_explore=0 disable_reels=0 disable_stories=0 disable_adds=0
08-12 21:57:46.905 17193 17583 I DFInstaObserve: !toggles disable_feed=1 disable_explore=0 disable_reels=0 disable_stories=0 disable_adds=0
08-12 21:57:46.943 17193 17769 I DFInstaObserve: !toggles disable_feed=1 disable_explore=0 disable_reels=0 disable_stories=0 disable_adds=0
08-12 21:57:47.088 17193 17528 I DFInstaObserve: !toggles disable_feed=1 disable_explore=0 disable_reels=0 disable_stories=0 disable_adds=0
08-12 21:57:47.103 17193 17807 I DFInstaObserve: !toggles disable_feed=1 disable_explore=0 disable_reels=0 disable_stories=0 disable_adds=0
08-12 21:57:47.140 17193 17356 I DFInstaObserve: !toggles disable_feed=1 disable_explore=0 disable_reels=0 disable_stories=0 disable_adds=0
08-12 21:57:47.262 17193 17521 I DFInstaObserve: !toggles disable_feed=1 disable_explore=0 disable_reels=0 disable_stories=0 disable_adds=0
08-12 21:57:47.293 17193 17814 I DFInstaObserve: !toggles disable_feed=1 disable_explore=0 disable_reels=0 disable_stories=0 disable_adds=0
08-12 21:57:47.315 17193 17356 I DFInstaObserve: !toggles disable_feed=1 disable_explore=0 disable_reels=0 disable_stories=0 disable_adds=0
08-12 21:57:47.322 17193 17785 I DFInstaObserve: !toggles disable_feed=1 disable_explore=0 disable_reels=0 disable_stories=0 disable_adds=0
08-12 21:57:47.476 17193 17356 I DFInstaObserve: !toggles disable_feed=1 disable_explore=0 disable_reels=0 disable_stories=0 disable_adds=0
08-12 21:57:47.491 17193 17521 I DFInstaObserve: !toggles disable_feed=1 disable_explore=0 disable_reels=0 disable_stories=0 disable_adds=0
08-12 21:57:47.543 17193 17785 I DFInstaObserve: !toggles disable_feed=1 disable_explore=0 disable_reels=0 disable_stories=0 disable_adds=0
08-12 21:57:47.543 17193 17356 I DFInstaObserve: !toggles disable_feed=1 disable_explore=0 disable_reels=0 disable_stories=0 disable_adds=0
08-12 21:57:47.596 17193 17356 I DFInstaObserve: !toggles disable_feed=1 disable_explore=0 disable_reels=0 disable_stories=0 disable_adds=0
08-12 21:57:47.596 17193 17770 I DFInstaObserve: !toggles disable_feed=1 disable_explore=0 disable_reels=0 disable_stories=0 disable_adds=0
08-12 21:57:47.667 17193 17356 I DFInstaObserve: !toggles disable_feed=1 disable_explore=0 disable_reels=0 disable_stories=0 disable_adds=0
08-12 21:57:47.711 17193 17356 I DFInstaObserve: !toggles disable_feed=1 disable_explore=0 disable_reels=0 disable_stories=0 disable_adds=0
08-12 21:57:47.756 17193 17356 I DFInstaObserve: !toggles disable_feed=1 disable_explore=0 disable_reels=0 disable_stories=0 disable_adds=0
08-12 21:57:47.804 17193 17356 I DFInstaObserve: !toggles disable_feed=1 disable_explore=0 disable_reels=0 disable_stories=0 disable_adds=0
08-12 21:57:47.910 17193 17356 I DFInstaObserve: !toggles disable_feed=1 disable_explore=0 disable_reels=0 disable_stories=0 disable_adds=0
08-12 21:57:47.953 17193 17356 I DFInstaObserve: !toggles disable_feed=1 disable_explore=0 disable_reels=0 disable_stories=0 disable_adds=0
08-12 21:57:48.031 17193 17356 I DFInstaObserve: !toggles disable_feed=1 disable_explore=0 disable_reels=0 disable_stories=0 disable_adds=0
08-12 21:57:48.089 17193 17356 I DFInstaObserve: !toggles disable_feed=1 disable_explore=0 disable_reels=0 disable_stories=0 disable_adds=0
08-12 21:57:48.282 17193 17356 I DFInstaObserve: !toggles disable_feed=1 disable_explore=0 disable_reels=0 disable_stories=0 disable_adds=0
08-12 21:57:49.093 17193 17797 I DFInstaObserve: !toggles disable_feed=1 disable_explore=0 disable_reels=0 disable_stories=0 disable_adds=0
08-12 21:57:49.247 17193 17807 I DFInstaObserve: !toggles disable_feed=1 disable_explore=0 disable_reels=0 disable_stories=0 disable_adds=0
08-12 21:57:51.623 17193 17521 I DFInstaObserve: !toggles disable_feed=1 disable_explore=0 disable_reels=0 disable_stories=0 disable_adds=0
08-12 21:57:51.623 17193 17521 I DFInstaObserve: /discover/topical_explore
08-12 21:57:52.305 17193 17867 I DFInstaObserve: !toggles disable_feed=1 disable_explore=0 disable_reels=0 disable_stories=0 disable_adds=0
08-12 21:57:54.286 17193 17850 I DFInstaObserve: !toggles disable_feed=1 disable_explore=0 disable_reels=0 disable_stories=0 disable_adds=0
08-12 21:57:54.814 17193 17866 I DFInstaObserve: !toggles disable_feed=1 disable_explore=0 disable_reels=0 disable_stories=0 disable_adds=0
08-12 21:57:55.604 17193 17227 I DFInstaObserve: !toggles disable_feed=1 disable_explore=0 disable_reels=0 disable_stories=0 disable_adds=0
08-12 21:57:55.611 17193 17227 I DFInstaObserve: !toggles disable_feed=1 disable_explore=0 disable_reels=0 disable_stories=0 disable_adds=0
08-12 21:57:55.788 17193 17227 I DFInstaObserve: !toggles disable_feed=1 disable_explore=0 disable_reels=0 disable_stories=0 disable_adds=0
08-12 21:57:55.793 17193 17228 I DFInstaObserve: !toggles disable_feed=1 disable_explore=0 disable_reels=0 disable_stories=0 disable_adds=0
08-12 21:57:55.823 17193 17356 I DFInstaObserve: !toggles disable_feed=1 disable_explore=0 disable_reels=0 disable_stories=0 disable_adds=0
08-12 21:57:55.878 17193 17770 I DFInstaObserve: !toggles disable_feed=1 disable_explore=0 disable_reels=0 disable_stories=0 disable_adds=0
08-12 21:57:55.913 17193 17528 I DFInstaObserve: !toggles disable_feed=1 disable_explore=0 disable_reels=0 disable_stories=0 disable_adds=0
08-12 21:57:55.960 17193 17785 I DFInstaObserve: !toggles disable_feed=1 disable_explore=0 disable_reels=0 disable_stories=0 disable_adds=0
08-12 21:57:55.965 17193 17356 I DFInstaObserve: !toggles disable_feed=1 disable_explore=0 disable_reels=0 disable_stories=0 disable_adds=0
08-12 21:57:55.990 17193 17898 I DFInstaObserve: !toggles disable_feed=1 disable_explore=0 disable_reels=0 disable_stories=0 disable_adds=0
08-12 21:57:56.008 17193 17356 I DFInstaObserve: !toggles disable_feed=1 disable_explore=0 disable_reels=0 disable_stories=0 disable_adds=0
08-12 21:57:56.029 17193 17770 I DFInstaObserve: !toggles disable_feed=1 disable_explore=0 disable_reels=0 disable_stories=0 disable_adds=0
08-12 21:57:56.071 17193 17521 I DFInstaObserve: !toggles disable_feed=1 disable_explore=0 disable_reels=0 disable_stories=0 disable_adds=0
08-12 21:57:56.137 17193 17521 I DFInstaObserve: !toggles disable_feed=1 disable_explore=0 disable_reels=0 disable_stories=0 disable_adds=0
08-12 21:57:56.218 17193 17770 I DFInstaObserve: !toggles disable_feed=1 disable_explore=0 disable_reels=0 disable_stories=0 disable_adds=0
08-12 21:57:56.269 17193 17785 I DFInstaObserve: !toggles disable_feed=1 disable_explore=0 disable_reels=0 disable_stories=0 disable_adds=0
08-12 21:57:56.323 17193 17521 I DFInstaObserve: !toggles disable_feed=1 disable_explore=0 disable_reels=0 disable_stories=0 disable_adds=0
08-12 21:57:56.754 17193 17356 I DFInstaObserve: !toggles disable_feed=1 disable_explore=0 disable_reels=0 disable_stories=0 disable_adds=0
08-12 21:57:56.838 17193 17356 I DFInstaObserve: !toggles disable_feed=1 disable_explore=0 disable_reels=0 disable_stories=0 disable_adds=0
08-12 21:57:56.923 17193 17356 I DFInstaObserve: !toggles disable_feed=1 disable_explore=0 disable_reels=0 disable_stories=0 disable_adds=0
08-12 21:57:56.995 17193 17356 I DFInstaObserve: !toggles disable_feed=1 disable_explore=0 disable_reels=0 disable_stories=0 disable_adds=0
08-12 21:57:57.172 17193 17356 I DFInstaObserve: !toggles disable_feed=1 disable_explore=0 disable_reels=0 disable_stories=0 disable_adds=0
08-12 21:57:57.216 17193 17356 I DFInstaObserve: !toggles disable_feed=1 disable_explore=0 disable_reels=0 disable_stories=0 disable_adds=0
08-12 21:57:57.312 17193 17866 I DFInstaObserve: !toggles disable_feed=1 disable_explore=0 disable_reels=0 disable_stories=0 disable_adds=0
08-12 21:57:57.399 17193 17356 I DFInstaObserve: !toggles disable_feed=1 disable_explore=0 disable_reels=0 disable_stories=0 disable_adds=0
08-12 21:57:57.439 17193 17356 I DFInstaObserve: !toggles disable_feed=1 disable_explore=0 disable_reels=0 disable_stories=0 disable_adds=0
08-12 21:57:57.783 17193 17356 I DFInstaObserve: !toggles disable_feed=1 disable_explore=0 disable_reels=0 disable_stories=0 disable_adds=0
08-12 21:57:57.830 17193 17356 I DFInstaObserve: !toggles disable_feed=1 disable_explore=0 disable_reels=0 disable_stories=0 disable_adds=0
08-12 21:57:57.880 17193 17356 I DFInstaObserve: !toggles disable_feed=1 disable_explore=0 disable_reels=0 disable_stories=0 disable_adds=0
08-12 21:57:57.945 17193 17356 I DFInstaObserve: !toggles disable_feed=1 disable_explore=0 disable_reels=0 disable_stories=0 disable_adds=0
08-12 21:57:58.058 17193 17356 I DFInstaObserve: !toggles disable_feed=1 disable_explore=0 disable_reels=0 disable_stories=0 disable_adds=0
08-12 21:57:58.467 17193 17871 I DFInstaObserve: !toggles disable_feed=1 disable_explore=0 disable_reels=0 disable_stories=0 disable_adds=0
08-12 21:57:58.467 17193 17871 I DFInstaObserve: /discover/topical_explore
08-12 21:57:59.028 17193 17962 I DFInstaObserve: !toggles disable_feed=1 disable_explore=0 disable_reels=0 disable_stories=0 disable_adds=0
08-12 21:58:00.993 17193 17941 I DFInstaObserve: !toggles disable_feed=1 disable_explore=0 disable_reels=0 disable_stories=0 disable_adds=0
08-12 21:58:01.932 17193 17954 I DFInstaObserve: !toggles disable_feed=1 disable_explore=0 disable_reels=0 disable_stories=0 disable_adds=0
08-12 21:58:01.991 17193 17227 I DFInstaObserve: !toggles disable_feed=1 disable_explore=0 disable_reels=0 disable_stories=0 disable_adds=0
08-12 21:58:02.014 17193 17923 I DFInstaObserve: !toggles disable_feed=1 disable_explore=0 disable_reels=0 disable_stories=0 disable_adds=0
08-12 21:58:02.014 17193 17923 I DFInstaObserve: /discover/topical_explore
08-12 21:58:02.087 17193 17227 I DFInstaObserve: !toggles disable_feed=1 disable_explore=0 disable_reels=0 disable_stories=0 disable_adds=0
08-12 21:58:02.101 17193 17990 I DFInstaObserve: !toggles disable_feed=1 disable_explore=0 disable_reels=0 disable_stories=0 disable_adds=0
08-12 21:58:02.104 17193 17227 I DFInstaObserve: !toggles disable_feed=1 disable_explore=0 disable_reels=0 disable_stories=0 disable_adds=0
08-12 21:58:02.116 17193 17990 I DFInstaObserve: !toggles disable_feed=1 disable_explore=0 disable_reels=0 disable_stories=0 disable_adds=0
08-12 21:58:02.137 17193 17227 I DFInstaObserve: !toggles disable_feed=1 disable_explore=0 disable_reels=0 disable_stories=0 disable_adds=0
08-12 21:58:02.253 17193 17356 I DFInstaObserve: !toggles disable_feed=1 disable_explore=0 disable_reels=0 disable_stories=0 disable_adds=0
08-12 21:58:02.322 17193 17979 I DFInstaObserve: !toggles disable_feed=1 disable_explore=0 disable_reels=0 disable_stories=0 disable_adds=0
08-12 21:58:02.395 17193 17356 I DFInstaObserve: !toggles disable_feed=1 disable_explore=0 disable_reels=0 disable_stories=0 disable_adds=0
08-12 21:58:02.458 17193 17356 I DFInstaObserve: !toggles disable_feed=1 disable_explore=0 disable_reels=0 disable_stories=0 disable_adds=0
08-12 21:58:02.461 17193 17770 I DFInstaObserve: !toggles disable_feed=1 disable_explore=0 disable_reels=0 disable_stories=0 disable_adds=0
08-12 21:58:02.471 17193 18015 I DFInstaObserve: !toggles disable_feed=1 disable_explore=0 disable_reels=0 disable_stories=0 disable_adds=0
08-12 21:58:02.508 17193 17871 I DFInstaObserve: !toggles disable_feed=1 disable_explore=0 disable_reels=0 disable_stories=0 disable_adds=0
08-12 21:58:02.589 17193 17980 I DFInstaObserve: !toggles disable_feed=1 disable_explore=0 disable_reels=0 disable_stories=0 disable_adds=0
08-12 21:58:02.625 17193 17979 I DFInstaObserve: !toggles disable_feed=1 disable_explore=0 disable_reels=0 disable_stories=0 disable_adds=0
08-12 21:58:02.660 17193 17528 I DFInstaObserve: !toggles disable_feed=1 disable_explore=0 disable_reels=0 disable_stories=0 disable_adds=0
08-12 21:58:02.705 17193 17980 I DFInstaObserve: !toggles disable_feed=1 disable_explore=0 disable_reels=0 disable_stories=0 disable_adds=0
08-12 21:58:02.831 17193 17980 I DFInstaObserve: !toggles disable_feed=1 disable_explore=0 disable_reels=0 disable_stories=0 disable_adds=0
08-12 21:58:02.837 17193 17356 I DFInstaObserve: !toggles disable_feed=1 disable_explore=0 disable_reels=0 disable_stories=0 disable_adds=0
08-12 21:58:02.883 17193 17356 I DFInstaObserve: !toggles disable_feed=1 disable_explore=0 disable_reels=0 disable_stories=0 disable_adds=0
08-12 21:58:02.916 17193 17978 I DFInstaObserve: !toggles disable_feed=1 disable_explore=0 disable_reels=0 disable_stories=0 disable_adds=0
08-12 21:58:02.929 17193 17356 I DFInstaObserve: !toggles disable_feed=1 disable_explore=0 disable_reels=0 disable_stories=0 disable_adds=0
08-12 21:58:02.970 17193 17356 I DFInstaObserve: !toggles disable_feed=1 disable_explore=0 disable_reels=0 disable_stories=0 disable_adds=0
08-12 21:58:02.980 17193 17528 I DFInstaObserve: !toggles disable_feed=1 disable_explore=0 disable_reels=0 disable_stories=0 disable_adds=0
08-12 21:58:03.049 17193 17356 I DFInstaObserve: !toggles disable_feed=1 disable_explore=0 disable_reels=0 disable_stories=0 disable_adds=0
08-12 21:58:03.058 17193 17980 I DFInstaObserve: !toggles disable_feed=1 disable_explore=0 disable_reels=0 disable_stories=0 disable_adds=0
08-12 21:58:03.108 17193 17356 I DFInstaObserve: !toggles disable_feed=1 disable_explore=0 disable_reels=0 disable_stories=0 disable_adds=0
08-12 21:58:03.114 17193 17978 I DFInstaObserve: !toggles disable_feed=1 disable_explore=0 disable_reels=0 disable_stories=0 disable_adds=0
08-12 21:58:03.487 17193 17356 I DFInstaObserve: !toggles disable_feed=1 disable_explore=0 disable_reels=0 disable_stories=0 disable_adds=0
08-12 21:58:03.534 17193 17356 I DFInstaObserve: !toggles disable_feed=1 disable_explore=0 disable_reels=0 disable_stories=0 disable_adds=0
08-12 21:58:03.712 17193 17356 I DFInstaObserve: !toggles disable_feed=1 disable_explore=0 disable_reels=0 disable_stories=0 disable_adds=0
08-12 21:58:03.761 17193 17356 I DFInstaObserve: !toggles disable_feed=1 disable_explore=0 disable_reels=0 disable_stories=0 disable_adds=0
08-12 21:58:04.049 17193 17356 I DFInstaObserve: !toggles disable_feed=1 disable_explore=0 disable_reels=0 disable_stories=0 disable_adds=0
08-12 21:58:04.105 17193 17356 I DFInstaObserve: !toggles disable_feed=1 disable_explore=0 disable_reels=0 disable_stories=0 disable_adds=0
08-12 21:58:04.295 17193 17356 I DFInstaObserve: !toggles disable_feed=1 disable_explore=0 disable_reels=0 disable_stories=0 disable_adds=0
08-12 21:58:04.430 17193 18005 I DFInstaObserve: !toggles disable_feed=1 disable_explore=0 disable_reels=0 disable_stories=0 disable_adds=0
08-12 21:58:05.118 17193 17990 I DFInstaObserve: !toggles disable_feed=1 disable_explore=0 disable_reels=0 disable_stories=0 disable_adds=0
08-12 21:58:05.129 17193 17227 I DFInstaObserve: !toggles disable_feed=1 disable_explore=0 disable_reels=0 disable_stories=0 disable_adds=0
08-12 21:58:05.172 17193 17356 I DFInstaObserve: !toggles disable_feed=1 disable_explore=0 disable_reels=0 disable_stories=0 disable_adds=0
08-12 21:58:05.269 17193 17978 I DFInstaObserve: !toggles disable_feed=1 disable_explore=0 disable_reels=0 disable_stories=0 disable_adds=0
08-12 21:58:05.331 17193 18029 I DFInstaObserve: !toggles disable_feed=1 disable_explore=0 disable_reels=0 disable_stories=0 disable_adds=0
08-12 21:58:05.372 17193 17356 I DFInstaObserve: !toggles disable_feed=1 disable_explore=0 disable_reels=0 disable_stories=0 disable_adds=0
08-12 21:58:05.424 17193 17978 I DFInstaObserve: !toggles disable_feed=1 disable_explore=0 disable_reels=0 disable_stories=0 disable_adds=0
08-12 21:58:05.473 17193 17356 I DFInstaObserve: !toggles disable_feed=1 disable_explore=0 disable_reels=0 disable_stories=0 disable_adds=0
08-12 21:58:05.479 17193 18052 I DFInstaObserve: !toggles disable_feed=1 disable_explore=0 disable_reels=0 disable_stories=0 disable_adds=0
08-12 21:58:05.507 17193 18033 I DFInstaObserve: !toggles disable_feed=1 disable_explore=0 disable_reels=0 disable_stories=0 disable_adds=0
08-12 21:58:05.572 17193 18029 I DFInstaObserve: !toggles disable_feed=1 disable_explore=0 disable_reels=0 disable_stories=0 disable_adds=0
08-12 21:58:05.588 17193 17356 I DFInstaObserve: !toggles disable_feed=1 disable_explore=0 disable_reels=0 disable_stories=0 disable_adds=0
08-12 21:58:05.611 17193 17980 I DFInstaObserve: !toggles disable_feed=1 disable_explore=0 disable_reels=0 disable_stories=0 disable_adds=0
08-12 21:58:05.651 17193 17356 I DFInstaObserve: !toggles disable_feed=1 disable_explore=0 disable_reels=0 disable_stories=0 disable_adds=0
08-12 21:58:05.719 17193 18032 I DFInstaObserve: !toggles disable_feed=1 disable_explore=0 disable_reels=0 disable_stories=0 disable_adds=0
08-12 21:58:05.771 17193 18034 I DFInstaObserve: !toggles disable_feed=1 disable_explore=0 disable_reels=0 disable_stories=0 disable_adds=0
08-12 21:58:05.811 17193 17785 I DFInstaObserve: !toggles disable_feed=1 disable_explore=0 disable_reels=0 disable_stories=0 disable_adds=0
08-12 21:58:05.878 17193 17356 I DFInstaObserve: !toggles disable_feed=1 disable_explore=0 disable_reels=0 disable_stories=0 disable_adds=0
08-12 21:58:05.951 17193 17785 I DFInstaObserve: !toggles disable_feed=1 disable_explore=0 disable_reels=0 disable_stories=0 disable_adds=0
08-12 21:58:05.975 17193 17356 I DFInstaObserve: !toggles disable_feed=1 disable_explore=0 disable_reels=0 disable_stories=0 disable_adds=0
08-12 21:58:06.007 17193 18031 I DFInstaObserve: !toggles disable_feed=1 disable_explore=0 disable_reels=0 disable_stories=0 disable_adds=0
08-12 21:58:06.112 17193 17980 I DFInstaObserve: !toggles disable_feed=1 disable_explore=0 disable_reels=0 disable_stories=0 disable_adds=0
08-12 21:58:06.202 17193 17785 I DFInstaObserve: !toggles disable_feed=1 disable_explore=0 disable_reels=0 disable_stories=0 disable_adds=0
08-12 21:58:06.292 17193 18032 I DFInstaObserve: !toggles disable_feed=1 disable_explore=0 disable_reels=0 disable_stories=0 disable_adds=0
08-12 21:58:06.384 17193 17923 I DFInstaObserve: !toggles disable_feed=1 disable_explore=0 disable_reels=0 disable_stories=0 disable_adds=0
08-12 21:58:06.432 17193 17356 I DFInstaObserve: !toggles disable_feed=1 disable_explore=0 disable_reels=0 disable_stories=0 disable_adds=0
08-12 21:58:06.473 17193 18034 I DFInstaObserve: !toggles disable_feed=1 disable_explore=0 disable_reels=0 disable_stories=0 disable_adds=0
08-12 21:58:06.478 17193 17356 I DFInstaObserve: !toggles disable_feed=1 disable_explore=0 disable_reels=0 disable_stories=0 disable_adds=0
08-12 21:58:06.548 17193 17785 I DFInstaObserve: !toggles disable_feed=1 disable_explore=0 disable_reels=0 disable_stories=0 disable_adds=0
08-12 21:58:06.569 17193 17356 I DFInstaObserve: !toggles disable_feed=1 disable_explore=0 disable_reels=0 disable_stories=0 disable_adds=0
08-12 21:58:06.663 17193 17356 I DFInstaObserve: !toggles disable_feed=1 disable_explore=0 disable_reels=0 disable_stories=0 disable_adds=0
08-12 21:58:07.276 17193 17356 I DFInstaObserve: !toggles disable_feed=1 disable_explore=0 disable_reels=0 disable_stories=0 disable_adds=0
08-12 21:58:07.321 17193 17356 I DFInstaObserve: !toggles disable_feed=1 disable_explore=0 disable_reels=0 disable_stories=0 disable_adds=0
08-12 21:58:07.644 17193 17356 I DFInstaObserve: !toggles disable_feed=1 disable_explore=0 disable_reels=0 disable_stories=0 disable_adds=0
08-12 21:58:07.757 17193 18058 I DFInstaObserve: !toggles disable_feed=1 disable_explore=0 disable_reels=0 disable_stories=0 disable_adds=0
08-12 21:58:07.804 17193 18058 I DFInstaObserve: !toggles disable_feed=1 disable_explore=0 disable_reels=0 disable_stories=0 disable_adds=0
08-12 21:58:07.816 17193 18051 I DFInstaObserve: !toggles disable_feed=1 disable_explore=0 disable_reels=0 disable_stories=0 disable_adds=0
08-12 21:58:07.978 17193 18066 I DFInstaObserve: !toggles disable_feed=1 disable_explore=0 disable_reels=0 disable_stories=0 disable_adds=0
08-12 21:58:08.474 17193 17785 I DFInstaObserve: !toggles disable_feed=1 disable_explore=0 disable_reels=0 disable_stories=0 disable_adds=0
08-12 21:58:08.686 17193 17990 I DFInstaObserve: !toggles disable_feed=1 disable_explore=0 disable_reels=0 disable_stories=0 disable_adds=0
08-12 21:58:08.701 17193 17227 I DFInstaObserve: !toggles disable_feed=1 disable_explore=0 disable_reels=0 disable_stories=0 disable_adds=0
08-12 21:58:08.739 17193 18111 I DFInstaObserve: !toggles disable_feed=1 disable_explore=0 disable_reels=0 disable_stories=0 disable_adds=0
08-12 21:58:08.940 17193 17391 I DFInstaObserve: !toggles disable_feed=1 disable_explore=0 disable_reels=0 disable_stories=0 disable_adds=0
08-12 21:58:09.031 17193 17391 I DFInstaObserve: !toggles disable_feed=1 disable_explore=0 disable_reels=0 disable_stories=0 disable_adds=0
08-12 21:58:09.143 17193 17391 I DFInstaObserve: !toggles disable_feed=1 disable_explore=0 disable_reels=0 disable_stories=0 disable_adds=0
08-12 21:58:09.243 17193 17391 I DFInstaObserve: !toggles disable_feed=1 disable_explore=0 disable_reels=0 disable_stories=0 disable_adds=0
08-12 21:58:09.322 17193 17391 I DFInstaObserve: !toggles disable_feed=1 disable_explore=0 disable_reels=0 disable_stories=0 disable_adds=0
08-12 21:58:11.070 17193 18121 I DFInstaObserve: !toggles disable_feed=1 disable_explore=0 disable_reels=0 disable_stories=0 disable_adds=0
08-12 21:58:11.071 17193 18122 I DFInstaObserve: !toggles disable_feed=1 disable_explore=0 disable_reels=0 disable_stories=0 disable_adds=0
08-12 21:58:16.476 17193 18114 I DFInstaObserve: !toggles disable_feed=1 disable_explore=0 disable_reels=0 disable_stories=0 disable_adds=0
08-12 21:58:16.476 17193 18114 I DFInstaObserve: /clips/discover
08-12 21:58:16.476 17193 18114 I DFInstaObserve: /clips/discover/stream/
08-12 21:58:16.888 17193 17227 I DFInstaObserve: !toggles disable_feed=1 disable_explore=0 disable_reels=0 disable_stories=0 disable_adds=0
08-12 21:58:18.991 17193 18189 I DFInstaObserve: !toggles disable_feed=1 disable_explore=0 disable_reels=0 disable_stories=0 disable_adds=0
08-12 21:58:18.991 17193 18190 I DFInstaObserve: !toggles disable_feed=1 disable_explore=0 disable_reels=0 disable_stories=0 disable_adds=0
08-12 21:58:20.839 17193 17227 I DFInstaObserve: !toggles disable_feed=1 disable_explore=0 disable_reels=0 disable_stories=0 disable_adds=0
08-12 21:58:20.844 17193 17990 I DFInstaObserve: !toggles disable_feed=1 disable_explore=0 disable_reels=0 disable_stories=0 disable_adds=0
08-12 21:58:20.876 17193 17356 I DFInstaObserve: !toggles disable_feed=1 disable_explore=0 disable_reels=0 disable_stories=0 disable_adds=0
08-12 21:58:20.931 17193 18106 I DFInstaObserve: !toggles disable_feed=1 disable_explore=0 disable_reels=0 disable_stories=0 disable_adds=0
08-12 21:58:20.947 17193 17990 I DFInstaObserve: !toggles disable_feed=1 disable_explore=0 disable_reels=0 disable_stories=0 disable_adds=0
08-12 21:58:20.998 17193 17356 I DFInstaObserve: !toggles disable_feed=1 disable_explore=0 disable_reels=0 disable_stories=0 disable_adds=0
08-12 21:58:21.027 17193 18238 I DFInstaObserve: !toggles disable_feed=1 disable_explore=0 disable_reels=0 disable_stories=0 disable_adds=0
08-12 21:58:21.058 17193 17785 I DFInstaObserve: !toggles disable_feed=1 disable_explore=0 disable_reels=0 disable_stories=0 disable_adds=0
08-12 21:58:21.073 17193 17356 I DFInstaObserve: !toggles disable_feed=1 disable_explore=0 disable_reels=0 disable_stories=0 disable_adds=0
08-12 21:58:21.107 17193 18238 I DFInstaObserve: !toggles disable_feed=1 disable_explore=0 disable_reels=0 disable_stories=0 disable_adds=0
08-12 21:58:21.207 17193 17785 I DFInstaObserve: !toggles disable_feed=1 disable_explore=0 disable_reels=0 disable_stories=0 disable_adds=0
08-12 21:58:21.491 17193 17356 I DFInstaObserve: !toggles disable_feed=1 disable_explore=0 disable_reels=0 disable_stories=0 disable_adds=0
08-12 21:58:21.530 17193 17356 I DFInstaObserve: !toggles disable_feed=1 disable_explore=0 disable_reels=0 disable_stories=0 disable_adds=0
08-12 21:58:21.651 17193 17356 I DFInstaObserve: !toggles disable_feed=1 disable_explore=0 disable_reels=0 disable_stories=0 disable_adds=0
08-12 21:58:21.687 17193 17356 I DFInstaObserve: !toggles disable_feed=1 disable_explore=0 disable_reels=0 disable_stories=0 disable_adds=0
08-12 21:58:21.819 17193 17356 I DFInstaObserve: !toggles disable_feed=1 disable_explore=0 disable_reels=0 disable_stories=0 disable_adds=0
08-12 21:58:22.309 17193 18223 I DFInstaObserve: !toggles disable_feed=1 disable_explore=0 disable_reels=0 disable_stories=0 disable_adds=0
08-12 21:58:22.310 17193 18220 I DFInstaObserve: !toggles disable_feed=1 disable_explore=0 disable_reels=0 disable_stories=0 disable_adds=0
08-12 21:58:23.573 17193 17227 I DFInstaObserve: !toggles disable_feed=1 disable_explore=0 disable_reels=0 disable_stories=0 disable_adds=0
08-12 21:58:23.629 17193 17990 I DFInstaObserve: !toggles disable_feed=1 disable_explore=0 disable_reels=0 disable_stories=0 disable_adds=0
08-12 21:58:25.673 17193 18256 I DFInstaObserve: !toggles disable_feed=1 disable_explore=0 disable_reels=0 disable_stories=0 disable_adds=0
08-12 21:58:25.676 17193 18255 I DFInstaObserve: !toggles disable_feed=1 disable_explore=0 disable_reels=0 disable_stories=0 disable_adds=0
08-12 21:58:26.933 17193 17227 I DFInstaObserve: !toggles disable_feed=1 disable_explore=0 disable_reels=0 disable_stories=0 disable_adds=0
08-12 21:58:28.996 17193 18283 I DFInstaObserve: !toggles disable_feed=1 disable_explore=0 disable_reels=0 disable_stories=0 disable_adds=0
08-12 21:58:28.998 17193 18282 I DFInstaObserve: !toggles disable_feed=1 disable_explore=0 disable_reels=0 disable_stories=0 disable_adds=0
08-12 21:58:29.799 17193 18238 I DFInstaObserve: !toggles disable_feed=1 disable_explore=0 disable_reels=0 disable_stories=0 disable_adds=0
08-12 21:58:29.799 17193 18238 I DFInstaObserve: /clips/discover
08-12 21:58:29.799 17193 18238 I DFInstaObserve: /clips/discover/stream/
08-12 21:58:32.355 17193 18319 I DFInstaObserve: !toggles disable_feed=1 disable_explore=0 disable_reels=0 disable_stories=0 disable_adds=0
08-12 21:58:32.355 17193 18318 I DFInstaObserve: !toggles disable_feed=1 disable_explore=0 disable_reels=0 disable_stories=0 disable_adds=0
08-12 21:58:33.098 17193 17785 I DFInstaObserve: !toggles disable_feed=1 disable_explore=0 disable_reels=0 disable_stories=0 disable_adds=0
08-12 21:58:33.534 17193 17391 I DFInstaObserve: !toggles disable_feed=1 disable_explore=0 disable_reels=0 disable_stories=0 disable_adds=0
08-12 21:58:33.619 17193 17391 I DFInstaObserve: !toggles disable_feed=1 disable_explore=0 disable_reels=0 disable_stories=0 disable_adds=0
08-12 21:58:33.828 17193 17990 I DFInstaObserve: !toggles disable_feed=1 disable_explore=0 disable_reels=0 disable_stories=0 disable_adds=0
08-12 21:58:33.833 17193 17356 I DFInstaObserve: !toggles disable_feed=1 disable_explore=0 disable_reels=0 disable_stories=0 disable_adds=0
08-12 21:58:33.833 17193 17990 I DFInstaObserve: !toggles disable_feed=1 disable_explore=0 disable_reels=0 disable_stories=0 disable_adds=0
08-12 21:58:33.912 17193 17356 I DFInstaObserve: !toggles disable_feed=1 disable_explore=0 disable_reels=0 disable_stories=0 disable_adds=0
08-12 21:58:33.958 17193 17356 I DFInstaObserve: !toggles disable_feed=1 disable_explore=0 disable_reels=0 disable_stories=0 disable_adds=0
08-12 21:58:34.127 17193 17990 I DFInstaObserve: !toggles disable_feed=1 disable_explore=0 disable_reels=0 disable_stories=0 disable_adds=0
08-12 21:58:34.245 17193 17356 I DFInstaObserve: !toggles disable_feed=1 disable_explore=0 disable_reels=0 disable_stories=0 disable_adds=0
08-12 21:58:34.293 17193 17356 I DFInstaObserve: !toggles disable_feed=1 disable_explore=0 disable_reels=0 disable_stories=0 disable_adds=0
08-12 21:58:34.363 17193 18237 I DFInstaObserve: !toggles disable_feed=1 disable_explore=0 disable_reels=0 disable_stories=0 disable_adds=0
08-12 21:58:34.409 17193 17356 I DFInstaObserve: !toggles disable_feed=1 disable_explore=0 disable_reels=0 disable_stories=0 disable_adds=0
08-12 21:58:38.811 17193 18237 I DFInstaObserve: !toggles disable_feed=1 disable_explore=0 disable_reels=0 disable_stories=0 disable_adds=0
08-12 21:58:38.811 17193 18237 I DFInstaObserve: /clips/discover
08-12 21:58:38.811 17193 18237 I DFInstaObserve: /clips/discover/stream/
08-12 21:58:42.211 17193 17356 I DFInstaObserve: !toggles disable_feed=1 disable_explore=0 disable_reels=0 disable_stories=0 disable_adds=0
08-12 21:58:42.439 17193 17356 I DFInstaObserve: !toggles disable_feed=1 disable_explore=0 disable_reels=0 disable_stories=0 disable_adds=0
08-12 21:58:42.542 17193 17356 I DFInstaObserve: !toggles disable_feed=1 disable_explore=0 disable_reels=0 disable_stories=0 disable_adds=0
08-12 21:58:42.641 17193 17356 I DFInstaObserve: !toggles disable_feed=1 disable_explore=0 disable_reels=0 disable_stories=0 disable_adds=0
08-12 21:58:42.673 17193 17356 I DFInstaObserve: !toggles disable_feed=1 disable_explore=0 disable_reels=0 disable_stories=0 disable_adds=0
08-12 21:58:42.747 17193 17356 I DFInstaObserve: !toggles disable_feed=1 disable_explore=0 disable_reels=0 disable_stories=0 disable_adds=0
08-12 21:58:42.786 17193 17356 I DFInstaObserve: !toggles disable_feed=1 disable_explore=0 disable_reels=0 disable_stories=0 disable_adds=0
08-12 21:58:42.848 17193 17356 I DFInstaObserve: !toggles disable_feed=1 disable_explore=0 disable_reels=0 disable_stories=0 disable_adds=0
08-12 21:59:09.614 17193 17391 I DFInstaObserve: !toggles disable_feed=1 disable_explore=0 disable_reels=0 disable_stories=0 disable_adds=0
08-12 21:59:11.316 17193 18526 I DFInstaObserve: !toggles disable_feed=1 disable_explore=0 disable_reels=0 disable_stories=0 disable_adds=0
08-12 21:59:11.364 17193 18526 I DFInstaObserve: !toggles disable_feed=1 disable_explore=0 disable_reels=0 disable_stories=0 disable_adds=0
08-12 21:59:13.793 17193 18526 I DFInstaObserve: !toggles disable_feed=1 disable_explore=0 disable_reels=0 disable_stories=0 disable_adds=0
08-12 21:59:13.797 17193 18517 I DFInstaObserve: !toggles disable_feed=1 disable_explore=0 disable_reels=0 disable_stories=0 disable_adds=0
08-12 21:59:13.815 17193 18517 I DFInstaObserve: !toggles disable_feed=1 disable_explore=0 disable_reels=0 disable_stories=0 disable_adds=0
08-12 21:59:17.634 17193 18238 I DFInstaObserve: !toggles disable_feed=1 disable_explore=0 disable_reels=0 disable_stories=0 disable_adds=0
08-12 21:59:17.634 17193 18238 I DFInstaObserve: /discover/topical_explore
08-12 21:59:17.718 17193 18571 I DFInstaObserve: !toggles disable_feed=1 disable_explore=0 disable_reels=0 disable_stories=0 disable_adds=0
08-12 21:59:18.116 17193 18586 I DFInstaObserve: !toggles disable_feed=1 disable_explore=0 disable_reels=0 disable_stories=0 disable_adds=0
08-12 21:59:19.759 17193 18570 I DFInstaObserve: !toggles disable_feed=1 disable_explore=0 disable_reels=0 disable_stories=0 disable_adds=0
08-12 21:59:20.098 17193 18577 I DFInstaObserve: !toggles disable_feed=1 disable_explore=0 disable_reels=0 disable_stories=0 disable_adds=0
08-12 21:59:21.117 17193 18625 I DFInstaObserve: !toggles disable_feed=1 disable_explore=0 disable_reels=0 disable_stories=0 disable_adds=0
08-12 21:59:21.131 17193 18625 I DFInstaObserve: !toggles disable_feed=1 disable_explore=0 disable_reels=0 disable_stories=0 disable_adds=0
08-12 21:59:21.210 17193 17227 I DFInstaObserve: !toggles disable_feed=1 disable_explore=0 disable_reels=0 disable_stories=0 disable_adds=0
08-12 21:59:21.216 17193 18625 I DFInstaObserve: !toggles disable_feed=1 disable_explore=0 disable_reels=0 disable_stories=0 disable_adds=0
08-12 21:59:21.309 17193 17356 I DFInstaObserve: !toggles disable_feed=1 disable_explore=0 disable_reels=0 disable_stories=0 disable_adds=0
08-12 21:59:21.400 17193 18609 I DFInstaObserve: !toggles disable_feed=1 disable_explore=0 disable_reels=0 disable_stories=0 disable_adds=0
08-12 21:59:21.458 17193 18349 I DFInstaObserve: !toggles disable_feed=1 disable_explore=0 disable_reels=0 disable_stories=0 disable_adds=0
08-12 21:59:21.561 17193 18609 I DFInstaObserve: !toggles disable_feed=1 disable_explore=0 disable_reels=0 disable_stories=0 disable_adds=0
08-12 21:59:21.747 17193 18346 I DFInstaObserve: !toggles disable_feed=1 disable_explore=0 disable_reels=0 disable_stories=0 disable_adds=0
08-12 21:59:21.774 17193 18609 I DFInstaObserve: !toggles disable_feed=1 disable_explore=0 disable_reels=0 disable_stories=0 disable_adds=0
08-12 21:59:21.917 17193 18346 I DFInstaObserve: !toggles disable_feed=1 disable_explore=0 disable_reels=0 disable_stories=0 disable_adds=0
08-12 21:59:22.021 17193 18239 I DFInstaObserve: !toggles disable_feed=1 disable_explore=0 disable_reels=0 disable_stories=0 disable_adds=0
08-12 21:59:22.111 17193 18349 I DFInstaObserve: !toggles disable_feed=1 disable_explore=0 disable_reels=0 disable_stories=0 disable_adds=0
08-12 21:59:22.225 17193 18346 I DFInstaObserve: !toggles disable_feed=1 disable_explore=0 disable_reels=0 disable_stories=0 disable_adds=0
08-12 21:59:22.321 17193 18609 I DFInstaObserve: !toggles disable_feed=1 disable_explore=0 disable_reels=0 disable_stories=0 disable_adds=0
08-12 21:59:22.442 17193 18239 I DFInstaObserve: !toggles disable_feed=1 disable_explore=0 disable_reels=0 disable_stories=0 disable_adds=0
08-12 21:59:22.550 17193 18611 I DFInstaObserve: !toggles disable_feed=1 disable_explore=0 disable_reels=0 disable_stories=0 disable_adds=0
08-12 21:59:22.556 17193 17356 I DFInstaObserve: !toggles disable_feed=1 disable_explore=0 disable_reels=0 disable_stories=0 disable_adds=0
08-12 21:59:22.597 17193 17356 I DFInstaObserve: !toggles disable_feed=1 disable_explore=0 disable_reels=0 disable_stories=0 disable_adds=0
08-12 21:59:22.678 17193 17356 I DFInstaObserve: !toggles disable_feed=1 disable_explore=0 disable_reels=0 disable_stories=0 disable_adds=0
08-12 21:59:22.720 17193 17356 I DFInstaObserve: !toggles disable_feed=1 disable_explore=0 disable_reels=0 disable_stories=0 disable_adds=0
08-12 21:59:22.790 17193 17356 I DFInstaObserve: !toggles disable_feed=1 disable_explore=0 disable_reels=0 disable_stories=0 disable_adds=0
08-12 21:59:22.852 17193 17356 I DFInstaObserve: !toggles disable_feed=1 disable_explore=0 disable_reels=0 disable_stories=0 disable_adds=0
08-12 21:59:22.955 17193 17356 I DFInstaObserve: !toggles disable_feed=1 disable_explore=0 disable_reels=0 disable_stories=0 disable_adds=0
08-12 21:59:22.995 17193 17356 I DFInstaObserve: !toggles disable_feed=1 disable_explore=0 disable_reels=0 disable_stories=0 disable_adds=0
08-12 21:59:23.078 17193 17356 I DFInstaObserve: !toggles disable_feed=1 disable_explore=0 disable_reels=0 disable_stories=0 disable_adds=0
08-12 21:59:23.116 17193 17356 I DFInstaObserve: !toggles disable_feed=1 disable_explore=0 disable_reels=0 disable_stories=0 disable_adds=0
08-12 21:59:23.383 17193 18630 I DFInstaObserve: !toggles disable_feed=1 disable_explore=0 disable_reels=0 disable_stories=0 disable_adds=0
08-12 21:59:23.435 17193 18630 I DFInstaObserve: !toggles disable_feed=1 disable_explore=0 disable_reels=0 disable_stories=0 disable_adds=0
08-12 21:59:23.449 17193 18631 I DFInstaObserve: !toggles disable_feed=1 disable_explore=0 disable_reels=0 disable_stories=0 disable_adds=0
08-12 21:59:23.606 17193 17356 I DFInstaObserve: !toggles disable_feed=1 disable_explore=0 disable_reels=0 disable_stories=0 disable_adds=0
08-12 21:59:23.669 17193 17356 I DFInstaObserve: !toggles disable_feed=1 disable_explore=0 disable_reels=0 disable_stories=0 disable_adds=0
08-12 21:59:23.723 17193 17356 I DFInstaObserve: !toggles disable_feed=1 disable_explore=0 disable_reels=0 disable_stories=0 disable_adds=0
08-12 21:59:23.785 17193 17356 I DFInstaObserve: !toggles disable_feed=1 disable_explore=0 disable_reels=0 disable_stories=0 disable_adds=0
08-12 21:59:24.091 17193 18239 I DFInstaObserve: !toggles disable_feed=1 disable_explore=0 disable_reels=0 disable_stories=0 disable_adds=0
08-12 21:59:24.091 17193 18239 I DFInstaObserve: /discover/topical_explore
08-12 21:59:24.233 17193 17356 I DFInstaObserve: !toggles disable_feed=1 disable_explore=0 disable_reels=0 disable_stories=0 disable_adds=0
08-12 21:59:26.586 17193 18674 I DFInstaObserve: !toggles disable_feed=1 disable_explore=0 disable_reels=0 disable_stories=0 disable_adds=0
08-12 21:59:26.808 17193 18680 I DFInstaObserve: !toggles disable_feed=1 disable_explore=0 disable_reels=0 disable_stories=0 disable_adds=0
08-12 21:59:27.533 17193 18625 I DFInstaObserve: !toggles disable_feed=1 disable_explore=0 disable_reels=0 disable_stories=0 disable_adds=0
08-12 21:59:27.541 17193 18625 I DFInstaObserve: !toggles disable_feed=1 disable_explore=0 disable_reels=0 disable_stories=0 disable_adds=0
08-12 21:59:27.663 17193 18625 I DFInstaObserve: !toggles disable_feed=1 disable_explore=0 disable_reels=0 disable_stories=0 disable_adds=0
08-12 21:59:27.693 17193 18702 I DFInstaObserve: !toggles disable_feed=1 disable_explore=0 disable_reels=0 disable_stories=0 disable_adds=0
08-12 21:59:27.768 17193 17356 I DFInstaObserve: !toggles disable_feed=1 disable_explore=0 disable_reels=0 disable_stories=0 disable_adds=0
08-12 21:59:27.809 17193 18701 I DFInstaObserve: !toggles disable_feed=1 disable_explore=0 disable_reels=0 disable_stories=0 disable_adds=0
08-12 21:59:27.880 17193 18658 I DFInstaObserve: !toggles disable_feed=1 disable_explore=0 disable_reels=0 disable_stories=0 disable_adds=0
08-12 21:59:27.912 17193 18611 I DFInstaObserve: !toggles disable_feed=1 disable_explore=0 disable_reels=0 disable_stories=0 disable_adds=0
08-12 21:59:28.112 17193 18346 I DFInstaObserve: !toggles disable_feed=1 disable_explore=0 disable_reels=0 disable_stories=0 disable_adds=0
08-12 21:59:28.171 17193 18701 I DFInstaObserve: !toggles disable_feed=1 disable_explore=0 disable_reels=0 disable_stories=0 disable_adds=0
08-12 21:59:28.251 17193 17356 I DFInstaObserve: !toggles disable_feed=1 disable_explore=0 disable_reels=0 disable_stories=0 disable_adds=0
08-12 21:59:28.259 17193 18611 I DFInstaObserve: !toggles disable_feed=1 disable_explore=0 disable_reels=0 disable_stories=0 disable_adds=0
08-12 21:59:28.293 17193 17356 I DFInstaObserve: !toggles disable_feed=1 disable_explore=0 disable_reels=0 disable_stories=0 disable_adds=0
08-12 21:59:28.364 17193 18658 I DFInstaObserve: !toggles disable_feed=1 disable_explore=0 disable_reels=0 disable_stories=0 disable_adds=0
08-12 21:59:28.381 17193 17356 I DFInstaObserve: !toggles disable_feed=1 disable_explore=0 disable_reels=0 disable_stories=0 disable_adds=0
08-12 21:59:28.408 17193 18612 I DFInstaObserve: !toggles disable_feed=1 disable_explore=0 disable_reels=0 disable_stories=0 disable_adds=0
08-12 21:59:28.426 17193 17356 I DFInstaObserve: !toggles disable_feed=1 disable_explore=0 disable_reels=0 disable_stories=0 disable_adds=0
08-12 21:59:28.497 17193 17356 I DFInstaObserve: !toggles disable_feed=1 disable_explore=0 disable_reels=0 disable_stories=0 disable_adds=0
08-12 21:59:28.533 17193 18346 I DFInstaObserve: !toggles disable_feed=1 disable_explore=0 disable_reels=0 disable_stories=0 disable_adds=0
08-12 21:59:28.545 17193 17356 I DFInstaObserve: !toggles disable_feed=1 disable_explore=0 disable_reels=0 disable_stories=0 disable_adds=0
08-12 21:59:28.619 17193 18701 I DFInstaObserve: !toggles disable_feed=1 disable_explore=0 disable_reels=0 disable_stories=0 disable_adds=0
08-12 21:59:28.682 17193 18612 I DFInstaObserve: !toggles disable_feed=1 disable_explore=0 disable_reels=0 disable_stories=0 disable_adds=0
08-12 21:59:28.731 17193 18611 I DFInstaObserve: !toggles disable_feed=1 disable_explore=0 disable_reels=0 disable_stories=0 disable_adds=0
08-12 21:59:28.802 17193 17356 I DFInstaObserve: !toggles disable_feed=1 disable_explore=0 disable_reels=0 disable_stories=0 disable_adds=0
08-12 21:59:28.845 17193 17356 I DFInstaObserve: !toggles disable_feed=1 disable_explore=0 disable_reels=0 disable_stories=0 disable_adds=0
08-12 21:59:28.851 17193 18346 I DFInstaObserve: !toggles disable_feed=1 disable_explore=0 disable_reels=0 disable_stories=0 disable_adds=0
08-12 21:59:28.928 17193 18658 I DFInstaObserve: !toggles disable_feed=1 disable_explore=0 disable_reels=0 disable_stories=0 disable_adds=0
08-12 21:59:29.055 17193 17356 I DFInstaObserve: !toggles disable_feed=1 disable_explore=0 disable_reels=0 disable_stories=0 disable_adds=0
08-12 21:59:29.092 17193 17356 I DFInstaObserve: !toggles disable_feed=1 disable_explore=0 disable_reels=0 disable_stories=0 disable_adds=0
08-12 21:59:29.191 17193 17356 I DFInstaObserve: !toggles disable_feed=1 disable_explore=0 disable_reels=0 disable_stories=0 disable_adds=0
08-12 21:59:29.244 17193 17356 I DFInstaObserve: !toggles disable_feed=1 disable_explore=0 disable_reels=0 disable_stories=0 disable_adds=0
08-12 21:59:29.521 17193 18686 I DFInstaObserve: !toggles disable_feed=1 disable_explore=0 disable_reels=0 disable_stories=0 disable_adds=0
08-12 21:59:29.665 17193 17356 I DFInstaObserve: !toggles disable_feed=1 disable_explore=0 disable_reels=0 disable_stories=0 disable_adds=0
08-12 21:59:29.684 17193 18704 I DFInstaObserve: !toggles disable_feed=1 disable_explore=0 disable_reels=0 disable_stories=0 disable_adds=0
08-12 21:59:29.715 17193 18704 I DFInstaObserve: !toggles disable_feed=1 disable_explore=0 disable_reels=0 disable_stories=0 disable_adds=0
08-12 21:59:29.716 17193 17356 I DFInstaObserve: !toggles disable_feed=1 disable_explore=0 disable_reels=0 disable_stories=0 disable_adds=0
08-12 21:59:29.804 17193 17356 I DFInstaObserve: !toggles disable_feed=1 disable_explore=0 disable_reels=0 disable_stories=0 disable_adds=0
08-12 21:59:30.886 17193 18726 I DFInstaObserve: !toggles disable_feed=1 disable_explore=0 disable_reels=0 disable_stories=0 disable_adds=0
08-12 21:59:30.886 17193 18726 I DFInstaObserve: /discover/topical_explore
08-12 21:59:31.046 17193 18745 I DFInstaObserve: !toggles disable_feed=1 disable_explore=0 disable_reels=0 disable_stories=0 disable_adds=0
08-12 21:59:31.480 17193 18760 I DFInstaObserve: !toggles disable_feed=1 disable_explore=0 disable_reels=0 disable_stories=0 disable_adds=0
08-12 21:59:33.224 17193 18744 I DFInstaObserve: !toggles disable_feed=1 disable_explore=0 disable_reels=0 disable_stories=0 disable_adds=0
08-12 21:59:33.472 17193 18752 I DFInstaObserve: !toggles disable_feed=1 disable_explore=0 disable_reels=0 disable_stories=0 disable_adds=0
08-12 21:59:34.157 17193 18799 I DFInstaObserve: !toggles disable_feed=1 disable_explore=0 disable_reels=0 disable_stories=0 disable_adds=0
08-12 21:59:34.170 17193 18625 I DFInstaObserve: !toggles disable_feed=1 disable_explore=0 disable_reels=0 disable_stories=0 disable_adds=0
08-12 21:59:34.271 17193 17356 I DFInstaObserve: !toggles disable_feed=1 disable_explore=0 disable_reels=0 disable_stories=0 disable_adds=0
08-12 21:59:34.321 17193 18784 I DFInstaObserve: !toggles disable_feed=1 disable_explore=0 disable_reels=0 disable_stories=0 disable_adds=0
08-12 21:59:34.441 17193 17391 I DFInstaObserve: !toggles disable_feed=1 disable_explore=0 disable_reels=0 disable_stories=0 disable_adds=0
08-12 21:59:34.456 17193 17356 I DFInstaObserve: !toggles disable_feed=1 disable_explore=0 disable_reels=0 disable_stories=0 disable_adds=0
08-12 21:59:34.489 17193 18785 I DFInstaObserve: !toggles disable_feed=1 disable_explore=0 disable_reels=0 disable_stories=0 disable_adds=0
08-12 21:59:34.500 17193 17356 I DFInstaObserve: !toggles disable_feed=1 disable_explore=0 disable_reels=0 disable_stories=0 disable_adds=0
08-12 21:59:34.534 17193 17391 I DFInstaObserve: !toggles disable_feed=1 disable_explore=0 disable_reels=0 disable_stories=0 disable_adds=0
08-12 21:59:34.591 17193 18783 I DFInstaObserve: !toggles disable_feed=1 disable_explore=0 disable_reels=0 disable_stories=0 disable_adds=0
08-12 21:59:34.642 17193 17391 I DFInstaObserve: !toggles disable_feed=1 disable_explore=0 disable_reels=0 disable_stories=0 disable_adds=0
08-12 21:59:34.644 17193 17356 I DFInstaObserve: !toggles disable_feed=1 disable_explore=0 disable_reels=0 disable_stories=0 disable_adds=0
08-12 21:59:34.682 17193 18784 I DFInstaObserve: !toggles disable_feed=1 disable_explore=0 disable_reels=0 disable_stories=0 disable_adds=0
08-12 21:59:34.701 17193 17356 I DFInstaObserve: !toggles disable_feed=1 disable_explore=0 disable_reels=0 disable_stories=0 disable_adds=0
08-12 21:59:34.732 17193 17391 I DFInstaObserve: !toggles disable_feed=1 disable_explore=0 disable_reels=0 disable_stories=0 disable_adds=0
08-12 21:59:34.787 17193 18788 I DFInstaObserve: !toggles disable_feed=1 disable_explore=0 disable_reels=0 disable_stories=0 disable_adds=0
08-12 21:59:34.824 17193 18783 I DFInstaObserve: !toggles disable_feed=1 disable_explore=0 disable_reels=0 disable_stories=0 disable_adds=0
08-12 21:59:34.849 17193 17391 I DFInstaObserve: !toggles disable_feed=1 disable_explore=0 disable_reels=0 disable_stories=0 disable_adds=0
08-12 21:59:34.941 17193 18788 I DFInstaObserve: !toggles disable_feed=1 disable_explore=0 disable_reels=0 disable_stories=0 disable_adds=0
08-12 21:59:35.049 17193 18791 I DFInstaObserve: !toggles disable_feed=1 disable_explore=0 disable_reels=0 disable_stories=0 disable_adds=0
08-12 21:59:35.190 17193 18784 I DFInstaObserve: !toggles disable_feed=1 disable_explore=0 disable_reels=0 disable_stories=0 disable_adds=0
08-12 21:59:35.225 17193 18788 I DFInstaObserve: !toggles disable_feed=1 disable_explore=0 disable_reels=0 disable_stories=0 disable_adds=0
08-12 21:59:35.391 17193 18791 I DFInstaObserve: !toggles disable_feed=1 disable_explore=0 disable_reels=0 disable_stories=0 disable_adds=0
08-12 21:59:35.461 17193 18785 I DFInstaObserve: !toggles disable_feed=1 disable_explore=0 disable_reels=0 disable_stories=0 disable_adds=0
08-12 21:59:35.486 17193 17356 I DFInstaObserve: !toggles disable_feed=1 disable_explore=0 disable_reels=0 disable_stories=0 disable_adds=0
08-12 21:59:35.522 17193 18788 I DFInstaObserve: !toggles disable_feed=1 disable_explore=0 disable_reels=0 disable_stories=0 disable_adds=0
08-12 21:59:35.538 17193 17356 I DFInstaObserve: !toggles disable_feed=1 disable_explore=0 disable_reels=0 disable_stories=0 disable_adds=0
08-12 21:59:35.585 17193 18791 I DFInstaObserve: !toggles disable_feed=1 disable_explore=0 disable_reels=0 disable_stories=0 disable_adds=0
08-12 21:59:35.665 17193 17356 I DFInstaObserve: !toggles disable_feed=1 disable_explore=0 disable_reels=0 disable_stories=0 disable_adds=0
08-12 21:59:35.690 17193 18785 I DFInstaObserve: !toggles disable_feed=1 disable_explore=0 disable_reels=0 disable_stories=0 disable_adds=0
08-12 21:59:35.711 17193 17356 I DFInstaObserve: !toggles disable_feed=1 disable_explore=0 disable_reels=0 disable_stories=0 disable_adds=0
08-12 21:59:35.802 17193 17356 I DFInstaObserve: !toggles disable_feed=1 disable_explore=0 disable_reels=0 disable_stories=0 disable_adds=0
08-12 21:59:35.812 17193 18612 I DFInstaObserve: !toggles disable_feed=1 disable_explore=0 disable_reels=0 disable_stories=0 disable_adds=0
08-12 21:59:35.846 17193 17356 I DFInstaObserve: !toggles disable_feed=1 disable_explore=0 disable_reels=0 disable_stories=0 disable_adds=0
08-12 21:59:35.907 17193 18791 I DFInstaObserve: !toggles disable_feed=1 disable_explore=0 disable_reels=0 disable_stories=0 disable_adds=0
08-12 21:59:35.951 17193 18783 I DFInstaObserve: !toggles disable_feed=1 disable_explore=0 disable_reels=0 disable_stories=0 disable_adds=0
08-12 21:59:36.075 17193 17356 I DFInstaObserve: !toggles disable_feed=1 disable_explore=0 disable_reels=0 disable_stories=0 disable_adds=0
08-12 21:59:36.081 17193 18784 I DFInstaObserve: !toggles disable_feed=1 disable_explore=0 disable_reels=0 disable_stories=0 disable_adds=0
08-12 21:59:36.121 17193 17356 I DFInstaObserve: !toggles disable_feed=1 disable_explore=0 disable_reels=0 disable_stories=0 disable_adds=0
08-12 21:59:36.211 17193 17356 I DFInstaObserve: !toggles disable_feed=1 disable_explore=0 disable_reels=0 disable_stories=0 disable_adds=0
08-12 21:59:36.250 17193 17356 I DFInstaObserve: !toggles disable_feed=1 disable_explore=0 disable_reels=0 disable_stories=0 disable_adds=0
08-12 21:59:36.388 17193 18803 I DFInstaObserve: !toggles disable_feed=1 disable_explore=0 disable_reels=0 disable_stories=0 disable_adds=0
08-12 21:59:36.391 17193 18801 I DFInstaObserve: !toggles disable_feed=1 disable_explore=0 disable_reels=0 disable_stories=0 disable_adds=0
08-12 21:59:36.655 17193 17356 I DFInstaObserve: !toggles disable_feed=1 disable_explore=0 disable_reels=0 disable_stories=0 disable_adds=0
08-12 21:59:42.458 17193 18625 I DFInstaObserve: !toggles disable_feed=1 disable_explore=0 disable_reels=0 disable_stories=0 disable_adds=0
08-12 21:59:44.592 17193 18840 I DFInstaObserve: !toggles disable_feed=1 disable_explore=0 disable_reels=0 disable_stories=0 disable_adds=0
08-12 21:59:44.594 17193 18839 I DFInstaObserve: !toggles disable_feed=1 disable_explore=0 disable_reels=0 disable_stories=0 disable_adds=0
08-12 21:59:47.920 17193 18876 I DFInstaObserve: !toggles disable_feed=1 disable_explore=0 disable_reels=0 disable_stories=0 disable_adds=0
08-12 21:59:47.920 17193 18875 I DFInstaObserve: !toggles disable_feed=1 disable_explore=0 disable_reels=0 disable_stories=0 disable_adds=0
08-12 21:59:48.719 17193 18783 I DFInstaObserve: !toggles disable_feed=1 disable_explore=0 disable_reels=0 disable_stories=0 disable_adds=0
08-12 21:59:48.719 17193 18783 I DFInstaObserve: /clips/discover
08-12 21:59:48.719 17193 18783 I DFInstaObserve: /clips/discover/stream/
08-12 21:59:49.135 17193 18625 I DFInstaObserve: !toggles disable_feed=1 disable_explore=0 disable_reels=0 disable_stories=0 disable_adds=0
08-12 21:59:51.233 17193 18901 I DFInstaObserve: !toggles disable_feed=1 disable_explore=0 disable_reels=0 disable_stories=0 disable_adds=0
08-12 21:59:51.240 17193 18902 I DFInstaObserve: !toggles disable_feed=1 disable_explore=0 disable_reels=0 disable_stories=0 disable_adds=0
08-12 21:59:53.345 17193 18625 I DFInstaObserve: !toggles disable_feed=1 disable_explore=0 disable_reels=0 disable_stories=0 disable_adds=0
08-12 21:59:53.351 17193 17356 I DFInstaObserve: !toggles disable_feed=1 disable_explore=0 disable_reels=0 disable_stories=0 disable_adds=0
08-12 21:59:53.353 17193 18625 I DFInstaObserve: !toggles disable_feed=1 disable_explore=0 disable_reels=0 disable_stories=0 disable_adds=0
08-12 21:59:53.410 17193 17583 I DFInstaObserve: !toggles disable_feed=1 disable_explore=0 disable_reels=0 disable_stories=0 disable_adds=0
08-12 21:59:53.410 17193 17356 I DFInstaObserve: !toggles disable_feed=1 disable_explore=0 disable_reels=0 disable_stories=0 disable_adds=0
08-12 21:59:53.456 17193 17356 I DFInstaObserve: !toggles disable_feed=1 disable_explore=0 disable_reels=0 disable_stories=0 disable_adds=0
08-12 21:59:53.521 17193 18799 I DFInstaObserve: !toggles disable_feed=1 disable_explore=0 disable_reels=0 disable_stories=0 disable_adds=0
08-12 21:59:53.635 17193 17356 I DFInstaObserve: !toggles disable_feed=1 disable_explore=0 disable_reels=0 disable_stories=0 disable_adds=0
08-12 21:59:53.639 17193 18979 I DFInstaObserve: !toggles disable_feed=1 disable_explore=0 disable_reels=0 disable_stories=0 disable_adds=0
08-12 21:59:53.654 17193 18980 I DFInstaObserve: !toggles disable_feed=1 disable_explore=0 disable_reels=0 disable_stories=0 disable_adds=0
08-12 21:59:53.678 17193 17356 I DFInstaObserve: !toggles disable_feed=1 disable_explore=0 disable_reels=0 disable_stories=0 disable_adds=0
08-12 21:59:53.767 17193 18783 I DFInstaObserve: !toggles disable_feed=1 disable_explore=0 disable_reels=0 disable_stories=0 disable_adds=0
08-12 21:59:53.874 17193 17356 I DFInstaObserve: !toggles disable_feed=1 disable_explore=0 disable_reels=0 disable_stories=0 disable_adds=0
08-12 21:59:53.920 17193 17356 I DFInstaObserve: !toggles disable_feed=1 disable_explore=0 disable_reels=0 disable_stories=0 disable_adds=0
08-12 21:59:54.027 17193 17356 I DFInstaObserve: !toggles disable_feed=1 disable_explore=0 disable_reels=0 disable_stories=0 disable_adds=0
08-12 21:59:54.587 17193 18951 I DFInstaObserve: !toggles disable_feed=1 disable_explore=0 disable_reels=0 disable_stories=0 disable_adds=0
08-12 21:59:54.588 17193 18950 I DFInstaObserve: !toggles disable_feed=1 disable_explore=0 disable_reels=0 disable_stories=0 disable_adds=0
08-12 21:59:55.792 17193 18625 I DFInstaObserve: !toggles disable_feed=1 disable_explore=0 disable_reels=0 disable_stories=0 disable_adds=0
08-12 21:59:57.914 17193 18995 I DFInstaObserve: !toggles disable_feed=1 disable_explore=0 disable_reels=0 disable_stories=0 disable_adds=0
08-12 21:59:57.914 17193 18993 I DFInstaObserve: !toggles disable_feed=1 disable_explore=0 disable_reels=0 disable_stories=0 disable_adds=0
08-12 21:59:58.683 17193 18979 I DFInstaObserve: !toggles disable_feed=1 disable_explore=0 disable_reels=0 disable_stories=0 disable_adds=0
08-12 21:59:59.004 17193 17391 I DFInstaObserve: !toggles disable_feed=1 disable_explore=0 disable_reels=0 disable_stories=0 disable_adds=0
08-12 21:59:59.113 17193 17391 I DFInstaObserve: !toggles disable_feed=1 disable_explore=0 disable_reels=0 disable_stories=0 disable_adds=0
08-12 22:00:07.464 17193 17356 I DFInstaObserve: !toggles disable_feed=1 disable_explore=0 disable_reels=0 disable_stories=0 disable_adds=0
08-12 22:00:07.502 17193 17356 I DFInstaObserve: !toggles disable_feed=1 disable_explore=0 disable_reels=0 disable_stories=0 disable_adds=0
08-12 22:00:35.075 17193 17391 I DFInstaObserve: !toggles disable_feed=1 disable_explore=0 disable_reels=0 disable_stories=0 disable_adds=0
08-12 22:00:39.381 17193 19185 I DFInstaObserve: !toggles disable_feed=1 disable_explore=0 disable_reels=0 disable_stories=0 disable_adds=0
08-12 22:00:39.413 17193 19185 I DFInstaObserve: !toggles disable_feed=1 disable_explore=0 disable_reels=0 disable_stories=0 disable_adds=0
08-12 22:00:45.575 17193 19234 I DFInstaObserve: !toggles disable_feed=1 disable_explore=0 disable_reels=0 disable_stories=0 disable_adds=0
08-12 22:00:45.646 17193 19234 I DFInstaObserve: !toggles disable_feed=1 disable_explore=0 disable_reels=0 disable_stories=0 disable_adds=0
08-12 22:00:45.880 17193 19229 I DFInstaObserve: !toggles disable_feed=1 disable_explore=0 disable_reels=0 disable_stories=0 disable_adds=0
08-12 22:00:46.255 17193 19226 I DFInstaObserve: !toggles disable_feed=1 disable_explore=0 disable_reels=0 disable_stories=0 disable_adds=0
08-12 22:00:46.255 17193 19226 I DFInstaObserve: /discover/topical_explore
08-12 22:00:46.944 17193 19280 I DFInstaObserve: !toggles disable_feed=1 disable_explore=0 disable_reels=0 disable_stories=0 disable_adds=0
08-12 22:00:48.928 17193 19272 I DFInstaObserve: !toggles disable_feed=1 disable_explore=0 disable_reels=0 disable_stories=0 disable_adds=0
08-12 22:00:49.351 17193 19279 I DFInstaObserve: !toggles disable_feed=1 disable_explore=0 disable_reels=0 disable_stories=0 disable_adds=0
08-12 22:00:49.863 17193 19307 I DFInstaObserve: !toggles disable_feed=1 disable_explore=0 disable_reels=0 disable_stories=0 disable_adds=0
08-12 22:00:51.845 17193 19286 I DFInstaObserve: !toggles disable_feed=1 disable_explore=0 disable_reels=0 disable_stories=0 disable_adds=0
08-12 22:00:51.942 17193 19306 I DFInstaObserve: !toggles disable_feed=1 disable_explore=0 disable_reels=0 disable_stories=0 disable_adds=0
08-12 22:00:53.071 17193 19259 I DFInstaObserve: !toggles disable_feed=1 disable_explore=0 disable_reels=0 disable_stories=0 disable_adds=0
08-12 22:00:53.071 17193 19259 I DFInstaObserve: /discover/topical_explore
08-12 22:00:55.513 17193 19354 I DFInstaObserve: !toggles disable_feed=1 disable_explore=0 disable_reels=0 disable_stories=0 disable_adds=0
08-12 22:00:55.541 17193 19354 I DFInstaObserve: !toggles disable_feed=1 disable_explore=0 disable_reels=0 disable_stories=0 disable_adds=0
08-12 22:00:55.612 17193 19346 I DFInstaObserve: !toggles disable_feed=1 disable_explore=0 disable_reels=0 disable_stories=0 disable_adds=0
08-12 22:00:56.566 17193 18799 I DFInstaObserve: !toggles disable_feed=1 disable_explore=0 disable_reels=0 disable_stories=0 disable_adds=0
08-12 22:00:56.732 17193 19394 I DFInstaObserve: !toggles disable_feed=1 disable_explore=0 disable_reels=0 disable_stories=0 disable_adds=0
08-12 22:00:56.740 17193 18799 I DFInstaObserve: !toggles disable_feed=1 disable_explore=0 disable_reels=0 disable_stories=0 disable_adds=0
08-12 22:00:56.744 17193 19383 I DFInstaObserve: !toggles disable_feed=1 disable_explore=0 disable_reels=0 disable_stories=0 disable_adds=0
08-12 22:00:56.744 17193 19383 I DFInstaObserve: /discover/topical_explore
08-12 22:00:56.797 17193 17356 I DFInstaObserve: !toggles disable_feed=1 disable_explore=0 disable_reels=0 disable_stories=0 disable_adds=0
08-12 22:00:56.808 17193 19400 I DFInstaObserve: !toggles disable_feed=1 disable_explore=0 disable_reels=0 disable_stories=0 disable_adds=0
08-12 22:00:56.865 17193 19351 I DFInstaObserve: !toggles disable_feed=1 disable_explore=0 disable_reels=0 disable_stories=0 disable_adds=0
08-12 22:00:56.913 17193 19259 I DFInstaObserve: !toggles disable_feed=1 disable_explore=0 disable_reels=0 disable_stories=0 disable_adds=0
08-12 22:00:57.008 17193 19351 I DFInstaObserve: !toggles disable_feed=1 disable_explore=0 disable_reels=0 disable_stories=0 disable_adds=0
08-12 22:00:57.051 17193 19417 I DFInstaObserve: !toggles disable_feed=1 disable_explore=0 disable_reels=0 disable_stories=0 disable_adds=0
08-12 22:00:57.079 17193 17356 I DFInstaObserve: !toggles disable_feed=1 disable_explore=0 disable_reels=0 disable_stories=0 disable_adds=0
08-12 22:00:57.093 17193 19405 I DFInstaObserve: !toggles disable_feed=1 disable_explore=0 disable_reels=0 disable_stories=0 disable_adds=0
08-12 22:00:57.142 17193 17356 I DFInstaObserve: !toggles disable_feed=1 disable_explore=0 disable_reels=0 disable_stories=0 disable_adds=0
08-12 22:00:57.680 17193 17356 I DFInstaObserve: !toggles disable_feed=1 disable_explore=0 disable_reels=0 disable_stories=0 disable_adds=0
08-12 22:00:57.723 17193 17356 I DFInstaObserve: !toggles disable_feed=1 disable_explore=0 disable_reels=0 disable_stories=0 disable_adds=0
08-12 22:00:57.897 17193 17356 I DFInstaObserve: !toggles disable_feed=1 disable_explore=0 disable_reels=0 disable_stories=0 disable_adds=0
08-12 22:00:57.939 17193 17356 I DFInstaObserve: !toggles disable_feed=1 disable_explore=0 disable_reels=0 disable_stories=0 disable_adds=0
08-12 22:00:58.398 17193 17356 I DFInstaObserve: !toggles disable_feed=1 disable_explore=0 disable_reels=0 disable_stories=0 disable_adds=0
08-12 22:00:58.461 17193 17356 I DFInstaObserve: !toggles disable_feed=1 disable_explore=0 disable_reels=0 disable_stories=0 disable_adds=0
08-12 22:00:58.695 17193 17356 I DFInstaObserve: !toggles disable_feed=1 disable_explore=0 disable_reels=0 disable_stories=0 disable_adds=0
08-12 22:00:58.730 17193 17356 I DFInstaObserve: !toggles disable_feed=1 disable_explore=0 disable_reels=0 disable_stories=0 disable_adds=0
08-12 22:00:58.802 17193 17356 I DFInstaObserve: !toggles disable_feed=1 disable_explore=0 disable_reels=0 disable_stories=0 disable_adds=0
08-12 22:00:58.847 17193 17356 I DFInstaObserve: !toggles disable_feed=1 disable_explore=0 disable_reels=0 disable_stories=0 disable_adds=0
08-12 22:00:59.008 17193 19398 I DFInstaObserve: !toggles disable_feed=1 disable_explore=0 disable_reels=0 disable_stories=0 disable_adds=0
08-12 22:00:59.164 17193 17356 I DFInstaObserve: !toggles disable_feed=1 disable_explore=0 disable_reels=0 disable_stories=0 disable_adds=0
08-12 22:01:00.221 17193 18799 I DFInstaObserve: !toggles disable_feed=1 disable_explore=0 disable_reels=0 disable_stories=0 disable_adds=0
08-12 22:01:00.228 17193 19476 I DFInstaObserve: !toggles disable_feed=1 disable_explore=0 disable_reels=0 disable_stories=0 disable_adds=0
08-12 22:01:00.348 17193 17356 I DFInstaObserve: !toggles disable_feed=1 disable_explore=0 disable_reels=0 disable_stories=0 disable_adds=0
08-12 22:01:00.394 17193 19465 I DFInstaObserve: !toggles disable_feed=1 disable_explore=0 disable_reels=0 disable_stories=0 disable_adds=0
08-12 22:01:00.423 17193 17391 I DFInstaObserve: !toggles disable_feed=1 disable_explore=0 disable_reels=0 disable_stories=0 disable_adds=0
08-12 22:01:00.453 17193 19454 I DFInstaObserve: !toggles disable_feed=1 disable_explore=0 disable_reels=0 disable_stories=0 disable_adds=0
08-12 22:01:00.473 17193 17356 I DFInstaObserve: !toggles disable_feed=1 disable_explore=0 disable_reels=0 disable_stories=0 disable_adds=0
08-12 22:01:00.532 17193 17356 I DFInstaObserve: !toggles disable_feed=1 disable_explore=0 disable_reels=0 disable_stories=0 disable_adds=0
08-12 22:01:00.544 17193 17391 I DFInstaObserve: !toggles disable_feed=1 disable_explore=0 disable_reels=0 disable_stories=0 disable_adds=0
08-12 22:01:00.590 17193 19454 I DFInstaObserve: !toggles disable_feed=1 disable_explore=0 disable_reels=0 disable_stories=0 disable_adds=0
08-12 22:01:00.691 17193 17391 I DFInstaObserve: !toggles disable_feed=1 disable_explore=0 disable_reels=0 disable_stories=0 disable_adds=0
08-12 22:01:00.705 17193 19462 I DFInstaObserve: !toggles disable_feed=1 disable_explore=0 disable_reels=0 disable_stories=0 disable_adds=0
08-12 22:01:00.716 17193 17356 I DFInstaObserve: !toggles disable_feed=1 disable_explore=0 disable_reels=0 disable_stories=0 disable_adds=0
08-12 22:01:00.762 17193 19456 I DFInstaObserve: !toggles disable_feed=1 disable_explore=0 disable_reels=0 disable_stories=0 disable_adds=0
08-12 22:01:00.766 17193 17356 I DFInstaObserve: !toggles disable_feed=1 disable_explore=0 disable_reels=0 disable_stories=0 disable_adds=0
08-12 22:01:00.797 17193 17391 I DFInstaObserve: !toggles disable_feed=1 disable_explore=0 disable_reels=0 disable_stories=0 disable_adds=0
08-12 22:01:00.805 17193 19463 I DFInstaObserve: !toggles disable_feed=1 disable_explore=0 disable_reels=0 disable_stories=0 disable_adds=0
08-12 22:01:00.858 17193 19454 I DFInstaObserve: !toggles disable_feed=1 disable_explore=0 disable_reels=0 disable_stories=0 disable_adds=0
08-12 22:01:00.933 17193 17391 I DFInstaObserve: !toggles disable_feed=1 disable_explore=0 disable_reels=0 disable_stories=0 disable_adds=0
08-12 22:01:00.956 17193 17356 I DFInstaObserve: !toggles disable_feed=1 disable_explore=0 disable_reels=0 disable_stories=0 disable_adds=0
08-12 22:01:00.981 17193 19454 I DFInstaObserve: !toggles disable_feed=1 disable_explore=0 disable_reels=0 disable_stories=0 disable_adds=0
08-12 22:01:01.016 17193 17356 I DFInstaObserve: !toggles disable_feed=1 disable_explore=0 disable_reels=0 disable_stories=0 disable_adds=0
08-12 22:01:01.056 17193 17356 I DFInstaObserve: !toggles disable_feed=1 disable_explore=0 disable_reels=0 disable_stories=0 disable_adds=0
08-12 22:01:01.098 17193 19456 I DFInstaObserve: !toggles disable_feed=1 disable_explore=0 disable_reels=0 disable_stories=0 disable_adds=0
08-12 22:01:01.103 17193 17356 I DFInstaObserve: !toggles disable_feed=1 disable_explore=0 disable_reels=0 disable_stories=0 disable_adds=0
08-12 22:01:01.210 17193 19463 I DFInstaObserve: !toggles disable_feed=1 disable_explore=0 disable_reels=0 disable_stories=0 disable_adds=0
08-12 22:01:01.258 17193 19467 I DFInstaObserve: !toggles disable_feed=1 disable_explore=0 disable_reels=0 disable_stories=0 disable_adds=0
08-12 22:01:01.352 17193 19462 I DFInstaObserve: !toggles disable_feed=1 disable_explore=0 disable_reels=0 disable_stories=0 disable_adds=0
08-12 22:01:01.670 17193 17356 I DFInstaObserve: !toggles disable_feed=1 disable_explore=0 disable_reels=0 disable_stories=0 disable_adds=0
08-12 22:01:01.750 17193 17356 I DFInstaObserve: !toggles disable_feed=1 disable_explore=0 disable_reels=0 disable_stories=0 disable_adds=0
08-12 22:01:01.859 17193 17356 I DFInstaObserve: !toggles disable_feed=1 disable_explore=0 disable_reels=0 disable_stories=0 disable_adds=0
08-12 22:01:01.892 17193 17356 I DFInstaObserve: !toggles disable_feed=1 disable_explore=0 disable_reels=0 disable_stories=0 disable_adds=0
08-12 22:01:01.912 17193 19447 I DFInstaObserve: !toggles disable_feed=1 disable_explore=0 disable_reels=0 disable_stories=0 disable_adds=0
08-12 22:01:01.912 17193 19446 I DFInstaObserve: !toggles disable_feed=1 disable_explore=0 disable_reels=0 disable_stories=0 disable_adds=0
08-12 22:01:01.965 17193 17356 I DFInstaObserve: !toggles disable_feed=1 disable_explore=0 disable_reels=0 disable_stories=0 disable_adds=0
08-12 22:01:02.032 17193 17356 I DFInstaObserve: !toggles disable_feed=1 disable_explore=0 disable_reels=0 disable_stories=0 disable_adds=0
08-12 22:01:02.249 17193 17356 I DFInstaObserve: !toggles disable_feed=1 disable_explore=0 disable_reels=0 disable_stories=0 disable_adds=0
08-12 22:01:04.387 17193 19447 I DFInstaObserve: !toggles disable_feed=1 disable_explore=0 disable_reels=0 disable_stories=0 disable_adds=0
08-12 22:01:04.388 17193 19446 I DFInstaObserve: !toggles disable_feed=1 disable_explore=0 disable_reels=0 disable_stories=0 disable_adds=0
08-12 22:01:07.705 17193 19454 I DFInstaObserve: !toggles disable_feed=1 disable_explore=0 disable_reels=0 disable_stories=0 disable_adds=0
08-12 22:01:07.706 17193 19454 I DFInstaObserve: /clips/discover
08-12 22:01:07.706 17193 19454 I DFInstaObserve: /clips/discover/stream/
08-12 22:01:08.114 17193 19476 I DFInstaObserve: !toggles disable_feed=1 disable_explore=0 disable_reels=0 disable_stories=0 disable_adds=0
08-12 22:01:10.201 17193 19526 I DFInstaObserve: !toggles disable_feed=1 disable_explore=0 disable_reels=0 disable_stories=0 disable_adds=0
08-12 22:01:10.213 17193 19527 I DFInstaObserve: !toggles disable_feed=1 disable_explore=0 disable_reels=0 disable_stories=0 disable_adds=0
08-12 22:01:11.790 17193 19476 I DFInstaObserve: !toggles disable_feed=1 disable_explore=0 disable_reels=0 disable_stories=0 disable_adds=0
08-12 22:01:11.797 17193 19476 I DFInstaObserve: !toggles disable_feed=1 disable_explore=0 disable_reels=0 disable_stories=0 disable_adds=0
08-12 22:01:11.861 17193 17356 I DFInstaObserve: !toggles disable_feed=1 disable_explore=0 disable_reels=0 disable_stories=0 disable_adds=0
08-12 22:01:11.913 17193 17356 I DFInstaObserve: !toggles disable_feed=1 disable_explore=0 disable_reels=0 disable_stories=0 disable_adds=0
08-12 22:01:11.969 17193 17356 I DFInstaObserve: !toggles disable_feed=1 disable_explore=0 disable_reels=0 disable_stories=0 disable_adds=0
08-12 22:01:12.093 17193 19476 I DFInstaObserve: !toggles disable_feed=1 disable_explore=0 disable_reels=0 disable_stories=0 disable_adds=0
08-12 22:01:12.104 17193 19476 I DFInstaObserve: !toggles disable_feed=1 disable_explore=0 disable_reels=0 disable_stories=0 disable_adds=0
08-12 22:01:12.168 17193 19561 I DFInstaObserve: !toggles disable_feed=1 disable_explore=0 disable_reels=0 disable_stories=0 disable_adds=0
08-12 22:01:12.189 17193 19462 I DFInstaObserve: !toggles disable_feed=1 disable_explore=0 disable_reels=0 disable_stories=0 disable_adds=0
08-12 22:01:12.209 17193 17356 I DFInstaObserve: !toggles disable_feed=1 disable_explore=0 disable_reels=0 disable_stories=0 disable_adds=0
08-12 22:01:12.258 17193 17356 I DFInstaObserve: !toggles disable_feed=1 disable_explore=0 disable_reels=0 disable_stories=0 disable_adds=0
08-12 22:01:12.474 17193 17356 I DFInstaObserve: !toggles disable_feed=1 disable_explore=0 disable_reels=0 disable_stories=0 disable_adds=0
08-12 22:01:12.522 17193 17356 I DFInstaObserve: !toggles disable_feed=1 disable_explore=0 disable_reels=0 disable_stories=0 disable_adds=0
08-12 22:01:12.578 17193 17356 I DFInstaObserve: !toggles disable_feed=1 disable_explore=0 disable_reels=0 disable_stories=0 disable_adds=0
08-12 22:01:13.560 17193 19548 I DFInstaObserve: !toggles disable_feed=1 disable_explore=0 disable_reels=0 disable_stories=0 disable_adds=0
08-12 22:01:13.562 17193 19549 I DFInstaObserve: !toggles disable_feed=1 disable_explore=0 disable_reels=0 disable_stories=0 disable_adds=0
08-12 22:01:16.876 17193 19577 I DFInstaObserve: !toggles disable_feed=1 disable_explore=0 disable_reels=0 disable_stories=0 disable_adds=0
08-12 22:01:16.884 17193 19579 I DFInstaObserve: !toggles disable_feed=1 disable_explore=0 disable_reels=0 disable_stories=0 disable_adds=0
08-12 22:01:18.121 17193 19476 I DFInstaObserve: !toggles disable_feed=1 disable_explore=0 disable_reels=0 disable_stories=0 disable_adds=0
08-12 22:01:20.204 17193 19606 I DFInstaObserve: !toggles disable_feed=1 disable_explore=0 disable_reels=0 disable_stories=0 disable_adds=0
08-12 22:01:20.205 17193 19607 I DFInstaObserve: !toggles disable_feed=1 disable_explore=0 disable_reels=0 disable_stories=0 disable_adds=0
08-12 22:01:21.000 17193 19456 I DFInstaObserve: !toggles disable_feed=1 disable_explore=0 disable_reels=0 disable_stories=0 disable_adds=0
08-12 22:01:21.001 17193 19456 I DFInstaObserve: /clips/discover
08-12 22:01:21.001 17193 19456 I DFInstaObserve: /clips/discover/stream/
08-12 22:01:23.559 17193 19630 I DFInstaObserve: !toggles disable_feed=1 disable_explore=0 disable_reels=0 disable_stories=0 disable_adds=0
08-12 22:01:23.559 17193 19631 I DFInstaObserve: !toggles disable_feed=1 disable_explore=0 disable_reels=0 disable_stories=0 disable_adds=0
