08-11 19:09:58.208 14049 14200 I DFInstaObserve: !toggles disable_feed=0 disable_explore=0 disable_reels=0 disable_stories=0 disable_adds=0
08-11 19:09:58.208 14049 14200 I DFInstaObserve: /feed/reels_tray/
08-11 19:09:58.211 14049 14104 I DFInstaObserve: !toggles disable_feed=0 disable_explore=0 disable_reels=0 disable_stories=0 disable_adds=0
08-11 19:09:58.211 14049 14104 I DFInstaObserve: /feed/timeline/
08-11 19:09:58.636 14049 14254 I DFInstaObserve: !toggles disable_feed=0 disable_explore=0 disable_reels=0 disable_stories=0 disable_adds=0
08-11 19:09:59.577 14049 14115 I DFInstaObserve: !toggles disable_feed=0 disable_explore=0 disable_reels=0 disable_stories=0 disable_adds=0
08-11 19:09:59.577 14049 14115 I DFInstaObserve: /discover/topical_explore
08-11 19:09:59.636 14049 14254 I DFInstaObserve: !toggles disable_feed=0 disable_explore=0 disable_reels=0 disable_stories=0 disable_adds=0
08-11 19:10:00.233 14049 14104 I DFInstaObserve: !toggles disable_feed=0 disable_explore=0 disable_reels=0 disable_stories=0 disable_adds=0
08-11 19:10:00.233 14049 14104 I DFInstaObserve: /feed/timeline/
08-11 19:10:00.305 14049 14085 I DFInstaObserve: !toggles disable_feed=0 disable_explore=0 disable_reels=0 disable_stories=0 disable_adds=0
08-11 19:10:00.314 14049 14085 I DFInstaObserve: !toggles disable_feed=0 disable_explore=0 disable_reels=0 disable_stories=0 disable_adds=0
08-11 19:10:00.331 14049 14085 I DFInstaObserve: !toggles disable_feed=0 disable_explore=0 disable_reels=0 disable_stories=0 disable_adds=0
08-11 19:10:00.487 14049 14341 I DFInstaObserve: !toggles disable_feed=0 disable_explore=0 disable_reels=0 disable_stories=0 disable_adds=0
08-11 19:10:00.581 14049 14200 I DFInstaObserve: !toggles disable_feed=0 disable_explore=0 disable_reels=0 disable_stories=0 disable_adds=0
08-11 19:10:00.760 14049 14341 I DFInstaObserve: !toggles disable_feed=0 disable_explore=0 disable_reels=0 disable_stories=0 disable_adds=0
08-11 19:10:00.822 14049 14338 I DFInstaObserve: !toggles disable_feed=0 disable_explore=0 disable_reels=0 disable_stories=0 disable_adds=0
08-11 19:10:00.901 14049 14183 I DFInstaObserve: !toggles disable_feed=0 disable_explore=0 disable_reels=0 disable_stories=0 disable_adds=0
08-11 19:10:01.254 14049 14341 I DFInstaObserve: !toggles disable_feed=0 disable_explore=0 disable_reels=0 disable_stories=0 disable_adds=0
08-11 19:10:01.318 14049 14114 I DFInstaObserve: !toggles disable_feed=0 disable_explore=0 disable_reels=0 disable_stories=0 disable_adds=0
08-11 19:10:01.839 14049 14213 I DFInstaObserve: !toggles disable_feed=0 disable_explore=0 disable_reels=0 disable_stories=0 disable_adds=0
08-11 19:10:01.890 14049 14213 I DFInstaObserve: !toggles disable_feed=0 disable_explore=0 disable_reels=0 disable_stories=0 disable_adds=0
08-11 19:10:01.935 14049 14213 I DFInstaObserve: !toggles disable_feed=0 disable_explore=0 disable_reels=0 disable_stories=0 disable_adds=0
08-11 19:10:02.072 14049 14213 I DFInstaObserve: !toggles disable_feed=0 disable_explore=0 disable_reels=0 disable_stories=0 disable_adds=0
08-11 19:10:02.087 14049 14341 I DFInstaObserve: !toggles disable_feed=0 disable_explore=0 disable_reels=0 disable_stories=0 disable_adds=0
08-11 19:10:02.194 14049 14349 I DFInstaObserve: !toggles disable_feed=0 disable_explore=0 disable_reels=0 disable_stories=0 disable_adds=0
08-11 19:10:02.550 14049 14377 I DFInstaObserve: !toggles disable_feed=0 disable_explore=0 disable_reels=0 disable_stories=0 disable_adds=0
08-11 19:10:02.569 14049 14349 I DFInstaObserve: !toggles disable_feed=0 disable_explore=0 disable_reels=0 disable_stories=0 disable_adds=0
08-11 19:10:02.871 14049 14377 I DFInstaObserve: !toggles disable_feed=0 disable_explore=0 disable_reels=0 disable_stories=0 disable_adds=0
08-11 19:10:02.951 14049 14397 I DFInstaObserve: !toggles disable_feed=0 disable_explore=0 disable_reels=0 disable_stories=0 disable_adds=0
08-11 19:10:02.967 14049 14085 I DFInstaObserve: !toggles disable_feed=0 disable_explore=0 disable_reels=0 disable_stories=0 disable_adds=0
08-11 19:10:02.973 14049 14085 I DFInstaObserve: !toggles disable_feed=0 disable_explore=0 disable_reels=0 disable_stories=0 disable_adds=0
08-11 19:10:03.263 14049 14213 I DFInstaObserve: !toggles disable_feed=0 disable_explore=0 disable_reels=0 disable_stories=0 disable_adds=0
08-11 19:10:03.321 14049 14213 I DFInstaObserve: !toggles disable_feed=0 disable_explore=0 disable_reels=0 disable_stories=0 disable_adds=0
08-11 19:10:03.363 14049 14213 I DFInstaObserve: !toggles disable_feed=0 disable_explore=0 disable_reels=0 disable_stories=0 disable_adds=0
08-11 19:10:03.376 14049 14341 I DFInstaObserve: !toggles disable_feed=0 disable_explore=0 disable_reels=0 disable_stories=0 disable_adds=0
08-11 19:10:03.429 14049 14213 I DFInstaObserve: !toggles disable_feed=0 disable_explore=0 disable_reels=0 disable_stories=0 disable_adds=0
08-11 19:10:03.464 14049 14213 I DFInstaObserve: !toggles disable_feed=0 disable_explore=0 disable_reels=0 disable_stories=0 disable_adds=0
08-11 19:10:03.539 14049 14213 I DFInstaObserve: !toggles disable_feed=0 disable_explore=0 disable_reels=0 disable_stories=0 disable_adds=0
08-11 19:10:03.593 14049 14213 I DFInstaObserve: !toggles disable_feed=0 disable_explore=0 disable_reels=0 disable_stories=0 disable_adds=0
08-11 19:10:03.634 14049 14213 I DFInstaObserve: !toggles disable_feed=0 disable_explore=0 disable_reels=0 disable_stories=0 disable_adds=0
08-11 19:10:03.670 14049 14393 I DFInstaObserve: !toggles disable_feed=0 disable_explore=0 disable_reels=0 disable_stories=0 disable_adds=0
08-11 19:10:03.701 14049 14392 I DFInstaObserve: !toggles disable_feed=0 disable_explore=0 disable_reels=0 disable_stories=0 disable_adds=0
08-11 19:10:03.721 14049 14213 I DFInstaObserve: !toggles disable_feed=0 disable_explore=0 disable_reels=0 disable_stories=0 disable_adds=0
08-11 19:10:03.808 14049 14213 I DFInstaObserve: !toggles disable_feed=0 disable_explore=0 disable_reels=0 disable_stories=0 disable_adds=0
08-11 19:10:03.826 14049 14104 I DFInstaObserve: !toggles disable_feed=0 disable_explore=0 disable_reels=0 disable_stories=0 disable_adds=0
08-11 19:10:03.894 14049 14213 I DFInstaObserve: !toggles disable_feed=0 disable_explore=0 disable_reels=0 disable_stories=0 disable_adds=0
08-11 19:10:04.048 14049 14392 I DFInstaObserve: !toggles disable_feed=0 disable_explore=0 disable_reels=0 disable_stories=0 disable_adds=0
08-11 19:10:04.093 14049 14341 I DFInstaObserve: !toggles disable_feed=0 disable_explore=0 disable_reels=0 disable_stories=0 disable_adds=0
08-11 19:10:04.146 14049 14341 I DFInstaObserve: !toggles disable_feed=0 disable_explore=0 disable_reels=0 disable_stories=0 disable_adds=0
08-11 19:10:04.425 14049 14104 I DFInstaObserve: !toggles disable_feed=0 disable_explore=0 disable_reels=0 disable_stories=0 disable_adds=0
08-11 19:10:04.892 14049 14398 I DFInstaObserve: !toggles disable_feed=0 disable_explore=0 disable_reels=0 disable_stories=0 disable_adds=0
08-11 19:10:04.899 14049 14398 I DFInstaObserve: !toggles disable_feed=0 disable_explore=0 disable_reels=0 disable_stories=0 disable_adds=0
08-11 19:10:04.942 14049 14419 I DFInstaObserve: !toggles disable_feed=0 disable_explore=0 disable_reels=0 disable_stories=0 disable_adds=0
08-11 19:10:04.991 14049 14213 I DFInstaObserve: !toggles disable_feed=0 disable_explore=0 disable_reels=0 disable_stories=0 disable_adds=0
08-11 19:10:05.011 14049 14341 I DFInstaObserve: !toggles disable_feed=0 disable_explore=0 disable_reels=0 disable_stories=0 disable_adds=0
08-11 19:10:05.066 14049 14392 I DFInstaObserve: !toggles disable_feed=0 disable_explore=0 disable_reels=0 disable_stories=0 disable_adds=0
08-11 19:10:05.133 14049 14419 I DFInstaObserve: !toggles disable_feed=0 disable_explore=0 disable_reels=0 disable_stories=0 disable_adds=0
08-11 19:10:05.220 14049 14341 I DFInstaObserve: !toggles disable_feed=0 disable_explore=0 disable_reels=0 disable_stories=0 disable_adds=0
08-11 19:10:05.229 14049 14213 I DFInstaObserve: !toggles disable_feed=0 disable_explore=0 disable_reels=0 disable_stories=0 disable_adds=0
08-11 19:10:05.267 14049 14213 I DFInstaObserve: !toggles disable_feed=0 disable_explore=0 disable_reels=0 disable_stories=0 disable_adds=0
08-11 19:10:05.305 14049 14392 I DFInstaObserve: !toggles disable_feed=0 disable_explore=0 disable_reels=0 disable_stories=0 disable_adds=0
08-11 19:10:05.402 14049 14419 I DFInstaObserve: !toggles disable_feed=0 disable_explore=0 disable_reels=0 disable_stories=0 disable_adds=0
08-11 19:10:05.495 14049 14104 I DFInstaObserve: !toggles disable_feed=0 disable_explore=0 disable_reels=0 disable_stories=0 disable_adds=0
08-11 19:10:05.579 14049 14419 I DFInstaObserve: !toggles disable_feed=0 disable_explore=0 disable_reels=0 disable_stories=0 disable_adds=0
08-11 19:10:05.630 14049 14341 I DFInstaObserve: !toggles disable_feed=0 disable_explore=0 disable_reels=0 disable_stories=0 disable_adds=0
08-11 19:10:05.686 14049 14392 I DFInstaObserve: !toggles disable_feed=0 disable_explore=0 disable_reels=0 disable_stories=0 disable_adds=0
08-11 19:10:05.766 14049 14341 I DFInstaObserve: !toggles disable_feed=0 disable_explore=0 disable_reels=0 disable_stories=0 disable_adds=0
08-11 19:10:05.815 14049 14419 I DFInstaObserve: !toggles disable_feed=0 disable_explore=0 disable_reels=0 disable_stories=0 disable_adds=0
08-11 19:10:05.842 14049 14104 I DFInstaObserve: !toggles disable_feed=0 disable_explore=0 disable_reels=0 disable_stories=0 disable_adds=0
08-11 19:10:05.902 14049 14213 I DFInstaObserve: !toggles disable_feed=0 disable_explore=0 disable_reels=0 disable_stories=0 disable_adds=0
08-11 19:10:05.943 14049 14213 I DFInstaObserve: !toggles disable_feed=0 disable_explore=0 disable_reels=0 disable_stories=0 disable_adds=0
08-11 19:10:05.980 14049 14213 I DFInstaObserve: !toggles disable_feed=0 disable_explore=0 disable_reels=0 disable_stories=0 disable_adds=0
08-11 19:10:06.025 14049 14213 I DFInstaObserve: !toggles disable_feed=0 disable_explore=0 disable_reels=0 disable_stories=0 disable_adds=0
08-11 19:10:06.066 14049 14213 I DFInstaObserve: !toggles disable_feed=0 disable_explore=0 disable_reels=0 disable_stories=0 disable_adds=0
08-11 19:10:06.106 14049 14213 I DFInstaObserve: !toggles disable_feed=0 disable_explore=0 disable_reels=0 disable_stories=0 disable_adds=0
08-11 19:10:06.146 14049 14213 I DFInstaObserve: !toggles disable_feed=0 disable_explore=0 disable_reels=0 disable_stories=0 disable_adds=0
08-11 19:10:06.194 14049 14213 I DFInstaObserve: !toggles disable_feed=0 disable_explore=0 disable_reels=0 disable_stories=0 disable_adds=0
08-11 19:10:06.361 14049 14213 I DFInstaObserve: !toggles disable_feed=0 disable_explore=0 disable_reels=0 disable_stories=0 disable_adds=0
08-11 19:10:07.765 14049 14115 I DFInstaObserve: !toggles disable_feed=0 disable_explore=0 disable_reels=0 disable_stories=0 disable_adds=0
08-11 19:10:07.769 14049 14392 I DFInstaObserve: !toggles disable_feed=0 disable_explore=0 disable_reels=0 disable_stories=0 disable_adds=0
08-11 19:10:08.024 14049 14392 I DFInstaObserve: !toggles disable_feed=0 disable_explore=0 disable_reels=0 disable_stories=0 disable_adds=0
08-11 19:10:08.131 14049 14115 I DFInstaObserve: !toggles disable_feed=0 disable_explore=0 disable_reels=0 disable_stories=0 disable_adds=0
08-11 19:10:08.460 14049 14254 I DFInstaObserve: !toggles disable_feed=0 disable_explore=0 disable_reels=0 disable_stories=0 disable_adds=0
08-11 19:10:08.538 14049 14254 I DFInstaObserve: !toggles disable_feed=0 disable_explore=0 disable_reels=0 disable_stories=0 disable_adds=0
08-11 19:10:08.941 14049 14254 I DFInstaObserve: !toggles disable_feed=0 disable_explore=0 disable_reels=0 disable_stories=0 disable_adds=0
08-11 19:10:15.716 14049 14452 I DFInstaObserve: !toggles disable_feed=0 disable_explore=0 disable_reels=0 disable_stories=0 disable_adds=0
08-11 19:10:15.716 14049 14452 I DFInstaObserve: /feed/reels_tray/
08-11 19:10:15.716 14049 14104 I DFInstaObserve: !toggles disable_feed=0 disable_explore=0 disable_reels=0 disable_stories=0 disable_adds=0
08-11 19:10:15.716 14049 14104 I DFInstaObserve: /feed/timeline/
08-11 19:10:16.208 14049 14419 I DFInstaObserve: !toggles disable_feed=0 disable_explore=0 disable_reels=0 disable_stories=0 disable_adds=0
08-11 19:10:16.208 14049 14419 I DFInstaObserve: /feed/reels_media_stream/
08-11 19:10:16.785 14049 14398 I DFInstaObserve: !toggles disable_feed=0 disable_explore=0 disable_reels=0 disable_stories=0 disable_adds=0
08-11 19:10:16.803 14049 14213 I DFInstaObserve: !toggles disable_feed=0 disable_explore=0 disable_reels=0 disable_stories=0 disable_adds=0
08-11 19:10:17.059 14049 14213 I DFInstaObserve: !toggles disable_feed=0 disable_explore=0 disable_reels=0 disable_stories=0 disable_adds=0
08-11 19:10:19.795 14049 14511 I DFInstaObserve: !toggles disable_feed=0 disable_explore=0 disable_reels=0 disable_stories=0 disable_adds=0
08-11 19:10:21.842 14049 14511 I DFInstaObserve: !toggles disable_feed=0 disable_explore=0 disable_reels=0 disable_stories=0 disable_adds=0
08-11 19:10:24.833 14049 14504 I DFInstaObserve: !toggles disable_feed=0 disable_explore=0 disable_reels=0 disable_stories=0 disable_adds=0
08-11 19:10:24.835 14049 14419 I DFInstaObserve: !toggles disable_feed=0 disable_explore=0 disable_reels=0 disable_stories=0 disable_adds=0
08-11 19:10:24.835 14049 14419 I DFInstaObserve: /feed/reels_tray/
08-11 19:10:24.833 14049 14504 I DFInstaObserve: /feed/timeline/
08-11 19:10:26.156 14049 14085 I DFInstaObserve: !toggles disable_feed=0 disable_explore=0 disable_reels=0 disable_stories=0 disable_adds=0
08-11 19:10:26.179 14049 14213 I DFInstaObserve: !toggles disable_feed=0 disable_explore=0 disable_reels=0 disable_stories=0 disable_adds=0
08-11 19:10:26.711 14049 14398 I DFInstaObserve: !toggles disable_feed=0 disable_explore=0 disable_reels=0 disable_stories=0 disable_adds=0
08-11 19:10:26.720 14049 14398 I DFInstaObserve: !toggles disable_feed=0 disable_explore=0 disable_reels=0 disable_stories=0 disable_adds=0
08-11 19:10:26.796 14049 14213 I DFInstaObserve: !toggles disable_feed=0 disable_explore=0 disable_reels=0 disable_stories=0 disable_adds=0
08-11 19:10:26.816 14049 14397 I DFInstaObserve: !toggles disable_feed=0 disable_explore=0 disable_reels=0 disable_stories=0 disable_adds=0
08-11 19:10:26.906 14049 14398 I DFInstaObserve: !toggles disable_feed=0 disable_explore=0 disable_reels=0 disable_stories=0 disable_adds=0
08-11 19:10:26.914 14049 14213 I DFInstaObserve: !toggles disable_feed=0 disable_explore=0 disable_reels=0 disable_stories=0 disable_adds=0
08-11 19:10:26.954 14049 14529 I DFInstaObserve: !toggles disable_feed=0 disable_explore=0 disable_reels=0 disable_stories=0 disable_adds=0
08-11 19:10:26.954 14049 14529 I DFInstaObserve: /feed/timeline/
08-11 19:10:26.973 14049 14213 I DFInstaObserve: !toggles disable_feed=0 disable_explore=0 disable_reels=0 disable_stories=0 disable_adds=0
08-11 19:10:29.461 14049 14085 I DFInstaObserve: !toggles disable_feed=0 disable_explore=0 disable_reels=0 disable_stories=0 disable_adds=0
08-11 19:10:29.473 14049 14085 I DFInstaObserve: !toggles disable_feed=0 disable_explore=0 disable_reels=0 disable_stories=0 disable_adds=0
08-11 19:10:29.626 14049 14213 I DFInstaObserve: !toggles disable_feed=0 disable_explore=0 disable_reels=0 disable_stories=0 disable_adds=0
08-11 19:10:29.675 14049 14213 I DFInstaObserve: !toggles disable_feed=0 disable_explore=0 disable_reels=0 disable_stories=0 disable_adds=0
08-11 19:10:29.719 14049 14213 I DFInstaObserve: !toggles disable_feed=0 disable_explore=0 disable_reels=0 disable_stories=0 disable_adds=0
08-11 19:10:29.774 14049 14529 I DFInstaObserve: !toggles disable_feed=0 disable_explore=0 disable_reels=0 disable_stories=0 disable_adds=0
08-11 19:10:37.248 14049 14576 I DFInstaObserve: !toggles disable_feed=0 disable_explore=0 disable_reels=0 disable_stories=0 disable_adds=0
08-11 19:10:37.440 14049 14085 I DFInstaObserve: !toggles disable_feed=0 disable_explore=0 disable_reels=0 disable_stories=0 disable_adds=0
08-11 19:10:43.945 14049 14398 I DFInstaObserve: !toggles disable_feed=0 disable_explore=0 disable_reels=0 disable_stories=0 disable_adds=0
08-11 19:10:49.745 14049 14636 I DFInstaObserve: !toggles disable_feed=0 disable_explore=0 disable_reels=0 disable_stories=0 disable_adds=0
08-11 19:10:49.778 14049 14636 I DFInstaObserve: !toggles disable_feed=0 disable_explore=0 disable_reels=0 disable_stories=0 disable_adds=0
08-11 19:10:51.584 14049 14085 I DFInstaObserve: !toggles disable_feed=0 disable_explore=0 disable_reels=0 disable_stories=0 disable_adds=0
08-11 19:10:54.277 14049 14687 I DFInstaObserve: !toggles disable_feed=0 disable_explore=0 disable_reels=0 disable_stories=0 disable_adds=0
08-11 19:10:54.919 14049 14085 I DFInstaObserve: !toggles disable_feed=0 disable_explore=0 disable_reels=0 disable_stories=0 disable_adds=0
08-11 19:10:56.249 14049 14669 I DFInstaObserve: !toggles disable_feed=0 disable_explore=0 disable_reels=0 disable_stories=0 disable_adds=0
08-11 19:10:56.279 14049 14669 I DFInstaObserve: !toggles disable_feed=0 disable_explore=0 disable_reels=0 disable_stories=0 disable_adds=0
08-11 19:10:57.237 14049 14495 I DFInstaObserve: !toggles disable_feed=0 disable_explore=0 disable_reels=0 disable_stories=0 disable_adds=0
08-11 19:10:57.368 14049 14544 I DFInstaObserve: !toggles disable_feed=0 disable_explore=0 disable_reels=0 disable_stories=0 disable_adds=0
08-11 19:10:57.546 14049 14398 I DFInstaObserve: !toggles disable_feed=0 disable_explore=0 disable_reels=0 disable_stories=0 disable_adds=0
08-11 19:10:57.551 14049 14085 I DFInstaObserve: !toggles disable_feed=0 disable_explore=0 disable_reels=0 disable_stories=0 disable_adds=0
08-11 19:10:57.605 14049 14529 I DFInstaObserve: !toggles disable_feed=0 disable_explore=0 disable_reels=0 disable_stories=0 disable_adds=0
08-11 19:10:57.608 14049 14213 I DFInstaObserve: !toggles disable_feed=0 disable_explore=0 disable_reels=0 disable_stories=0 disable_adds=0
08-11 19:10:57.716 14049 14544 I DFInstaObserve: !toggles disable_feed=0 disable_explore=0 disable_reels=0 disable_stories=0 disable_adds=0
08-11 19:10:57.797 14049 14504 I DFInstaObserve: !toggles disable_feed=0 disable_explore=0 disable_reels=0 disable_stories=0 disable_adds=0
08-11 19:10:57.821 14049 14722 I DFInstaObserve: !toggles disable_feed=0 disable_explore=0 disable_reels=0 disable_stories=0 disable_adds=0
08-11 19:10:57.988 14049 14544 I DFInstaObserve: !toggles disable_feed=0 disable_explore=0 disable_reels=0 disable_stories=0 disable_adds=0
08-11 19:10:58.038 14049 14254 I DFInstaObserve: !toggles disable_feed=0 disable_explore=0 disable_reels=0 disable_stories=0 disable_adds=0
08-11 19:10:58.119 14049 14213 I DFInstaObserve: !toggles disable_feed=0 disable_explore=0 disable_reels=0 disable_stories=0 disable_adds=0
08-11 19:10:58.149 14049 14254 I DFInstaObserve: !toggles disable_feed=0 disable_explore=0 disable_reels=0 disable_stories=0 disable_adds=0
08-11 19:10:58.180 14049 14213 I DFInstaObserve: !toggles disable_feed=0 disable_explore=0 disable_reels=0 disable_stories=0 disable_adds=0
08-11 19:10:58.278 14049 14213 I DFInstaObserve: !toggles disable_feed=0 disable_explore=0 disable_reels=0 disable_stories=0 disable_adds=0
08-11 19:10:58.293 14049 14254 I DFInstaObserve: !toggles disable_feed=0 disable_explore=0 disable_reels=0 disable_stories=0 disable_adds=0
08-11 19:10:58.371 14049 14254 I DFInstaObserve: !toggles disable_feed=0 disable_explore=0 disable_reels=0 disable_stories=0 disable_adds=0
08-11 19:10:59.705 14049 14705 I DFInstaObserve: !toggles disable_feed=0 disable_explore=0 disable_reels=0 disable_stories=0 disable_adds=0
08-11 19:10:59.781 14049 14714 I DFInstaObserve: !toggles disable_feed=0 disable_explore=0 disable_reels=0 disable_stories=0 disable_adds=0
08-11 19:10:59.843 14049 14714 I DFInstaObserve: !toggles disable_feed=0 disable_explore=0 disable_reels=0 disable_stories=0 disable_adds=0
08-11 19:11:02.213 14049 14705 I DFInstaObserve: !toggles disable_feed=0 disable_explore=0 disable_reels=0 disable_stories=0 disable_adds=0
08-11 19:11:02.278 14049 14714 I DFInstaObserve: !toggles disable_feed=0 disable_explore=0 disable_reels=0 disable_stories=0 disable_adds=0
08-11 19:11:06.301 14049 14701 I DFInstaObserve: !toggles disable_feed=0 disable_explore=0 disable_reels=0 disable_stories=0 disable_adds=0
08-11 19:11:06.301 14049 14701 I DFInstaObserve: /discover/topical_explore
08-11 19:11:08.970 14049 14786 I DFInstaObserve: !toggles disable_feed=0 disable_explore=0 disable_reels=0 disable_stories=0 disable_adds=0
08-11 19:11:09.407 14049 14816 I DFInstaObserve: !toggles disable_feed=0 disable_explore=0 disable_reels=0 disable_stories=0 disable_adds=0
08-11 19:11:10.149 14049 14085 I DFInstaObserve: !toggles disable_feed=0 disable_explore=0 disable_reels=0 disable_stories=0 disable_adds=0
08-11 19:11:10.155 14049 14085 I DFInstaObserve: !toggles disable_feed=0 disable_explore=0 disable_reels=0 disable_stories=0 disable_adds=0
08-11 19:11:10.171 14049 14085 I DFInstaObserve: !toggles disable_feed=0 disable_explore=0 disable_reels=0 disable_stories=0 disable_adds=0
08-11 19:11:10.312 14049 14085 I DFInstaObserve: !toggles disable_feed=0 disable_explore=0 disable_reels=0 disable_stories=0 disable_adds=0
08-11 19:11:10.317 14049 14398 I DFInstaObserve: !toggles disable_feed=0 disable_explore=0 disable_reels=0 disable_stories=0 disable_adds=0
08-11 19:11:10.363 14049 14213 I DFInstaObserve: !toggles disable_feed=0 disable_explore=0 disable_reels=0 disable_stories=0 disable_adds=0
08-11 19:11:10.456 14049 14713 I DFInstaObserve: !toggles disable_feed=0 disable_explore=0 disable_reels=0 disable_stories=0 disable_adds=0
08-11 19:11:10.586 14049 14701 I DFInstaObserve: !toggles disable_feed=0 disable_explore=0 disable_reels=0 disable_stories=0 disable_adds=0
08-11 19:11:10.699 14049 14713 I DFInstaObserve: !toggles disable_feed=0 disable_explore=0 disable_reels=0 disable_stories=0 disable_adds=0
08-11 19:11:10.785 14049 14495 I DFInstaObserve: !toggles disable_feed=0 disable_explore=0 disable_reels=0 disable_stories=0 disable_adds=0
08-11 19:11:10.829 14049 14701 I DFInstaObserve: !toggles disable_feed=0 disable_explore=0 disable_reels=0 disable_stories=0 disable_adds=0
08-11 19:11:10.945 14049 14495 I DFInstaObserve: !toggles disable_feed=0 disable_explore=0 disable_reels=0 disable_stories=0 disable_adds=0
08-11 19:11:11.001 14049 14713 I DFInstaObserve: !toggles disable_feed=0 disable_explore=0 disable_reels=0 disable_stories=0 disable_adds=0
08-11 19:11:11.123 14049 14701 I DFInstaObserve: !toggles disable_feed=0 disable_explore=0 disable_reels=0 disable_stories=0 disable_adds=0
08-11 19:11:11.182 14049 14495 I DFInstaObserve: !toggles disable_feed=0 disable_explore=0 disable_reels=0 disable_stories=0 disable_adds=0
08-11 19:11:11.359 14049 14495 I DFInstaObserve: !toggles disable_feed=0 disable_explore=0 disable_reels=0 disable_stories=0 disable_adds=0
08-11 19:11:11.405 14049 14213 I DFInstaObserve: !toggles disable_feed=0 disable_explore=0 disable_reels=0 disable_stories=0 disable_adds=0
08-11 19:11:11.449 14049 14213 I DFInstaObserve: !toggles disable_feed=0 disable_explore=0 disable_reels=0 disable_stories=0 disable_adds=0
08-11 19:11:11.469 14049 14786 I DFInstaObserve: !toggles disable_feed=0 disable_explore=0 disable_reels=0 disable_stories=0 disable_adds=0
08-11 19:11:11.476 14049 14870 I DFInstaObserve: !toggles disable_feed=0 disable_explore=0 disable_reels=0 disable_stories=0 disable_adds=0
08-11 19:11:11.570 14049 14530 I DFInstaObserve: !toggles disable_feed=0 disable_explore=0 disable_reels=0 disable_stories=0 disable_adds=0
08-11 19:11:11.713 14049 14530 I DFInstaObserve: !toggles disable_feed=0 disable_explore=0 disable_reels=0 disable_stories=0 disable_adds=0
08-11 19:11:11.775 14049 14713 I DFInstaObserve: !toggles disable_feed=0 disable_explore=0 disable_reels=0 disable_stories=0 disable_adds=0
08-11 19:11:11.786 14049 14213 I DFInstaObserve: !toggles disable_feed=0 disable_explore=0 disable_reels=0 disable_stories=0 disable_adds=0
08-11 19:11:11.808 14049 14495 I DFInstaObserve: !toggles disable_feed=0 disable_explore=0 disable_reels=0 disable_stories=0 disable_adds=0
08-11 19:11:11.856 14049 14213 I DFInstaObserve: !toggles disable_feed=0 disable_explore=0 disable_reels=0 disable_stories=0 disable_adds=0
08-11 19:11:11.902 14049 14816 I DFInstaObserve: !toggles disable_feed=0 disable_explore=0 disable_reels=0 disable_stories=0 disable_adds=0
08-11 19:11:11.963 14049 14530 I DFInstaObserve: !toggles disable_feed=0 disable_explore=0 disable_reels=0 disable_stories=0 disable_adds=0
08-11 19:11:12.013 14049 14213 I DFInstaObserve: !toggles disable_feed=0 disable_explore=0 disable_reels=0 disable_stories=0 disable_adds=0
08-11 19:11:12.080 14049 14213 I DFInstaObserve: !toggles disable_feed=0 disable_explore=0 disable_reels=0 disable_stories=0 disable_adds=0
08-11 19:11:12.086 14049 14529 I DFInstaObserve: !toggles disable_feed=0 disable_explore=0 disable_reels=0 disable_stories=0 disable_adds=0
08-11 19:11:12.191 14049 14213 I DFInstaObserve: !toggles disable_feed=0 disable_explore=0 disable_reels=0 disable_stories=0 disable_adds=0
08-11 19:11:12.191 14049 14870 I DFInstaObserve: !toggles disable_feed=0 disable_explore=0 disable_reels=0 disable_stories=0 disable_adds=0
08-11 19:11:12.232 14049 14213 I DFInstaObserve: !toggles disable_feed=0 disable_explore=0 disable_reels=0 disable_stories=0 disable_adds=0
08-11 19:11:12.821 14049 14213 I DFInstaObserve: !toggles disable_feed=0 disable_explore=0 disable_reels=0 disable_stories=0 disable_adds=0
08-11 19:11:12.865 14049 14213 I DFInstaObserve: !toggles disable_feed=0 disable_explore=0 disable_reels=0 disable_stories=0 disable_adds=0
08-11 19:11:12.933 14049 14213 I DFInstaObserve: !toggles disable_feed=0 disable_explore=0 disable_reels=0 disable_stories=0 disable_adds=0
08-11 19:11:12.987 14049 14213 I DFInstaObserve: !toggles disable_feed=0 disable_explore=0 disable_reels=0 disable_stories=0 disable_adds=0
08-11 19:11:13.157 14049 14870 I DFInstaObserve: !toggles disable_feed=0 disable_explore=0 disable_reels=0 disable_stories=0 disable_adds=0
08-11 19:11:13.158 14049 14870 I DFInstaObserve: /discover/topical_explore
08-11 19:11:13.250 14049 14906 I DFInstaObserve: !toggles disable_feed=0 disable_explore=0 disable_reels=0 disable_stories=0 disable_adds=0
08-11 19:11:13.480 14049 14213 I DFInstaObserve: !toggles disable_feed=0 disable_explore=0 disable_reels=0 disable_stories=0 disable_adds=0
08-11 19:11:13.539 14049 14213 I DFInstaObserve: !toggles disable_feed=0 disable_explore=0 disable_reels=0 disable_stories=0 disable_adds=0
08-11 19:11:13.720 14049 14999 I DFInstaObserve: !toggles disable_feed=0 disable_explore=0 disable_reels=0 disable_stories=0 disable_adds=0
08-11 19:11:13.946 14049 14213 I DFInstaObserve: !toggles disable_feed=0 disable_explore=0 disable_reels=0 disable_stories=0 disable_adds=0
08-11 19:11:15.648 14049 14961 I DFInstaObserve: !toggles disable_feed=0 disable_explore=0 disable_reels=0 disable_stories=0 disable_adds=0
08-11 19:11:15.757 14049 14954 I DFInstaObserve: !toggles disable_feed=0 disable_explore=0 disable_reels=0 disable_stories=0 disable_adds=0
08-11 19:11:15.781 14049 14961 I DFInstaObserve: !toggles disable_feed=0 disable_explore=0 disable_reels=0 disable_stories=0 disable_adds=0
08-11 19:11:17.070 14049 14398 I DFInstaObserve: !toggles disable_feed=0 disable_explore=0 disable_reels=0 disable_stories=0 disable_adds=0
08-11 19:11:17.076 14049 14398 I DFInstaObserve: !toggles disable_feed=0 disable_explore=0 disable_reels=0 disable_stories=0 disable_adds=0
08-11 19:11:17.083 14049 14398 I DFInstaObserve: !toggles disable_feed=0 disable_explore=0 disable_reels=0 disable_stories=0 disable_adds=0
08-11 19:11:17.416 14049 14398 I DFInstaObserve: !toggles disable_feed=0 disable_explore=0 disable_reels=0 disable_stories=0 disable_adds=0
08-11 19:11:17.437 14049 15067 I DFInstaObserve: !toggles disable_feed=0 disable_explore=0 disable_reels=0 disable_stories=0 disable_adds=0
08-11 19:11:17.520 14049 14213 I DFInstaObserve: !toggles disable_feed=0 disable_explore=0 disable_reels=0 disable_stories=0 disable_adds=0
08-11 19:11:17.644 14049 14946 I DFInstaObserve: !toggles disable_feed=0 disable_explore=0 disable_reels=0 disable_stories=0 disable_adds=0
08-11 19:11:17.740 14049 14495 I DFInstaObserve: !toggles disable_feed=0 disable_explore=0 disable_reels=0 disable_stories=0 disable_adds=0
08-11 19:11:17.853 14049 14713 I DFInstaObserve: !toggles disable_feed=0 disable_explore=0 disable_reels=0 disable_stories=0 disable_adds=0
08-11 19:11:17.989 14049 14713 I DFInstaObserve: !toggles disable_feed=0 disable_explore=0 disable_reels=0 disable_stories=0 disable_adds=0
08-11 19:11:18.096 14049 14946 I DFInstaObserve: !toggles disable_feed=0 disable_explore=0 disable_reels=0 disable_stories=0 disable_adds=0
08-11 19:11:18.107 14049 14213 I DFInstaObserve: !toggles disable_feed=0 disable_explore=0 disable_reels=0 disable_stories=0 disable_adds=0
08-11 19:11:18.146 14049 14945 I DFInstaObserve: !toggles disable_feed=0 disable_explore=0 disable_reels=0 disable_stories=0 disable_adds=0
08-11 19:11:18.194 14049 14213 I DFInstaObserve: !toggles disable_feed=0 disable_explore=0 disable_reels=0 disable_stories=0 disable_adds=0
08-11 19:11:18.236 14049 14946 I DFInstaObserve: !toggles disable_feed=0 disable_explore=0 disable_reels=0 disable_stories=0 disable_adds=0
08-11 19:11:18.339 14049 14870 I DFInstaObserve: !toggles disable_feed=0 disable_explore=0 disable_reels=0 disable_stories=0 disable_adds=0
08-11 19:11:18.440 14049 14946 I DFInstaObserve: !toggles disable_feed=0 disable_explore=0 disable_reels=0 disable_stories=0 disable_adds=0
08-11 19:11:18.504 14049 14213 I DFInstaObserve: !toggles disable_feed=0 disable_explore=0 disable_reels=0 disable_stories=0 disable_adds=0
08-11 19:11:18.504 14049 14495 I DFInstaObserve: !toggles disable_feed=0 disable_explore=0 disable_reels=0 disable_stories=0 disable_adds=0
08-11 19:11:18.548 14049 14213 I DFInstaObserve: !toggles disable_feed=0 disable_explore=0 disable_reels=0 disable_stories=0 disable_adds=0
08-11 19:11:18.553 14049 14713 I DFInstaObserve: !toggles disable_feed=0 disable_explore=0 disable_reels=0 disable_stories=0 disable_adds=0
08-11 19:11:18.658 14049 14946 I DFInstaObserve: !toggles disable_feed=0 disable_explore=0 disable_reels=0 disable_stories=0 disable_adds=0
08-11 19:11:18.660 14049 15038 I DFInstaObserve: !toggles disable_feed=0 disable_explore=0 disable_reels=0 disable_stories=0 disable_adds=0
08-11 19:11:18.666 14049 14213 I DFInstaObserve: !toggles disable_feed=0 disable_explore=0 disable_reels=0 disable_stories=0 disable_adds=0
08-11 19:11:18.762 14049 15088 I DFInstaObserve: !toggles disable_feed=0 disable_explore=0 disable_reels=0 disable_stories=0 disable_adds=0
08-11 19:11:18.769 14049 14213 I DFInstaObserve: !toggles disable_feed=0 disable_explore=0 disable_reels=0 disable_stories=0 disable_adds=0
08-11 19:11:18.815 14049 14495 I DFInstaObserve: !toggles disable_feed=0 disable_explore=0 disable_reels=0 disable_stories=0 disable_adds=0
08-11 19:11:18.910 14049 14946 I DFInstaObserve: !toggles disable_feed=0 disable_explore=0 disable_reels=0 disable_stories=0 disable_adds=0
08-11 19:11:18.927 14049 15045 I DFInstaObserve: !toggles disable_feed=0 disable_explore=0 disable_reels=0 disable_stories=0 disable_adds=0
08-11 19:11:18.986 14049 15088 I DFInstaObserve: !toggles disable_feed=0 disable_explore=0 disable_reels=0 disable_stories=0 disable_adds=0
08-11 19:11:19.009 14049 15045 I DFInstaObserve: !toggles disable_feed=0 disable_explore=0 disable_reels=0 disable_stories=0 disable_adds=0
08-11 19:11:19.167 14049 14213 I DFInstaObserve: !toggles disable_feed=0 disable_explore=0 disable_reels=0 disable_stories=0 disable_adds=0
08-11 19:11:19.214 14049 14213 I DFInstaObserve: !toggles disable_feed=0 disable_explore=0 disable_reels=0 disable_stories=0 disable_adds=0
08-11 19:11:19.511 14049 14213 I DFInstaObserve: !toggles disable_feed=0 disable_explore=0 disable_reels=0 disable_stories=0 disable_adds=0
08-11 19:11:19.555 14049 14213 I DFInstaObserve: !toggles disable_feed=0 disable_explore=0 disable_reels=0 disable_stories=0 disable_adds=0
08-11 19:11:19.838 14049 14945 I DFInstaObserve: !toggles disable_feed=0 disable_explore=0 disable_reels=0 disable_stories=0 disable_adds=0
08-11 19:11:19.838 14049 14945 I DFInstaObserve: /discover/topical_explore
08-11 19:11:20.116 14049 15123 I DFInstaObserve: !toggles disable_feed=0 disable_explore=0 disable_reels=0 disable_stories=0 disable_adds=0
08-11 19:11:20.400 14049 15148 I DFInstaObserve: !toggles disable_feed=0 disable_explore=0 disable_reels=0 disable_stories=0 disable_adds=0
08-11 19:11:20.403 14049 15147 I DFInstaObserve: !toggles disable_feed=0 disable_explore=0 disable_reels=0 disable_stories=0 disable_adds=0
08-11 19:11:20.756 14049 14213 I DFInstaObserve: !toggles disable_feed=0 disable_explore=0 disable_reels=0 disable_stories=0 disable_adds=0
08-11 19:11:20.797 14049 14213 I DFInstaObserve: !toggles disable_feed=0 disable_explore=0 disable_reels=0 disable_stories=0 disable_adds=0
08-11 19:11:20.920 14049 14213 I DFInstaObserve: !toggles disable_feed=0 disable_explore=0 disable_reels=0 disable_stories=0 disable_adds=0
08-11 19:11:22.157 14049 15122 I DFInstaObserve: !toggles disable_feed=0 disable_explore=0 disable_reels=0 disable_stories=0 disable_adds=0
08-11 19:11:22.375 14049 15135 I DFInstaObserve: !toggles disable_feed=0 disable_explore=0 disable_reels=0 disable_stories=0 disable_adds=0
08-11 19:11:23.301 14049 15067 I DFInstaObserve: !toggles disable_feed=0 disable_explore=0 disable_reels=0 disable_stories=0 disable_adds=0
08-11 19:11:23.319 14049 15067 I DFInstaObserve: !toggles disable_feed=0 disable_explore=0 disable_reels=0 disable_stories=0 disable_adds=0
08-11 19:11:23.326 14049 14398 I DFInstaObserve: !toggles disable_feed=0 disable_explore=0 disable_reels=0 disable_stories=0 disable_adds=0
08-11 19:11:23.340 14049 15067 I DFInstaObserve: !toggles disable_feed=0 disable_explore=0 disable_reels=0 disable_stories=0 disable_adds=0
08-11 19:11:23.426 14049 14397 I DFInstaObserve: !toggles disable_feed=0 disable_explore=0 disable_reels=0 disable_stories=0 disable_adds=0
08-11 19:11:23.430 14049 14213 I DFInstaObserve: !toggles disable_feed=0 disable_explore=0 disable_reels=0 disable_stories=0 disable_adds=0
08-11 19:11:23.664 14049 14945 I DFInstaObserve: !toggles disable_feed=0 disable_explore=0 disable_reels=0 disable_stories=0 disable_adds=0
08-11 19:11:23.729 14049 15200 I DFInstaObserve: !toggles disable_feed=0 disable_explore=0 disable_reels=0 disable_stories=0 disable_adds=0
08-11 19:11:23.734 14049 15217 I DFInstaObserve: !toggles disable_feed=0 disable_explore=0 disable_reels=0 disable_stories=0 disable_adds=0
08-11 19:11:23.774 14049 15216 I DFInstaObserve: !toggles disable_feed=0 disable_explore=0 disable_reels=0 disable_stories=0 disable_adds=0
08-11 19:11:23.847 14049 15202 I DFInstaObserve: !toggles disable_feed=0 disable_explore=0 disable_reels=0 disable_stories=0 disable_adds=0
08-11 19:11:23.847 14049 15202 I DFInstaObserve: /discover/topical_explore
08-11 19:11:23.900 14049 14213 I DFInstaObserve: !toggles disable_feed=0 disable_explore=0 disable_reels=0 disable_stories=0 disable_adds=0
08-11 19:11:23.920 14049 14945 I DFInstaObserve: !toggles disable_feed=0 disable_explore=0 disable_reels=0 disable_stories=0 disable_adds=0
08-11 19:11:23.948 14049 14945 I DFInstaObserve: !toggles disable_feed=0 disable_explore=0 disable_reels=0 disable_stories=0 disable_adds=0
08-11 19:11:24.054 14049 14213 I DFInstaObserve: !toggles disable_feed=0 disable_explore=0 disable_reels=0 disable_stories=0 disable_adds=0
08-11 19:11:24.111 14049 14946 I DFInstaObserve: !toggles disable_feed=0 disable_explore=0 disable_reels=0 disable_stories=0 disable_adds=0
08-11 19:11:24.200 14049 14713 I DFInstaObserve: !toggles disable_feed=0 disable_explore=0 disable_reels=0 disable_stories=0 disable_adds=0
08-11 19:11:24.234 14049 14213 I DFInstaObserve: !toggles disable_feed=0 disable_explore=0 disable_reels=0 disable_stories=0 disable_adds=0
08-11 19:11:24.277 14049 14213 I DFInstaObserve: !toggles disable_feed=0 disable_explore=0 disable_reels=0 disable_stories=0 disable_adds=0
08-11 19:11:24.295 14049 14946 I DFInstaObserve: !toggles disable_feed=0 disable_explore=0 disable_reels=0 disable_stories=0 disable_adds=0
08-11 19:11:24.408 14049 14213 I DFInstaObserve: !toggles disable_feed=0 disable_explore=0 disable_reels=0 disable_stories=0 disable_adds=0
08-11 19:11:24.442 14049 15200 I DFInstaObserve: !toggles disable_feed=0 disable_explore=0 disable_reels=0 disable_stories=0 disable_adds=0
08-11 19:11:24.465 14049 14213 I DFInstaObserve: !toggles disable_feed=0 disable_explore=0 disable_reels=0 disable_stories=0 disable_adds=0
08-11 19:11:24.512 14049 14945 I DFInstaObserve: !toggles disable_feed=0 disable_explore=0 disable_reels=0 disable_stories=0 disable_adds=0
08-11 19:11:24.624 14049 14870 I DFInstaObserve: !toggles disable_feed=0 disable_explore=0 disable_reels=0 disable_stories=0 disable_adds=0
08-11 19:11:24.684 14049 14946 I DFInstaObserve: !toggles disable_feed=0 disable_explore=0 disable_reels=0 disable_stories=0 disable_adds=0
08-11 19:11:24.775 14049 14946 I DFInstaObserve: !toggles disable_feed=0 disable_explore=0 disable_reels=0 disable_stories=0 disable_adds=0
08-11 19:11:25.121 14049 14213 I DFInstaObserve: !toggles disable_feed=0 disable_explore=0 disable_reels=0 disable_stories=0 disable_adds=0
08-11 19:11:25.346 14049 14213 I DFInstaObserve: !toggles disable_feed=0 disable_explore=0 disable_reels=0 disable_stories=0 disable_adds=0
08-11 19:11:25.444 14049 14213 I DFInstaObserve: !toggles disable_feed=0 disable_explore=0 disable_reels=0 disable_stories=0 disable_adds=0
08-11 19:11:25.509 14049 14213 I DFInstaObserve: !toggles disable_feed=0 disable_explore=0 disable_reels=0 disable_stories=0 disable_adds=0
08-11 19:11:25.687 14049 15205 I DFInstaObserve: !toggles disable_feed=0 disable_explore=0 disable_reels=0 disable_stories=0 disable_adds=0
08-11 19:11:25.728 14049 15194 I DFInstaObserve: !toggles disable_feed=0 disable_explore=0 disable_reels=0 disable_stories=0 disable_adds=0
08-11 19:11:25.732 14049 14213 I DFInstaObserve: !toggles disable_feed=0 disable_explore=0 disable_reels=0 disable_stories=0 disable_adds=0
08-11 19:11:25.740 14049 15205 I DFInstaObserve: !toggles disable_feed=0 disable_explore=0 disable_reels=0 disable_stories=0 disable_adds=0
08-11 19:11:25.799 14049 14213 I DFInstaObserve: !toggles disable_feed=0 disable_explore=0 disable_reels=0 disable_stories=0 disable_adds=0
08-11 19:11:26.394 14049 15237 I DFInstaObserve: !toggles disable_feed=0 disable_explore=0 disable_reels=0 disable_stories=0 disable_adds=0
08-11 19:11:26.396 14049 15238 I DFInstaObserve: !toggles disable_feed=0 disable_explore=0 disable_reels=0 disable_stories=0 disable_adds=0
08-11 19:11:26.484 14049 15244 I DFInstaObserve: !toggles disable_feed=0 disable_explore=0 disable_reels=0 disable_stories=0 disable_adds=0
08-11 19:11:26.572 14049 14398 I DFInstaObserve: !toggles disable_feed=0 disable_explore=0 disable_reels=0 disable_stories=0 disable_adds=0
08-11 19:11:26.820 14049 15248 I DFInstaObserve: !toggles disable_feed=0 disable_explore=0 disable_reels=0 disable_stories=0 disable_adds=0
08-11 19:11:26.911 14049 14254 I DFInstaObserve: !toggles disable_feed=0 disable_explore=0 disable_reels=0 disable_stories=0 disable_adds=0
08-11 19:11:27.174 14049 14254 I DFInstaObserve: !toggles disable_feed=0 disable_explore=0 disable_reels=0 disable_stories=0 disable_adds=0
08-11 19:11:27.272 14049 14213 I DFInstaObserve: !toggles disable_feed=0 disable_explore=0 disable_reels=0 disable_stories=0 disable_adds=0
08-11 19:11:27.316 14049 14254 I DFInstaObserve: !toggles disable_feed=0 disable_explore=0 disable_reels=0 disable_stories=0 disable_adds=0
08-11 19:11:27.378 14049 14213 I DFInstaObserve: !toggles disable_feed=0 disable_explore=0 disable_reels=0 disable_stories=0 disable_adds=0
08-11 19:11:27.441 14049 14254 I DFInstaObserve: !toggles disable_feed=0 disable_explore=0 disable_reels=0 disable_stories=0 disable_adds=0
08-11 19:11:27.595 14049 14254 I DFInstaObserve: !toggles disable_feed=0 disable_explore=0 disable_reels=0 disable_stories=0 disable_adds=0
08-11 19:11:27.819 14049 14213 I DFInstaObserve: !toggles disable_feed=0 disable_explore=0 disable_reels=0 disable_stories=0 disable_adds=0
08-11 19:11:29.134 14049 15248 I DFInstaObserve: !toggles disable_feed=0 disable_explore=0 disable_reels=0 disable_stories=0 disable_adds=0
08-11 19:11:29.138 14049 15237 I DFInstaObserve: !toggles disable_feed=0 disable_explore=0 disable_reels=0 disable_stories=0 disable_adds=0
08-11 19:11:31.588 14049 15248 I DFInstaObserve: !toggles disable_feed=0 disable_explore=0 disable_reels=0 disable_stories=0 disable_adds=0
08-11 19:11:31.590 14049 15237 I DFInstaObserve: !toggles disable_feed=0 disable_explore=0 disable_reels=0 disable_stories=0 disable_adds=0
08-11 19:11:35.863 14049 15274 I DFInstaObserve: !toggles disable_feed=0 disable_explore=0 disable_reels=0 disable_stories=0 disable_adds=0
08-11 19:11:37.968 14049 15308 I DFInstaObserve: !toggles disable_feed=0 disable_explore=0 disable_reels=0 disable_stories=0 disable_adds=0
08-11 19:11:37.968 14049 15307 I DFInstaObserve: !toggles disable_feed=0 disable_explore=0 disable_reels=0 disable_stories=0 disable_adds=0
08-11 19:11:38.771 14049 15202 I DFInstaObserve: !toggles disable_feed=0 disable_explore=0 disable_reels=0 disable_stories=0 disable_adds=0
08-11 19:11:38.771 14049 15202 I DFInstaObserve: /clips/discover
08-11 19:11:38.771 14049 15202 I DFInstaObserve: /clips/discover/stream/
08-11 19:11:39.189 14049 15274 I DFInstaObserve: !toggles disable_feed=0 disable_explore=0 disable_reels=0 disable_stories=0 disable_adds=0
08-11 19:11:39.231 14049 15274 I DFInstaObserve: !toggles disable_feed=0 disable_explore=0 disable_reels=0 disable_stories=0 disable_adds=0
08-11 19:11:41.289 14049 15336 I DFInstaObserve: !toggles disable_feed=0 disable_explore=0 disable_reels=0 disable_stories=0 disable_adds=0
08-11 19:11:41.298 14049 15337 I DFInstaObserve: !toggles disable_feed=0 disable_explore=0 disable_reels=0 disable_stories=0 disable_adds=0
08-11 19:11:43.089 14049 15067 I DFInstaObserve: !toggles disable_feed=0 disable_explore=0 disable_reels=0 disable_stories=0 disable_adds=0
08-11 19:11:43.145 14049 14213 I DFInstaObserve: !toggles disable_feed=0 disable_explore=0 disable_reels=0 disable_stories=0 disable_adds=0
08-11 19:11:43.306 14049 14213 I DFInstaObserve: !toggles disable_feed=0 disable_explore=0 disable_reels=0 disable_stories=0 disable_adds=0
08-11 19:11:44.023 14049 15274 I DFInstaObserve: !toggles disable_feed=0 disable_explore=0 disable_reels=0 disable_stories=0 disable_adds=0
08-11 19:11:44.033 14049 15274 I DFInstaObserve: !toggles disable_feed=0 disable_explore=0 disable_reels=0 disable_stories=0 disable_adds=0
08-11 19:11:44.081 14049 14213 I DFInstaObserve: !toggles disable_feed=0 disable_explore=0 disable_reels=0 disable_stories=0 disable_adds=0
08-11 19:11:44.123 14049 15396 I DFInstaObserve: !toggles disable_feed=0 disable_explore=0 disable_reels=0 disable_stories=0 disable_adds=0
08-11 19:11:44.133 14049 15400 I DFInstaObserve: !toggles disable_feed=0 disable_explore=0 disable_reels=0 disable_stories=0 disable_adds=0
08-11 19:11:44.231 14049 15403 I DFInstaObserve: !toggles disable_feed=0 disable_explore=0 disable_reels=0 disable_stories=0 disable_adds=0
08-11 19:11:44.287 14049 15256 I DFInstaObserve: !toggles disable_feed=0 disable_explore=0 disable_reels=0 disable_stories=0 disable_adds=0
08-11 19:11:44.613 14049 15367 I DFInstaObserve: !toggles disable_feed=0 disable_explore=0 disable_reels=0 disable_stories=0 disable_adds=0
08-11 19:11:44.613 14049 15368 I DFInstaObserve: !toggles disable_feed=0 disable_explore=0 disable_reels=0 disable_stories=0 disable_adds=0
08-11 19:11:44.932 14049 14213 I DFInstaObserve: !toggles disable_feed=0 disable_explore=0 disable_reels=0 disable_stories=0 disable_adds=0
08-11 19:11:45.032 14049 14213 I DFInstaObserve: !toggles disable_feed=0 disable_explore=0 disable_reels=0 disable_stories=0 disable_adds=0
08-11 19:11:45.262 14049 14213 I DFInstaObserve: !toggles disable_feed=0 disable_explore=0 disable_reels=0 disable_stories=0 disable_adds=0
08-11 19:11:45.307 14049 14213 I DFInstaObserve: !toggles disable_feed=0 disable_explore=0 disable_reels=0 disable_stories=0 disable_adds=0
08-11 19:11:45.577 14049 14213 I DFInstaObserve: !toggles disable_feed=0 disable_explore=0 disable_reels=0 disable_stories=0 disable_adds=0
08-11 19:11:45.626 14049 14213 I DFInstaObserve: !toggles disable_feed=0 disable_explore=0 disable_reels=0 disable_stories=0 disable_adds=0
08-11 19:11:45.850 14049 15274 I DFInstaObserve: !toggles disable_feed=0 disable_explore=0 disable_reels=0 disable_stories=0 disable_adds=0
08-11 19:11:45.854 14049 15067 I DFInstaObserve: !toggles disable_feed=0 disable_explore=0 disable_reels=0 disable_stories=0 disable_adds=0
08-11 19:11:45.921 14049 14213 I DFInstaObserve: !toggles disable_feed=0 disable_explore=0 disable_reels=0 disable_stories=0 disable_adds=0
08-11 19:11:47.969 14049 15422 I DFInstaObserve: !toggles disable_feed=0 disable_explore=0 disable_reels=0 disable_stories=0 disable_adds=0
08-11 19:11:47.969 14049 15421 I DFInstaObserve: !toggles disable_feed=0 disable_explore=0 disable_reels=0 disable_stories=0 disable_adds=0
08-11 19:11:49.217 14049 15067 I DFInstaObserve: !toggles disable_feed=0 disable_explore=0 disable_reels=0 disable_stories=0 disable_adds=0
08-11 19:11:51.293 14049 15451 I DFInstaObserve: !toggles disable_feed=0 disable_explore=0 disable_reels=0 disable_stories=0 disable_adds=0
08-11 19:11:51.297 14049 15450 I DFInstaObserve: !toggles disable_feed=0 disable_explore=0 disable_reels=0 disable_stories=0 disable_adds=0
08-11 19:11:52.502 14049 15067 I DFInstaObserve: !toggles disable_feed=0 disable_explore=0 disable_reels=0 disable_stories=0 disable_adds=0
08-11 19:11:54.618 14049 15481 I DFInstaObserve: !toggles disable_feed=0 disable_explore=0 disable_reels=0 disable_stories=0 disable_adds=0
08-11 19:11:54.618 14049 15480 I DFInstaObserve: !toggles disable_feed=0 disable_explore=0 disable_reels=0 disable_stories=0 disable_adds=0
