08-12 18:54:03.106  5432  5606 I DFInstaObserve: !toggles disable_feed=0 disable_explore=0 disable_reels=1 disable_stories=0 disable_adds=0
08-12 18:54:03.107  5432  5586 I DFInstaObserve: !toggles disable_feed=0 disable_explore=0 disable_reels=1 disable_stories=0 disable_adds=0
08-12 18:54:03.107  5432  5586 I DFInstaObserve: /feed/reels_tray/
08-12 18:54:03.114  5432  5576 I DFInstaObserve: !toggles disable_feed=0 disable_explore=0 disable_reels=1 disable_stories=0 disable_adds=0
08-12 18:54:03.114  5432  5576 I DFInstaObserve: /feed/timeline/
08-12 18:54:03.518  5432  5681 I DFInstaObserve: !toggles disable_feed=0 disable_explore=0 disable_reels=1 disable_stories=0 disable_adds=0
08-12 18:54:03.966  5432  5586 I DFInstaObserve: !toggles disable_feed=0 disable_explore=0 disable_reels=1 disable_stories=0 disable_adds=0
08-12 18:54:04.015  5432  5681 I DFInstaObserve: !toggles disable_feed=0 disable_explore=0 disable_reels=1 disable_stories=0 disable_adds=0
08-12 18:54:05.068  5432  5589 I DFInstaObserve: !toggles disable_feed=0 disable_explore=0 disable_reels=1 disable_stories=0 disable_adds=0
08-12 18:54:06.125  5432  5772 I DFInstaObserve: !toggles disable_feed=0 disable_explore=0 disable_reels=1 disable_stories=0 disable_adds=0
08-12 18:54:09.255  5432  5518 I DFInstaObserve: !toggles disable_feed=0 disable_explore=0 disable_reels=1 disable_stories=0 disable_adds=0
08-12 18:54:09.255  5432  5518 I DFInstaObserve: /discover/topical_explore
08-12 18:54:09.855  5432  5576 I DFInstaObserve: !toggles disable_feed=0 disable_explore=0 disable_reels=1 disable_stories=0 disable_adds=0
08-12 18:54:09.956  5432  5793 I DFInstaObserve: !toggles disable_feed=0 disable_explore=0 disable_reels=1 disable_stories=0 disable_adds=0
08-12 18:54:10.315  5432  5880 I DFInstaObserve: !toggles disable_feed=0 disable_explore=0 disable_reels=1 disable_stories=0 disable_adds=0
08-12 18:54:10.358  5432  5793 I DFInstaObserve: !toggles disable_feed=0 disable_explore=0 disable_reels=1 disable_stories=0 disable_adds=0
08-12 18:54:10.835  5432  5787 I DFInstaObserve: !toggles disable_feed=0 disable_explore=0 disable_reels=1 disable_stories=0 disable_adds=0
08-12 18:54:10.891  5432  5891 I DFInstaObserve: !toggles disable_feed=0 disable_explore=0 disable_reels=1 disable_stories=0 disable_adds=0
08-12 18:54:13.775  5432  5892 I DFInstaObserve: !toggles disable_feed=0 disable_explore=0 disable_reels=1 disable_stories=0 disable_adds=0
08-12 18:54:13.780  5432  5892 I DFInstaObserve: !toggles disable_feed=0 disable_explore=0 disable_reels=1 disable_stories=0 disable_adds=0
08-12 18:54:13.846  5432  5787 I DFInstaObserve: !toggles disable_feed=0 disable_explore=0 disable_reels=1 disable_stories=0 disable_adds=0
08-12 18:54:13.882  5432  5606 I DFInstaObserve: !toggles disable_feed=0 disable_explore=0 disable_reels=1 disable_stories=0 disable_adds=0
08-12 18:54:13.891  5432  5884 I DFInstaObserve: !toggles disable_feed=0 disable_explore=0 disable_reels=1 disable_stories=0 disable_adds=0
08-12 18:54:13.929  5432  5576 I DFInstaObserve: !toggles disable_feed=0 disable_explore=0 disable_reels=1 disable_stories=0 disable_adds=0
08-12 18:54:14.034  5432  5576 I DFInstaObserve: !toggles disable_feed=0 disable_explore=0 disable_reels=1 disable_stories=0 disable_adds=0
08-12 18:54:14.112  5432  5787 I DFInstaObserve: !toggles disable_feed=0 disable_explore=0 disable_reels=1 disable_stories=0 disable_adds=0
08-12 18:54:14.218  5432  5576 I DFInstaObserve: !toggles disable_feed=0 disable_explore=0 disable_reels=1 disable_stories=0 disable_adds=0
08-12 18:54:14.306  5432  5787 I DFInstaObserve: !toggles disable_feed=0 disable_explore=0 disable_reels=1 disable_stories=0 disable_adds=0
08-12 18:54:14.410  5432  5576 I DFInstaObserve: !toggles disable_feed=0 disable_explore=0 disable_reels=1 disable_stories=0 disable_adds=0
08-12 18:54:14.570  5432  5787 I DFInstaObserve: !toggles disable_feed=0 disable_explore=0 disable_reels=1 disable_stories=0 disable_adds=0
08-12 18:54:14.600  5432  5885 I DFInstaObserve: !toggles disable_feed=0 disable_explore=0 disable_reels=1 disable_stories=0 disable_adds=0
08-12 18:54:14.771  5432  5518 I DFInstaObserve: !toggles disable_feed=0 disable_explore=0 disable_reels=1 disable_stories=0 disable_adds=0
08-12 18:54:14.774  5432  5606 I DFInstaObserve: !toggles disable_feed=0 disable_explore=0 disable_reels=1 disable_stories=0 disable_adds=0
08-12 18:54:14.796  5432  5787 I DFInstaObserve: !toggles disable_feed=0 disable_explore=0 disable_reels=1 disable_stories=0 disable_adds=0
08-12 18:54:14.974  5432  5927 I DFInstaObserve: !toggles disable_feed=0 disable_explore=0 disable_reels=1 disable_stories=0 disable_adds=0
08-12 18:54:15.011  5432  5606 I DFInstaObserve: !toggles disable_feed=0 disable_explore=0 disable_reels=1 disable_stories=0 disable_adds=0
08-12 18:54:15.313  5432  5518 I DFInstaObserve: !toggles disable_feed=0 disable_explore=0 disable_reels=1 disable_stories=0 disable_adds=0
08-12 18:54:15.317  5432  5884 I DFInstaObserve: !toggles disable_feed=0 disable_explore=0 disable_reels=1 disable_stories=0 disable_adds=0
08-12 18:54:15.569  5432  5518 I DFInstaObserve: !toggles disable_feed=0 disable_explore=0 disable_reels=1 disable_stories=0 disable_adds=0
08-12 18:54:15.674  5432  5956 I DFInstaObserve: !toggles disable_feed=0 disable_explore=0 disable_reels=1 disable_stories=0 disable_adds=0
08-12 18:54:15.712  5432  5606 I DFInstaObserve: !toggles disable_feed=0 disable_explore=0 disable_reels=1 disable_stories=0 disable_adds=0
08-12 18:54:15.775  5432  5681 I DFInstaObserve: !toggles disable_feed=0 disable_explore=0 disable_reels=1 disable_stories=0 disable_adds=0
08-12 18:54:15.802  5432  5606 I DFInstaObserve: !toggles disable_feed=0 disable_explore=0 disable_reels=1 disable_stories=0 disable_adds=0
08-12 18:54:15.914  5432  5606 I DFInstaObserve: !toggles disable_feed=0 disable_explore=0 disable_reels=1 disable_stories=0 disable_adds=0
08-12 18:54:15.988  5432  5606 I DFInstaObserve: !toggles disable_feed=0 disable_explore=0 disable_reels=1 disable_stories=0 disable_adds=0
08-12 18:54:16.902  5432  5606 I DFInstaObserve: !toggles disable_feed=0 disable_explore=0 disable_reels=1 disable_stories=0 disable_adds=0
08-12 18:54:17.042  5432  5606 I DFInstaObserve: !toggles disable_feed=0 disable_explore=0 disable_reels=1 disable_stories=0 disable_adds=0
08-12 18:54:17.276  5432  5606 I DFInstaObserve: !toggles disable_feed=0 disable_explore=0 disable_reels=1 disable_stories=0 disable_adds=0
08-12 18:54:17.730  5432  5681 I DFInstaObserve: !toggles disable_feed=0 disable_explore=0 disable_reels=1 disable_stories=0 disable_adds=0
08-12 18:54:20.700  5432  5892 I DFInstaObserve: !toggles disable_feed=0 disable_explore=0 disable_reels=1 disable_stories=0 disable_adds=0
08-12 18:54:20.708  5432  5892 I DFInstaObserve: !toggles disable_feed=0 disable_explore=0 disable_reels=1 disable_stories=0 disable_adds=0
08-12 18:54:20.737  5432  5606 I DFInstaObserve: !toggles disable_feed=0 disable_explore=0 disable_reels=1 disable_stories=0 disable_adds=0
08-12 18:54:20.858  5432  5891 I DFInstaObserve: !toggles disable_feed=0 disable_explore=0 disable_reels=1 disable_stories=0 disable_adds=0
08-12 18:54:20.884  5432  5518 I DFInstaObserve: !toggles disable_feed=0 disable_explore=0 disable_reels=1 disable_stories=0 disable_adds=0
08-12 18:54:20.897  5432  5892 I DFInstaObserve: !toggles disable_feed=0 disable_explore=0 disable_reels=1 disable_stories=0 disable_adds=0
08-12 18:54:20.897  5432  5470 I DFInstaObserve: !toggles disable_feed=0 disable_explore=0 disable_reels=1 disable_stories=0 disable_adds=0
08-12 18:54:21.325  5432  5956 I DFInstaObserve: !toggles disable_feed=0 disable_explore=0 disable_reels=1 disable_stories=0 disable_adds=0
08-12 18:54:21.417  5432  5606 I DFInstaObserve: !toggles disable_feed=0 disable_explore=0 disable_reels=1 disable_stories=0 disable_adds=0
08-12 18:54:21.629  5432  5606 I DFInstaObserve: !toggles disable_feed=0 disable_explore=0 disable_reels=1 disable_stories=0 disable_adds=0
08-12 18:54:22.109  5432  5606 I DFInstaObserve: !toggles disable_feed=0 disable_explore=0 disable_reels=1 disable_stories=0 disable_adds=0
08-12 18:54:28.811  5432  5518 I DFInstaObserve: !toggles disable_feed=0 disable_explore=0 disable_reels=1 disable_stories=0 disable_adds=0
08-12 18:54:28.811  5432  6012 I DFInstaObserve: !toggles disable_feed=0 disable_explore=0 disable_reels=1 disable_stories=0 disable_adds=0
08-12 18:54:28.811  5432  6012 I DFInstaObserve: /feed/reels_tray/
08-12 18:54:28.811  5432  5518 I DFInstaObserve: /feed/timeline/
08-12 18:54:29.339  5432  6012 I DFInstaObserve: !toggles disable_feed=0 disable_explore=0 disable_reels=1 disable_stories=0 disable_adds=0
08-12 18:54:29.339  5432  6012 I DFInstaObserve: /feed/reels_media_stream/
08-12 18:54:30.668  5432  5892 I DFInstaObserve: !toggles disable_feed=0 disable_explore=0 disable_reels=1 disable_stories=0 disable_adds=0
08-12 18:54:30.678  5432  5892 I DFInstaObserve: !toggles disable_feed=0 disable_explore=0 disable_reels=1 disable_stories=0 disable_adds=0
08-12 18:54:30.757  5432  5606 I DFInstaObserve: !toggles disable_feed=0 disable_explore=0 disable_reels=1 disable_stories=0 disable_adds=0
08-12 18:54:30.973  5432  5956 I DFInstaObserve: !toggles disable_feed=0 disable_explore=0 disable_reels=1 disable_stories=0 disable_adds=0
08-12 18:54:30.973  5432  5956 I DFInstaObserve: /feed/timeline/
08-12 18:54:32.236  5432  6087 I DFInstaObserve: !toggles disable_feed=0 disable_explore=0 disable_reels=1 disable_stories=0 disable_adds=0
08-12 18:54:33.646  5432  5892 I DFInstaObserve: !toggles disable_feed=0 disable_explore=0 disable_reels=1 disable_stories=0 disable_adds=0
08-12 18:54:33.654  5432  5892 I DFInstaObserve: !toggles disable_feed=0 disable_explore=0 disable_reels=1 disable_stories=0 disable_adds=0
08-12 18:54:33.761  5432  5787 I DFInstaObserve: !toggles disable_feed=0 disable_explore=0 disable_reels=1 disable_stories=0 disable_adds=0
08-12 18:54:33.790  5432  6107 I DFInstaObserve: !toggles disable_feed=0 disable_explore=0 disable_reels=1 disable_stories=0 disable_adds=0
08-12 18:54:33.875  5432  5606 I DFInstaObserve: !toggles disable_feed=0 disable_explore=0 disable_reels=1 disable_stories=0 disable_adds=0
08-12 18:54:33.878  5432  6012 I DFInstaObserve: !toggles disable_feed=0 disable_explore=0 disable_reels=1 disable_stories=0 disable_adds=0
08-12 18:54:34.206  5432  6012 I DFInstaObserve: !toggles disable_feed=0 disable_explore=0 disable_reels=1 disable_stories=0 disable_adds=0
08-12 18:54:34.464  5432  5606 I DFInstaObserve: !toggles disable_feed=0 disable_explore=0 disable_reels=1 disable_stories=0 disable_adds=0
08-12 18:54:34.555  5432  5606 I DFInstaObserve: !toggles disable_feed=0 disable_explore=0 disable_reels=1 disable_stories=0 disable_adds=0
08-12 18:54:34.686  5432  5606 I DFInstaObserve: !toggles disable_feed=0 disable_explore=0 disable_reels=1 disable_stories=0 disable_adds=0
08-12 18:54:34.788  5432  5606 I DFInstaObserve: !toggles disable_feed=0 disable_explore=0 disable_reels=1 disable_stories=0 disable_adds=0
08-12 18:54:35.008  5432  5606 I DFInstaObserve: !toggles disable_feed=0 disable_explore=0 disable_reels=1 disable_stories=0 disable_adds=0
08-12 18:54:35.102  5432  5606 I DFInstaObserve: !toggles disable_feed=0 disable_explore=0 disable_reels=1 disable_stories=0 disable_adds=0
08-12 18:54:35.230  5432  5606 I DFInstaObserve: !toggles disable_feed=0 disable_explore=0 disable_reels=1 disable_stories=0 disable_adds=0
08-12 18:54:35.357  5432  5606 I DFInstaObserve: !toggles disable_feed=0 disable_explore=0 disable_reels=1 disable_stories=0 disable_adds=0
08-12 18:54:40.451  5432  5470 I DFInstaObserve: !toggles disable_feed=0 disable_explore=0 disable_reels=1 disable_stories=0 disable_adds=0
08-12 18:54:40.525  5432  5470 I DFInstaObserve: !toggles disable_feed=0 disable_explore=0 disable_reels=1 disable_stories=0 disable_adds=0
08-12 18:54:44.556  5432  5892 I DFInstaObserve: !toggles disable_feed=0 disable_explore=0 disable_reels=1 disable_stories=0 disable_adds=0
08-12 18:54:47.221  5432  5470 I DFInstaObserve: !toggles disable_feed=0 disable_explore=0 disable_reels=1 disable_stories=0 disable_adds=0
08-12 18:54:47.892  5432  5892 I DFInstaObserve: !toggles disable_feed=0 disable_explore=0 disable_reels=1 disable_stories=0 disable_adds=0
08-12 18:54:50.308  5432  6198 I DFInstaObserve: !toggles disable_feed=0 disable_explore=0 disable_reels=1 disable_stories=0 disable_adds=0
08-12 18:54:52.716  5432  6194 I DFInstaObserve: !toggles disable_feed=0 disable_explore=0 disable_reels=1 disable_stories=0 disable_adds=0
08-12 18:54:53.666  5432  5470 I DFInstaObserve: !toggles disable_feed=0 disable_explore=0 disable_reels=1 disable_stories=0 disable_adds=0
08-12 18:54:53.940  5432  6230 I DFInstaObserve: !toggles disable_feed=0 disable_explore=0 disable_reels=1 disable_stories=0 disable_adds=0
08-12 18:54:57.117  5432  5470 I DFInstaObserve: !toggles disable_feed=0 disable_explore=0 disable_reels=1 disable_stories=0 disable_adds=0
08-12 18:54:59.048  5432  6229 I DFInstaObserve: !toggles disable_feed=0 disable_explore=0 disable_reels=1 disable_stories=0 disable_adds=0
08-12 18:55:00.199  5432  5956 I DFInstaObserve: !toggles disable_feed=0 disable_explore=0 disable_reels=1 disable_stories=0 disable_adds=0
08-12 18:55:00.295  5432  5956 I DFInstaObserve: !toggles disable_feed=0 disable_explore=0 disable_reels=1 disable_stories=0 disable_adds=0
08-12 18:55:00.486  5432  5470 I DFInstaObserve: !toggles disable_feed=0 disable_explore=0 disable_reels=1 disable_stories=0 disable_adds=0
08-12 18:55:00.491  5432  5892 I DFInstaObserve: !toggles disable_feed=0 disable_explore=0 disable_reels=1 disable_stories=0 disable_adds=0
08-12 18:55:00.535  5432  5956 I DFInstaObserve: !toggles disable_feed=0 disable_explore=0 disable_reels=1 disable_stories=0 disable_adds=0
08-12 18:55:00.549  5432  5606 I DFInstaObserve: !toggles disable_feed=0 disable_explore=0 disable_reels=1 disable_stories=0 disable_adds=0
08-12 18:55:00.673  5432  6108 I DFInstaObserve: !toggles disable_feed=0 disable_explore=0 disable_reels=1 disable_stories=0 disable_adds=0
08-12 18:55:00.755  5432  6107 I DFInstaObserve: !toggles disable_feed=0 disable_explore=0 disable_reels=1 disable_stories=0 disable_adds=0
08-12 18:55:00.881  5432  5681 I DFInstaObserve: !toggles disable_feed=0 disable_explore=0 disable_reels=1 disable_stories=0 disable_adds=0
08-12 18:55:00.890  5432  6319 I DFInstaObserve: !toggles disable_feed=0 disable_explore=0 disable_reels=1 disable_stories=0 disable_adds=0
08-12 18:55:00.951  5432  5606 I DFInstaObserve: !toggles disable_feed=0 disable_explore=0 disable_reels=1 disable_stories=0 disable_adds=0
08-12 18:55:01.029  5432  5681 I DFInstaObserve: !toggles disable_feed=0 disable_explore=0 disable_reels=1 disable_stories=0 disable_adds=0
08-12 18:55:01.030  5432  5606 I DFInstaObserve: !toggles disable_feed=0 disable_explore=0 disable_reels=1 disable_stories=0 disable_adds=0
08-12 18:55:01.226  5432  5681 I DFInstaObserve: !toggles disable_feed=0 disable_explore=0 disable_reels=1 disable_stories=0 disable_adds=0
08-12 18:55:01.636  5432  5606 I DFInstaObserve: !toggles disable_feed=0 disable_explore=0 disable_reels=1 disable_stories=0 disable_adds=0
08-12 18:55:02.626  5432  6302 I DFInstaObserve: !toggles disable_feed=0 disable_explore=0 disable_reels=1 disable_stories=0 disable_adds=0
08-12 18:55:02.688  5432  6312 I DFInstaObserve: !toggles disable_feed=0 disable_explore=0 disable_reels=1 disable_stories=0 disable_adds=0
08-12 18:55:02.728  5432  6302 I DFInstaObserve: !toggles disable_feed=0 disable_explore=0 disable_reels=1 disable_stories=0 disable_adds=0
08-12 18:55:02.740  5432  6312 I DFInstaObserve: !toggles disable_feed=0 disable_explore=0 disable_reels=1 disable_stories=0 disable_adds=0
08-12 18:55:05.132  5432  6302 I DFInstaObserve: !toggles disable_feed=0 disable_explore=0 disable_reels=1 disable_stories=0 disable_adds=0
08-12 18:55:05.192  5432  6312 I DFInstaObserve: !toggles disable_feed=0 disable_explore=0 disable_reels=1 disable_stories=0 disable_adds=0
08-12 18:55:08.246  5432  6108 I DFInstaObserve: !toggles disable_feed=0 disable_explore=0 disable_reels=1 disable_stories=0 disable_adds=0
08-12 18:55:08.246  5432  6108 I DFInstaObserve: /discover/topical_explore
08-12 18:55:08.691  5432  6374 I DFInstaObserve: !toggles disable_feed=0 disable_explore=0 disable_reels=1 disable_stories=0 disable_adds=0
08-12 18:55:10.902  5432  6373 I DFInstaObserve: !toggles disable_feed=0 disable_explore=0 disable_reels=1 disable_stories=0 disable_adds=0
08-12 18:55:11.218  5432  6380 I DFInstaObserve: !toggles disable_feed=0 disable_explore=0 disable_reels=1 disable_stories=0 disable_adds=0
08-12 18:55:11.525  5432  5892 I DFInstaObserve: !toggles disable_feed=0 disable_explore=0 disable_reels=1 disable_stories=0 disable_adds=0
08-12 18:55:11.529  5432  5892 I DFInstaObserve: !toggles disable_feed=0 disable_explore=0 disable_reels=1 disable_stories=0 disable_adds=0
08-12 18:55:11.617  5432  5892 I DFInstaObserve: !toggles disable_feed=0 disable_explore=0 disable_reels=1 disable_stories=0 disable_adds=0
08-12 18:55:11.625  5432  5892 I DFInstaObserve: !toggles disable_feed=0 disable_explore=0 disable_reels=1 disable_stories=0 disable_adds=0
08-12 18:55:11.631  5432  5892 I DFInstaObserve: !toggles disable_feed=0 disable_explore=0 disable_reels=1 disable_stories=0 disable_adds=0
08-12 18:55:11.738  5432  5892 I DFInstaObserve: !toggles disable_feed=0 disable_explore=0 disable_reels=1 disable_stories=0 disable_adds=0
08-12 18:55:11.762  5432  5892 I DFInstaObserve: !toggles disable_feed=0 disable_explore=0 disable_reels=1 disable_stories=0 disable_adds=0
08-12 18:55:11.765  5432  6429 I DFInstaObserve: !toggles disable_feed=0 disable_explore=0 disable_reels=1 disable_stories=0 disable_adds=0
08-12 18:55:11.765  5432  6429 I DFInstaObserve: /discover/topical_explore
08-12 18:55:11.855  5432  6437 I DFInstaObserve: !toggles disable_feed=0 disable_explore=0 disable_reels=1 disable_stories=0 disable_adds=0
08-12 18:55:11.858  5432  5892 I DFInstaObserve: !toggles disable_feed=0 disable_explore=0 disable_reels=1 disable_stories=0 disable_adds=0
08-12 18:55:11.872  5432  5892 I DFInstaObserve: !toggles disable_feed=0 disable_explore=0 disable_reels=1 disable_stories=0 disable_adds=0
08-12 18:55:11.874  5432  6437 I DFInstaObserve: !toggles disable_feed=0 disable_explore=0 disable_reels=1 disable_stories=0 disable_adds=0
08-12 18:55:11.882  5432  5892 I DFInstaObserve: !toggles disable_feed=0 disable_explore=0 disable_reels=1 disable_stories=0 disable_adds=0
08-12 18:55:11.981  5432  5606 I DFInstaObserve: !toggles disable_feed=0 disable_explore=0 disable_reels=1 disable_stories=0 disable_adds=0
08-12 18:55:11.994  5432  5891 I DFInstaObserve: !toggles disable_feed=0 disable_explore=0 disable_reels=1 disable_stories=0 disable_adds=0
08-12 18:55:12.077  5432  6428 I DFInstaObserve: !toggles disable_feed=0 disable_explore=0 disable_reels=1 disable_stories=0 disable_adds=0
08-12 18:55:12.202  5432  5606 I DFInstaObserve: !toggles disable_feed=0 disable_explore=0 disable_reels=1 disable_stories=0 disable_adds=0
08-12 18:55:12.273  5432  5891 I DFInstaObserve: !toggles disable_feed=0 disable_explore=0 disable_reels=1 disable_stories=0 disable_adds=0
08-12 18:55:12.279  5432  5891 I DFInstaObserve: !toggles disable_feed=0 disable_explore=0 disable_reels=1 disable_stories=0 disable_adds=0
08-12 18:55:12.308  5432  6464 I DFInstaObserve: !toggles disable_feed=0 disable_explore=0 disable_reels=1 disable_stories=0 disable_adds=0
08-12 18:55:12.352  5432  5606 I DFInstaObserve: !toggles disable_feed=0 disable_explore=0 disable_reels=1 disable_stories=0 disable_adds=0
08-12 18:55:12.418  5432  6436 I DFInstaObserve: !toggles disable_feed=0 disable_explore=0 disable_reels=1 disable_stories=0 disable_adds=0
08-12 18:55:12.447  5432  6108 I DFInstaObserve: !toggles disable_feed=0 disable_explore=0 disable_reels=1 disable_stories=0 disable_adds=0
08-12 18:55:12.595  5432  5606 I DFInstaObserve: !toggles disable_feed=0 disable_explore=0 disable_reels=1 disable_stories=0 disable_adds=0
08-12 18:55:12.704  5432  6436 I DFInstaObserve: !toggles disable_feed=0 disable_explore=0 disable_reels=1 disable_stories=0 disable_adds=0
08-12 18:55:12.737  5432  6434 I DFInstaObserve: !toggles disable_feed=0 disable_explore=0 disable_reels=1 disable_stories=0 disable_adds=0
08-12 18:55:12.970  5432  6434 I DFInstaObserve: !toggles disable_feed=0 disable_explore=0 disable_reels=1 disable_stories=0 disable_adds=0
08-12 18:55:13.473  5432  5606 I DFInstaObserve: !toggles disable_feed=0 disable_explore=0 disable_reels=1 disable_stories=0 disable_adds=0
08-12 18:55:13.728  5432  5606 I DFInstaObserve: !toggles disable_feed=0 disable_explore=0 disable_reels=1 disable_stories=0 disable_adds=0
08-12 18:55:14.098  5432  6446 I DFInstaObserve: !toggles disable_feed=0 disable_explore=0 disable_reels=1 disable_stories=0 disable_adds=0
08-12 18:55:14.277  5432  6458 I DFInstaObserve: !toggles disable_feed=0 disable_explore=0 disable_reels=1 disable_stories=0 disable_adds=0
08-12 18:55:14.643  5432  5606 I DFInstaObserve: !toggles disable_feed=0 disable_explore=0 disable_reels=1 disable_stories=0 disable_adds=0
08-12 18:55:14.988  5432  5606 I DFInstaObserve: !toggles disable_feed=0 disable_explore=0 disable_reels=1 disable_stories=0 disable_adds=0
08-12 18:55:15.201  5432  6437 I DFInstaObserve: !toggles disable_feed=0 disable_explore=0 disable_reels=1 disable_stories=0 disable_adds=0
08-12 18:55:15.216  5432  6437 I DFInstaObserve: !toggles disable_feed=0 disable_explore=0 disable_reels=1 disable_stories=0 disable_adds=0
08-12 18:55:15.365  5432  6437 I DFInstaObserve: !toggles disable_feed=0 disable_explore=0 disable_reels=1 disable_stories=0 disable_adds=0
08-12 18:55:15.375  5432  6437 I DFInstaObserve: !toggles disable_feed=0 disable_explore=0 disable_reels=1 disable_stories=0 disable_adds=0
08-12 18:55:15.388  5432  6437 I DFInstaObserve: !toggles disable_feed=0 disable_explore=0 disable_reels=1 disable_stories=0 disable_adds=0
08-12 18:55:15.395  5432  6513 I DFInstaObserve: !toggles disable_feed=0 disable_explore=0 disable_reels=1 disable_stories=0 disable_adds=0
08-12 18:55:15.400  5432  6437 I DFInstaObserve: !toggles disable_feed=0 disable_explore=0 disable_reels=1 disable_stories=0 disable_adds=0
08-12 18:55:15.494  5432  6516 I DFInstaObserve: !toggles disable_feed=0 disable_explore=0 disable_reels=1 disable_stories=0 disable_adds=0
08-12 18:55:15.533  5432  5606 I DFInstaObserve: !toggles disable_feed=0 disable_explore=0 disable_reels=1 disable_stories=0 disable_adds=0
08-12 18:55:15.595  5432  6506 I DFInstaObserve: !toggles disable_feed=0 disable_explore=0 disable_reels=1 disable_stories=0 disable_adds=0
08-12 18:55:15.654  5432  6533 I DFInstaObserve: !toggles disable_feed=0 disable_explore=0 disable_reels=1 disable_stories=0 disable_adds=0
08-12 18:55:15.689  5432  5606 I DFInstaObserve: !toggles disable_feed=0 disable_explore=0 disable_reels=1 disable_stories=0 disable_adds=0
08-12 18:55:15.713  5432  6451 I DFInstaObserve: !toggles disable_feed=0 disable_explore=0 disable_reels=1 disable_stories=0 disable_adds=0
08-12 18:55:15.713  5432  6451 I DFInstaObserve: /discover/topical_explore
08-12 18:55:15.732  5432  6434 I DFInstaObserve: !toggles disable_feed=0 disable_explore=0 disable_reels=1 disable_stories=0 disable_adds=0
08-12 18:55:15.805  5432  6503 I DFInstaObserve: !toggles disable_feed=0 disable_explore=0 disable_reels=1 disable_stories=0 disable_adds=0
08-12 18:55:15.833  5432  5606 I DFInstaObserve: !toggles disable_feed=0 disable_explore=0 disable_reels=1 disable_stories=0 disable_adds=0
08-12 18:55:15.924  5432  6108 I DFInstaObserve: !toggles disable_feed=0 disable_explore=0 disable_reels=1 disable_stories=0 disable_adds=0
08-12 18:55:15.971  5432  6434 I DFInstaObserve: !toggles disable_feed=0 disable_explore=0 disable_reels=1 disable_stories=0 disable_adds=0
08-12 18:55:16.054  5432  6504 I DFInstaObserve: !toggles disable_feed=0 disable_explore=0 disable_reels=1 disable_stories=0 disable_adds=0
08-12 18:55:16.073  5432  6434 I DFInstaObserve: !toggles disable_feed=0 disable_explore=0 disable_reels=1 disable_stories=0 disable_adds=0
08-12 18:55:16.149  5432  5606 I DFInstaObserve: !toggles disable_feed=0 disable_explore=0 disable_reels=1 disable_stories=0 disable_adds=0
08-12 18:55:16.164  5432  6506 I DFInstaObserve: !toggles disable_feed=0 disable_explore=0 disable_reels=1 disable_stories=0 disable_adds=0
08-12 18:55:16.200  5432  5606 I DFInstaObserve: !toggles disable_feed=0 disable_explore=0 disable_reels=1 disable_stories=0 disable_adds=0
08-12 18:55:16.222  5432  6108 I DFInstaObserve: !toggles disable_feed=0 disable_explore=0 disable_reels=1 disable_stories=0 disable_adds=0
08-12 18:55:16.241  5432  6434 I DFInstaObserve: !toggles disable_feed=0 disable_explore=0 disable_reels=1 disable_stories=0 disable_adds=0
08-12 18:55:16.313  5432  5606 I DFInstaObserve: !toggles disable_feed=0 disable_explore=0 disable_reels=1 disable_stories=0 disable_adds=0
08-12 18:55:16.350  5432  6108 I DFInstaObserve: !toggles disable_feed=0 disable_explore=0 disable_reels=1 disable_stories=0 disable_adds=0
08-12 18:55:16.373  5432  5606 I DFInstaObserve: !toggles disable_feed=0 disable_explore=0 disable_reels=1 disable_stories=0 disable_adds=0
08-12 18:55:16.382  5432  6503 I DFInstaObserve: !toggles disable_feed=0 disable_explore=0 disable_reels=1 disable_stories=0 disable_adds=0
08-12 18:55:16.415  5432  6108 I DFInstaObserve: !toggles disable_feed=0 disable_explore=0 disable_reels=1 disable_stories=0 disable_adds=0
08-12 18:55:16.462  5432  6434 I DFInstaObserve: !toggles disable_feed=0 disable_explore=0 disable_reels=1 disable_stories=0 disable_adds=0
08-12 18:55:16.530  5432  6108 I DFInstaObserve: !toggles disable_feed=0 disable_explore=0 disable_reels=1 disable_stories=0 disable_adds=0
08-12 18:55:16.569  5432  6504 I DFInstaObserve: !toggles disable_feed=0 disable_explore=0 disable_reels=1 disable_stories=0 disable_adds=0
08-12 18:55:17.014  5432  5606 I DFInstaObserve: !toggles disable_feed=0 disable_explore=0 disable_reels=1 disable_stories=0 disable_adds=0
08-12 18:55:17.067  5432  5606 I DFInstaObserve: !toggles disable_feed=0 disable_explore=0 disable_reels=1 disable_stories=0 disable_adds=0
08-12 18:55:17.163  5432  5606 I DFInstaObserve: !toggles disable_feed=0 disable_explore=0 disable_reels=1 disable_stories=0 disable_adds=0
08-12 18:55:17.205  5432  5606 I DFInstaObserve: !toggles disable_feed=0 disable_explore=0 disable_reels=1 disable_stories=0 disable_adds=0
08-12 18:55:17.614  5432  6526 I DFInstaObserve: !toggles disable_feed=0 disable_explore=0 disable_reels=1 disable_stories=0 disable_adds=0
08-12 18:55:17.656  5432  6516 I DFInstaObserve: !toggles disable_feed=0 disable_explore=0 disable_reels=1 disable_stories=0 disable_adds=0
08-12 18:55:17.656  5432  6526 I DFInstaObserve: !toggles disable_feed=0 disable_explore=0 disable_reels=1 disable_stories=0 disable_adds=0
08-12 18:55:18.471  5432  5606 I DFInstaObserve: !toggles disable_feed=0 disable_explore=0 disable_reels=1 disable_stories=0 disable_adds=0
08-12 18:55:18.573  5432  5606 I DFInstaObserve: !toggles disable_feed=0 disable_explore=0 disable_reels=1 disable_stories=0 disable_adds=0
08-12 18:55:18.681  5432  5606 I DFInstaObserve: !toggles disable_feed=0 disable_explore=0 disable_reels=1 disable_stories=0 disable_adds=0
08-12 18:55:18.767  5432  5606 I DFInstaObserve: !toggles disable_feed=0 disable_explore=0 disable_reels=1 disable_stories=0 disable_adds=0
08-12 18:55:18.868  5432  5606 I DFInstaObserve: !toggles disable_feed=0 disable_explore=0 disable_reels=1 disable_stories=0 disable_adds=0
08-12 18:55:18.943  5432  6513 I DFInstaObserve: !toggles disable_feed=0 disable_explore=0 disable_reels=1 disable_stories=0 disable_adds=0
08-12 18:55:18.959  5432  6573 I DFInstaObserve: !toggles disable_feed=0 disable_explore=0 disable_reels=1 disable_stories=0 disable_adds=0
08-12 18:55:19.078  5432  5606 I DFInstaObserve: !toggles disable_feed=0 disable_explore=0 disable_reels=1 disable_stories=0 disable_adds=0
08-12 18:55:19.103  5432  6451 I DFInstaObserve: !toggles disable_feed=0 disable_explore=0 disable_reels=1 disable_stories=0 disable_adds=0
08-12 18:55:19.206  5432  6434 I DFInstaObserve: !toggles disable_feed=0 disable_explore=0 disable_reels=1 disable_stories=0 disable_adds=0
08-12 18:55:19.214  5432  6594 I DFInstaObserve: !toggles disable_feed=0 disable_explore=0 disable_reels=1 disable_stories=0 disable_adds=0
08-12 18:55:19.271  5432  6549 I DFInstaObserve: !toggles disable_feed=0 disable_explore=0 disable_reels=1 disable_stories=0 disable_adds=0
08-12 18:55:19.357  5432  5606 I DFInstaObserve: !toggles disable_feed=0 disable_explore=0 disable_reels=1 disable_stories=0 disable_adds=0
08-12 18:55:19.370  5432  6434 I DFInstaObserve: !toggles disable_feed=0 disable_explore=0 disable_reels=1 disable_stories=0 disable_adds=0
08-12 18:55:19.402  5432  6504 I DFInstaObserve: !toggles disable_feed=0 disable_explore=0 disable_reels=1 disable_stories=0 disable_adds=0
08-12 18:55:19.518  5432  6503 I DFInstaObserve: !toggles disable_feed=0 disable_explore=0 disable_reels=1 disable_stories=0 disable_adds=0
08-12 18:55:19.549  5432  6551 I DFInstaObserve: !toggles disable_feed=0 disable_explore=0 disable_reels=1 disable_stories=0 disable_adds=0
08-12 18:55:19.555  5432  5606 I DFInstaObserve: !toggles disable_feed=0 disable_explore=0 disable_reels=1 disable_stories=0 disable_adds=0
08-12 18:55:19.606  5432  6504 I DFInstaObserve: !toggles disable_feed=0 disable_explore=0 disable_reels=1 disable_stories=0 disable_adds=0
08-12 18:55:19.689  5432  6434 I DFInstaObserve: !toggles disable_feed=0 disable_explore=0 disable_reels=1 disable_stories=0 disable_adds=0
08-12 18:55:19.777  5432  6434 I DFInstaObserve: !toggles disable_feed=0 disable_explore=0 disable_reels=1 disable_stories=0 disable_adds=0
08-12 18:55:19.880  5432  6504 I DFInstaObserve: !toggles disable_feed=0 disable_explore=0 disable_reels=1 disable_stories=0 disable_adds=0
08-12 18:55:19.949  5432  6504 I DFInstaObserve: !toggles disable_feed=0 disable_explore=0 disable_reels=1 disable_stories=0 disable_adds=0
08-12 18:55:20.023  5432  6504 I DFInstaObserve: !toggles disable_feed=0 disable_explore=0 disable_reels=1 disable_stories=0 disable_adds=0
08-12 18:55:20.148  5432  6504 I DFInstaObserve: !toggles disable_feed=0 disable_explore=0 disable_reels=1 disable_stories=0 disable_adds=0
08-12 18:55:20.189  5432  6451 I DFInstaObserve: !toggles disable_feed=0 disable_explore=0 disable_reels=1 disable_stories=0 disable_adds=0
08-12 18:55:20.250  5432  6504 I DFInstaObserve: !toggles disable_feed=0 disable_explore=0 disable_reels=1 disable_stories=0 disable_adds=0
08-12 18:55:20.289  5432  6451 I DFInstaObserve: !toggles disable_feed=0 disable_explore=0 disable_reels=1 disable_stories=0 disable_adds=0
08-12 18:55:20.348  5432  6451 I DFInstaObserve: !toggles disable_feed=0 disable_explore=0 disable_reels=1 disable_stories=0 disable_adds=0
08-12 18:55:20.383  5432  6503 I DFInstaObserve: !toggles disable_feed=0 disable_explore=0 disable_reels=1 disable_stories=0 disable_adds=0
08-12 18:55:20.487  5432  6504 I DFInstaObserve: !toggles disable_feed=0 disable_explore=0 disable_reels=1 disable_stories=0 disable_adds=0
08-12 18:55:20.658  5432  5606 I DFInstaObserve: !toggles disable_feed=0 disable_explore=0 disable_reels=1 disable_stories=0 disable_adds=0
08-12 18:55:20.786  5432  5606 I DFInstaObserve: !toggles disable_feed=0 disable_explore=0 disable_reels=1 disable_stories=0 disable_adds=0
08-12 18:55:20.854  5432  6569 I DFInstaObserve: !toggles disable_feed=0 disable_explore=0 disable_reels=1 disable_stories=0 disable_adds=0
08-12 18:55:20.898  5432  6569 I DFInstaObserve: !toggles disable_feed=0 disable_explore=0 disable_reels=1 disable_stories=0 disable_adds=0
08-12 18:55:21.113  5432  5606 I DFInstaObserve: !toggles disable_feed=0 disable_explore=0 disable_reels=1 disable_stories=0 disable_adds=0
08-12 18:55:21.174  5432  5606 I DFInstaObserve: !toggles disable_feed=0 disable_explore=0 disable_reels=1 disable_stories=0 disable_adds=0
08-12 18:55:21.363  5432  5606 I DFInstaObserve: !toggles disable_feed=0 disable_explore=0 disable_reels=1 disable_stories=0 disable_adds=0
08-12 18:55:21.433  5432  5606 I DFInstaObserve: !toggles disable_feed=0 disable_explore=0 disable_reels=1 disable_stories=0 disable_adds=0
08-12 18:55:21.493  5432  5606 I DFInstaObserve: !toggles disable_feed=0 disable_explore=0 disable_reels=1 disable_stories=0 disable_adds=0
08-12 18:55:21.544  5432  5606 I DFInstaObserve: !toggles disable_feed=0 disable_explore=0 disable_reels=1 disable_stories=0 disable_adds=0
08-12 18:55:21.853  5432  5606 I DFInstaObserve: !toggles disable_feed=0 disable_explore=0 disable_reels=1 disable_stories=0 disable_adds=0
08-12 18:55:21.952  5432  5606 I DFInstaObserve: !toggles disable_feed=0 disable_explore=0 disable_reels=1 disable_stories=0 disable_adds=0
08-12 18:55:21.956  5432  6629 I DFInstaObserve: !toggles disable_feed=0 disable_explore=0 disable_reels=1 disable_stories=0 disable_adds=0
08-12 18:55:21.956  5432  6629 I DFInstaObserve: /discover/topical_explore
08-12 18:55:21.986  5432  6634 I DFInstaObserve: !toggles disable_feed=0 disable_explore=0 disable_reels=1 disable_stories=0 disable_adds=0
08-12 18:55:22.499  5432  5606 I DFInstaObserve: !toggles disable_feed=0 disable_explore=0 disable_reels=1 disable_stories=0 disable_adds=0
08-12 18:55:22.600  5432  5606 I DFInstaObserve: !toggles disable_feed=0 disable_explore=0 disable_reels=1 disable_stories=0 disable_adds=0
08-12 18:55:22.805  5432  5606 I DFInstaObserve: !toggles disable_feed=0 disable_explore=0 disable_reels=1 disable_stories=0 disable_adds=0
08-12 18:55:24.441  5432  6640 I DFInstaObserve: !toggles disable_feed=0 disable_explore=0 disable_reels=1 disable_stories=0 disable_adds=0
08-12 18:55:24.567  5432  6640 I DFInstaObserve: !toggles disable_feed=0 disable_explore=0 disable_reels=1 disable_stories=0 disable_adds=0
08-12 18:55:25.365  5432  6513 I DFInstaObserve: !toggles disable_feed=0 disable_explore=0 disable_reels=1 disable_stories=0 disable_adds=0
08-12 18:55:25.373  5432  6513 I DFInstaObserve: !toggles disable_feed=0 disable_explore=0 disable_reels=1 disable_stories=0 disable_adds=0
08-12 18:55:25.484  5432  5606 I DFInstaObserve: !toggles disable_feed=0 disable_explore=0 disable_reels=1 disable_stories=0 disable_adds=0
08-12 18:55:25.488  5432  5891 I DFInstaObserve: !toggles disable_feed=0 disable_explore=0 disable_reels=1 disable_stories=0 disable_adds=0
08-12 18:55:25.500  5432  6434 I DFInstaObserve: !toggles disable_feed=0 disable_explore=0 disable_reels=1 disable_stories=0 disable_adds=0
08-12 18:55:25.530  5432  6503 I DFInstaObserve: !toggles disable_feed=0 disable_explore=0 disable_reels=1 disable_stories=0 disable_adds=0
08-12 18:55:25.618  5432  5606 I DFInstaObserve: !toggles disable_feed=0 disable_explore=0 disable_reels=1 disable_stories=0 disable_adds=0
08-12 18:55:25.649  5432  6693 I DFInstaObserve: !toggles disable_feed=0 disable_explore=0 disable_reels=1 disable_stories=0 disable_adds=0
08-12 18:55:25.705  5432  5606 I DFInstaObserve: !toggles disable_feed=0 disable_explore=0 disable_reels=1 disable_stories=0 disable_adds=0
08-12 18:55:25.714  5432  6629 I DFInstaObserve: !toggles disable_feed=0 disable_explore=0 disable_reels=1 disable_stories=0 disable_adds=0
08-12 18:55:25.746  5432  6504 I DFInstaObserve: !toggles disable_feed=0 disable_explore=0 disable_reels=1 disable_stories=0 disable_adds=0
08-12 18:55:25.851  5432  6504 I DFInstaObserve: !toggles disable_feed=0 disable_explore=0 disable_reels=1 disable_stories=0 disable_adds=0
08-12 18:55:25.916  5432  6660 I DFInstaObserve: !toggles disable_feed=0 disable_explore=0 disable_reels=1 disable_stories=0 disable_adds=0
08-12 18:55:25.986  5432  5606 I DFInstaObserve: !toggles disable_feed=0 disable_explore=0 disable_reels=1 disable_stories=0 disable_adds=0
08-12 18:55:25.986  5432  6504 I DFInstaObserve: !toggles disable_feed=0 disable_explore=0 disable_reels=1 disable_stories=0 disable_adds=0
08-12 18:55:26.011  5432  6434 I DFInstaObserve: !toggles disable_feed=0 disable_explore=0 disable_reels=1 disable_stories=0 disable_adds=0
08-12 18:55:26.038  5432  5606 I DFInstaObserve: !toggles disable_feed=0 disable_explore=0 disable_reels=1 disable_stories=0 disable_adds=0
08-12 18:55:26.042  5432  6504 I DFInstaObserve: !toggles disable_feed=0 disable_explore=0 disable_reels=1 disable_stories=0 disable_adds=0
08-12 18:55:26.096  5432  6504 I DFInstaObserve: !toggles disable_feed=0 disable_explore=0 disable_reels=1 disable_stories=0 disable_adds=0
08-12 18:55:26.186  5432  6504 I DFInstaObserve: !toggles disable_feed=0 disable_explore=0 disable_reels=1 disable_stories=0 disable_adds=0
08-12 18:55:26.327  5432  6629 I DFInstaObserve: !toggles disable_feed=0 disable_explore=0 disable_reels=1 disable_stories=0 disable_adds=0
08-12 18:55:26.334  5432  5606 I DFInstaObserve: !toggles disable_feed=0 disable_explore=0 disable_reels=1 disable_stories=0 disable_adds=0
08-12 18:55:26.358  5432  6503 I DFInstaObserve: !toggles disable_feed=0 disable_explore=0 disable_reels=1 disable_stories=0 disable_adds=0
08-12 18:55:26.381  5432  6504 I DFInstaObserve: !toggles disable_feed=0 disable_explore=0 disable_reels=1 disable_stories=0 disable_adds=0
08-12 18:55:26.414  5432  5606 I DFInstaObserve: !toggles disable_feed=0 disable_explore=0 disable_reels=1 disable_stories=0 disable_adds=0
08-12 18:55:26.423  5432  6503 I DFInstaObserve: !toggles disable_feed=0 disable_explore=0 disable_reels=1 disable_stories=0 disable_adds=0
08-12 18:55:26.452  5432  6434 I DFInstaObserve: !toggles disable_feed=0 disable_explore=0 disable_reels=1 disable_stories=0 disable_adds=0
08-12 18:55:26.486  5432  5606 I DFInstaObserve: !toggles disable_feed=0 disable_explore=0 disable_reels=1 disable_stories=0 disable_adds=0
08-12 18:55:26.568  5432  5606 I DFInstaObserve: !toggles disable_feed=0 disable_explore=0 disable_reels=1 disable_stories=0 disable_adds=0
08-12 18:55:26.573  5432  6434 I DFInstaObserve: !toggles disable_feed=0 disable_explore=0 disable_reels=1 disable_stories=0 disable_adds=0
08-12 18:55:26.657  5432  5606 I DFInstaObserve: !toggles disable_feed=0 disable_explore=0 disable_reels=1 disable_stories=0 disable_adds=0
08-12 18:55:26.730  5432  5606 I DFInstaObserve: !toggles disable_feed=0 disable_explore=0 disable_reels=1 disable_stories=0 disable_adds=0
08-12 18:55:26.831  5432  5606 I DFInstaObserve: !toggles disable_feed=0 disable_explore=0 disable_reels=1 disable_stories=0 disable_adds=0
08-12 18:55:26.875  5432  5606 I DFInstaObserve: !toggles disable_feed=0 disable_explore=0 disable_reels=1 disable_stories=0 disable_adds=0
08-12 18:55:26.960  5432  5606 I DFInstaObserve: !toggles disable_feed=0 disable_explore=0 disable_reels=1 disable_stories=0 disable_adds=0
08-12 18:55:27.029  5432  5606 I DFInstaObserve: !toggles disable_feed=0 disable_explore=0 disable_reels=1 disable_stories=0 disable_adds=0
08-12 18:55:27.310  5432  5606 I DFInstaObserve: !toggles disable_feed=0 disable_explore=0 disable_reels=1 disable_stories=0 disable_adds=0
08-12 18:55:27.631  5432  6672 I DFInstaObserve: !toggles disable_feed=0 disable_explore=0 disable_reels=1 disable_stories=0 disable_adds=0
08-12 18:55:28.363  5432  6434 I DFInstaObserve: !toggles disable_feed=0 disable_explore=0 disable_reels=1 disable_stories=0 disable_adds=0
08-12 18:55:28.643  5432  6513 I DFInstaObserve: !toggles disable_feed=0 disable_explore=0 disable_reels=1 disable_stories=0 disable_adds=0
08-12 18:55:28.653  5432  6513 I DFInstaObserve: !toggles disable_feed=0 disable_explore=0 disable_reels=1 disable_stories=0 disable_adds=0
08-12 18:55:28.710  5432  5681 I DFInstaObserve: !toggles disable_feed=0 disable_explore=0 disable_reels=1 disable_stories=0 disable_adds=0
08-12 18:55:28.810  5432  5681 I DFInstaObserve: !toggles disable_feed=0 disable_explore=0 disable_reels=1 disable_stories=0 disable_adds=0
08-12 18:55:28.899  5432  5681 I DFInstaObserve: !toggles disable_feed=0 disable_explore=0 disable_reels=1 disable_stories=0 disable_adds=0
08-12 18:55:28.982  5432  5681 I DFInstaObserve: !toggles disable_feed=0 disable_explore=0 disable_reels=1 disable_stories=0 disable_adds=0
08-12 18:55:29.063  5432  5681 I DFInstaObserve: !toggles disable_feed=0 disable_explore=0 disable_reels=1 disable_stories=0 disable_adds=0
08-12 18:55:29.191  5432  5681 I DFInstaObserve: !toggles disable_feed=0 disable_explore=0 disable_reels=1 disable_stories=0 disable_adds=0
08-12 18:55:30.821  5432  6738 I DFInstaObserve: !toggles disable_feed=0 disable_explore=0 disable_reels=1 disable_stories=0 disable_adds=0
08-12 18:55:30.822  5432  6737 I DFInstaObserve: !toggles disable_feed=0 disable_explore=0 disable_reels=1 disable_stories=0 disable_adds=0
08-12 18:55:36.342  5432  6731 I DFInstaObserve: !toggles disable_feed=0 disable_explore=0 disable_reels=1 disable_stories=0 disable_adds=0
08-12 18:55:36.747  5432  6513 I DFInstaObserve: !toggles disable_feed=0 disable_explore=0 disable_reels=1 disable_stories=0 disable_adds=0
08-12 18:55:38.861  5432  6775 I DFInstaObserve: !toggles disable_feed=0 disable_explore=0 disable_reels=1 disable_stories=0 disable_adds=0
08-12 18:55:38.869  5432  6774 I DFInstaObserve: !toggles disable_feed=0 disable_explore=0 disable_reels=1 disable_stories=0 disable_adds=0
08-12 18:55:39.641  5432  6731 I DFInstaObserve: !toggles disable_feed=0 disable_explore=0 disable_reels=1 disable_stories=0 disable_adds=0
08-12 18:55:42.187  5432  6803 I DFInstaObserve: !toggles disable_feed=0 disable_explore=0 disable_reels=1 disable_stories=0 disable_adds=0
08-12 18:55:42.187  5432  6801 I DFInstaObserve: !toggles disable_feed=0 disable_explore=0 disable_reels=1 disable_stories=0 disable_adds=0
08-12 18:55:42.968  5432  6731 I DFInstaObserve: !toggles disable_feed=0 disable_explore=0 disable_reels=1 disable_stories=0 disable_adds=0
08-12 18:55:45.504  5432  6832 I DFInstaObserve: !toggles disable_feed=0 disable_explore=0 disable_reels=1 disable_stories=0 disable_adds=0
08-12 18:55:45.504  5432  6833 I DFInstaObserve: !toggles disable_feed=0 disable_explore=0 disable_reels=1 disable_stories=0 disable_adds=0
08-12 18:55:46.309  5432  6434 I DFInstaObserve: !toggles disable_feed=0 disable_explore=0 disable_reels=1 disable_stories=0 disable_adds=0
08-12 18:55:46.631  5432  6662 I DFInstaObserve: !toggles disable_feed=0 disable_explore=0 disable_reels=1 disable_stories=0 disable_adds=0
08-12 18:55:48.871  5432  6867 I DFInstaObserve: !toggles disable_feed=0 disable_explore=0 disable_reels=1 disable_stories=0 disable_adds=0
08-12 18:55:48.881  5432  6713 I DFInstaObserve: !toggles disable_feed=0 disable_explore=0 disable_reels=1 disable_stories=0 disable_adds=0
08-12 18:55:49.632  5432  6504 I DFInstaObserve: !toggles disable_feed=0 disable_explore=0 disable_reels=1 disable_stories=0 disable_adds=0
08-12 18:55:52.161  5432  6897 I DFInstaObserve: !toggles disable_feed=0 disable_explore=0 disable_reels=1 disable_stories=0 disable_adds=0
