08-12 21:06:32.092 17084 17164 I DFInstaObserve: !toggles disable_feed=1 disable_explore=0 disable_reels=0 disable_stories=0 disable_adds=0
08-12 21:06:32.092 17084 17233 I DFInstaObserve: !toggles disable_feed=1 disable_explore=0 disable_reels=0 disable_stories=0 disable_adds=0
08-12 21:06:32.092 17084 17164 I DFInstaObserve: /feed/timeline/
08-12 21:06:32.092 17084 17233 I DFInstaObserve: /feed/reels_tray/
08-12 21:06:32.450 17084 17277 I DFInstaObserve: !toggles disable_feed=1 disable_explore=0 disable_reels=0 disable_stories=0 disable_adds=0
08-12 21:06:32.494 17084 17084 E IgFunctionalErrorEvent: FEED_NOT_LOADING
08-12 21:06:32.494 17084 17084 E IgFunctionalErrorEvent: java.io.IOException: Blocked by DFInsta setting
08-12 21:06:32.984 17084 17213 I DFInstaObserve: !toggles disable_feed=1 disable_explore=0 disable_reels=0 disable_stories=0 disable_adds=0
08-12 21:06:32.988 17084 17277 I DFInstaObserve: !toggles disable_feed=1 disable_explore=0 disable_reels=0 disable_stories=0 disable_adds=0
08-12 21:06:33.839 17084 17149 I DFInstaObserve: !toggles disable_feed=1 disable_explore=0 disable_reels=0 disable_stories=0 disable_adds=0
08-12 21:06:33.954 17084 17121 I DFInstaObserve: !toggles disable_feed=1 disable_explore=0 disable_reels=0 disable_stories=0 disable_adds=0
08-12 21:06:34.294 17084 17399 I DFInstaObserve: !toggles disable_feed=1 disable_explore=0 disable_reels=0 disable_stories=0 disable_adds=0
08-12 21:06:34.544 17084 17121 I DFInstaObserve: !toggles disable_feed=1 disable_explore=0 disable_reels=0 disable_stories=0 disable_adds=0
08-12 21:06:34.723 17084 17399 I DFInstaObserve: !toggles disable_feed=1 disable_explore=0 disable_reels=0 disable_stories=0 disable_adds=0
08-12 21:06:34.771 17084 17410 I DFInstaObserve: !toggles disable_feed=1 disable_explore=0 disable_reels=0 disable_stories=0 disable_adds=0
08-12 21:06:35.514 17084 17406 I DFInstaObserve: !toggles disable_feed=1 disable_explore=0 disable_reels=0 disable_stories=0 disable_adds=0
08-12 21:06:35.514 17084 17406 I DFInstaObserve: /feed/timeline/
08-12 21:06:35.519 17084 17084 E IgFunctionalErrorEvent: FEED_NOT_LOADING
08-12 21:06:35.520 17084 17084 E IgFunctionalErrorEvent: java.io.IOException: Blocked by DFInsta setting
08-12 21:06:38.536 17084 17406 I DFInstaObserve: !toggles disable_feed=1 disable_explore=0 disable_reels=0 disable_stories=0 disable_adds=0
08-12 21:06:38.536 17084 17406 I DFInstaObserve: /feed/timeline/
08-12 21:06:38.552 17084 17084 E IgFunctionalErrorEvent: FEED_NOT_LOADING
08-12 21:06:38.553 17084 17084 E IgFunctionalErrorEvent: java.io.IOException: Blocked by DFInsta setting
08-12 21:06:40.177 17084 17398 I DFInstaObserve: !toggles disable_feed=1 disable_explore=0 disable_reels=0 disable_stories=0 disable_adds=0
08-12 21:06:40.280 17084 17406 I DFInstaObserve: !toggles disable_feed=1 disable_explore=0 disable_reels=0 disable_stories=0 disable_adds=0
08-12 21:06:40.784 17084 17277 I DFInstaObserve: !toggles disable_feed=1 disable_explore=0 disable_reels=0 disable_stories=0 disable_adds=0
08-12 21:06:41.568 17084 17469 I DFInstaObserve: !toggles disable_feed=1 disable_explore=0 disable_reels=0 disable_stories=0 disable_adds=0
08-12 21:06:41.568 17084 17469 I DFInstaObserve: /feed/timeline/
08-12 21:06:41.585 17084 17084 E IgFunctionalErrorEvent: FEED_NOT_LOADING
08-12 21:06:41.585 17084 17084 E IgFunctionalErrorEvent: java.io.IOException: Blocked by DFInsta setting
08-12 21:06:41.770 17084 17277 I DFInstaObserve: !toggles disable_feed=1 disable_explore=0 disable_reels=0 disable_stories=0 disable_adds=0
08-12 21:06:49.577 17084 17469 I DFInstaObserve: !toggles disable_feed=1 disable_explore=0 disable_reels=0 disable_stories=0 disable_adds=0
08-12 21:06:49.577 17084 17469 I DFInstaObserve: /feed/timeline/
08-12 21:06:49.579 17084 17458 I DFInstaObserve: !toggles disable_feed=1 disable_explore=0 disable_reels=0 disable_stories=0 disable_adds=0
08-12 21:06:49.579 17084 17458 I DFInstaObserve: /feed/reels_tray/
08-12 21:06:49.580 17084 17084 E IgFunctionalErrorEvent: FEED_NOT_LOADING
08-12 21:06:49.581 17084 17084 E IgFunctionalErrorEvent: java.io.IOException: Blocked by DFInsta setting
08-12 21:06:52.594 17084 17458 I DFInstaObserve: !toggles disable_feed=1 disable_explore=0 disable_reels=0 disable_stories=0 disable_adds=0
08-12 21:06:52.594 17084 17458 I DFInstaObserve: /feed/timeline/
08-12 21:06:52.606 17084 17084 E IgFunctionalErrorEvent: FEED_NOT_LOADING
08-12 21:06:52.606 17084 17084 E IgFunctionalErrorEvent: java.io.IOException: Blocked by DFInsta setting
08-12 21:06:55.620 17084 17469 I DFInstaObserve: !toggles disable_feed=1 disable_explore=0 disable_reels=0 disable_stories=0 disable_adds=0
08-12 21:06:55.620 17084 17469 I DFInstaObserve: /feed/timeline/
08-12 21:06:55.626 17084 17084 E IgFunctionalErrorEvent: FEED_NOT_LOADING
08-12 21:06:55.626 17084 17084 E IgFunctionalErrorEvent: java.io.IOException: Blocked by DFInsta setting
08-12 21:06:57.723 17084 17458 I DFInstaObserve: !toggles disable_feed=1 disable_explore=0 disable_reels=0 disable_stories=0 disable_adds=0
08-12 21:06:57.723 17084 17458 I DFInstaObserve: /feed/timeline/
08-12 21:06:57.725 17084 17403 I DFInstaObserve: !toggles disable_feed=1 disable_explore=0 disable_reels=0 disable_stories=0 disable_adds=0
08-12 21:06:57.726 17084 17403 I DFInstaObserve: /feed/reels_tray/
08-12 21:06:57.730 17084 17084 E IgFunctionalErrorEvent: FEED_NOT_LOADING
08-12 21:06:57.730 17084 17084 E IgFunctionalErrorEvent: java.io.IOException: Blocked by DFInsta setting
08-12 21:06:57.751 17084 17468 I DFInstaObserve: !toggles disable_feed=1 disable_explore=0 disable_reels=0 disable_stories=0 disable_adds=0
08-12 21:06:57.751 17084 17468 I DFInstaObserve: /feed/timeline/
08-12 21:06:57.775 17084 17084 E IgFunctionalErrorEvent: FEED_NOT_LOADING
08-12 21:06:57.775 17084 17084 E IgFunctionalErrorEvent: java.io.IOException: Blocked by DFInsta setting
08-12 21:06:57.794 17084 17469 I DFInstaObserve: !toggles disable_feed=1 disable_explore=0 disable_reels=0 disable_stories=0 disable_adds=0
08-12 21:06:57.794 17084 17469 I DFInstaObserve: /feed/timeline/
08-12 21:06:57.803 17084 17084 E IgFunctionalErrorEvent: FEED_NOT_LOADING
08-12 21:06:57.803 17084 17084 E IgFunctionalErrorEvent: java.io.IOException: Blocked by DFInsta setting
08-12 21:06:57.827 17084 17458 I DFInstaObserve: !toggles disable_feed=1 disable_explore=0 disable_reels=0 disable_stories=0 disable_adds=0
08-12 21:06:57.827 17084 17458 I DFInstaObserve: /feed/timeline/
08-12 21:06:57.850 17084 17084 E IgFunctionalErrorEvent: FEED_NOT_LOADING
08-12 21:06:57.850 17084 17084 E IgFunctionalErrorEvent: java.io.IOException: Blocked by DFInsta setting
08-12 21:06:57.870 17084 17458 I DFInstaObserve: !toggles disable_feed=1 disable_explore=0 disable_reels=0 disable_stories=0 disable_adds=0
08-12 21:06:57.870 17084 17458 I DFInstaObserve: /feed/timeline/
08-12 21:06:57.880 17084 17084 E IgFunctionalErrorEvent: FEED_NOT_LOADING
08-12 21:06:57.880 17084 17084 E IgFunctionalErrorEvent: java.io.IOException: Blocked by DFInsta setting
08-12 21:06:57.902 17084 17458 I DFInstaObserve: !toggles disable_feed=1 disable_explore=0 disable_reels=0 disable_stories=0 disable_adds=0
08-12 21:06:57.902 17084 17458 I DFInstaObserve: /feed/timeline/
08-12 21:06:57.927 17084 17084 E IgFunctionalErrorEvent: FEED_NOT_LOADING
08-12 21:06:57.927 17084 17084 E IgFunctionalErrorEvent: java.io.IOException: Blocked by DFInsta setting
08-12 21:06:57.947 17084 17543 I DFInstaObserve: !toggles disable_feed=1 disable_explore=0 disable_reels=0 disable_stories=0 disable_adds=0
08-12 21:06:57.947 17084 17543 I DFInstaObserve: /feed/timeline/
08-12 21:06:57.956 17084 17084 E IgFunctionalErrorEvent: FEED_NOT_LOADING
08-12 21:06:57.957 17084 17084 E IgFunctionalErrorEvent: java.io.IOException: Blocked by DFInsta setting
08-12 21:06:57.979 17084 17458 I DFInstaObserve: !toggles disable_feed=1 disable_explore=0 disable_reels=0 disable_stories=0 disable_adds=0
08-12 21:06:57.979 17084 17458 I DFInstaObserve: /feed/timeline/
08-12 21:06:57.998 17084 17084 E IgFunctionalErrorEvent: FEED_NOT_LOADING
08-12 21:06:57.998 17084 17084 E IgFunctionalErrorEvent: java.io.IOException: Blocked by DFInsta setting
08-12 21:06:58.018 17084 17543 I DFInstaObserve: !toggles disable_feed=1 disable_explore=0 disable_reels=0 disable_stories=0 disable_adds=0
08-12 21:06:58.018 17084 17543 I DFInstaObserve: /feed/timeline/
08-12 21:06:58.041 17084 17084 E IgFunctionalErrorEvent: FEED_NOT_LOADING
08-12 21:06:58.041 17084 17084 E IgFunctionalErrorEvent: java.io.IOException: Blocked by DFInsta setting
08-12 21:06:58.637 17084 17468 I DFInstaObserve: !toggles disable_feed=1 disable_explore=0 disable_reels=0 disable_stories=0 disable_adds=0
08-12 21:06:58.637 17084 17468 I DFInstaObserve: /feed/timeline/
08-12 21:06:58.641 17084 17084 E IgFunctionalErrorEvent: FEED_NOT_LOADING
08-12 21:06:58.641 17084 17084 E IgFunctionalErrorEvent: java.io.IOException: Blocked by DFInsta setting
08-12 21:07:25.776 17084 17469 I DFInstaObserve: !toggles disable_feed=1 disable_explore=0 disable_reels=0 disable_stories=0 disable_adds=0
08-12 21:07:25.888 17084 17468 I DFInstaObserve: !toggles disable_feed=1 disable_explore=0 disable_reels=0 disable_stories=0 disable_adds=0
08-12 21:07:25.888 17084 17468 I DFInstaObserve: /discover/topical_explore
08-12 21:07:25.891 17084 17543 I DFInstaObserve: !toggles disable_feed=1 disable_explore=0 disable_reels=0 disable_stories=0 disable_adds=0
08-12 21:07:26.218 17084 17277 I DFInstaObserve: !toggles disable_feed=1 disable_explore=0 disable_reels=0 disable_stories=0 disable_adds=0
08-12 21:07:26.308 17084 17277 I DFInstaObserve: !toggles disable_feed=1 disable_explore=0 disable_reels=0 disable_stories=0 disable_adds=0
08-12 21:07:29.541 17084 17120 I DFInstaObserve: !toggles disable_feed=1 disable_explore=0 disable_reels=0 disable_stories=0 disable_adds=0
08-12 21:07:29.549 17084 17120 I DFInstaObserve: !toggles disable_feed=1 disable_explore=0 disable_reels=0 disable_stories=0 disable_adds=0
08-12 21:07:29.561 17084 17120 I DFInstaObserve: !toggles disable_feed=1 disable_explore=0 disable_reels=0 disable_stories=0 disable_adds=0
08-12 21:07:29.582 17084 17120 I DFInstaObserve: !toggles disable_feed=1 disable_explore=0 disable_reels=0 disable_stories=0 disable_adds=0
08-12 21:07:29.592 17084 17119 I DFInstaObserve: !toggles disable_feed=1 disable_explore=0 disable_reels=0 disable_stories=0 disable_adds=0
08-12 21:07:29.635 17084 17410 I DFInstaObserve: !toggles disable_feed=1 disable_explore=0 disable_reels=0 disable_stories=0 disable_adds=0
08-12 21:07:29.640 17084 17410 I DFInstaObserve: !toggles disable_feed=1 disable_explore=0 disable_reels=0 disable_stories=0 disable_adds=0
08-12 21:07:29.650 17084 17410 I DFInstaObserve: !toggles disable_feed=1 disable_explore=0 disable_reels=0 disable_stories=0 disable_adds=0
08-12 21:07:29.654 17084 17242 I DFInstaObserve: !toggles disable_feed=1 disable_explore=0 disable_reels=0 disable_stories=0 disable_adds=0
08-12 21:07:29.671 17084 17410 I DFInstaObserve: !toggles disable_feed=1 disable_explore=0 disable_reels=0 disable_stories=0 disable_adds=0
08-12 21:07:29.673 17084 17666 I DFInstaObserve: !toggles disable_feed=1 disable_explore=0 disable_reels=0 disable_stories=0 disable_adds=0
08-12 21:07:29.681 17084 17410 I DFInstaObserve: !toggles disable_feed=1 disable_explore=0 disable_reels=0 disable_stories=0 disable_adds=0
08-12 21:07:29.744 17084 17242 I DFInstaObserve: !toggles disable_feed=1 disable_explore=0 disable_reels=0 disable_stories=0 disable_adds=0
08-12 21:07:29.774 17084 17468 I DFInstaObserve: !toggles disable_feed=1 disable_explore=0 disable_reels=0 disable_stories=0 disable_adds=0
08-12 21:07:29.808 17084 17242 I DFInstaObserve: !toggles disable_feed=1 disable_explore=0 disable_reels=0 disable_stories=0 disable_adds=0
08-12 21:07:29.890 17084 17684 I DFInstaObserve: !toggles disable_feed=1 disable_explore=0 disable_reels=0 disable_stories=0 disable_adds=0
08-12 21:07:29.909 17084 17242 I DFInstaObserve: !toggles disable_feed=1 disable_explore=0 disable_reels=0 disable_stories=0 disable_adds=0
08-12 21:07:29.978 17084 17242 I DFInstaObserve: !toggles disable_feed=1 disable_explore=0 disable_reels=0 disable_stories=0 disable_adds=0
08-12 21:07:30.007 17084 17690 I DFInstaObserve: !toggles disable_feed=1 disable_explore=0 disable_reels=0 disable_stories=0 disable_adds=0
08-12 21:07:30.031 17084 17242 I DFInstaObserve: !toggles disable_feed=1 disable_explore=0 disable_reels=0 disable_stories=0 disable_adds=0
08-12 21:07:30.094 17084 17242 I DFInstaObserve: !toggles disable_feed=1 disable_explore=0 disable_reels=0 disable_stories=0 disable_adds=0
08-12 21:07:30.116 17084 17543 I DFInstaObserve: !toggles disable_feed=1 disable_explore=0 disable_reels=0 disable_stories=0 disable_adds=0
08-12 21:07:30.251 17084 17468 I DFInstaObserve: !toggles disable_feed=1 disable_explore=0 disable_reels=0 disable_stories=0 disable_adds=0
08-12 21:07:30.324 17084 17663 I DFInstaObserve: !toggles disable_feed=1 disable_explore=0 disable_reels=0 disable_stories=0 disable_adds=0
08-12 21:07:30.393 17084 17242 I DFInstaObserve: !toggles disable_feed=1 disable_explore=0 disable_reels=0 disable_stories=0 disable_adds=0
08-12 21:07:30.426 17084 17242 I DFInstaObserve: !toggles disable_feed=1 disable_explore=0 disable_reels=0 disable_stories=0 disable_adds=0
08-12 21:07:30.435 17084 17468 I DFInstaObserve: !toggles disable_feed=1 disable_explore=0 disable_reels=0 disable_stories=0 disable_adds=0
08-12 21:07:30.477 17084 17543 I DFInstaObserve: !toggles disable_feed=1 disable_explore=0 disable_reels=0 disable_stories=0 disable_adds=0
08-12 21:07:30.528 17084 17662 I DFInstaObserve: !toggles disable_feed=1 disable_explore=0 disable_reels=0 disable_stories=0 disable_adds=0
08-12 21:07:30.583 17084 17663 I DFInstaObserve: !toggles disable_feed=1 disable_explore=0 disable_reels=0 disable_stories=0 disable_adds=0
08-12 21:07:30.605 17084 17242 I DFInstaObserve: !toggles disable_feed=1 disable_explore=0 disable_reels=0 disable_stories=0 disable_adds=0
08-12 21:07:30.644 17084 17242 I DFInstaObserve: !toggles disable_feed=1 disable_explore=0 disable_reels=0 disable_stories=0 disable_adds=0
08-12 21:07:30.648 17084 17677 I DFInstaObserve: !toggles disable_feed=1 disable_explore=0 disable_reels=0 disable_stories=0 disable_adds=0
08-12 21:07:30.692 17084 17242 I DFInstaObserve: !toggles disable_feed=1 disable_explore=0 disable_reels=0 disable_stories=0 disable_adds=0
08-12 21:07:30.724 17084 17242 I DFInstaObserve: !toggles disable_feed=1 disable_explore=0 disable_reels=0 disable_stories=0 disable_adds=0
08-12 21:07:30.731 17084 17662 I DFInstaObserve: !toggles disable_feed=1 disable_explore=0 disable_reels=0 disable_stories=0 disable_adds=0
08-12 21:07:30.853 17084 17543 I DFInstaObserve: !toggles disable_feed=1 disable_explore=0 disable_reels=0 disable_stories=0 disable_adds=0
08-12 21:07:30.949 17084 17242 I DFInstaObserve: !toggles disable_feed=1 disable_explore=0 disable_reels=0 disable_stories=0 disable_adds=0
08-12 21:07:30.953 17084 17468 I DFInstaObserve: !toggles disable_feed=1 disable_explore=0 disable_reels=0 disable_stories=0 disable_adds=0
08-12 21:07:30.986 17084 17242 I DFInstaObserve: !toggles disable_feed=1 disable_explore=0 disable_reels=0 disable_stories=0 disable_adds=0
08-12 21:07:31.377 17084 17242 I DFInstaObserve: !toggles disable_feed=1 disable_explore=0 disable_reels=0 disable_stories=0 disable_adds=0
08-12 21:07:31.861 17084 17665 I DFInstaObserve: !toggles disable_feed=1 disable_explore=0 disable_reels=0 disable_stories=0 disable_adds=0
08-12 21:07:31.978 17084 17684 I DFInstaObserve: !toggles disable_feed=1 disable_explore=0 disable_reels=0 disable_stories=0 disable_adds=0
08-12 21:07:33.837 17084 17543 I DFInstaObserve: !toggles disable_feed=1 disable_explore=0 disable_reels=0 disable_stories=0 disable_adds=0
08-12 21:07:33.837 17084 17543 I DFInstaObserve: /discover/topical_explore
08-12 21:07:34.098 17084 17718 I DFInstaObserve: !toggles disable_feed=1 disable_explore=0 disable_reels=0 disable_stories=0 disable_adds=0
08-12 21:07:36.064 17084 17690 I DFInstaObserve: !toggles disable_feed=1 disable_explore=0 disable_reels=0 disable_stories=0 disable_adds=0
08-12 21:07:36.191 17084 17717 I DFInstaObserve: !toggles disable_feed=1 disable_explore=0 disable_reels=0 disable_stories=0 disable_adds=0
08-12 21:07:36.852 17084 17120 I DFInstaObserve: !toggles disable_feed=1 disable_explore=0 disable_reels=0 disable_stories=0 disable_adds=0
08-12 21:07:36.857 17084 17120 I DFInstaObserve: !toggles disable_feed=1 disable_explore=0 disable_reels=0 disable_stories=0 disable_adds=0
08-12 21:07:36.911 17084 17242 I DFInstaObserve: !toggles disable_feed=1 disable_explore=0 disable_reels=0 disable_stories=0 disable_adds=0
08-12 21:07:36.974 17084 17242 I DFInstaObserve: !toggles disable_feed=1 disable_explore=0 disable_reels=0 disable_stories=0 disable_adds=0
08-12 21:07:37.014 17084 17242 I DFInstaObserve: !toggles disable_feed=1 disable_explore=0 disable_reels=0 disable_stories=0 disable_adds=0
08-12 21:07:37.035 17084 17657 I DFInstaObserve: !toggles disable_feed=1 disable_explore=0 disable_reels=0 disable_stories=0 disable_adds=0
08-12 21:07:37.080 17084 17736 I DFInstaObserve: !toggles disable_feed=1 disable_explore=0 disable_reels=0 disable_stories=0 disable_adds=0
08-12 21:07:37.162 17084 17468 I DFInstaObserve: !toggles disable_feed=1 disable_explore=0 disable_reels=0 disable_stories=0 disable_adds=0
08-12 21:07:37.259 17084 17663 I DFInstaObserve: !toggles disable_feed=1 disable_explore=0 disable_reels=0 disable_stories=0 disable_adds=0
08-12 21:07:37.387 17084 17242 I DFInstaObserve: !toggles disable_feed=1 disable_explore=0 disable_reels=0 disable_stories=0 disable_adds=0
08-12 21:07:37.388 17084 17712 I DFInstaObserve: !toggles disable_feed=1 disable_explore=0 disable_reels=0 disable_stories=0 disable_adds=0
08-12 21:07:37.453 17084 17242 I DFInstaObserve: !toggles disable_feed=1 disable_explore=0 disable_reels=0 disable_stories=0 disable_adds=0
08-12 21:07:37.501 17084 17468 I DFInstaObserve: !toggles disable_feed=1 disable_explore=0 disable_reels=0 disable_stories=0 disable_adds=0
08-12 21:07:37.648 17084 17242 I DFInstaObserve: !toggles disable_feed=1 disable_explore=0 disable_reels=0 disable_stories=0 disable_adds=0
08-12 21:07:37.649 17084 17759 I DFInstaObserve: !toggles disable_feed=1 disable_explore=0 disable_reels=0 disable_stories=0 disable_adds=0
08-12 21:07:37.674 17084 17543 I DFInstaObserve: !toggles disable_feed=1 disable_explore=0 disable_reels=0 disable_stories=0 disable_adds=0
08-12 21:07:37.732 17084 17242 I DFInstaObserve: !toggles disable_feed=1 disable_explore=0 disable_reels=0 disable_stories=0 disable_adds=0
08-12 21:07:37.805 17084 17657 I DFInstaObserve: !toggles disable_feed=1 disable_explore=0 disable_reels=0 disable_stories=0 disable_adds=0
08-12 21:07:37.907 17084 17543 I DFInstaObserve: !toggles disable_feed=1 disable_explore=0 disable_reels=0 disable_stories=0 disable_adds=0
08-12 21:07:37.929 17084 17242 I DFInstaObserve: !toggles disable_feed=1 disable_explore=0 disable_reels=0 disable_stories=0 disable_adds=0
08-12 21:07:37.977 17084 17468 I DFInstaObserve: !toggles disable_feed=1 disable_explore=0 disable_reels=0 disable_stories=0 disable_adds=0
08-12 21:07:37.994 17084 17242 I DFInstaObserve: !toggles disable_feed=1 disable_explore=0 disable_reels=0 disable_stories=0 disable_adds=0
08-12 21:07:38.096 17084 17712 I DFInstaObserve: !toggles disable_feed=1 disable_explore=0 disable_reels=0 disable_stories=0 disable_adds=0
08-12 21:07:38.214 17084 17736 I DFInstaObserve: !toggles disable_feed=1 disable_explore=0 disable_reels=0 disable_stories=0 disable_adds=0
08-12 21:07:38.329 17084 17657 I DFInstaObserve: !toggles disable_feed=1 disable_explore=0 disable_reels=0 disable_stories=0 disable_adds=0
08-12 21:07:38.383 17084 17754 I DFInstaObserve: !toggles disable_feed=1 disable_explore=0 disable_reels=0 disable_stories=0 disable_adds=0
08-12 21:07:38.449 17084 17242 I DFInstaObserve: !toggles disable_feed=1 disable_explore=0 disable_reels=0 disable_stories=0 disable_adds=0
08-12 21:07:38.488 17084 17242 I DFInstaObserve: !toggles disable_feed=1 disable_explore=0 disable_reels=0 disable_stories=0 disable_adds=0
08-12 21:07:38.558 17084 17754 I DFInstaObserve: !toggles disable_feed=1 disable_explore=0 disable_reels=0 disable_stories=0 disable_adds=0
08-12 21:07:38.559 17084 17242 I DFInstaObserve: !toggles disable_feed=1 disable_explore=0 disable_reels=0 disable_stories=0 disable_adds=0
08-12 21:07:38.596 17084 17242 I DFInstaObserve: !toggles disable_feed=1 disable_explore=0 disable_reels=0 disable_stories=0 disable_adds=0
08-12 21:07:38.637 17084 17543 I DFInstaObserve: !toggles disable_feed=1 disable_explore=0 disable_reels=0 disable_stories=0 disable_adds=0
08-12 21:07:38.678 17084 17468 I DFInstaObserve: !toggles disable_feed=1 disable_explore=0 disable_reels=0 disable_stories=0 disable_adds=0
08-12 21:07:38.828 17084 17242 I DFInstaObserve: !toggles disable_feed=1 disable_explore=0 disable_reels=0 disable_stories=0 disable_adds=0
08-12 21:07:38.838 17084 17712 I DFInstaObserve: !toggles disable_feed=1 disable_explore=0 disable_reels=0 disable_stories=0 disable_adds=0
08-12 21:07:38.944 17084 17754 I DFInstaObserve: !toggles disable_feed=1 disable_explore=0 disable_reels=0 disable_stories=0 disable_adds=0
08-12 21:07:39.590 17084 17750 I DFInstaObserve: !toggles disable_feed=1 disable_explore=0 disable_reels=0 disable_stories=0 disable_adds=0
08-12 21:07:39.779 17084 17767 I DFInstaObserve: !toggles disable_feed=1 disable_explore=0 disable_reels=0 disable_stories=0 disable_adds=0
08-12 21:07:39.826 17084 17767 I DFInstaObserve: !toggles disable_feed=1 disable_explore=0 disable_reels=0 disable_stories=0 disable_adds=0
08-12 21:07:40.797 17084 17736 I DFInstaObserve: !toggles disable_feed=1 disable_explore=0 disable_reels=0 disable_stories=0 disable_adds=0
08-12 21:07:40.797 17084 17736 I DFInstaObserve: /discover/topical_explore
08-12 21:07:40.973 17084 17806 I DFInstaObserve: !toggles disable_feed=1 disable_explore=0 disable_reels=0 disable_stories=0 disable_adds=0
08-12 21:07:43.214 17084 17812 I DFInstaObserve: !toggles disable_feed=1 disable_explore=0 disable_reels=0 disable_stories=0 disable_adds=0
08-12 21:07:43.290 17084 17812 I DFInstaObserve: !toggles disable_feed=1 disable_explore=0 disable_reels=0 disable_stories=0 disable_adds=0
08-12 21:07:43.295 17084 17803 I DFInstaObserve: !toggles disable_feed=1 disable_explore=0 disable_reels=0 disable_stories=0 disable_adds=0
08-12 21:07:43.867 17084 17120 I DFInstaObserve: !toggles disable_feed=1 disable_explore=0 disable_reels=0 disable_stories=0 disable_adds=0
08-12 21:07:43.876 17084 17120 I DFInstaObserve: !toggles disable_feed=1 disable_explore=0 disable_reels=0 disable_stories=0 disable_adds=0
08-12 21:07:43.929 17084 17242 I DFInstaObserve: !toggles disable_feed=1 disable_explore=0 disable_reels=0 disable_stories=0 disable_adds=0
08-12 21:07:43.957 17084 17754 I DFInstaObserve: !toggles disable_feed=1 disable_explore=0 disable_reels=0 disable_stories=0 disable_adds=0
08-12 21:07:44.087 17084 17810 I DFInstaObserve: !toggles disable_feed=1 disable_explore=0 disable_reels=0 disable_stories=0 disable_adds=0
08-12 21:07:44.214 17084 17843 I DFInstaObserve: !toggles disable_feed=1 disable_explore=0 disable_reels=0 disable_stories=0 disable_adds=0
08-12 21:07:44.268 17084 17842 I DFInstaObserve: !toggles disable_feed=1 disable_explore=0 disable_reels=0 disable_stories=0 disable_adds=0
08-12 21:07:44.301 17084 17854 I DFInstaObserve: !toggles disable_feed=1 disable_explore=0 disable_reels=0 disable_stories=0 disable_adds=0
08-12 21:07:44.430 17084 17863 I DFInstaObserve: !toggles disable_feed=1 disable_explore=0 disable_reels=0 disable_stories=0 disable_adds=0
08-12 21:07:44.452 17084 17843 I DFInstaObserve: !toggles disable_feed=1 disable_explore=0 disable_reels=0 disable_stories=0 disable_adds=0
08-12 21:07:44.560 17084 17543 I DFInstaObserve: !toggles disable_feed=1 disable_explore=0 disable_reels=0 disable_stories=0 disable_adds=0
08-12 21:07:44.625 17084 17242 I DFInstaObserve: !toggles disable_feed=1 disable_explore=0 disable_reels=0 disable_stories=0 disable_adds=0
08-12 21:07:44.626 17084 17877 I DFInstaObserve: !toggles disable_feed=1 disable_explore=0 disable_reels=0 disable_stories=0 disable_adds=0
08-12 21:07:44.652 17084 17840 I DFInstaObserve: !toggles disable_feed=1 disable_explore=0 disable_reels=0 disable_stories=0 disable_adds=0
08-12 21:07:44.713 17084 17242 I DFInstaObserve: !toggles disable_feed=1 disable_explore=0 disable_reels=0 disable_stories=0 disable_adds=0
08-12 21:07:44.715 17084 17543 I DFInstaObserve: !toggles disable_feed=1 disable_explore=0 disable_reels=0 disable_stories=0 disable_adds=0
08-12 21:07:44.715 17084 17543 I DFInstaObserve: /discover/topical_explore
08-12 21:07:44.768 17084 17242 I DFInstaObserve: !toggles disable_feed=1 disable_explore=0 disable_reels=0 disable_stories=0 disable_adds=0
08-12 21:07:44.784 17084 17736 I DFInstaObserve: !toggles disable_feed=1 disable_explore=0 disable_reels=0 disable_stories=0 disable_adds=0
08-12 21:07:44.809 17084 17242 I DFInstaObserve: !toggles disable_feed=1 disable_explore=0 disable_reels=0 disable_stories=0 disable_adds=0
08-12 21:07:44.869 17084 17843 I DFInstaObserve: !toggles disable_feed=1 disable_explore=0 disable_reels=0 disable_stories=0 disable_adds=0
08-12 21:07:44.888 17084 17242 I DFInstaObserve: !toggles disable_feed=1 disable_explore=0 disable_reels=0 disable_stories=0 disable_adds=0
08-12 21:07:44.912 17084 17754 I DFInstaObserve: !toggles disable_feed=1 disable_explore=0 disable_reels=0 disable_stories=0 disable_adds=0
08-12 21:07:44.939 17084 17242 I DFInstaObserve: !toggles disable_feed=1 disable_explore=0 disable_reels=0 disable_stories=0 disable_adds=0
08-12 21:07:44.988 17084 17736 I DFInstaObserve: !toggles disable_feed=1 disable_explore=0 disable_reels=0 disable_stories=0 disable_adds=0
08-12 21:07:45.016 17084 17242 I DFInstaObserve: !toggles disable_feed=1 disable_explore=0 disable_reels=0 disable_stories=0 disable_adds=0
08-12 21:07:45.031 17084 17839 I DFInstaObserve: !toggles disable_feed=1 disable_explore=0 disable_reels=0 disable_stories=0 disable_adds=0
08-12 21:07:45.061 17084 17242 I DFInstaObserve: !toggles disable_feed=1 disable_explore=0 disable_reels=0 disable_stories=0 disable_adds=0
08-12 21:07:45.069 17084 17843 I DFInstaObserve: !toggles disable_feed=1 disable_explore=0 disable_reels=0 disable_stories=0 disable_adds=0
08-12 21:07:45.168 17084 17842 I DFInstaObserve: !toggles disable_feed=1 disable_explore=0 disable_reels=0 disable_stories=0 disable_adds=0
08-12 21:07:45.172 17084 17242 I DFInstaObserve: !toggles disable_feed=1 disable_explore=0 disable_reels=0 disable_stories=0 disable_adds=0
08-12 21:07:45.199 17084 17754 I DFInstaObserve: !toggles disable_feed=1 disable_explore=0 disable_reels=0 disable_stories=0 disable_adds=0
08-12 21:07:45.214 17084 17242 I DFInstaObserve: !toggles disable_feed=1 disable_explore=0 disable_reels=0 disable_stories=0 disable_adds=0
08-12 21:07:45.244 17084 17810 I DFInstaObserve: !toggles disable_feed=1 disable_explore=0 disable_reels=0 disable_stories=0 disable_adds=0
08-12 21:07:45.311 17084 17242 I DFInstaObserve: !toggles disable_feed=1 disable_explore=0 disable_reels=0 disable_stories=0 disable_adds=0
08-12 21:07:45.347 17084 17242 I DFInstaObserve: !toggles disable_feed=1 disable_explore=0 disable_reels=0 disable_stories=0 disable_adds=0
08-12 21:07:45.348 17084 17842 I DFInstaObserve: !toggles disable_feed=1 disable_explore=0 disable_reels=0 disable_stories=0 disable_adds=0
08-12 21:07:45.432 17084 17736 I DFInstaObserve: !toggles disable_feed=1 disable_explore=0 disable_reels=0 disable_stories=0 disable_adds=0
08-12 21:07:45.476 17084 17242 I DFInstaObserve: !toggles disable_feed=1 disable_explore=0 disable_reels=0 disable_stories=0 disable_adds=0
08-12 21:07:45.521 17084 17242 I DFInstaObserve: !toggles disable_feed=1 disable_explore=0 disable_reels=0 disable_stories=0 disable_adds=0
08-12 21:07:45.747 17084 17242 I DFInstaObserve: !toggles disable_feed=1 disable_explore=0 disable_reels=0 disable_stories=0 disable_adds=0
08-12 21:07:46.582 17084 17868 I DFInstaObserve: !toggles disable_feed=1 disable_explore=0 disable_reels=0 disable_stories=0 disable_adds=0
08-12 21:07:46.665 17084 17862 I DFInstaObserve: !toggles disable_feed=1 disable_explore=0 disable_reels=0 disable_stories=0 disable_adds=0
08-12 21:07:46.687 17084 17868 I DFInstaObserve: !toggles disable_feed=1 disable_explore=0 disable_reels=0 disable_stories=0 disable_adds=0
08-12 21:07:47.253 17084 17886 I DFInstaObserve: !toggles disable_feed=1 disable_explore=0 disable_reels=0 disable_stories=0 disable_adds=0
08-12 21:07:47.258 17084 17119 I DFInstaObserve: !toggles disable_feed=1 disable_explore=0 disable_reels=0 disable_stories=0 disable_adds=0
08-12 21:07:47.334 17084 17242 I DFInstaObserve: !toggles disable_feed=1 disable_explore=0 disable_reels=0 disable_stories=0 disable_adds=0
08-12 21:07:47.421 17084 17810 I DFInstaObserve: !toggles disable_feed=1 disable_explore=0 disable_reels=0 disable_stories=0 disable_adds=0
08-12 21:07:47.437 17084 17242 I DFInstaObserve: !toggles disable_feed=1 disable_explore=0 disable_reels=0 disable_stories=0 disable_adds=0
08-12 21:07:47.466 17084 17839 I DFInstaObserve: !toggles disable_feed=1 disable_explore=0 disable_reels=0 disable_stories=0 disable_adds=0
08-12 21:07:47.485 17084 17242 I DFInstaObserve: !toggles disable_feed=1 disable_explore=0 disable_reels=0 disable_stories=0 disable_adds=0
08-12 21:07:47.531 17084 17242 I DFInstaObserve: !toggles disable_feed=1 disable_explore=0 disable_reels=0 disable_stories=0 disable_adds=0
08-12 21:07:47.542 17084 17892 I DFInstaObserve: !toggles disable_feed=1 disable_explore=0 disable_reels=0 disable_stories=0 disable_adds=0
08-12 21:07:47.578 17084 17893 I DFInstaObserve: !toggles disable_feed=1 disable_explore=0 disable_reels=0 disable_stories=0 disable_adds=0
08-12 21:07:47.589 17084 17242 I DFInstaObserve: !toggles disable_feed=1 disable_explore=0 disable_reels=0 disable_stories=0 disable_adds=0
08-12 21:07:47.657 17084 17839 I DFInstaObserve: !toggles disable_feed=1 disable_explore=0 disable_reels=0 disable_stories=0 disable_adds=0
08-12 21:07:47.708 17084 17923 I DFInstaObserve: !toggles disable_feed=1 disable_explore=0 disable_reels=0 disable_stories=0 disable_adds=0
08-12 21:07:47.714 17084 17242 I DFInstaObserve: !toggles disable_feed=1 disable_explore=0 disable_reels=0 disable_stories=0 disable_adds=0
08-12 21:07:47.750 17084 17543 I DFInstaObserve: !toggles disable_feed=1 disable_explore=0 disable_reels=0 disable_stories=0 disable_adds=0
08-12 21:07:47.778 17084 17242 I DFInstaObserve: !toggles disable_feed=1 disable_explore=0 disable_reels=0 disable_stories=0 disable_adds=0
08-12 21:07:47.781 17084 17904 I DFInstaObserve: !toggles disable_feed=1 disable_explore=0 disable_reels=0 disable_stories=0 disable_adds=0
08-12 21:07:47.829 17084 17754 I DFInstaObserve: !toggles disable_feed=1 disable_explore=0 disable_reels=0 disable_stories=0 disable_adds=0
08-12 21:07:47.831 17084 17242 I DFInstaObserve: !toggles disable_feed=1 disable_explore=0 disable_reels=0 disable_stories=0 disable_adds=0
08-12 21:07:47.878 17084 17242 I DFInstaObserve: !toggles disable_feed=1 disable_explore=0 disable_reels=0 disable_stories=0 disable_adds=0
08-12 21:07:47.913 17084 17543 I DFInstaObserve: !toggles disable_feed=1 disable_explore=0 disable_reels=0 disable_stories=0 disable_adds=0
08-12 21:07:47.928 17084 17242 I DFInstaObserve: !toggles disable_feed=1 disable_explore=0 disable_reels=0 disable_stories=0 disable_adds=0
08-12 21:07:47.949 17084 17893 I DFInstaObserve: !toggles disable_feed=1 disable_explore=0 disable_reels=0 disable_stories=0 disable_adds=0
08-12 21:07:48.007 17084 17242 I DFInstaObserve: !toggles disable_feed=1 disable_explore=0 disable_reels=0 disable_stories=0 disable_adds=0
08-12 21:07:48.042 17084 17754 I DFInstaObserve: !toggles disable_feed=1 disable_explore=0 disable_reels=0 disable_stories=0 disable_adds=0
08-12 21:07:48.119 17084 17839 I DFInstaObserve: !toggles disable_feed=1 disable_explore=0 disable_reels=0 disable_stories=0 disable_adds=0
08-12 21:07:48.159 17084 17905 I DFInstaObserve: !toggles disable_feed=1 disable_explore=0 disable_reels=0 disable_stories=0 disable_adds=0
08-12 21:07:48.205 17084 17242 I DFInstaObserve: !toggles disable_feed=1 disable_explore=0 disable_reels=0 disable_stories=0 disable_adds=0
08-12 21:07:48.230 17084 17839 I DFInstaObserve: !toggles disable_feed=1 disable_explore=0 disable_reels=0 disable_stories=0 disable_adds=0
08-12 21:07:48.300 17084 17893 I DFInstaObserve: !toggles disable_feed=1 disable_explore=0 disable_reels=0 disable_stories=0 disable_adds=0
08-12 21:07:49.941 17084 17928 I DFInstaObserve: !toggles disable_feed=1 disable_explore=0 disable_reels=0 disable_stories=0 disable_adds=0
08-12 21:07:49.971 17084 17928 I DFInstaObserve: !toggles disable_feed=1 disable_explore=0 disable_reels=0 disable_stories=0 disable_adds=0
08-12 21:07:50.015 17084 17922 I DFInstaObserve: !toggles disable_feed=1 disable_explore=0 disable_reels=0 disable_stories=0 disable_adds=0
08-12 21:07:50.118 17084 17939 I DFInstaObserve: !toggles disable_feed=1 disable_explore=0 disable_reels=0 disable_stories=0 disable_adds=0
08-12 21:07:50.617 17084 17972 I DFInstaObserve: !toggles disable_feed=1 disable_explore=0 disable_reels=0 disable_stories=0 disable_adds=0
08-12 21:07:50.753 17084 17839 I DFInstaObserve: !toggles disable_feed=1 disable_explore=0 disable_reels=0 disable_stories=0 disable_adds=0
08-12 21:07:50.950 17084 17886 I DFInstaObserve: !toggles disable_feed=1 disable_explore=0 disable_reels=0 disable_stories=0 disable_adds=0
08-12 21:07:50.957 17084 17886 I DFInstaObserve: !toggles disable_feed=1 disable_explore=0 disable_reels=0 disable_stories=0 disable_adds=0
08-12 21:07:51.039 17084 17980 I DFInstaObserve: !toggles disable_feed=1 disable_explore=0 disable_reels=0 disable_stories=0 disable_adds=0
08-12 21:07:51.089 17084 17886 I DFInstaObserve: !toggles disable_feed=1 disable_explore=0 disable_reels=0 disable_stories=0 disable_adds=0
08-12 21:07:51.091 17084 17119 I DFInstaObserve: !toggles disable_feed=1 disable_explore=0 disable_reels=0 disable_stories=0 disable_adds=0
08-12 21:07:51.119 17084 17277 I DFInstaObserve: !toggles disable_feed=1 disable_explore=0 disable_reels=0 disable_stories=0 disable_adds=0
08-12 21:07:51.403 17084 17277 I DFInstaObserve: !toggles disable_feed=1 disable_explore=0 disable_reels=0 disable_stories=0 disable_adds=0
08-12 21:07:51.497 17084 17277 I DFInstaObserve: !toggles disable_feed=1 disable_explore=0 disable_reels=0 disable_stories=0 disable_adds=0
08-12 21:07:51.589 17084 17277 I DFInstaObserve: !toggles disable_feed=1 disable_explore=0 disable_reels=0 disable_stories=0 disable_adds=0
08-12 21:07:51.676 17084 17277 I DFInstaObserve: !toggles disable_feed=1 disable_explore=0 disable_reels=0 disable_stories=0 disable_adds=0
08-12 21:07:53.317 17084 17996 I DFInstaObserve: !toggles disable_feed=1 disable_explore=0 disable_reels=0 disable_stories=0 disable_adds=0
08-12 21:07:53.318 17084 17995 I DFInstaObserve: !toggles disable_feed=1 disable_explore=0 disable_reels=0 disable_stories=0 disable_adds=0
08-12 21:07:58.712 17084 17990 I DFInstaObserve: !toggles disable_feed=1 disable_explore=0 disable_reels=0 disable_stories=0 disable_adds=0
08-12 21:07:58.713 17084 17990 I DFInstaObserve: /clips/discover
08-12 21:07:58.713 17084 17990 I DFInstaObserve: /clips/discover/stream/
08-12 21:08:01.204 17084 18044 I DFInstaObserve: !toggles disable_feed=1 disable_explore=0 disable_reels=0 disable_stories=0 disable_adds=0
08-12 21:08:01.204 17084 18045 I DFInstaObserve: !toggles disable_feed=1 disable_explore=0 disable_reels=0 disable_stories=0 disable_adds=0
08-12 21:08:02.641 17084 17242 I DFInstaObserve: !toggles disable_feed=1 disable_explore=0 disable_reels=0 disable_stories=0 disable_adds=0
08-12 21:08:02.719 17084 17242 I DFInstaObserve: !toggles disable_feed=1 disable_explore=0 disable_reels=0 disable_stories=0 disable_adds=0
08-12 21:08:03.130 17084 17886 I DFInstaObserve: !toggles disable_feed=1 disable_explore=0 disable_reels=0 disable_stories=0 disable_adds=0
08-12 21:08:03.153 17084 17242 I DFInstaObserve: !toggles disable_feed=1 disable_explore=0 disable_reels=0 disable_stories=0 disable_adds=0
08-12 21:08:03.204 17084 17242 I DFInstaObserve: !toggles disable_feed=1 disable_explore=0 disable_reels=0 disable_stories=0 disable_adds=0
08-12 21:08:03.208 17084 17886 I DFInstaObserve: !toggles disable_feed=1 disable_explore=0 disable_reels=0 disable_stories=0 disable_adds=0
08-12 21:08:03.265 17084 17119 I DFInstaObserve: !toggles disable_feed=1 disable_explore=0 disable_reels=0 disable_stories=0 disable_adds=0
08-12 21:08:03.366 17084 17886 I DFInstaObserve: !toggles disable_feed=1 disable_explore=0 disable_reels=0 disable_stories=0 disable_adds=0
08-12 21:08:03.383 17084 17242 I DFInstaObserve: !toggles disable_feed=1 disable_explore=0 disable_reels=0 disable_stories=0 disable_adds=0
08-12 21:08:03.385 17084 17886 I DFInstaObserve: !toggles disable_feed=1 disable_explore=0 disable_reels=0 disable_stories=0 disable_adds=0
08-12 21:08:03.466 17084 18088 I DFInstaObserve: !toggles disable_feed=1 disable_explore=0 disable_reels=0 disable_stories=0 disable_adds=0
08-12 21:08:03.472 17084 17242 I DFInstaObserve: !toggles disable_feed=1 disable_explore=0 disable_reels=0 disable_stories=0 disable_adds=0
08-12 21:08:03.512 17084 17242 I DFInstaObserve: !toggles disable_feed=1 disable_explore=0 disable_reels=0 disable_stories=0 disable_adds=0
08-12 21:08:03.537 17084 18089 I DFInstaObserve: !toggles disable_feed=1 disable_explore=0 disable_reels=0 disable_stories=0 disable_adds=0
08-12 21:08:04.273 17084 17242 I DFInstaObserve: !toggles disable_feed=1 disable_explore=0 disable_reels=0 disable_stories=0 disable_adds=0
08-12 21:08:04.604 17084 18074 I DFInstaObserve: !toggles disable_feed=1 disable_explore=0 disable_reels=0 disable_stories=0 disable_adds=0
08-12 21:08:04.604 17084 18075 I DFInstaObserve: !toggles disable_feed=1 disable_explore=0 disable_reels=0 disable_stories=0 disable_adds=0
08-12 21:08:05.845 17084 17119 I DFInstaObserve: !toggles disable_feed=1 disable_explore=0 disable_reels=0 disable_stories=0 disable_adds=0
08-12 21:08:07.919 17084 18112 I DFInstaObserve: !toggles disable_feed=1 disable_explore=0 disable_reels=0 disable_stories=0 disable_adds=0
08-12 21:08:07.920 17084 18111 I DFInstaObserve: !toggles disable_feed=1 disable_explore=0 disable_reels=0 disable_stories=0 disable_adds=0
08-12 21:08:08.709 17084 17978 I DFInstaObserve: !toggles disable_feed=1 disable_explore=0 disable_reels=0 disable_stories=0 disable_adds=0
08-12 21:08:08.710 17084 17978 I DFInstaObserve: /clips/discover
08-12 21:08:08.710 17084 17978 I DFInstaObserve: /clips/discover/stream/
08-12 21:08:09.131 17084 17119 I DFInstaObserve: !toggles disable_feed=1 disable_explore=0 disable_reels=0 disable_stories=0 disable_adds=0
08-12 21:08:09.198 17084 17886 I DFInstaObserve: !toggles disable_feed=1 disable_explore=0 disable_reels=0 disable_stories=0 disable_adds=0
08-12 21:08:11.242 17084 18170 I DFInstaObserve: !toggles disable_feed=1 disable_explore=0 disable_reels=0 disable_stories=0 disable_adds=0
08-12 21:08:11.250 17084 18171 I DFInstaObserve: !toggles disable_feed=1 disable_explore=0 disable_reels=0 disable_stories=0 disable_adds=0
08-12 21:08:13.322 17084 17119 I DFInstaObserve: !toggles disable_feed=1 disable_explore=0 disable_reels=0 disable_stories=0 disable_adds=0
08-12 21:08:13.335 17084 17886 I DFInstaObserve: !toggles disable_feed=1 disable_explore=0 disable_reels=0 disable_stories=0 disable_adds=0
08-12 21:08:13.337 17084 17242 I DFInstaObserve: !toggles disable_feed=1 disable_explore=0 disable_reels=0 disable_stories=0 disable_adds=0
08-12 21:08:13.410 17084 17886 I DFInstaObserve: !toggles disable_feed=1 disable_explore=0 disable_reels=0 disable_stories=0 disable_adds=0
08-12 21:08:13.493 17084 17242 I DFInstaObserve: !toggles disable_feed=1 disable_explore=0 disable_reels=0 disable_stories=0 disable_adds=0
08-12 21:08:13.836 17084 17886 I DFInstaObserve: !toggles disable_feed=1 disable_explore=0 disable_reels=0 disable_stories=0 disable_adds=0
08-12 21:08:13.844 17084 17886 I DFInstaObserve: !toggles disable_feed=1 disable_explore=0 disable_reels=0 disable_stories=0 disable_adds=0
08-12 21:08:13.847 17084 17978 I DFInstaObserve: !toggles disable_feed=1 disable_explore=0 disable_reels=0 disable_stories=0 disable_adds=0
08-12 21:08:13.850 17084 17242 I DFInstaObserve: !toggles disable_feed=1 disable_explore=0 disable_reels=0 disable_stories=0 disable_adds=0
08-12 21:08:13.903 17084 17242 I DFInstaObserve: !toggles disable_feed=1 disable_explore=0 disable_reels=0 disable_stories=0 disable_adds=0
08-12 21:08:13.911 17084 17990 I DFInstaObserve: !toggles disable_feed=1 disable_explore=0 disable_reels=0 disable_stories=0 disable_adds=0
08-12 21:08:13.947 17084 17242 I DFInstaObserve: !toggles disable_feed=1 disable_explore=0 disable_reels=0 disable_stories=0 disable_adds=0
08-12 21:08:14.125 17084 17242 I DFInstaObserve: !toggles disable_feed=1 disable_explore=0 disable_reels=0 disable_stories=0 disable_adds=0
08-12 21:08:14.558 17084 18203 I DFInstaObserve: !toggles disable_feed=1 disable_explore=0 disable_reels=0 disable_stories=0 disable_adds=0
08-12 21:08:14.567 17084 18204 I DFInstaObserve: !toggles disable_feed=1 disable_explore=0 disable_reels=0 disable_stories=0 disable_adds=0
08-12 21:08:15.338 17084 18088 I DFInstaObserve: !toggles disable_feed=1 disable_explore=0 disable_reels=0 disable_stories=0 disable_adds=0
08-12 21:08:15.734 17084 17277 I DFInstaObserve: !toggles disable_feed=1 disable_explore=0 disable_reels=0 disable_stories=0 disable_adds=0
08-12 21:08:15.820 17084 17277 I DFInstaObserve: !toggles disable_feed=1 disable_explore=0 disable_reels=0 disable_stories=0 disable_adds=0
08-12 21:08:15.892 17084 17277 I DFInstaObserve: !toggles disable_feed=1 disable_explore=0 disable_reels=0 disable_stories=0 disable_adds=0
08-12 21:08:21.072 17084 17990 I DFInstaObserve: !toggles disable_feed=1 disable_explore=0 disable_reels=0 disable_stories=0 disable_adds=0
08-12 21:08:21.072 17084 17990 I DFInstaObserve: /clips/discover
08-12 21:08:21.072 17084 17990 I DFInstaObserve: /clips/discover/stream/
08-12 21:08:23.032 17084 17410 I DFInstaObserve: !toggles disable_feed=1 disable_explore=0 disable_reels=0 disable_stories=0 disable_adds=0
08-12 21:08:23.032 17084 17410 I DFInstaObserve: /feed/reels_tray/
08-12 21:08:23.561 17084 18252 I DFInstaObserve: !toggles disable_feed=1 disable_explore=0 disable_reels=0 disable_stories=0 disable_adds=0
08-12 21:08:23.561 17084 18252 I DFInstaObserve: /feed/reels_media_stream/
08-12 21:08:23.973 17084 17119 I DFInstaObserve: !toggles disable_feed=1 disable_explore=0 disable_reels=0 disable_stories=0 disable_adds=0
08-12 21:08:23.977 17084 17242 I DFInstaObserve: !toggles disable_feed=1 disable_explore=0 disable_reels=0 disable_stories=0 disable_adds=0
08-12 21:08:24.617 17084 17242 I DFInstaObserve: !toggles disable_feed=1 disable_explore=0 disable_reels=0 disable_stories=0 disable_adds=0
08-12 21:08:26.672 17084 17242 I DFInstaObserve: !toggles disable_feed=1 disable_explore=0 disable_reels=0 disable_stories=0 disable_adds=0
08-12 21:08:27.116 17084 17242 I DFInstaObserve: !toggles disable_feed=1 disable_explore=0 disable_reels=0 disable_stories=0 disable_adds=0
08-12 21:08:27.603 17084 17242 I DFInstaObserve: !toggles disable_feed=1 disable_explore=0 disable_reels=0 disable_stories=0 disable_adds=0
08-12 21:08:27.899 17084 17242 I DFInstaObserve: !toggles disable_feed=1 disable_explore=0 disable_reels=0 disable_stories=0 disable_adds=0
08-12 21:08:27.940 17084 17242 I DFInstaObserve: !toggles disable_feed=1 disable_explore=0 disable_reels=0 disable_stories=0 disable_adds=0
08-12 21:08:28.108 17084 17242 I DFInstaObserve: !toggles disable_feed=1 disable_explore=0 disable_reels=0 disable_stories=0 disable_adds=0
08-12 21:08:51.804 17084 17277 I DFInstaObserve: !toggles disable_feed=1 disable_explore=0 disable_reels=0 disable_stories=0 disable_adds=0
08-12 21:08:56.054 17084 18351 I DFInstaObserve: !toggles disable_feed=1 disable_explore=0 disable_reels=0 disable_stories=0 disable_adds=0
08-12 21:08:56.085 17084 18353 I DFInstaObserve: !toggles disable_feed=1 disable_explore=0 disable_reels=0 disable_stories=0 disable_adds=0
08-12 21:08:56.114 17084 18353 I DFInstaObserve: !toggles disable_feed=1 disable_explore=0 disable_reels=0 disable_stories=0 disable_adds=0
08-12 21:08:59.897 17084 18088 I DFInstaObserve: !toggles disable_feed=1 disable_explore=0 disable_reels=0 disable_stories=0 disable_adds=0
08-12 21:08:59.897 17084 18088 I DFInstaObserve: /discover/topical_explore
08-12 21:09:02.042 17084 18419 I DFInstaObserve: !toggles disable_feed=1 disable_explore=0 disable_reels=0 disable_stories=0 disable_adds=0
08-12 21:09:03.284 17084 18466 I DFInstaObserve: !toggles disable_feed=1 disable_explore=0 disable_reels=0 disable_stories=0 disable_adds=0
08-12 21:09:03.708 17084 17886 I DFInstaObserve: !toggles disable_feed=1 disable_explore=0 disable_reels=0 disable_stories=0 disable_adds=0
08-12 21:09:03.716 17084 17886 I DFInstaObserve: !toggles disable_feed=1 disable_explore=0 disable_reels=0 disable_stories=0 disable_adds=0
08-12 21:09:04.305 17084 18478 I DFInstaObserve: !toggles disable_feed=1 disable_explore=0 disable_reels=0 disable_stories=0 disable_adds=0
08-12 21:09:04.309 17084 17886 I DFInstaObserve: !toggles disable_feed=1 disable_explore=0 disable_reels=0 disable_stories=0 disable_adds=0
08-12 21:09:04.357 17084 18483 I DFInstaObserve: !toggles disable_feed=1 disable_explore=0 disable_reels=0 disable_stories=0 disable_adds=0
08-12 21:09:04.361 17084 17242 I DFInstaObserve: !toggles disable_feed=1 disable_explore=0 disable_reels=0 disable_stories=0 disable_adds=0
08-12 21:09:04.410 17084 17242 I DFInstaObserve: !toggles disable_feed=1 disable_explore=0 disable_reels=0 disable_stories=0 disable_adds=0
08-12 21:09:04.458 17084 18470 I DFInstaObserve: !toggles disable_feed=1 disable_explore=0 disable_reels=0 disable_stories=0 disable_adds=0
08-12 21:09:04.463 17084 17242 I DFInstaObserve: !toggles disable_feed=1 disable_explore=0 disable_reels=0 disable_stories=0 disable_adds=0
08-12 21:09:04.511 17084 18089 I DFInstaObserve: !toggles disable_feed=1 disable_explore=0 disable_reels=0 disable_stories=0 disable_adds=0
08-12 21:09:04.553 17084 18088 I DFInstaObserve: !toggles disable_feed=1 disable_explore=0 disable_reels=0 disable_stories=0 disable_adds=0
08-12 21:09:04.599 17084 18089 I DFInstaObserve: !toggles disable_feed=1 disable_explore=0 disable_reels=0 disable_stories=0 disable_adds=0
08-12 21:09:04.662 17084 18088 I DFInstaObserve: !toggles disable_feed=1 disable_explore=0 disable_reels=0 disable_stories=0 disable_adds=0
08-12 21:09:04.717 17084 17242 I DFInstaObserve: !toggles disable_feed=1 disable_explore=0 disable_reels=0 disable_stories=0 disable_adds=0
08-12 21:09:04.759 17084 17242 I DFInstaObserve: !toggles disable_feed=1 disable_explore=0 disable_reels=0 disable_stories=0 disable_adds=0
08-12 21:09:04.777 17084 17988 I DFInstaObserve: !toggles disable_feed=1 disable_explore=0 disable_reels=0 disable_stories=0 disable_adds=0
08-12 21:09:04.885 17084 18089 I DFInstaObserve: !toggles disable_feed=1 disable_explore=0 disable_reels=0 disable_stories=0 disable_adds=0
08-12 21:09:04.924 17084 18252 I DFInstaObserve: !toggles disable_feed=1 disable_explore=0 disable_reels=0 disable_stories=0 disable_adds=0
08-12 21:09:04.953 17084 18487 I DFInstaObserve: !toggles disable_feed=1 disable_explore=0 disable_reels=0 disable_stories=0 disable_adds=0
08-12 21:09:05.005 17084 18252 I DFInstaObserve: !toggles disable_feed=1 disable_explore=0 disable_reels=0 disable_stories=0 disable_adds=0
08-12 21:09:05.048 17084 18089 I DFInstaObserve: !toggles disable_feed=1 disable_explore=0 disable_reels=0 disable_stories=0 disable_adds=0
08-12 21:09:05.148 17084 18487 I DFInstaObserve: !toggles disable_feed=1 disable_explore=0 disable_reels=0 disable_stories=0 disable_adds=0
08-12 21:09:05.199 17084 17242 I DFInstaObserve: !toggles disable_feed=1 disable_explore=0 disable_reels=0 disable_stories=0 disable_adds=0
08-12 21:09:05.234 17084 17242 I DFInstaObserve: !toggles disable_feed=1 disable_explore=0 disable_reels=0 disable_stories=0 disable_adds=0
08-12 21:09:05.242 17084 18089 I DFInstaObserve: !toggles disable_feed=1 disable_explore=0 disable_reels=0 disable_stories=0 disable_adds=0
08-12 21:09:05.288 17084 17242 I DFInstaObserve: !toggles disable_feed=1 disable_explore=0 disable_reels=0 disable_stories=0 disable_adds=0
08-12 21:09:05.291 17084 18470 I DFInstaObserve: !toggles disable_feed=1 disable_explore=0 disable_reels=0 disable_stories=0 disable_adds=0
08-12 21:09:05.328 17084 18487 I DFInstaObserve: !toggles disable_feed=1 disable_explore=0 disable_reels=0 disable_stories=0 disable_adds=0
08-12 21:09:05.437 17084 17242 I DFInstaObserve: !toggles disable_feed=1 disable_explore=0 disable_reels=0 disable_stories=0 disable_adds=0
08-12 21:09:05.515 17084 18465 I DFInstaObserve: !toggles disable_feed=1 disable_explore=0 disable_reels=0 disable_stories=0 disable_adds=0
08-12 21:09:05.527 17084 17242 I DFInstaObserve: !toggles disable_feed=1 disable_explore=0 disable_reels=0 disable_stories=0 disable_adds=0
08-12 21:09:05.540 17084 18487 I DFInstaObserve: !toggles disable_feed=1 disable_explore=0 disable_reels=0 disable_stories=0 disable_adds=0
08-12 21:09:05.568 17084 17242 I DFInstaObserve: !toggles disable_feed=1 disable_explore=0 disable_reels=0 disable_stories=0 disable_adds=0
08-12 21:09:05.596 17084 18089 I DFInstaObserve: !toggles disable_feed=1 disable_explore=0 disable_reels=0 disable_stories=0 disable_adds=0
08-12 21:09:05.629 17084 18487 I DFInstaObserve: !toggles disable_feed=1 disable_explore=0 disable_reels=0 disable_stories=0 disable_adds=0
08-12 21:09:05.782 17084 18473 I DFInstaObserve: !toggles disable_feed=1 disable_explore=0 disable_reels=0 disable_stories=0 disable_adds=0
08-12 21:09:05.830 17084 18473 I DFInstaObserve: !toggles disable_feed=1 disable_explore=0 disable_reels=0 disable_stories=0 disable_adds=0
08-12 21:09:05.839 17084 17242 I DFInstaObserve: !toggles disable_feed=1 disable_explore=0 disable_reels=0 disable_stories=0 disable_adds=0
08-12 21:09:05.882 17084 17242 I DFInstaObserve: !toggles disable_feed=1 disable_explore=0 disable_reels=0 disable_stories=0 disable_adds=0
08-12 21:09:06.006 17084 17242 I DFInstaObserve: !toggles disable_feed=1 disable_explore=0 disable_reels=0 disable_stories=0 disable_adds=0
08-12 21:09:06.046 17084 17242 I DFInstaObserve: !toggles disable_feed=1 disable_explore=0 disable_reels=0 disable_stories=0 disable_adds=0
08-12 21:09:06.146 17084 17242 I DFInstaObserve: !toggles disable_feed=1 disable_explore=0 disable_reels=0 disable_stories=0 disable_adds=0
08-12 21:09:06.395 17084 18470 I DFInstaObserve: !toggles disable_feed=1 disable_explore=0 disable_reels=0 disable_stories=0 disable_adds=0
08-12 21:09:06.395 17084 18470 I DFInstaObserve: /discover/topical_explore
08-12 21:09:06.681 17084 18521 I DFInstaObserve: !toggles disable_feed=1 disable_explore=0 disable_reels=0 disable_stories=0 disable_adds=0
08-12 21:09:06.923 17084 18533 I DFInstaObserve: !toggles disable_feed=1 disable_explore=0 disable_reels=0 disable_stories=0 disable_adds=0
08-12 21:09:08.661 17084 18511 I DFInstaObserve: !toggles disable_feed=1 disable_explore=0 disable_reels=0 disable_stories=0 disable_adds=0
08-12 21:09:08.912 17084 18520 I DFInstaObserve: !toggles disable_feed=1 disable_explore=0 disable_reels=0 disable_stories=0 disable_adds=0
08-12 21:09:09.308 17084 17886 I DFInstaObserve: !toggles disable_feed=1 disable_explore=0 disable_reels=0 disable_stories=0 disable_adds=0
08-12 21:09:09.318 17084 17886 I DFInstaObserve: !toggles disable_feed=1 disable_explore=0 disable_reels=0 disable_stories=0 disable_adds=0
08-12 21:09:09.375 17084 17242 I DFInstaObserve: !toggles disable_feed=1 disable_explore=0 disable_reels=0 disable_stories=0 disable_adds=0
08-12 21:09:09.394 17084 18525 I DFInstaObserve: !toggles disable_feed=1 disable_explore=0 disable_reels=0 disable_stories=0 disable_adds=0
08-12 21:09:09.510 17084 18525 I DFInstaObserve: !toggles disable_feed=1 disable_explore=0 disable_reels=0 disable_stories=0 disable_adds=0
08-12 21:09:09.648 17084 18252 I DFInstaObserve: !toggles disable_feed=1 disable_explore=0 disable_reels=0 disable_stories=0 disable_adds=0
08-12 21:09:09.785 17084 17242 I DFInstaObserve: !toggles disable_feed=1 disable_explore=0 disable_reels=0 disable_stories=0 disable_adds=0
08-12 21:09:09.862 17084 17242 I DFInstaObserve: !toggles disable_feed=1 disable_explore=0 disable_reels=0 disable_stories=0 disable_adds=0
08-12 21:09:09.884 17084 18470 I DFInstaObserve: !toggles disable_feed=1 disable_explore=0 disable_reels=0 disable_stories=0 disable_adds=0
08-12 21:09:09.919 17084 17988 I DFInstaObserve: !toggles disable_feed=1 disable_explore=0 disable_reels=0 disable_stories=0 disable_adds=0
08-12 21:09:09.989 17084 17988 I DFInstaObserve: !toggles disable_feed=1 disable_explore=0 disable_reels=0 disable_stories=0 disable_adds=0
08-12 21:09:10.061 17084 18573 I DFInstaObserve: !toggles disable_feed=1 disable_explore=0 disable_reels=0 disable_stories=0 disable_adds=0
08-12 21:09:10.065 17084 18562 I DFInstaObserve: !toggles disable_feed=1 disable_explore=0 disable_reels=0 disable_stories=0 disable_adds=0
08-12 21:09:10.167 17084 18545 I DFInstaObserve: !toggles disable_feed=1 disable_explore=0 disable_reels=0 disable_stories=0 disable_adds=0
08-12 21:09:10.296 17084 18562 I DFInstaObserve: !toggles disable_feed=1 disable_explore=0 disable_reels=0 disable_stories=0 disable_adds=0
08-12 21:09:10.321 17084 18545 I DFInstaObserve: !toggles disable_feed=1 disable_explore=0 disable_reels=0 disable_stories=0 disable_adds=0
08-12 21:09:10.322 17084 17242 I DFInstaObserve: !toggles disable_feed=1 disable_explore=0 disable_reels=0 disable_stories=0 disable_adds=0
08-12 21:09:10.372 17084 18562 I DFInstaObserve: !toggles disable_feed=1 disable_explore=0 disable_reels=0 disable_stories=0 disable_adds=0
08-12 21:09:10.372 17084 18562 I DFInstaObserve: /discover/topical_explore
08-12 21:09:10.379 17084 18545 I DFInstaObserve: !toggles disable_feed=1 disable_explore=0 disable_reels=0 disable_stories=0 disable_adds=0
08-12 21:09:10.442 17084 18546 I DFInstaObserve: !toggles disable_feed=1 disable_explore=0 disable_reels=0 disable_stories=0 disable_adds=0
08-12 21:09:10.449 17084 17242 I DFInstaObserve: !toggles disable_feed=1 disable_explore=0 disable_reels=0 disable_stories=0 disable_adds=0
08-12 21:09:10.492 17084 18525 I DFInstaObserve: !toggles disable_feed=1 disable_explore=0 disable_reels=0 disable_stories=0 disable_adds=0
08-12 21:09:10.531 17084 18545 I DFInstaObserve: !toggles disable_feed=1 disable_explore=0 disable_reels=0 disable_stories=0 disable_adds=0
08-12 21:09:10.549 17084 17242 I DFInstaObserve: !toggles disable_feed=1 disable_explore=0 disable_reels=0 disable_stories=0 disable_adds=0
08-12 21:09:10.567 17084 18546 I DFInstaObserve: !toggles disable_feed=1 disable_explore=0 disable_reels=0 disable_stories=0 disable_adds=0
08-12 21:09:10.592 17084 17242 I DFInstaObserve: !toggles disable_feed=1 disable_explore=0 disable_reels=0 disable_stories=0 disable_adds=0
08-12 21:09:10.603 17084 18578 I DFInstaObserve: !toggles disable_feed=1 disable_explore=0 disable_reels=0 disable_stories=0 disable_adds=0
08-12 21:09:10.692 17084 18545 I DFInstaObserve: !toggles disable_feed=1 disable_explore=0 disable_reels=0 disable_stories=0 disable_adds=0
08-12 21:09:10.734 17084 17242 I DFInstaObserve: !toggles disable_feed=1 disable_explore=0 disable_reels=0 disable_stories=0 disable_adds=0
08-12 21:09:10.772 17084 17242 I DFInstaObserve: !toggles disable_feed=1 disable_explore=0 disable_reels=0 disable_stories=0 disable_adds=0
08-12 21:09:10.793 17084 18546 I DFInstaObserve: !toggles disable_feed=1 disable_explore=0 disable_reels=0 disable_stories=0 disable_adds=0
08-12 21:09:10.818 17084 17242 I DFInstaObserve: !toggles disable_feed=1 disable_explore=0 disable_reels=0 disable_stories=0 disable_adds=0
08-12 21:09:10.854 17084 17242 I DFInstaObserve: !toggles disable_feed=1 disable_explore=0 disable_reels=0 disable_stories=0 disable_adds=0
08-12 21:09:10.914 17084 17242 I DFInstaObserve: !toggles disable_feed=1 disable_explore=0 disable_reels=0 disable_stories=0 disable_adds=0
08-12 21:09:11.272 17084 17242 I DFInstaObserve: !toggles disable_feed=1 disable_explore=0 disable_reels=0 disable_stories=0 disable_adds=0
08-12 21:09:11.705 17084 17242 I DFInstaObserve: !toggles disable_feed=1 disable_explore=0 disable_reels=0 disable_stories=0 disable_adds=0
08-12 21:09:11.752 17084 17242 I DFInstaObserve: !toggles disable_feed=1 disable_explore=0 disable_reels=0 disable_stories=0 disable_adds=0
08-12 21:09:11.993 17084 17242 I DFInstaObserve: !toggles disable_feed=1 disable_explore=0 disable_reels=0 disable_stories=0 disable_adds=0
08-12 21:09:12.229 17084 18579 I DFInstaObserve: !toggles disable_feed=1 disable_explore=0 disable_reels=0 disable_stories=0 disable_adds=0
08-12 21:09:12.279 17084 18579 I DFInstaObserve: !toggles disable_feed=1 disable_explore=0 disable_reels=0 disable_stories=0 disable_adds=0
08-12 21:09:12.359 17084 18592 I DFInstaObserve: !toggles disable_feed=1 disable_explore=0 disable_reels=0 disable_stories=0 disable_adds=0
08-12 21:09:12.413 17084 18592 I DFInstaObserve: !toggles disable_feed=1 disable_explore=0 disable_reels=0 disable_stories=0 disable_adds=0
08-12 21:09:13.359 17084 17886 I DFInstaObserve: !toggles disable_feed=1 disable_explore=0 disable_reels=0 disable_stories=0 disable_adds=0
08-12 21:09:13.373 17084 18616 I DFInstaObserve: !toggles disable_feed=1 disable_explore=0 disable_reels=0 disable_stories=0 disable_adds=0
08-12 21:09:13.474 17084 17242 I DFInstaObserve: !toggles disable_feed=1 disable_explore=0 disable_reels=0 disable_stories=0 disable_adds=0
08-12 21:09:13.488 17084 18470 I DFInstaObserve: !toggles disable_feed=1 disable_explore=0 disable_reels=0 disable_stories=0 disable_adds=0
08-12 21:09:13.592 17084 18546 I DFInstaObserve: !toggles disable_feed=1 disable_explore=0 disable_reels=0 disable_stories=0 disable_adds=0
08-12 21:09:13.625 17084 17242 I DFInstaObserve: !toggles disable_feed=1 disable_explore=0 disable_reels=0 disable_stories=0 disable_adds=0
08-12 21:09:13.675 17084 18609 I DFInstaObserve: !toggles disable_feed=1 disable_explore=0 disable_reels=0 disable_stories=0 disable_adds=0
08-12 21:09:13.721 17084 17242 I DFInstaObserve: !toggles disable_feed=1 disable_explore=0 disable_reels=0 disable_stories=0 disable_adds=0
08-12 21:09:13.810 17084 18470 I DFInstaObserve: !toggles disable_feed=1 disable_explore=0 disable_reels=0 disable_stories=0 disable_adds=0
08-12 21:09:13.814 17084 18647 I DFInstaObserve: !toggles disable_feed=1 disable_explore=0 disable_reels=0 disable_stories=0 disable_adds=0
08-12 21:09:13.903 17084 18546 I DFInstaObserve: !toggles disable_feed=1 disable_explore=0 disable_reels=0 disable_stories=0 disable_adds=0
08-12 21:09:14.081 17084 18609 I DFInstaObserve: !toggles disable_feed=1 disable_explore=0 disable_reels=0 disable_stories=0 disable_adds=0
08-12 21:09:14.155 17084 18635 I DFInstaObserve: !toggles disable_feed=1 disable_explore=0 disable_reels=0 disable_stories=0 disable_adds=0
08-12 21:09:14.171 17084 17242 I DFInstaObserve: !toggles disable_feed=1 disable_explore=0 disable_reels=0 disable_stories=0 disable_adds=0
08-12 21:09:14.206 17084 18470 I DFInstaObserve: !toggles disable_feed=1 disable_explore=0 disable_reels=0 disable_stories=0 disable_adds=0
08-12 21:09:14.223 17084 17242 I DFInstaObserve: !toggles disable_feed=1 disable_explore=0 disable_reels=0 disable_stories=0 disable_adds=0
08-12 21:09:14.319 17084 18609 I DFInstaObserve: !toggles disable_feed=1 disable_explore=0 disable_reels=0 disable_stories=0 disable_adds=0
08-12 21:09:14.366 17084 18470 I DFInstaObserve: !toggles disable_feed=1 disable_explore=0 disable_reels=0 disable_stories=0 disable_adds=0
08-12 21:09:14.409 17084 18546 I DFInstaObserve: !toggles disable_feed=1 disable_explore=0 disable_reels=0 disable_stories=0 disable_adds=0
08-12 21:09:14.509 17084 18545 I DFInstaObserve: !toggles disable_feed=1 disable_explore=0 disable_reels=0 disable_stories=0 disable_adds=0
08-12 21:09:14.542 17084 17242 I DFInstaObserve: !toggles disable_feed=1 disable_explore=0 disable_reels=0 disable_stories=0 disable_adds=0
08-12 21:09:14.556 17084 18609 I DFInstaObserve: !toggles disable_feed=1 disable_explore=0 disable_reels=0 disable_stories=0 disable_adds=0
08-12 21:09:14.580 17084 17242 I DFInstaObserve: !toggles disable_feed=1 disable_explore=0 disable_reels=0 disable_stories=0 disable_adds=0
08-12 21:09:14.629 17084 17242 I DFInstaObserve: !toggles disable_feed=1 disable_explore=0 disable_reels=0 disable_stories=0 disable_adds=0
08-12 21:09:14.630 17084 18635 I DFInstaObserve: !toggles disable_feed=1 disable_explore=0 disable_reels=0 disable_stories=0 disable_adds=0
08-12 21:09:14.678 17084 17242 I DFInstaObserve: !toggles disable_feed=1 disable_explore=0 disable_reels=0 disable_stories=0 disable_adds=0
08-12 21:09:14.689 17084 18470 I DFInstaObserve: !toggles disable_feed=1 disable_explore=0 disable_reels=0 disable_stories=0 disable_adds=0
08-12 21:09:14.735 17084 18635 I DFInstaObserve: !toggles disable_feed=1 disable_explore=0 disable_reels=0 disable_stories=0 disable_adds=0
08-12 21:09:14.782 17084 18545 I DFInstaObserve: !toggles disable_feed=1 disable_explore=0 disable_reels=0 disable_stories=0 disable_adds=0
08-12 21:09:14.889 17084 18609 I DFInstaObserve: !toggles disable_feed=1 disable_explore=0 disable_reels=0 disable_stories=0 disable_adds=0
08-12 21:09:14.905 17084 17242 I DFInstaObserve: !toggles disable_feed=1 disable_explore=0 disable_reels=0 disable_stories=0 disable_adds=0
08-12 21:09:14.947 17084 17242 I DFInstaObserve: !toggles disable_feed=1 disable_explore=0 disable_reels=0 disable_stories=0 disable_adds=0
08-12 21:09:14.984 17084 18546 I DFInstaObserve: !toggles disable_feed=1 disable_explore=0 disable_reels=0 disable_stories=0 disable_adds=0
08-12 21:09:15.469 17084 17242 I DFInstaObserve: !toggles disable_feed=1 disable_explore=0 disable_reels=0 disable_stories=0 disable_adds=0
08-12 21:09:15.543 17084 17242 I DFInstaObserve: !toggles disable_feed=1 disable_explore=0 disable_reels=0 disable_stories=0 disable_adds=0
08-12 21:09:15.550 17084 18627 I DFInstaObserve: !toggles disable_feed=1 disable_explore=0 disable_reels=0 disable_stories=0 disable_adds=0
08-12 21:09:15.755 17084 18639 I DFInstaObserve: !toggles disable_feed=1 disable_explore=0 disable_reels=0 disable_stories=0 disable_adds=0
08-12 21:09:15.900 17084 17242 I DFInstaObserve: !toggles disable_feed=1 disable_explore=0 disable_reels=0 disable_stories=0 disable_adds=0
08-12 21:09:15.945 17084 17242 I DFInstaObserve: !toggles disable_feed=1 disable_explore=0 disable_reels=0 disable_stories=0 disable_adds=0
08-12 21:09:16.085 17084 17242 I DFInstaObserve: !toggles disable_feed=1 disable_explore=0 disable_reels=0 disable_stories=0 disable_adds=0
08-12 21:09:16.562 17084 17277 I DFInstaObserve: !toggles disable_feed=1 disable_explore=0 disable_reels=0 disable_stories=0 disable_adds=0
08-12 21:09:16.675 17084 17277 I DFInstaObserve: !toggles disable_feed=1 disable_explore=0 disable_reels=0 disable_stories=0 disable_adds=0
08-12 21:09:16.781 17084 17277 I DFInstaObserve: !toggles disable_feed=1 disable_explore=0 disable_reels=0 disable_stories=0 disable_adds=0
08-12 21:09:16.887 17084 17277 I DFInstaObserve: !toggles disable_feed=1 disable_explore=0 disable_reels=0 disable_stories=0 disable_adds=0
08-12 21:09:16.967 17084 17277 I DFInstaObserve: !toggles disable_feed=1 disable_explore=0 disable_reels=0 disable_stories=0 disable_adds=0
08-12 21:09:18.599 17084 18693 I DFInstaObserve: !toggles disable_feed=1 disable_explore=0 disable_reels=0 disable_stories=0 disable_adds=0
08-12 21:09:18.611 17084 18681 I DFInstaObserve: !toggles disable_feed=1 disable_explore=0 disable_reels=0 disable_stories=0 disable_adds=0
08-12 21:09:21.055 17084 18693 I DFInstaObserve: !toggles disable_feed=1 disable_explore=0 disable_reels=0 disable_stories=0 disable_adds=0
08-12 21:09:21.060 17084 18681 I DFInstaObserve: !toggles disable_feed=1 disable_explore=0 disable_reels=0 disable_stories=0 disable_adds=0
08-12 21:09:26.868 17084 18729 I DFInstaObserve: !toggles disable_feed=1 disable_explore=0 disable_reels=0 disable_stories=0 disable_adds=0
08-12 21:09:26.871 17084 18730 I DFInstaObserve: !toggles disable_feed=1 disable_explore=0 disable_reels=0 disable_stories=0 disable_adds=0
08-12 21:09:27.689 17084 18692 I DFInstaObserve: !toggles disable_feed=1 disable_explore=0 disable_reels=0 disable_stories=0 disable_adds=0
08-12 21:09:27.689 17084 18692 I DFInstaObserve: /clips/discover
08-12 21:09:27.689 17084 18692 I DFInstaObserve: /clips/discover/stream/
08-12 21:09:27.702 17084 18756 I DFInstaObserve: !toggles disable_feed=1 disable_explore=0 disable_reels=0 disable_stories=0 disable_adds=0
08-12 21:09:28.101 17084 17886 I DFInstaObserve: !toggles disable_feed=1 disable_explore=0 disable_reels=0 disable_stories=0 disable_adds=0
08-12 21:09:30.237 17084 18757 I DFInstaObserve: !toggles disable_feed=1 disable_explore=0 disable_reels=0 disable_stories=0 disable_adds=0
08-12 21:09:30.237 17084 18756 I DFInstaObserve: !toggles disable_feed=1 disable_explore=0 disable_reels=0 disable_stories=0 disable_adds=0
08-12 21:09:31.938 17084 18616 I DFInstaObserve: !toggles disable_feed=1 disable_explore=0 disable_reels=0 disable_stories=0 disable_adds=0
08-12 21:09:31.951 17084 18616 I DFInstaObserve: !toggles disable_feed=1 disable_explore=0 disable_reels=0 disable_stories=0 disable_adds=0
08-12 21:09:31.975 17084 17242 I DFInstaObserve: !toggles disable_feed=1 disable_explore=0 disable_reels=0 disable_stories=0 disable_adds=0
08-12 21:09:32.003 17084 17410 I DFInstaObserve: !toggles disable_feed=1 disable_explore=0 disable_reels=0 disable_stories=0 disable_adds=0
08-12 21:09:32.073 17084 17242 I DFInstaObserve: !toggles disable_feed=1 disable_explore=0 disable_reels=0 disable_stories=0 disable_adds=0
08-12 21:09:32.114 17084 17242 I DFInstaObserve: !toggles disable_feed=1 disable_explore=0 disable_reels=0 disable_stories=0 disable_adds=0
08-12 21:09:32.176 17084 17242 I DFInstaObserve: !toggles disable_feed=1 disable_explore=0 disable_reels=0 disable_stories=0 disable_adds=0
08-12 21:09:32.300 17084 18616 I DFInstaObserve: !toggles disable_feed=1 disable_explore=0 disable_reels=0 disable_stories=0 disable_adds=0
08-12 21:09:32.309 17084 18616 I DFInstaObserve: !toggles disable_feed=1 disable_explore=0 disable_reels=0 disable_stories=0 disable_adds=0
08-12 21:09:32.355 17084 17242 I DFInstaObserve: !toggles disable_feed=1 disable_explore=0 disable_reels=0 disable_stories=0 disable_adds=0
08-12 21:09:32.402 17084 18799 I DFInstaObserve: !toggles disable_feed=1 disable_explore=0 disable_reels=0 disable_stories=0 disable_adds=0
08-12 21:09:32.431 17084 17242 I DFInstaObserve: !toggles disable_feed=1 disable_explore=0 disable_reels=0 disable_stories=0 disable_adds=0
08-12 21:09:32.467 17084 17242 I DFInstaObserve: !toggles disable_feed=1 disable_explore=0 disable_reels=0 disable_stories=0 disable_adds=0
08-12 21:09:32.556 17084 17242 I DFInstaObserve: !toggles disable_feed=1 disable_explore=0 disable_reels=0 disable_stories=0 disable_adds=0
08-12 21:09:32.742 17084 18692 I DFInstaObserve: !toggles disable_feed=1 disable_explore=0 disable_reels=0 disable_stories=0 disable_adds=0
08-12 21:09:33.553 17084 18784 I DFInstaObserve: !toggles disable_feed=1 disable_explore=0 disable_reels=0 disable_stories=0 disable_adds=0
08-12 21:09:33.553 17084 18783 I DFInstaObserve: !toggles disable_feed=1 disable_explore=0 disable_reels=0 disable_stories=0 disable_adds=0
08-12 21:09:34.768 17084 17886 I DFInstaObserve: !toggles disable_feed=1 disable_explore=0 disable_reels=0 disable_stories=0 disable_adds=0
08-12 21:09:34.817 17084 17886 I DFInstaObserve: !toggles disable_feed=1 disable_explore=0 disable_reels=0 disable_stories=0 disable_adds=0
08-12 21:09:36.873 17084 18818 I DFInstaObserve: !toggles disable_feed=1 disable_explore=0 disable_reels=0 disable_stories=0 disable_adds=0
08-12 21:09:36.873 17084 18817 I DFInstaObserve: !toggles disable_feed=1 disable_explore=0 disable_reels=0 disable_stories=0 disable_adds=0
08-12 21:09:38.135 17084 17886 I DFInstaObserve: !toggles disable_feed=1 disable_explore=0 disable_reels=0 disable_stories=0 disable_adds=0
08-12 21:09:40.195 17084 18843 I DFInstaObserve: !toggles disable_feed=1 disable_explore=0 disable_reels=0 disable_stories=0 disable_adds=0
08-12 21:09:40.198 17084 18842 I DFInstaObserve: !toggles disable_feed=1 disable_explore=0 disable_reels=0 disable_stories=0 disable_adds=0
08-12 21:09:40.960 17084 18798 I DFInstaObserve: !toggles disable_feed=1 disable_explore=0 disable_reels=0 disable_stories=0 disable_adds=0
08-12 21:09:41.145 17084 17277 I DFInstaObserve: !toggles disable_feed=1 disable_explore=0 disable_reels=0 disable_stories=0 disable_adds=0
08-12 21:09:41.239 17084 17277 I DFInstaObserve: !toggles disable_feed=1 disable_explore=0 disable_reels=0 disable_stories=0 disable_adds=0
08-12 21:09:49.504 17084 18692 I DFInstaObserve: !toggles disable_feed=1 disable_explore=0 disable_reels=0 disable_stories=0 disable_adds=0
08-12 21:09:49.504 17084 18692 I DFInstaObserve: /feed/reels_media_stream/
08-12 21:09:49.789 17084 18616 I DFInstaObserve: !toggles disable_feed=1 disable_explore=0 disable_reels=0 disable_stories=0 disable_adds=0
08-12 21:09:49.793 17084 17242 I DFInstaObserve: !toggles disable_feed=1 disable_explore=0 disable_reels=0 disable_stories=0 disable_adds=0
08-12 21:09:49.840 17084 17242 I DFInstaObserve: !toggles disable_feed=1 disable_explore=0 disable_reels=0 disable_stories=0 disable_adds=0
08-12 21:10:17.206 17084 18985 I DFInstaObserve: !toggles disable_feed=1 disable_explore=0 disable_reels=0 disable_stories=0 disable_adds=0
08-12 21:10:17.239 17084 17277 I DFInstaObserve: !toggles disable_feed=1 disable_explore=0 disable_reels=0 disable_stories=0 disable_adds=0
08-12 21:10:21.673 17084 18977 I DFInstaObserve: !toggles disable_feed=1 disable_explore=0 disable_reels=0 disable_stories=0 disable_adds=0
08-12 21:10:21.695 17084 18977 I DFInstaObserve: !toggles disable_feed=1 disable_explore=0 disable_reels=0 disable_stories=0 disable_adds=0
08-12 21:10:25.409 17084 19022 I DFInstaObserve: !toggles disable_feed=1 disable_explore=0 disable_reels=0 disable_stories=0 disable_adds=0
08-12 21:10:25.496 17084 19031 I DFInstaObserve: !toggles disable_feed=1 disable_explore=0 disable_reels=0 disable_stories=0 disable_adds=0
08-12 21:10:25.520 17084 19008 I DFInstaObserve: !toggles disable_feed=1 disable_explore=0 disable_reels=0 disable_stories=0 disable_adds=0
08-12 21:10:25.520 17084 19008 I DFInstaObserve: /discover/topical_explore
08-12 21:10:27.714 17084 19036 I DFInstaObserve: !toggles disable_feed=1 disable_explore=0 disable_reels=0 disable_stories=0 disable_adds=0
08-12 21:10:27.739 17084 19036 I DFInstaObserve: !toggles disable_feed=1 disable_explore=0 disable_reels=0 disable_stories=0 disable_adds=0
08-12 21:10:27.832 17084 19042 I DFInstaObserve: !toggles disable_feed=1 disable_explore=0 disable_reels=0 disable_stories=0 disable_adds=0
08-12 21:10:28.839 17084 19075 I DFInstaObserve: !toggles disable_feed=1 disable_explore=0 disable_reels=0 disable_stories=0 disable_adds=0
08-12 21:10:29.357 17084 17886 I DFInstaObserve: !toggles disable_feed=1 disable_explore=0 disable_reels=0 disable_stories=0 disable_adds=0
08-12 21:10:29.361 17084 17886 I DFInstaObserve: !toggles disable_feed=1 disable_explore=0 disable_reels=0 disable_stories=0 disable_adds=0
08-12 21:10:29.365 17084 17886 I DFInstaObserve: !toggles disable_feed=1 disable_explore=0 disable_reels=0 disable_stories=0 disable_adds=0
08-12 21:10:29.875 17084 17886 I DFInstaObserve: !toggles disable_feed=1 disable_explore=0 disable_reels=0 disable_stories=0 disable_adds=0
08-12 21:10:29.893 17084 19114 I DFInstaObserve: !toggles disable_feed=1 disable_explore=0 disable_reels=0 disable_stories=0 disable_adds=0
08-12 21:10:29.947 17084 17242 I DFInstaObserve: !toggles disable_feed=1 disable_explore=0 disable_reels=0 disable_stories=0 disable_adds=0
08-12 21:10:29.959 17084 19119 I DFInstaObserve: !toggles disable_feed=1 disable_explore=0 disable_reels=0 disable_stories=0 disable_adds=0
08-12 21:10:29.969 17084 18636 I DFInstaObserve: !toggles disable_feed=1 disable_explore=0 disable_reels=0 disable_stories=0 disable_adds=0
08-12 21:10:30.046 17084 19108 I DFInstaObserve: !toggles disable_feed=1 disable_explore=0 disable_reels=0 disable_stories=0 disable_adds=0
08-12 21:10:30.093 17084 19079 I DFInstaObserve: !toggles disable_feed=1 disable_explore=0 disable_reels=0 disable_stories=0 disable_adds=0
08-12 21:10:30.192 17084 18798 I DFInstaObserve: !toggles disable_feed=1 disable_explore=0 disable_reels=0 disable_stories=0 disable_adds=0
08-12 21:10:30.192 17084 17242 I DFInstaObserve: !toggles disable_feed=1 disable_explore=0 disable_reels=0 disable_stories=0 disable_adds=0
08-12 21:10:30.251 17084 19008 I DFInstaObserve: !toggles disable_feed=1 disable_explore=0 disable_reels=0 disable_stories=0 disable_adds=0
08-12 21:10:30.273 17084 17242 I DFInstaObserve: !toggles disable_feed=1 disable_explore=0 disable_reels=0 disable_stories=0 disable_adds=0
08-12 21:10:30.343 17084 17242 I DFInstaObserve: !toggles disable_feed=1 disable_explore=0 disable_reels=0 disable_stories=0 disable_adds=0
08-12 21:10:30.377 17084 19108 I DFInstaObserve: !toggles disable_feed=1 disable_explore=0 disable_reels=0 disable_stories=0 disable_adds=0
08-12 21:10:30.404 17084 17242 I DFInstaObserve: !toggles disable_feed=1 disable_explore=0 disable_reels=0 disable_stories=0 disable_adds=0
08-12 21:10:30.471 17084 19008 I DFInstaObserve: !toggles disable_feed=1 disable_explore=0 disable_reels=0 disable_stories=0 disable_adds=0
08-12 21:10:30.523 17084 18636 I DFInstaObserve: !toggles disable_feed=1 disable_explore=0 disable_reels=0 disable_stories=0 disable_adds=0
08-12 21:10:30.586 17084 19079 I DFInstaObserve: !toggles disable_feed=1 disable_explore=0 disable_reels=0 disable_stories=0 disable_adds=0
08-12 21:10:30.641 17084 19010 I DFInstaObserve: !toggles disable_feed=1 disable_explore=0 disable_reels=0 disable_stories=0 disable_adds=0
08-12 21:10:30.692 17084 18636 I DFInstaObserve: !toggles disable_feed=1 disable_explore=0 disable_reels=0 disable_stories=0 disable_adds=0
08-12 21:10:30.807 17084 19008 I DFInstaObserve: !toggles disable_feed=1 disable_explore=0 disable_reels=0 disable_stories=0 disable_adds=0
08-12 21:10:30.860 17084 18636 I DFInstaObserve: !toggles disable_feed=1 disable_explore=0 disable_reels=0 disable_stories=0 disable_adds=0
08-12 21:10:30.999 17084 17242 I DFInstaObserve: !toggles disable_feed=1 disable_explore=0 disable_reels=0 disable_stories=0 disable_adds=0
08-12 21:10:31.046 17084 17242 I DFInstaObserve: !toggles disable_feed=1 disable_explore=0 disable_reels=0 disable_stories=0 disable_adds=0
08-12 21:10:31.058 17084 18636 I DFInstaObserve: !toggles disable_feed=1 disable_explore=0 disable_reels=0 disable_stories=0 disable_adds=0
08-12 21:10:31.091 17084 19108 I DFInstaObserve: !toggles disable_feed=1 disable_explore=0 disable_reels=0 disable_stories=0 disable_adds=0
08-12 21:10:31.145 17084 19008 I DFInstaObserve: !toggles disable_feed=1 disable_explore=0 disable_reels=0 disable_stories=0 disable_adds=0
08-12 21:10:31.194 17084 19108 I DFInstaObserve: !toggles disable_feed=1 disable_explore=0 disable_reels=0 disable_stories=0 disable_adds=0
08-12 21:10:31.231 17084 17242 I DFInstaObserve: !toggles disable_feed=1 disable_explore=0 disable_reels=0 disable_stories=0 disable_adds=0
08-12 21:10:31.249 17084 18798 I DFInstaObserve: !toggles disable_feed=1 disable_explore=0 disable_reels=0 disable_stories=0 disable_adds=0
08-12 21:10:31.287 17084 17242 I DFInstaObserve: !toggles disable_feed=1 disable_explore=0 disable_reels=0 disable_stories=0 disable_adds=0
08-12 21:10:31.377 17084 17242 I DFInstaObserve: !toggles disable_feed=1 disable_explore=0 disable_reels=0 disable_stories=0 disable_adds=0
08-12 21:10:31.431 17084 17242 I DFInstaObserve: !toggles disable_feed=1 disable_explore=0 disable_reels=0 disable_stories=0 disable_adds=0
08-12 21:10:31.572 17084 19110 I DFInstaObserve: !toggles disable_feed=1 disable_explore=0 disable_reels=0 disable_stories=0 disable_adds=0
08-12 21:10:31.647 17084 19110 I DFInstaObserve: !toggles disable_feed=1 disable_explore=0 disable_reels=0 disable_stories=0 disable_adds=0
08-12 21:10:31.768 17084 17242 I DFInstaObserve: !toggles disable_feed=1 disable_explore=0 disable_reels=0 disable_stories=0 disable_adds=0
08-12 21:10:31.824 17084 17242 I DFInstaObserve: !toggles disable_feed=1 disable_explore=0 disable_reels=0 disable_stories=0 disable_adds=0
08-12 21:10:31.915 17084 17242 I DFInstaObserve: !toggles disable_feed=1 disable_explore=0 disable_reels=0 disable_stories=0 disable_adds=0
08-12 21:10:31.971 17084 17242 I DFInstaObserve: !toggles disable_feed=1 disable_explore=0 disable_reels=0 disable_stories=0 disable_adds=0
08-12 21:10:32.009 17084 18636 I DFInstaObserve: !toggles disable_feed=1 disable_explore=0 disable_reels=0 disable_stories=0 disable_adds=0
08-12 21:10:32.009 17084 18636 I DFInstaObserve: /discover/topical_explore
08-12 21:10:32.087 17084 17242 I DFInstaObserve: !toggles disable_feed=1 disable_explore=0 disable_reels=0 disable_stories=0 disable_adds=0
08-12 21:10:32.098 17084 19096 I DFInstaObserve: !toggles disable_feed=1 disable_explore=0 disable_reels=0 disable_stories=0 disable_adds=0
08-12 21:10:32.157 17084 19096 I DFInstaObserve: !toggles disable_feed=1 disable_explore=0 disable_reels=0 disable_stories=0 disable_adds=0
08-12 21:10:34.323 17084 19142 I DFInstaObserve: !toggles disable_feed=1 disable_explore=0 disable_reels=0 disable_stories=0 disable_adds=0
08-12 21:10:34.531 17084 19152 I DFInstaObserve: !toggles disable_feed=1 disable_explore=0 disable_reels=0 disable_stories=0 disable_adds=0
08-12 21:10:35.601 17084 17886 I DFInstaObserve: !toggles disable_feed=1 disable_explore=0 disable_reels=0 disable_stories=0 disable_adds=0
08-12 21:10:35.623 17084 17886 I DFInstaObserve: !toggles disable_feed=1 disable_explore=0 disable_reels=0 disable_stories=0 disable_adds=0
08-12 21:10:35.897 17084 19201 I DFInstaObserve: !toggles disable_feed=1 disable_explore=0 disable_reels=0 disable_stories=0 disable_adds=0
08-12 21:10:35.911 17084 19196 I DFInstaObserve: !toggles disable_feed=1 disable_explore=0 disable_reels=0 disable_stories=0 disable_adds=0
08-12 21:10:35.920 17084 19196 I DFInstaObserve: !toggles disable_feed=1 disable_explore=0 disable_reels=0 disable_stories=0 disable_adds=0
08-12 21:10:35.979 17084 17242 I DFInstaObserve: !toggles disable_feed=1 disable_explore=0 disable_reels=0 disable_stories=0 disable_adds=0
08-12 21:10:36.060 17084 19079 I DFInstaObserve: !toggles disable_feed=1 disable_explore=0 disable_reels=0 disable_stories=0 disable_adds=0
08-12 21:10:36.088 17084 18636 I DFInstaObserve: !toggles disable_feed=1 disable_explore=0 disable_reels=0 disable_stories=0 disable_adds=0
08-12 21:10:36.126 17084 17242 I DFInstaObserve: !toggles disable_feed=1 disable_explore=0 disable_reels=0 disable_stories=0 disable_adds=0
08-12 21:10:36.146 17084 18636 I DFInstaObserve: !toggles disable_feed=1 disable_explore=0 disable_reels=0 disable_stories=0 disable_adds=0
08-12 21:10:36.185 17084 17242 I DFInstaObserve: !toggles disable_feed=1 disable_explore=0 disable_reels=0 disable_stories=0 disable_adds=0
08-12 21:10:36.187 17084 18636 I DFInstaObserve: !toggles disable_feed=1 disable_explore=0 disable_reels=0 disable_stories=0 disable_adds=0
08-12 21:10:36.240 17084 19176 I DFInstaObserve: !toggles disable_feed=1 disable_explore=0 disable_reels=0 disable_stories=0 disable_adds=0
08-12 21:10:36.272 17084 19177 I DFInstaObserve: !toggles disable_feed=1 disable_explore=0 disable_reels=0 disable_stories=0 disable_adds=0
08-12 21:10:36.333 17084 19176 I DFInstaObserve: !toggles disable_feed=1 disable_explore=0 disable_reels=0 disable_stories=0 disable_adds=0
08-12 21:10:36.359 17084 19133 I DFInstaObserve: !toggles disable_feed=1 disable_explore=0 disable_reels=0 disable_stories=0 disable_adds=0
08-12 21:10:36.425 17084 19133 I DFInstaObserve: !toggles disable_feed=1 disable_explore=0 disable_reels=0 disable_stories=0 disable_adds=0
08-12 21:10:36.566 17084 19176 I DFInstaObserve: !toggles disable_feed=1 disable_explore=0 disable_reels=0 disable_stories=0 disable_adds=0
08-12 21:10:37.044 17084 17242 I DFInstaObserve: !toggles disable_feed=1 disable_explore=0 disable_reels=0 disable_stories=0 disable_adds=0
08-12 21:10:37.105 17084 17242 I DFInstaObserve: !toggles disable_feed=1 disable_explore=0 disable_reels=0 disable_stories=0 disable_adds=0
08-12 21:10:37.583 17084 17242 I DFInstaObserve: !toggles disable_feed=1 disable_explore=0 disable_reels=0 disable_stories=0 disable_adds=0
08-12 21:10:37.621 17084 17242 I DFInstaObserve: !toggles disable_feed=1 disable_explore=0 disable_reels=0 disable_stories=0 disable_adds=0
08-12 21:10:37.778 17084 17242 I DFInstaObserve: !toggles disable_feed=1 disable_explore=0 disable_reels=0 disable_stories=0 disable_adds=0
08-12 21:10:37.814 17084 19192 I DFInstaObserve: !toggles disable_feed=1 disable_explore=0 disable_reels=0 disable_stories=0 disable_adds=0
08-12 21:10:37.869 17084 19192 I DFInstaObserve: !toggles disable_feed=1 disable_explore=0 disable_reels=0 disable_stories=0 disable_adds=0
08-12 21:10:38.594 17084 19133 I DFInstaObserve: !toggles disable_feed=1 disable_explore=0 disable_reels=0 disable_stories=0 disable_adds=0
08-12 21:10:38.595 17084 19133 I DFInstaObserve: /discover/topical_explore
08-12 21:10:38.606 17084 19187 I DFInstaObserve: !toggles disable_feed=1 disable_explore=0 disable_reels=0 disable_stories=0 disable_adds=0
08-12 21:10:38.738 17084 19187 I DFInstaObserve: !toggles disable_feed=1 disable_explore=0 disable_reels=0 disable_stories=0 disable_adds=0
08-12 21:10:38.940 17084 19234 I DFInstaObserve: !toggles disable_feed=1 disable_explore=0 disable_reels=0 disable_stories=0 disable_adds=0
08-12 21:10:39.225 17084 19249 I DFInstaObserve: !toggles disable_feed=1 disable_explore=0 disable_reels=0 disable_stories=0 disable_adds=0
08-12 21:10:40.872 17084 17886 I DFInstaObserve: !toggles disable_feed=1 disable_explore=0 disable_reels=0 disable_stories=0 disable_adds=0
08-12 21:10:40.877 17084 19256 I DFInstaObserve: !toggles disable_feed=1 disable_explore=0 disable_reels=0 disable_stories=0 disable_adds=0
08-12 21:10:40.915 17084 17242 I DFInstaObserve: !toggles disable_feed=1 disable_explore=0 disable_reels=0 disable_stories=0 disable_adds=0
08-12 21:10:41.001 17084 19221 I DFInstaObserve: !toggles disable_feed=1 disable_explore=0 disable_reels=0 disable_stories=0 disable_adds=0
08-12 21:10:41.003 17084 19233 I DFInstaObserve: !toggles disable_feed=1 disable_explore=0 disable_reels=0 disable_stories=0 disable_adds=0
08-12 21:10:41.039 17084 19177 I DFInstaObserve: !toggles disable_feed=1 disable_explore=0 disable_reels=0 disable_stories=0 disable_adds=0
08-12 21:10:41.052 17084 17242 I DFInstaObserve: !toggles disable_feed=1 disable_explore=0 disable_reels=0 disable_stories=0 disable_adds=0
08-12 21:10:41.112 17084 19257 I DFInstaObserve: !toggles disable_feed=1 disable_explore=0 disable_reels=0 disable_stories=0 disable_adds=0
08-12 21:10:41.148 17084 17242 I DFInstaObserve: !toggles disable_feed=1 disable_explore=0 disable_reels=0 disable_stories=0 disable_adds=0
08-12 21:10:41.193 17084 19240 I DFInstaObserve: !toggles disable_feed=1 disable_explore=0 disable_reels=0 disable_stories=0 disable_adds=0
08-12 21:10:41.232 17084 17242 I DFInstaObserve: !toggles disable_feed=1 disable_explore=0 disable_reels=0 disable_stories=0 disable_adds=0
08-12 21:10:41.246 17084 19133 I DFInstaObserve: !toggles disable_feed=1 disable_explore=0 disable_reels=0 disable_stories=0 disable_adds=0
08-12 21:10:41.297 17084 19221 I DFInstaObserve: !toggles disable_feed=1 disable_explore=0 disable_reels=0 disable_stories=0 disable_adds=0
08-12 21:10:41.319 17084 17242 I DFInstaObserve: !toggles disable_feed=1 disable_explore=0 disable_reels=0 disable_stories=0 disable_adds=0
08-12 21:10:41.361 17084 18636 I DFInstaObserve: !toggles disable_feed=1 disable_explore=0 disable_reels=0 disable_stories=0 disable_adds=0
08-12 21:10:41.415 17084 19259 I DFInstaObserve: !toggles disable_feed=1 disable_explore=0 disable_reels=0 disable_stories=0 disable_adds=0
08-12 21:10:41.477 17084 17242 I DFInstaObserve: !toggles disable_feed=1 disable_explore=0 disable_reels=0 disable_stories=0 disable_adds=0
08-12 21:10:41.569 17084 18636 I DFInstaObserve: !toggles disable_feed=1 disable_explore=0 disable_reels=0 disable_stories=0 disable_adds=0
08-12 21:10:41.590 17084 17242 I DFInstaObserve: !toggles disable_feed=1 disable_explore=0 disable_reels=0 disable_stories=0 disable_adds=0
08-12 21:10:41.606 17084 19258 I DFInstaObserve: !toggles disable_feed=1 disable_explore=0 disable_reels=0 disable_stories=0 disable_adds=0
08-12 21:10:41.662 17084 19258 I DFInstaObserve: !toggles disable_feed=1 disable_explore=0 disable_reels=0 disable_stories=0 disable_adds=0
08-12 21:10:41.714 17084 19221 I DFInstaObserve: !toggles disable_feed=1 disable_explore=0 disable_reels=0 disable_stories=0 disable_adds=0
08-12 21:10:41.828 17084 18636 I DFInstaObserve: !toggles disable_feed=1 disable_explore=0 disable_reels=0 disable_stories=0 disable_adds=0
08-12 21:10:41.839 17084 17242 I DFInstaObserve: !toggles disable_feed=1 disable_explore=0 disable_reels=0 disable_stories=0 disable_adds=0
08-12 21:10:41.918 17084 17242 I DFInstaObserve: !toggles disable_feed=1 disable_explore=0 disable_reels=0 disable_stories=0 disable_adds=0
08-12 21:10:41.922 17084 19257 I DFInstaObserve: !toggles disable_feed=1 disable_explore=0 disable_reels=0 disable_stories=0 disable_adds=0
08-12 21:10:41.976 17084 17242 I DFInstaObserve: !toggles disable_feed=1 disable_explore=0 disable_reels=0 disable_stories=0 disable_adds=0
08-12 21:10:42.054 17084 19258 I DFInstaObserve: !toggles disable_feed=1 disable_explore=0 disable_reels=0 disable_stories=0 disable_adds=0
08-12 21:10:42.066 17084 17277 I DFInstaObserve: !toggles disable_feed=1 disable_explore=0 disable_reels=0 disable_stories=0 disable_adds=0
08-12 21:10:42.102 17084 19258 I DFInstaObserve: !toggles disable_feed=1 disable_explore=0 disable_reels=0 disable_stories=0 disable_adds=0
08-12 21:10:42.102 17084 19258 I DFInstaObserve: /clips/discover
08-12 21:10:42.102 17084 19258 I DFInstaObserve: /clips/discover/stream/
08-12 21:10:42.148 17084 19277 I DFInstaObserve: !toggles disable_feed=1 disable_explore=0 disable_reels=0 disable_stories=0 disable_adds=0
08-12 21:10:42.153 17084 17242 I DFInstaObserve: !toggles disable_feed=1 disable_explore=0 disable_reels=0 disable_stories=0 disable_adds=0
08-12 21:10:42.271 17084 17410 I DFInstaObserve: !toggles disable_feed=1 disable_explore=0 disable_reels=0 disable_stories=0 disable_adds=0
08-12 21:10:42.290 17084 18798 I DFInstaObserve: !toggles disable_feed=1 disable_explore=0 disable_reels=0 disable_stories=0 disable_adds=0
08-12 21:10:42.293 17084 17277 I DFInstaObserve: !toggles disable_feed=1 disable_explore=0 disable_reels=0 disable_stories=0 disable_adds=0
08-12 21:10:42.349 17084 19279 I DFInstaObserve: !toggles disable_feed=1 disable_explore=0 disable_reels=0 disable_stories=0 disable_adds=0
08-12 21:10:42.357 17084 17242 I DFInstaObserve: !toggles disable_feed=1 disable_explore=0 disable_reels=0 disable_stories=0 disable_adds=0
08-12 21:10:42.416 17084 17242 I DFInstaObserve: !toggles disable_feed=1 disable_explore=0 disable_reels=0 disable_stories=0 disable_adds=0
08-12 21:10:42.417 17084 19279 I DFInstaObserve: !toggles disable_feed=1 disable_explore=0 disable_reels=0 disable_stories=0 disable_adds=0
08-12 21:10:42.423 17084 17277 I DFInstaObserve: !toggles disable_feed=1 disable_explore=0 disable_reels=0 disable_stories=0 disable_adds=0
08-12 21:10:42.571 17084 17277 I DFInstaObserve: !toggles disable_feed=1 disable_explore=0 disable_reels=0 disable_stories=0 disable_adds=0
08-12 21:10:42.684 17084 17277 I DFInstaObserve: !toggles disable_feed=1 disable_explore=0 disable_reels=0 disable_stories=0 disable_adds=0
08-12 21:10:42.869 17084 17242 I DFInstaObserve: !toggles disable_feed=1 disable_explore=0 disable_reels=0 disable_stories=0 disable_adds=0
08-12 21:10:42.908 17084 17242 I DFInstaObserve: !toggles disable_feed=1 disable_explore=0 disable_reels=0 disable_stories=0 disable_adds=0
08-12 21:10:43.288 17084 17242 I DFInstaObserve: !toggles disable_feed=1 disable_explore=0 disable_reels=0 disable_stories=0 disable_adds=0
08-12 21:10:44.416 17084 19291 I DFInstaObserve: !toggles disable_feed=1 disable_explore=0 disable_reels=0 disable_stories=0 disable_adds=0
08-12 21:10:44.417 17084 19292 I DFInstaObserve: !toggles disable_feed=1 disable_explore=0 disable_reels=0 disable_stories=0 disable_adds=0
08-12 21:10:46.458 17084 17886 I DFInstaObserve: !toggles disable_feed=1 disable_explore=0 disable_reels=0 disable_stories=0 disable_adds=0
08-12 21:10:46.532 17084 17242 I DFInstaObserve: !toggles disable_feed=1 disable_explore=0 disable_reels=0 disable_stories=0 disable_adds=0
08-12 21:10:46.661 17084 17242 I DFInstaObserve: !toggles disable_feed=1 disable_explore=0 disable_reels=0 disable_stories=0 disable_adds=0
08-12 21:10:46.665 17084 19256 I DFInstaObserve: !toggles disable_feed=1 disable_explore=0 disable_reels=0 disable_stories=0 disable_adds=0
08-12 21:10:46.697 17084 19256 I DFInstaObserve: !toggles disable_feed=1 disable_explore=0 disable_reels=0 disable_stories=0 disable_adds=0
08-12 21:10:46.713 17084 17242 I DFInstaObserve: !toggles disable_feed=1 disable_explore=0 disable_reels=0 disable_stories=0 disable_adds=0
08-12 21:10:46.786 17084 19281 I DFInstaObserve: !toggles disable_feed=1 disable_explore=0 disable_reels=0 disable_stories=0 disable_adds=0
08-12 21:10:46.866 17084 17242 I DFInstaObserve: !toggles disable_feed=1 disable_explore=0 disable_reels=0 disable_stories=0 disable_adds=0
08-12 21:10:46.900 17084 17242 I DFInstaObserve: !toggles disable_feed=1 disable_explore=0 disable_reels=0 disable_stories=0 disable_adds=0
08-12 21:10:47.002 17084 17242 I DFInstaObserve: !toggles disable_feed=1 disable_explore=0 disable_reels=0 disable_stories=0 disable_adds=0
08-12 21:10:52.497 17084 19320 I DFInstaObserve: !toggles disable_feed=1 disable_explore=0 disable_reels=0 disable_stories=0 disable_adds=0
08-12 21:10:52.503 17084 19321 I DFInstaObserve: !toggles disable_feed=1 disable_explore=0 disable_reels=0 disable_stories=0 disable_adds=0
08-12 21:10:53.722 17084 19256 I DFInstaObserve: !toggles disable_feed=1 disable_explore=0 disable_reels=0 disable_stories=0 disable_adds=0
08-12 21:10:55.861 17084 19356 I DFInstaObserve: !toggles disable_feed=1 disable_explore=0 disable_reels=0 disable_stories=0 disable_adds=0
08-12 21:10:55.862 17084 19355 I DFInstaObserve: !toggles disable_feed=1 disable_explore=0 disable_reels=0 disable_stories=0 disable_adds=0
08-12 21:10:59.145 17084 19388 I DFInstaObserve: !toggles disable_feed=1 disable_explore=0 disable_reels=0 disable_stories=0 disable_adds=0
08-12 21:10:59.148 17084 19387 I DFInstaObserve: !toggles disable_feed=1 disable_explore=0 disable_reels=0 disable_stories=0 disable_adds=0
08-12 21:10:59.959 17084 19258 I DFInstaObserve: !toggles disable_feed=1 disable_explore=0 disable_reels=0 disable_stories=0 disable_adds=0
08-12 21:10:59.959 17084 19258 I DFInstaObserve: /clips/discover
08-12 21:10:59.959 17084 19258 I DFInstaObserve: /clips/discover/stream/
08-12 21:11:02.495 17084 19417 I DFInstaObserve: !toggles disable_feed=1 disable_explore=0 disable_reels=0 disable_stories=0 disable_adds=0
08-12 21:11:02.502 17084 19416 I DFInstaObserve: !toggles disable_feed=1 disable_explore=0 disable_reels=0 disable_stories=0 disable_adds=0
08-12 21:11:04.916 17084 17886 I DFInstaObserve: !toggles disable_feed=1 disable_explore=0 disable_reels=0 disable_stories=0 disable_adds=0
08-12 21:11:04.925 17084 17886 I DFInstaObserve: !toggles disable_feed=1 disable_explore=0 disable_reels=0 disable_stories=0 disable_adds=0
08-12 21:11:05.001 17084 17410 I DFInstaObserve: !toggles disable_feed=1 disable_explore=0 disable_reels=0 disable_stories=0 disable_adds=0
08-12 21:11:05.013 17084 17242 I DFInstaObserve: !toggles disable_feed=1 disable_explore=0 disable_reels=0 disable_stories=0 disable_adds=0
08-12 21:11:05.680 17084 17242 I DFInstaObserve: !toggles disable_feed=1 disable_explore=0 disable_reels=0 disable_stories=0 disable_adds=0
08-12 21:11:05.722 17084 17242 I DFInstaObserve: !toggles disable_feed=1 disable_explore=0 disable_reels=0 disable_stories=0 disable_adds=0
08-12 21:11:05.788 17084 17242 I DFInstaObserve: !toggles disable_feed=1 disable_explore=0 disable_reels=0 disable_stories=0 disable_adds=0
08-12 21:11:05.813 17084 19445 I DFInstaObserve: !toggles disable_feed=1 disable_explore=0 disable_reels=0 disable_stories=0 disable_adds=0
08-12 21:11:05.816 17084 19444 I DFInstaObserve: !toggles disable_feed=1 disable_explore=0 disable_reels=0 disable_stories=0 disable_adds=0
08-12 21:11:06.287 17084 17886 I DFInstaObserve: !toggles disable_feed=1 disable_explore=0 disable_reels=0 disable_stories=0 disable_adds=0
08-12 21:11:06.316 17084 19281 I DFInstaObserve: !toggles disable_feed=1 disable_explore=0 disable_reels=0 disable_stories=0 disable_adds=0
08-12 21:11:06.401 17084 17242 I DFInstaObserve: !toggles disable_feed=1 disable_explore=0 disable_reels=0 disable_stories=0 disable_adds=0
