08-12 21:45:37.544 10285 10433 I DFInstaObserve: !toggles disable_feed=0 disable_explore=0 disable_reels=1 disable_stories=0 disable_adds=0
08-12 21:45:37.545 10285 10433 I DFInstaObserve: /feed/reels_tray/
08-12 21:45:37.545 10285 10435 I DFInstaObserve: !toggles disable_feed=0 disable_explore=0 disable_reels=1 disable_stories=0 disable_adds=0
08-12 21:45:37.545 10285 10435 I DFInstaObserve: /feed/timeline/
08-12 21:45:37.865 10285 10498 I DFInstaObserve: !toggles disable_feed=0 disable_explore=0 disable_reels=1 disable_stories=0 disable_adds=0
08-12 21:45:38.242 10285 10326 I DFInstaObserve: !toggles disable_feed=0 disable_explore=0 disable_reels=1 disable_stories=0 disable_adds=0
08-12 21:45:38.308 10285 10327 I DFInstaObserve: !toggles disable_feed=0 disable_explore=0 disable_reels=1 disable_stories=0 disable_adds=0
08-12 21:45:38.490 10285 10353 I DFInstaObserve: !toggles disable_feed=0 disable_explore=0 disable_reels=1 disable_stories=0 disable_adds=0
08-12 21:45:38.575 10285 10390 I DFInstaObserve: !toggles disable_feed=0 disable_explore=0 disable_reels=1 disable_stories=0 disable_adds=0
08-12 21:45:38.575 10285 10390 I DFInstaObserve: /feed/reels_media_stream/
08-12 21:45:38.577 10285 10327 I DFInstaObserve: !toggles disable_feed=0 disable_explore=0 disable_reels=1 disable_stories=0 disable_adds=0
08-12 21:45:38.577 10285 10460 I DFInstaObserve: !toggles disable_feed=0 disable_explore=0 disable_reels=1 disable_stories=0 disable_adds=0
08-12 21:45:38.754 10285 10460 I DFInstaObserve: !toggles disable_feed=0 disable_explore=0 disable_reels=1 disable_stories=0 disable_adds=0
08-12 21:45:38.790 10285 10356 I DFInstaObserve: !toggles disable_feed=0 disable_explore=0 disable_reels=1 disable_stories=0 disable_adds=0
08-12 21:45:38.790 10285 10356 I DFInstaObserve: /discover/topical_explore
08-12 21:45:38.845 10285 10498 I DFInstaObserve: !toggles disable_feed=0 disable_explore=0 disable_reels=1 disable_stories=0 disable_adds=0
08-12 21:45:39.514 10285 10435 I DFInstaObserve: !toggles disable_feed=0 disable_explore=0 disable_reels=1 disable_stories=0 disable_adds=0
08-12 21:45:40.120 10285 10435 I DFInstaObserve: !toggles disable_feed=0 disable_explore=0 disable_reels=1 disable_stories=0 disable_adds=0
08-12 21:45:40.226 10285 10601 I DFInstaObserve: !toggles disable_feed=0 disable_explore=0 disable_reels=1 disable_stories=0 disable_adds=0
08-12 21:45:40.558 10285 10435 I DFInstaObserve: !toggles disable_feed=0 disable_explore=0 disable_reels=1 disable_stories=0 disable_adds=0
08-12 21:45:40.595 10285 10601 I DFInstaObserve: !toggles disable_feed=0 disable_explore=0 disable_reels=1 disable_stories=0 disable_adds=0
08-12 21:45:41.149 10285 10630 I DFInstaObserve: !toggles disable_feed=0 disable_explore=0 disable_reels=1 disable_stories=0 disable_adds=0
08-12 21:45:41.270 10285 10633 I DFInstaObserve: !toggles disable_feed=0 disable_explore=0 disable_reels=1 disable_stories=0 disable_adds=0
08-12 21:45:41.673 10285 10630 I DFInstaObserve: !toggles disable_feed=0 disable_explore=0 disable_reels=1 disable_stories=0 disable_adds=0
08-12 21:45:41.682 10285 10623 I DFInstaObserve: !toggles disable_feed=0 disable_explore=0 disable_reels=1 disable_stories=0 disable_adds=0
08-12 21:45:41.949 10285 10629 I DFInstaObserve: !toggles disable_feed=0 disable_explore=0 disable_reels=1 disable_stories=0 disable_adds=0
08-12 21:45:42.058 10285 10623 I DFInstaObserve: !toggles disable_feed=0 disable_explore=0 disable_reels=1 disable_stories=0 disable_adds=0
08-12 21:45:42.071 10285 10624 I DFInstaObserve: !toggles disable_feed=0 disable_explore=0 disable_reels=1 disable_stories=0 disable_adds=0
08-12 21:45:42.071 10285 10624 I DFInstaObserve: /clips/discover
08-12 21:45:42.571 10285 10326 I DFInstaObserve: !toggles disable_feed=0 disable_explore=0 disable_reels=1 disable_stories=0 disable_adds=0
08-12 21:45:42.576 10285 10326 I DFInstaObserve: !toggles disable_feed=0 disable_explore=0 disable_reels=1 disable_stories=0 disable_adds=0
08-12 21:45:42.644 10285 10624 I DFInstaObserve: !toggles disable_feed=0 disable_explore=0 disable_reels=1 disable_stories=0 disable_adds=0
08-12 21:45:42.663 10285 10460 I DFInstaObserve: !toggles disable_feed=0 disable_explore=0 disable_reels=1 disable_stories=0 disable_adds=0
08-12 21:45:42.671 10285 10680 I DFInstaObserve: !toggles disable_feed=0 disable_explore=0 disable_reels=1 disable_stories=0 disable_adds=0
08-12 21:45:42.703 10285 10623 I DFInstaObserve: !toggles disable_feed=0 disable_explore=0 disable_reels=1 disable_stories=0 disable_adds=0
08-12 21:45:42.775 10285 10460 I DFInstaObserve: !toggles disable_feed=0 disable_explore=0 disable_reels=1 disable_stories=0 disable_adds=0
08-12 21:45:42.812 10285 10460 I DFInstaObserve: !toggles disable_feed=0 disable_explore=0 disable_reels=1 disable_stories=0 disable_adds=0
08-12 21:45:42.815 10285 10679 I DFInstaObserve: !toggles disable_feed=0 disable_explore=0 disable_reels=1 disable_stories=0 disable_adds=0
08-12 21:45:42.849 10285 10621 I DFInstaObserve: !toggles disable_feed=0 disable_explore=0 disable_reels=1 disable_stories=0 disable_adds=0
08-12 21:45:43.208 10285 10460 I DFInstaObserve: !toggles disable_feed=0 disable_explore=0 disable_reels=1 disable_stories=0 disable_adds=0
08-12 21:45:43.228 10285 10498 I DFInstaObserve: !toggles disable_feed=0 disable_explore=0 disable_reels=1 disable_stories=0 disable_adds=0
08-12 21:45:43.244 10285 10460 I DFInstaObserve: !toggles disable_feed=0 disable_explore=0 disable_reels=1 disable_stories=0 disable_adds=0
08-12 21:45:43.604 10285 10460 I DFInstaObserve: !toggles disable_feed=0 disable_explore=0 disable_reels=1 disable_stories=0 disable_adds=0
08-12 21:45:43.647 10285 10460 I DFInstaObserve: !toggles disable_feed=0 disable_explore=0 disable_reels=1 disable_stories=0 disable_adds=0
08-12 21:45:43.731 10285 10460 I DFInstaObserve: !toggles disable_feed=0 disable_explore=0 disable_reels=1 disable_stories=0 disable_adds=0
08-12 21:45:43.770 10285 10460 I DFInstaObserve: !toggles disable_feed=0 disable_explore=0 disable_reels=1 disable_stories=0 disable_adds=0
08-12 21:45:43.917 10285 10460 I DFInstaObserve: !toggles disable_feed=0 disable_explore=0 disable_reels=1 disable_stories=0 disable_adds=0
08-12 21:45:44.218 10285 10498 I DFInstaObserve: !toggles disable_feed=0 disable_explore=0 disable_reels=1 disable_stories=0 disable_adds=0
08-12 21:45:55.005 10285 10326 I DFInstaObserve: !toggles disable_feed=0 disable_explore=0 disable_reels=1 disable_stories=0 disable_adds=0
08-12 21:45:55.013 10285 10634 I DFInstaObserve: !toggles disable_feed=0 disable_explore=0 disable_reels=1 disable_stories=0 disable_adds=0
08-12 21:45:55.031 10285 10460 I DFInstaObserve: !toggles disable_feed=0 disable_explore=0 disable_reels=1 disable_stories=0 disable_adds=0
08-12 21:45:55.052 10285 10678 I DFInstaObserve: !toggles disable_feed=0 disable_explore=0 disable_reels=1 disable_stories=0 disable_adds=0
08-12 21:45:55.106 10285 10678 I DFInstaObserve: !toggles disable_feed=0 disable_explore=0 disable_reels=1 disable_stories=0 disable_adds=0
08-12 21:45:55.122 10285 10460 I DFInstaObserve: !toggles disable_feed=0 disable_explore=0 disable_reels=1 disable_stories=0 disable_adds=0
08-12 21:45:55.176 10285 10460 I DFInstaObserve: !toggles disable_feed=0 disable_explore=0 disable_reels=1 disable_stories=0 disable_adds=0
08-12 21:45:55.213 10285 10623 I DFInstaObserve: !toggles disable_feed=0 disable_explore=0 disable_reels=1 disable_stories=0 disable_adds=0
08-12 21:45:55.303 10285 10678 I DFInstaObserve: !toggles disable_feed=0 disable_explore=0 disable_reels=1 disable_stories=0 disable_adds=0
08-12 21:45:57.393 10285 10574 I DFInstaObserve: !toggles disable_feed=0 disable_explore=0 disable_reels=1 disable_stories=0 disable_adds=0
08-12 21:45:59.888 10285 10574 I DFInstaObserve: !toggles disable_feed=0 disable_explore=0 disable_reels=1 disable_stories=0 disable_adds=0
08-12 21:46:03.114 10285 10730 I DFInstaObserve: !toggles disable_feed=0 disable_explore=0 disable_reels=1 disable_stories=0 disable_adds=0
08-12 21:46:03.114 10285 10730 I DFInstaObserve: /feed/timeline/
08-12 21:46:03.117 10285 10623 I DFInstaObserve: !toggles disable_feed=0 disable_explore=0 disable_reels=1 disable_stories=0 disable_adds=0
08-12 21:46:03.117 10285 10623 I DFInstaObserve: /feed/reels_tray/
08-12 21:46:03.499 10285 10326 I DFInstaObserve: !toggles disable_feed=0 disable_explore=0 disable_reels=1 disable_stories=0 disable_adds=0
08-12 21:46:03.524 10285 10758 I DFInstaObserve: !toggles disable_feed=0 disable_explore=0 disable_reels=1 disable_stories=0 disable_adds=0
08-12 21:46:03.524 10285 10758 I DFInstaObserve: /feed/reels_media_stream/
08-12 21:46:03.530 10285 10460 I DFInstaObserve: !toggles disable_feed=0 disable_explore=0 disable_reels=1 disable_stories=0 disable_adds=0
08-12 21:46:04.549 10285 10326 I DFInstaObserve: !toggles disable_feed=0 disable_explore=0 disable_reels=1 disable_stories=0 disable_adds=0
08-12 21:46:04.559 10285 10326 I DFInstaObserve: !toggles disable_feed=0 disable_explore=0 disable_reels=1 disable_stories=0 disable_adds=0
08-12 21:46:04.599 10285 10460 I DFInstaObserve: !toggles disable_feed=0 disable_explore=0 disable_reels=1 disable_stories=0 disable_adds=0
08-12 21:46:04.844 10285 10730 I DFInstaObserve: !toggles disable_feed=0 disable_explore=0 disable_reels=1 disable_stories=0 disable_adds=0
08-12 21:46:04.844 10285 10730 I DFInstaObserve: /feed/timeline/
08-12 21:46:09.024 10285 10634 I DFInstaObserve: !toggles disable_feed=0 disable_explore=0 disable_reels=1 disable_stories=0 disable_adds=0
08-12 21:46:09.033 10285 10634 I DFInstaObserve: !toggles disable_feed=0 disable_explore=0 disable_reels=1 disable_stories=0 disable_adds=0
08-12 21:46:09.125 10285 10460 I DFInstaObserve: !toggles disable_feed=0 disable_explore=0 disable_reels=1 disable_stories=0 disable_adds=0
08-12 21:46:09.130 10285 10772 I DFInstaObserve: !toggles disable_feed=0 disable_explore=0 disable_reels=1 disable_stories=0 disable_adds=0
08-12 21:46:09.197 10285 10460 I DFInstaObserve: !toggles disable_feed=0 disable_explore=0 disable_reels=1 disable_stories=0 disable_adds=0
08-12 21:46:09.235 10285 10460 I DFInstaObserve: !toggles disable_feed=0 disable_explore=0 disable_reels=1 disable_stories=0 disable_adds=0
08-12 21:46:09.275 10285 10460 I DFInstaObserve: !toggles disable_feed=0 disable_explore=0 disable_reels=1 disable_stories=0 disable_adds=0
08-12 21:46:09.317 10285 10460 I DFInstaObserve: !toggles disable_feed=0 disable_explore=0 disable_reels=1 disable_stories=0 disable_adds=0
08-12 21:46:09.427 10285 10774 I DFInstaObserve: !toggles disable_feed=0 disable_explore=0 disable_reels=1 disable_stories=0 disable_adds=0
08-12 21:46:09.708 10285 10776 I DFInstaObserve: !toggles disable_feed=0 disable_explore=0 disable_reels=1 disable_stories=0 disable_adds=0
08-12 21:46:09.924 10285 10776 I DFInstaObserve: !toggles disable_feed=0 disable_explore=0 disable_reels=1 disable_stories=0 disable_adds=0
08-12 21:46:10.108 10285 10731 I DFInstaObserve: !toggles disable_feed=0 disable_explore=0 disable_reels=1 disable_stories=0 disable_adds=0
08-12 21:46:18.072 10285 10326 I DFInstaObserve: !toggles disable_feed=0 disable_explore=0 disable_reels=1 disable_stories=0 disable_adds=0
08-12 21:46:18.252 10285 10817 I DFInstaObserve: !toggles disable_feed=0 disable_explore=0 disable_reels=1 disable_stories=0 disable_adds=0
08-12 21:46:18.876 10285 10634 I DFInstaObserve: !toggles disable_feed=0 disable_explore=0 disable_reels=1 disable_stories=0 disable_adds=0
08-12 21:46:21.460 10285 10326 I DFInstaObserve: !toggles disable_feed=0 disable_explore=0 disable_reels=1 disable_stories=0 disable_adds=0
08-12 21:46:21.467 10285 10634 I DFInstaObserve: !toggles disable_feed=0 disable_explore=0 disable_reels=1 disable_stories=0 disable_adds=0
08-12 21:46:23.397 10285 10816 I DFInstaObserve: !toggles disable_feed=0 disable_explore=0 disable_reels=1 disable_stories=0 disable_adds=0
08-12 21:46:23.558 10285 10816 I DFInstaObserve: !toggles disable_feed=0 disable_explore=0 disable_reels=1 disable_stories=0 disable_adds=0
08-12 21:46:25.577 10285 10326 I DFInstaObserve: !toggles disable_feed=0 disable_explore=0 disable_reels=1 disable_stories=0 disable_adds=0
08-12 21:46:28.514 10285 10730 I DFInstaObserve: !toggles disable_feed=0 disable_explore=0 disable_reels=1 disable_stories=0 disable_adds=0
08-12 21:46:28.514 10285 10730 I DFInstaObserve: /feed/timeline/
08-12 21:46:30.269 10285 10634 I DFInstaObserve: !toggles disable_feed=0 disable_explore=0 disable_reels=1 disable_stories=0 disable_adds=0
08-12 21:46:30.276 10285 10634 I DFInstaObserve: !toggles disable_feed=0 disable_explore=0 disable_reels=1 disable_stories=0 disable_adds=0
08-12 21:46:30.378 10285 10460 I DFInstaObserve: !toggles disable_feed=0 disable_explore=0 disable_reels=1 disable_stories=0 disable_adds=0
08-12 21:46:30.622 10285 10460 I DFInstaObserve: !toggles disable_feed=0 disable_explore=0 disable_reels=1 disable_stories=0 disable_adds=0
08-12 21:46:30.640 10285 10776 I DFInstaObserve: !toggles disable_feed=0 disable_explore=0 disable_reels=1 disable_stories=0 disable_adds=0
08-12 21:46:30.676 10285 10460 I DFInstaObserve: !toggles disable_feed=0 disable_explore=0 disable_reels=1 disable_stories=0 disable_adds=0
08-12 21:46:30.874 10285 10731 I DFInstaObserve: !toggles disable_feed=0 disable_explore=0 disable_reels=1 disable_stories=0 disable_adds=0
08-12 21:46:31.053 10285 10874 I DFInstaObserve: !toggles disable_feed=0 disable_explore=0 disable_reels=1 disable_stories=0 disable_adds=0
08-12 21:46:31.224 10285 10772 I DFInstaObserve: !toggles disable_feed=0 disable_explore=0 disable_reels=1 disable_stories=0 disable_adds=0
08-12 21:46:31.326 10285 10875 I DFInstaObserve: !toggles disable_feed=0 disable_explore=0 disable_reels=1 disable_stories=0 disable_adds=0
08-12 21:46:31.369 10285 10874 I DFInstaObserve: !toggles disable_feed=0 disable_explore=0 disable_reels=1 disable_stories=0 disable_adds=0
08-12 21:46:31.553 10285 10326 I DFInstaObserve: !toggles disable_feed=0 disable_explore=0 disable_reels=1 disable_stories=0 disable_adds=0
08-12 21:46:31.623 10285 10460 I DFInstaObserve: !toggles disable_feed=0 disable_explore=0 disable_reels=1 disable_stories=0 disable_adds=0
08-12 21:46:31.691 10285 10731 I DFInstaObserve: !toggles disable_feed=0 disable_explore=0 disable_reels=1 disable_stories=0 disable_adds=0
08-12 21:46:31.784 10285 10498 I DFInstaObserve: !toggles disable_feed=0 disable_explore=0 disable_reels=1 disable_stories=0 disable_adds=0
08-12 21:46:31.785 10285 10460 I DFInstaObserve: !toggles disable_feed=0 disable_explore=0 disable_reels=1 disable_stories=0 disable_adds=0
08-12 21:46:31.963 10285 10498 I DFInstaObserve: !toggles disable_feed=0 disable_explore=0 disable_reels=1 disable_stories=0 disable_adds=0
08-12 21:46:32.069 10285 10498 I DFInstaObserve: !toggles disable_feed=0 disable_explore=0 disable_reels=1 disable_stories=0 disable_adds=0
08-12 21:46:33.718 10285 10888 I DFInstaObserve: !toggles disable_feed=0 disable_explore=0 disable_reels=1 disable_stories=0 disable_adds=0
08-12 21:46:33.801 10285 10896 I DFInstaObserve: !toggles disable_feed=0 disable_explore=0 disable_reels=1 disable_stories=0 disable_adds=0
08-12 21:46:33.847 10285 10896 I DFInstaObserve: !toggles disable_feed=0 disable_explore=0 disable_reels=1 disable_stories=0 disable_adds=0
08-12 21:46:36.232 10285 10888 I DFInstaObserve: !toggles disable_feed=0 disable_explore=0 disable_reels=1 disable_stories=0 disable_adds=0
08-12 21:46:36.305 10285 10896 I DFInstaObserve: !toggles disable_feed=0 disable_explore=0 disable_reels=1 disable_stories=0 disable_adds=0
08-12 21:46:39.289 10285 10772 I DFInstaObserve: !toggles disable_feed=0 disable_explore=0 disable_reels=1 disable_stories=0 disable_adds=0
08-12 21:46:39.289 10285 10772 I DFInstaObserve: /discover/topical_explore
08-12 21:46:41.372 10285 10326 I DFInstaObserve: !toggles disable_feed=0 disable_explore=0 disable_reels=1 disable_stories=0 disable_adds=0
08-12 21:46:41.624 10285 10326 I DFInstaObserve: !toggles disable_feed=0 disable_explore=0 disable_reels=1 disable_stories=0 disable_adds=0
08-12 21:46:41.632 10285 10634 I DFInstaObserve: !toggles disable_feed=0 disable_explore=0 disable_reels=1 disable_stories=0 disable_adds=0
08-12 21:46:41.665 10285 10460 I DFInstaObserve: !toggles disable_feed=0 disable_explore=0 disable_reels=1 disable_stories=0 disable_adds=0
08-12 21:46:41.762 10285 10876 I DFInstaObserve: !toggles disable_feed=0 disable_explore=0 disable_reels=1 disable_stories=0 disable_adds=0
08-12 21:46:41.762 10285 10979 I DFInstaObserve: !toggles disable_feed=0 disable_explore=0 disable_reels=1 disable_stories=0 disable_adds=0
08-12 21:46:41.828 10285 11016 I DFInstaObserve: !toggles disable_feed=0 disable_explore=0 disable_reels=1 disable_stories=0 disable_adds=0
08-12 21:46:41.966 10285 10985 I DFInstaObserve: !toggles disable_feed=0 disable_explore=0 disable_reels=1 disable_stories=0 disable_adds=0
08-12 21:46:42.009 10285 11015 I DFInstaObserve: !toggles disable_feed=0 disable_explore=0 disable_reels=1 disable_stories=0 disable_adds=0
08-12 21:46:42.074 10285 11016 I DFInstaObserve: !toggles disable_feed=0 disable_explore=0 disable_reels=1 disable_stories=0 disable_adds=0
08-12 21:46:42.281 10285 10460 I DFInstaObserve: !toggles disable_feed=0 disable_explore=0 disable_reels=1 disable_stories=0 disable_adds=0
08-12 21:46:42.330 10285 10460 I DFInstaObserve: !toggles disable_feed=0 disable_explore=0 disable_reels=1 disable_stories=0 disable_adds=0
08-12 21:46:42.560 10285 10460 I DFInstaObserve: !toggles disable_feed=0 disable_explore=0 disable_reels=1 disable_stories=0 disable_adds=0
08-12 21:46:42.611 10285 10460 I DFInstaObserve: !toggles disable_feed=0 disable_explore=0 disable_reels=1 disable_stories=0 disable_adds=0
08-12 21:46:42.734 10285 10460 I DFInstaObserve: !toggles disable_feed=0 disable_explore=0 disable_reels=1 disable_stories=0 disable_adds=0
08-12 21:46:42.786 10285 10460 I DFInstaObserve: !toggles disable_feed=0 disable_explore=0 disable_reels=1 disable_stories=0 disable_adds=0
08-12 21:46:42.828 10285 10968 I DFInstaObserve: !toggles disable_feed=0 disable_explore=0 disable_reels=1 disable_stories=0 disable_adds=0
08-12 21:46:42.828 10285 10968 I DFInstaObserve: /discover/topical_explore
08-12 21:46:42.858 10285 10460 I DFInstaObserve: !toggles disable_feed=0 disable_explore=0 disable_reels=1 disable_stories=0 disable_adds=0
08-12 21:46:42.911 10285 10460 I DFInstaObserve: !toggles disable_feed=0 disable_explore=0 disable_reels=1 disable_stories=0 disable_adds=0
08-12 21:46:42.932 10285 11032 I DFInstaObserve: !toggles disable_feed=0 disable_explore=0 disable_reels=1 disable_stories=0 disable_adds=0
08-12 21:46:43.031 10285 11044 I DFInstaObserve: !toggles disable_feed=0 disable_explore=0 disable_reels=1 disable_stories=0 disable_adds=0
08-12 21:46:43.325 10285 11062 I DFInstaObserve: !toggles disable_feed=0 disable_explore=0 disable_reels=1 disable_stories=0 disable_adds=0
08-12 21:46:43.851 10285 10460 I DFInstaObserve: !toggles disable_feed=0 disable_explore=0 disable_reels=1 disable_stories=0 disable_adds=0
08-12 21:46:43.906 10285 10460 I DFInstaObserve: !toggles disable_feed=0 disable_explore=0 disable_reels=1 disable_stories=0 disable_adds=0
08-12 21:46:44.224 10285 10460 I DFInstaObserve: !toggles disable_feed=0 disable_explore=0 disable_reels=1 disable_stories=0 disable_adds=0
08-12 21:46:45.278 10285 11050 I DFInstaObserve: !toggles disable_feed=0 disable_explore=0 disable_reels=1 disable_stories=0 disable_adds=0
08-12 21:46:45.306 10285 11050 I DFInstaObserve: !toggles disable_feed=0 disable_explore=0 disable_reels=1 disable_stories=0 disable_adds=0
08-12 21:46:45.346 10285 11043 I DFInstaObserve: !toggles disable_feed=0 disable_explore=0 disable_reels=1 disable_stories=0 disable_adds=0
08-12 21:46:46.141 10285 10634 I DFInstaObserve: !toggles disable_feed=0 disable_explore=0 disable_reels=1 disable_stories=0 disable_adds=0
08-12 21:46:46.149 10285 11075 I DFInstaObserve: !toggles disable_feed=0 disable_explore=0 disable_reels=1 disable_stories=0 disable_adds=0
08-12 21:46:46.219 10285 10460 I DFInstaObserve: !toggles disable_feed=0 disable_explore=0 disable_reels=1 disable_stories=0 disable_adds=0
08-12 21:46:46.245 10285 10876 I DFInstaObserve: !toggles disable_feed=0 disable_explore=0 disable_reels=1 disable_stories=0 disable_adds=0
08-12 21:46:46.352 10285 10460 I DFInstaObserve: !toggles disable_feed=0 disable_explore=0 disable_reels=1 disable_stories=0 disable_adds=0
08-12 21:46:46.417 10285 10875 I DFInstaObserve: !toggles disable_feed=0 disable_explore=0 disable_reels=1 disable_stories=0 disable_adds=0
08-12 21:46:46.494 10285 10460 I DFInstaObserve: !toggles disable_feed=0 disable_explore=0 disable_reels=1 disable_stories=0 disable_adds=0
08-12 21:46:46.520 10285 11094 I DFInstaObserve: !toggles disable_feed=0 disable_explore=0 disable_reels=1 disable_stories=0 disable_adds=0
08-12 21:46:46.578 10285 11101 I DFInstaObserve: !toggles disable_feed=0 disable_explore=0 disable_reels=1 disable_stories=0 disable_adds=0
08-12 21:46:46.652 10285 11096 I DFInstaObserve: !toggles disable_feed=0 disable_explore=0 disable_reels=1 disable_stories=0 disable_adds=0
08-12 21:46:46.703 10285 11094 I DFInstaObserve: !toggles disable_feed=0 disable_explore=0 disable_reels=1 disable_stories=0 disable_adds=0
08-12 21:46:46.717 10285 10460 I DFInstaObserve: !toggles disable_feed=0 disable_explore=0 disable_reels=1 disable_stories=0 disable_adds=0
08-12 21:46:46.809 10285 10460 I DFInstaObserve: !toggles disable_feed=0 disable_explore=0 disable_reels=1 disable_stories=0 disable_adds=0
08-12 21:46:46.821 10285 10875 I DFInstaObserve: !toggles disable_feed=0 disable_explore=0 disable_reels=1 disable_stories=0 disable_adds=0
08-12 21:46:46.821 10285 10875 I DFInstaObserve: /discover/topical_explore
08-12 21:46:46.897 10285 11094 I DFInstaObserve: !toggles disable_feed=0 disable_explore=0 disable_reels=1 disable_stories=0 disable_adds=0
08-12 21:46:46.925 10285 10460 I DFInstaObserve: !toggles disable_feed=0 disable_explore=0 disable_reels=1 disable_stories=0 disable_adds=0
08-12 21:46:46.991 10285 11016 I DFInstaObserve: !toggles disable_feed=0 disable_explore=0 disable_reels=1 disable_stories=0 disable_adds=0
08-12 21:46:46.993 10285 10460 I DFInstaObserve: !toggles disable_feed=0 disable_explore=0 disable_reels=1 disable_stories=0 disable_adds=0
08-12 21:46:47.034 10285 11085 I DFInstaObserve: !toggles disable_feed=0 disable_explore=0 disable_reels=1 disable_stories=0 disable_adds=0
08-12 21:46:47.069 10285 10460 I DFInstaObserve: !toggles disable_feed=0 disable_explore=0 disable_reels=1 disable_stories=0 disable_adds=0
08-12 21:46:47.111 10285 10460 I DFInstaObserve: !toggles disable_feed=0 disable_explore=0 disable_reels=1 disable_stories=0 disable_adds=0
08-12 21:46:47.122 10285 11096 I DFInstaObserve: !toggles disable_feed=0 disable_explore=0 disable_reels=1 disable_stories=0 disable_adds=0
08-12 21:46:47.163 10285 11094 I DFInstaObserve: !toggles disable_feed=0 disable_explore=0 disable_reels=1 disable_stories=0 disable_adds=0
08-12 21:46:47.295 10285 11096 I DFInstaObserve: !toggles disable_feed=0 disable_explore=0 disable_reels=1 disable_stories=0 disable_adds=0
08-12 21:46:47.407 10285 10460 I DFInstaObserve: !toggles disable_feed=0 disable_explore=0 disable_reels=1 disable_stories=0 disable_adds=0
08-12 21:46:47.453 10285 10460 I DFInstaObserve: !toggles disable_feed=0 disable_explore=0 disable_reels=1 disable_stories=0 disable_adds=0
08-12 21:46:47.653 10285 10460 I DFInstaObserve: !toggles disable_feed=0 disable_explore=0 disable_reels=1 disable_stories=0 disable_adds=0
08-12 21:46:47.693 10285 10460 I DFInstaObserve: !toggles disable_feed=0 disable_explore=0 disable_reels=1 disable_stories=0 disable_adds=0
08-12 21:46:47.759 10285 10460 I DFInstaObserve: !toggles disable_feed=0 disable_explore=0 disable_reels=1 disable_stories=0 disable_adds=0
08-12 21:46:47.798 10285 10460 I DFInstaObserve: !toggles disable_feed=0 disable_explore=0 disable_reels=1 disable_stories=0 disable_adds=0
08-12 21:46:47.941 10285 10460 I DFInstaObserve: !toggles disable_feed=0 disable_explore=0 disable_reels=1 disable_stories=0 disable_adds=0
08-12 21:46:48.821 10285 11100 I DFInstaObserve: !toggles disable_feed=0 disable_explore=0 disable_reels=1 disable_stories=0 disable_adds=0
08-12 21:46:51.860 10285 11167 I DFInstaObserve: !toggles disable_feed=0 disable_explore=0 disable_reels=1 disable_stories=0 disable_adds=0
08-12 21:46:52.088 10285 11173 I DFInstaObserve: !toggles disable_feed=0 disable_explore=0 disable_reels=1 disable_stories=0 disable_adds=0
08-12 21:46:53.108 10285 11094 I DFInstaObserve: !toggles disable_feed=0 disable_explore=0 disable_reels=1 disable_stories=0 disable_adds=0
08-12 21:46:53.108 10285 11094 I DFInstaObserve: /discover/topical_explore
08-12 21:46:56.120 10285 10875 I DFInstaObserve: !toggles disable_feed=0 disable_explore=0 disable_reels=1 disable_stories=0 disable_adds=0
08-12 21:46:56.140 10285 10634 I DFInstaObserve: !toggles disable_feed=0 disable_explore=0 disable_reels=1 disable_stories=0 disable_adds=0
08-12 21:46:56.145 10285 11287 I DFInstaObserve: !toggles disable_feed=0 disable_explore=0 disable_reels=1 disable_stories=0 disable_adds=0
08-12 21:46:56.184 10285 11288 I DFInstaObserve: !toggles disable_feed=0 disable_explore=0 disable_reels=1 disable_stories=0 disable_adds=0
08-12 21:46:56.184 10285 11288 I DFInstaObserve: /clips/discover
08-12 21:46:56.212 10285 10460 I DFInstaObserve: !toggles disable_feed=0 disable_explore=0 disable_reels=1 disable_stories=0 disable_adds=0
08-12 21:46:56.313 10285 11016 I DFInstaObserve: !toggles disable_feed=0 disable_explore=0 disable_reels=1 disable_stories=0 disable_adds=0
08-12 21:46:56.385 10285 10460 I DFInstaObserve: !toggles disable_feed=0 disable_explore=0 disable_reels=1 disable_stories=0 disable_adds=0
08-12 21:46:56.423 10285 11304 I DFInstaObserve: !toggles disable_feed=0 disable_explore=0 disable_reels=1 disable_stories=0 disable_adds=0
08-12 21:46:56.437 10285 10460 I DFInstaObserve: !toggles disable_feed=0 disable_explore=0 disable_reels=1 disable_stories=0 disable_adds=0
08-12 21:46:56.528 10285 11095 I DFInstaObserve: !toggles disable_feed=0 disable_explore=0 disable_reels=1 disable_stories=0 disable_adds=0
08-12 21:46:56.547 10285 10498 I DFInstaObserve: !toggles disable_feed=0 disable_explore=0 disable_reels=1 disable_stories=0 disable_adds=0
08-12 21:46:56.572 10285 11287 I DFInstaObserve: !toggles disable_feed=0 disable_explore=0 disable_reels=1 disable_stories=0 disable_adds=0
08-12 21:46:56.666 10285 11016 I DFInstaObserve: !toggles disable_feed=0 disable_explore=0 disable_reels=1 disable_stories=0 disable_adds=0
08-12 21:46:56.703 10285 10498 I DFInstaObserve: !toggles disable_feed=0 disable_explore=0 disable_reels=1 disable_stories=0 disable_adds=0
08-12 21:46:56.725 10285 11309 I DFInstaObserve: !toggles disable_feed=0 disable_explore=0 disable_reels=1 disable_stories=0 disable_adds=0
08-12 21:46:56.835 10285 11309 I DFInstaObserve: !toggles disable_feed=0 disable_explore=0 disable_reels=1 disable_stories=0 disable_adds=0
08-12 21:46:56.870 10285 10498 I DFInstaObserve: !toggles disable_feed=0 disable_explore=0 disable_reels=1 disable_stories=0 disable_adds=0
08-12 21:46:56.893 10285 11308 I DFInstaObserve: !toggles disable_feed=0 disable_explore=0 disable_reels=1 disable_stories=0 disable_adds=0
08-12 21:46:57.089 10285 11308 I DFInstaObserve: !toggles disable_feed=0 disable_explore=0 disable_reels=1 disable_stories=0 disable_adds=0
08-12 21:46:57.169 10285 10498 I DFInstaObserve: !toggles disable_feed=0 disable_explore=0 disable_reels=1 disable_stories=0 disable_adds=0
08-12 21:46:57.198 10285 11308 I DFInstaObserve: !toggles disable_feed=0 disable_explore=0 disable_reels=1 disable_stories=0 disable_adds=0
08-12 21:46:57.290 10285 10498 I DFInstaObserve: !toggles disable_feed=0 disable_explore=0 disable_reels=1 disable_stories=0 disable_adds=0
08-12 21:46:57.407 10285 11308 I DFInstaObserve: !toggles disable_feed=0 disable_explore=0 disable_reels=1 disable_stories=0 disable_adds=0
08-12 21:46:57.439 10285 10875 I DFInstaObserve: !toggles disable_feed=0 disable_explore=0 disable_reels=1 disable_stories=0 disable_adds=0
08-12 21:46:57.501 10285 11016 I DFInstaObserve: !toggles disable_feed=0 disable_explore=0 disable_reels=1 disable_stories=0 disable_adds=0
08-12 21:46:57.570 10285 10875 I DFInstaObserve: !toggles disable_feed=0 disable_explore=0 disable_reels=1 disable_stories=0 disable_adds=0
08-12 21:46:57.630 10285 11016 I DFInstaObserve: !toggles disable_feed=0 disable_explore=0 disable_reels=1 disable_stories=0 disable_adds=0
08-12 21:46:57.685 10285 10460 I DFInstaObserve: !toggles disable_feed=0 disable_explore=0 disable_reels=1 disable_stories=0 disable_adds=0
08-12 21:46:57.734 10285 10460 I DFInstaObserve: !toggles disable_feed=0 disable_explore=0 disable_reels=1 disable_stories=0 disable_adds=0
08-12 21:46:57.815 10285 10460 I DFInstaObserve: !toggles disable_feed=0 disable_explore=0 disable_reels=1 disable_stories=0 disable_adds=0
08-12 21:46:57.857 10285 10460 I DFInstaObserve: !toggles disable_feed=0 disable_explore=0 disable_reels=1 disable_stories=0 disable_adds=0
08-12 21:46:57.997 10285 10460 I DFInstaObserve: !toggles disable_feed=0 disable_explore=0 disable_reels=1 disable_stories=0 disable_adds=0
08-12 21:46:58.039 10285 10460 I DFInstaObserve: !toggles disable_feed=0 disable_explore=0 disable_reels=1 disable_stories=0 disable_adds=0
08-12 21:46:58.187 10285 10460 I DFInstaObserve: !toggles disable_feed=0 disable_explore=0 disable_reels=1 disable_stories=0 disable_adds=0
08-12 21:46:58.238 10285 10460 I DFInstaObserve: !toggles disable_feed=0 disable_explore=0 disable_reels=1 disable_stories=0 disable_adds=0
08-12 21:46:58.541 10285 10460 I DFInstaObserve: !toggles disable_feed=0 disable_explore=0 disable_reels=1 disable_stories=0 disable_adds=0
08-12 21:46:58.588 10285 10460 I DFInstaObserve: !toggles disable_feed=0 disable_explore=0 disable_reels=1 disable_stories=0 disable_adds=0
08-12 21:46:58.709 10285 11316 I DFInstaObserve: !toggles disable_feed=0 disable_explore=0 disable_reels=1 disable_stories=0 disable_adds=0
08-12 21:46:58.716 10285 11315 I DFInstaObserve: !toggles disable_feed=0 disable_explore=0 disable_reels=1 disable_stories=0 disable_adds=0
08-12 21:46:59.040 10285 10460 I DFInstaObserve: !toggles disable_feed=0 disable_explore=0 disable_reels=1 disable_stories=0 disable_adds=0
08-12 21:46:59.083 10285 10460 I DFInstaObserve: !toggles disable_feed=0 disable_explore=0 disable_reels=1 disable_stories=0 disable_adds=0
08-12 21:46:59.184 10285 10460 I DFInstaObserve: !toggles disable_feed=0 disable_explore=0 disable_reels=1 disable_stories=0 disable_adds=0
08-12 21:47:04.116 10285 11302 I DFInstaObserve: !toggles disable_feed=0 disable_explore=0 disable_reels=1 disable_stories=0 disable_adds=0
08-12 21:47:04.517 10285 10634 I DFInstaObserve: !toggles disable_feed=0 disable_explore=0 disable_reels=1 disable_stories=0 disable_adds=0
08-12 21:47:06.649 10285 11346 I DFInstaObserve: !toggles disable_feed=0 disable_explore=0 disable_reels=1 disable_stories=0 disable_adds=0
08-12 21:47:06.655 10285 11347 I DFInstaObserve: !toggles disable_feed=0 disable_explore=0 disable_reels=1 disable_stories=0 disable_adds=0
08-12 21:47:07.439 10285 10875 I DFInstaObserve: !toggles disable_feed=0 disable_explore=0 disable_reels=1 disable_stories=0 disable_adds=0
08-12 21:47:09.955 10285 11374 I DFInstaObserve: !toggles disable_feed=0 disable_explore=0 disable_reels=1 disable_stories=0 disable_adds=0
08-12 21:47:09.956 10285 11373 I DFInstaObserve: !toggles disable_feed=0 disable_explore=0 disable_reels=1 disable_stories=0 disable_adds=0
08-12 21:47:10.770 10285 11016 I DFInstaObserve: !toggles disable_feed=0 disable_explore=0 disable_reels=1 disable_stories=0 disable_adds=0
08-12 21:47:13.314 10285 11399 I DFInstaObserve: !toggles disable_feed=0 disable_explore=0 disable_reels=1 disable_stories=0 disable_adds=0
08-12 21:47:13.316 10285 11398 I DFInstaObserve: !toggles disable_feed=0 disable_explore=0 disable_reels=1 disable_stories=0 disable_adds=0
08-12 21:47:14.086 10285 10875 I DFInstaObserve: !toggles disable_feed=0 disable_explore=0 disable_reels=1 disable_stories=0 disable_adds=0
08-12 21:47:16.636 10285 11422 I DFInstaObserve: !toggles disable_feed=0 disable_explore=0 disable_reels=1 disable_stories=0 disable_adds=0
08-12 21:47:17.438 10285 11425 I DFInstaObserve: !toggles disable_feed=0 disable_explore=0 disable_reels=1 disable_stories=0 disable_adds=0
08-12 21:47:19.950 10285 11449 I DFInstaObserve: !toggles disable_feed=0 disable_explore=0 disable_reels=1 disable_stories=0 disable_adds=0
08-12 21:47:19.953 10285 11448 I DFInstaObserve: !toggles disable_feed=0 disable_explore=0 disable_reels=1 disable_stories=0 disable_adds=0
08-12 21:47:20.716 10285 10875 I DFInstaObserve: !toggles disable_feed=0 disable_explore=0 disable_reels=1 disable_stories=0 disable_adds=0
08-12 21:47:21.103 10285 10498 I DFInstaObserve: !toggles disable_feed=0 disable_explore=0 disable_reels=1 disable_stories=0 disable_adds=0
08-12 21:47:21.192 10285 10498 I DFInstaObserve: !toggles disable_feed=0 disable_explore=0 disable_reels=1 disable_stories=0 disable_adds=0
08-12 21:47:21.267 10285 10498 I DFInstaObserve: !toggles disable_feed=0 disable_explore=0 disable_reels=1 disable_stories=0 disable_adds=0
08-12 21:47:26.473 10285 10875 I DFInstaObserve: !toggles disable_feed=0 disable_explore=0 disable_reels=1 disable_stories=0 disable_adds=0
08-12 21:47:43.805 10285 11287 I DFInstaObserve: !toggles disable_feed=0 disable_explore=0 disable_reels=1 disable_stories=0 disable_adds=0
08-12 21:47:47.060 10285 11287 I DFInstaObserve: !toggles disable_feed=0 disable_explore=0 disable_reels=1 disable_stories=0 disable_adds=0
08-12 21:47:50.418 10285 11287 I DFInstaObserve: !toggles disable_feed=0 disable_explore=0 disable_reels=1 disable_stories=0 disable_adds=0
08-12 21:47:50.853 10285 11424 I DFInstaObserve: !toggles disable_feed=0 disable_explore=0 disable_reels=1 disable_stories=0 disable_adds=0
08-12 21:47:50.853 10285 11424 I DFInstaObserve: /feed/timeline/
08-12 21:47:53.881 10285 10634 I DFInstaObserve: !toggles disable_feed=0 disable_explore=0 disable_reels=1 disable_stories=0 disable_adds=0
08-12 21:47:53.889 10285 10634 I DFInstaObserve: !toggles disable_feed=0 disable_explore=0 disable_reels=1 disable_stories=0 disable_adds=0
08-12 21:47:54.153 10285 10460 I DFInstaObserve: !toggles disable_feed=0 disable_explore=0 disable_reels=1 disable_stories=0 disable_adds=0
08-12 21:47:54.194 10285 10678 I DFInstaObserve: !toggles disable_feed=0 disable_explore=0 disable_reels=1 disable_stories=0 disable_adds=0
08-12 21:47:54.213 10285 10460 I DFInstaObserve: !toggles disable_feed=0 disable_explore=0 disable_reels=1 disable_stories=0 disable_adds=0
08-12 21:47:54.250 10285 11425 I DFInstaObserve: !toggles disable_feed=0 disable_explore=0 disable_reels=1 disable_stories=0 disable_adds=0
08-12 21:47:54.286 10285 10460 I DFInstaObserve: !toggles disable_feed=0 disable_explore=0 disable_reels=1 disable_stories=0 disable_adds=0
08-12 21:47:54.336 10285 10460 I DFInstaObserve: !toggles disable_feed=0 disable_explore=0 disable_reels=1 disable_stories=0 disable_adds=0
08-12 21:47:54.450 10285 11425 I DFInstaObserve: !toggles disable_feed=0 disable_explore=0 disable_reels=1 disable_stories=0 disable_adds=0
08-12 21:47:54.711 10285 11308 I DFInstaObserve: !toggles disable_feed=0 disable_explore=0 disable_reels=1 disable_stories=0 disable_adds=0
08-12 21:47:54.811 10285 11639 I DFInstaObserve: !toggles disable_feed=0 disable_explore=0 disable_reels=1 disable_stories=0 disable_adds=0
08-12 21:47:55.149 10285 11016 I DFInstaObserve: !toggles disable_feed=0 disable_explore=0 disable_reels=1 disable_stories=0 disable_adds=0
08-12 21:47:57.248 10285 10498 I DFInstaObserve: !toggles disable_feed=0 disable_explore=0 disable_reels=1 disable_stories=0 disable_adds=0
08-12 21:47:57.357 10285 10498 I DFInstaObserve: !toggles disable_feed=0 disable_explore=0 disable_reels=1 disable_stories=0 disable_adds=0
08-12 21:48:01.443 10285 11666 I DFInstaObserve: !toggles disable_feed=0 disable_explore=0 disable_reels=1 disable_stories=0 disable_adds=0
08-12 21:48:01.500 10285 11666 I DFInstaObserve: !toggles disable_feed=0 disable_explore=0 disable_reels=1 disable_stories=0 disable_adds=0
08-12 21:48:08.414 10285 11712 I DFInstaObserve: !toggles disable_feed=0 disable_explore=0 disable_reels=1 disable_stories=0 disable_adds=0
08-12 21:48:08.414 10285 11712 I DFInstaObserve: /discover/topical_explore
08-12 21:48:08.624 10285 11778 I DFInstaObserve: !toggles disable_feed=0 disable_explore=0 disable_reels=1 disable_stories=0 disable_adds=0
08-12 21:48:08.722 10285 11791 I DFInstaObserve: !toggles disable_feed=0 disable_explore=0 disable_reels=1 disable_stories=0 disable_adds=0
08-12 21:48:09.333 10285 11815 I DFInstaObserve: !toggles disable_feed=0 disable_explore=0 disable_reels=1 disable_stories=0 disable_adds=0
08-12 21:48:10.894 10285 11787 I DFInstaObserve: !toggles disable_feed=0 disable_explore=0 disable_reels=1 disable_stories=0 disable_adds=0
08-12 21:48:11.325 10285 11807 I DFInstaObserve: !toggles disable_feed=0 disable_explore=0 disable_reels=1 disable_stories=0 disable_adds=0
08-12 21:48:11.821 10285 11845 I DFInstaObserve: !toggles disable_feed=0 disable_explore=0 disable_reels=1 disable_stories=0 disable_adds=0
08-12 21:48:12.064 10285 11861 I DFInstaObserve: !toggles disable_feed=0 disable_explore=0 disable_reels=1 disable_stories=0 disable_adds=0
08-12 21:48:14.058 10285 11853 I DFInstaObserve: !toggles disable_feed=0 disable_explore=0 disable_reels=1 disable_stories=0 disable_adds=0
08-12 21:48:14.109 10285 11842 I DFInstaObserve: !toggles disable_feed=0 disable_explore=0 disable_reels=1 disable_stories=0 disable_adds=0
08-12 21:48:14.123 10285 11853 I DFInstaObserve: !toggles disable_feed=0 disable_explore=0 disable_reels=1 disable_stories=0 disable_adds=0
08-12 21:48:14.168 10285 11842 I DFInstaObserve: !toggles disable_feed=0 disable_explore=0 disable_reels=1 disable_stories=0 disable_adds=0
08-12 21:48:16.558 10285 11853 I DFInstaObserve: !toggles disable_feed=0 disable_explore=0 disable_reels=1 disable_stories=0 disable_adds=0
08-12 21:48:16.619 10285 11842 I DFInstaObserve: !toggles disable_feed=0 disable_explore=0 disable_reels=1 disable_stories=0 disable_adds=0
08-12 21:48:21.158 10285 11842 I DFInstaObserve: !toggles disable_feed=0 disable_explore=0 disable_reels=1 disable_stories=0 disable_adds=0
08-12 21:48:21.176 10285 11853 I DFInstaObserve: !toggles disable_feed=0 disable_explore=0 disable_reels=1 disable_stories=0 disable_adds=0
08-12 21:48:21.566 10285 11308 I DFInstaObserve: !toggles disable_feed=0 disable_explore=0 disable_reels=1 disable_stories=0 disable_adds=0
08-12 21:48:21.566 10285 11308 I DFInstaObserve: /clips/discover
08-12 21:48:21.912 10285 10498 I DFInstaObserve: !toggles disable_feed=0 disable_explore=0 disable_reels=1 disable_stories=0 disable_adds=0
08-12 21:48:22.006 10285 10498 I DFInstaObserve: !toggles disable_feed=0 disable_explore=0 disable_reels=1 disable_stories=0 disable_adds=0
08-12 21:48:22.077 10285 10498 I DFInstaObserve: !toggles disable_feed=0 disable_explore=0 disable_reels=1 disable_stories=0 disable_adds=0
08-12 21:48:23.859 10285 12003 I DFInstaObserve: !toggles disable_feed=0 disable_explore=0 disable_reels=1 disable_stories=0 disable_adds=0
08-12 21:48:23.859 10285 12001 I DFInstaObserve: !toggles disable_feed=0 disable_explore=0 disable_reels=1 disable_stories=0 disable_adds=0
08-12 21:48:29.649 10285 12119 I DFInstaObserve: !toggles disable_feed=0 disable_explore=0 disable_reels=1 disable_stories=0 disable_adds=0
08-12 21:48:30.233 10285 10634 I DFInstaObserve: !toggles disable_feed=0 disable_explore=0 disable_reels=1 disable_stories=0 disable_adds=0
08-12 21:48:30.243 10285 10634 I DFInstaObserve: !toggles disable_feed=0 disable_explore=0 disable_reels=1 disable_stories=0 disable_adds=0
08-12 21:48:30.710 10285 10634 I DFInstaObserve: !toggles disable_feed=0 disable_explore=0 disable_reels=1 disable_stories=0 disable_adds=0
08-12 21:48:30.714 10285 10634 I DFInstaObserve: !toggles disable_feed=0 disable_explore=0 disable_reels=1 disable_stories=0 disable_adds=0
08-12 21:48:30.740 10285 10460 I DFInstaObserve: !toggles disable_feed=0 disable_explore=0 disable_reels=1 disable_stories=0 disable_adds=0
08-12 21:48:30.855 10285 11712 I DFInstaObserve: !toggles disable_feed=0 disable_explore=0 disable_reels=1 disable_stories=0 disable_adds=0
08-12 21:48:30.946 10285 12135 I DFInstaObserve: !toggles disable_feed=0 disable_explore=0 disable_reels=1 disable_stories=0 disable_adds=0
08-12 21:48:31.116 10285 12038 I DFInstaObserve: !toggles disable_feed=0 disable_explore=0 disable_reels=1 disable_stories=0 disable_adds=0
08-12 21:48:31.124 10285 10460 I DFInstaObserve: !toggles disable_feed=0 disable_explore=0 disable_reels=1 disable_stories=0 disable_adds=0
08-12 21:48:31.164 10285 10460 I DFInstaObserve: !toggles disable_feed=0 disable_explore=0 disable_reels=1 disable_stories=0 disable_adds=0
08-12 21:48:31.198 10285 12035 I DFInstaObserve: !toggles disable_feed=0 disable_explore=0 disable_reels=1 disable_stories=0 disable_adds=0
08-12 21:48:31.229 10285 10460 I DFInstaObserve: !toggles disable_feed=0 disable_explore=0 disable_reels=1 disable_stories=0 disable_adds=0
08-12 21:48:31.261 10285 10460 I DFInstaObserve: !toggles disable_feed=0 disable_explore=0 disable_reels=1 disable_stories=0 disable_adds=0
08-12 21:48:31.294 10285 12038 I DFInstaObserve: !toggles disable_feed=0 disable_explore=0 disable_reels=1 disable_stories=0 disable_adds=0
08-12 21:48:31.344 10285 10460 I DFInstaObserve: !toggles disable_feed=0 disable_explore=0 disable_reels=1 disable_stories=0 disable_adds=0
08-12 21:48:31.357 10285 11712 I DFInstaObserve: !toggles disable_feed=0 disable_explore=0 disable_reels=1 disable_stories=0 disable_adds=0
08-12 21:48:31.376 10285 10460 I DFInstaObserve: !toggles disable_feed=0 disable_explore=0 disable_reels=1 disable_stories=0 disable_adds=0
08-12 21:48:31.397 10285 12035 I DFInstaObserve: !toggles disable_feed=0 disable_explore=0 disable_reels=1 disable_stories=0 disable_adds=0
08-12 21:48:31.448 10285 12038 I DFInstaObserve: !toggles disable_feed=0 disable_explore=0 disable_reels=1 disable_stories=0 disable_adds=0
08-12 21:48:31.554 10285 12135 I DFInstaObserve: !toggles disable_feed=0 disable_explore=0 disable_reels=1 disable_stories=0 disable_adds=0
08-12 21:48:31.587 10285 12144 I DFInstaObserve: !toggles disable_feed=0 disable_explore=0 disable_reels=1 disable_stories=0 disable_adds=0
08-12 21:48:31.647 10285 12144 I DFInstaObserve: !toggles disable_feed=0 disable_explore=0 disable_reels=1 disable_stories=0 disable_adds=0
08-12 21:48:31.761 10285 12038 I DFInstaObserve: !toggles disable_feed=0 disable_explore=0 disable_reels=1 disable_stories=0 disable_adds=0
08-12 21:48:31.977 10285 10460 I DFInstaObserve: !toggles disable_feed=0 disable_explore=0 disable_reels=1 disable_stories=0 disable_adds=0
08-12 21:48:32.016 10285 10460 I DFInstaObserve: !toggles disable_feed=0 disable_explore=0 disable_reels=1 disable_stories=0 disable_adds=0
08-12 21:48:32.075 10285 10460 I DFInstaObserve: !toggles disable_feed=0 disable_explore=0 disable_reels=1 disable_stories=0 disable_adds=0
08-12 21:48:32.117 10285 10460 I DFInstaObserve: !toggles disable_feed=0 disable_explore=0 disable_reels=1 disable_stories=0 disable_adds=0
08-12 21:48:32.150 10285 12122 I DFInstaObserve: !toggles disable_feed=0 disable_explore=0 disable_reels=1 disable_stories=0 disable_adds=0
08-12 21:48:32.154 10285 12119 I DFInstaObserve: !toggles disable_feed=0 disable_explore=0 disable_reels=1 disable_stories=0 disable_adds=0
08-12 21:48:32.290 10285 10460 I DFInstaObserve: !toggles disable_feed=0 disable_explore=0 disable_reels=1 disable_stories=0 disable_adds=0
08-12 21:48:32.330 10285 10460 I DFInstaObserve: !toggles disable_feed=0 disable_explore=0 disable_reels=1 disable_stories=0 disable_adds=0
08-12 21:48:32.472 10285 10460 I DFInstaObserve: !toggles disable_feed=0 disable_explore=0 disable_reels=1 disable_stories=0 disable_adds=0
08-12 21:48:32.508 10285 10460 I DFInstaObserve: !toggles disable_feed=0 disable_explore=0 disable_reels=1 disable_stories=0 disable_adds=0
08-12 21:48:32.644 10285 10460 I DFInstaObserve: !toggles disable_feed=0 disable_explore=0 disable_reels=1 disable_stories=0 disable_adds=0
08-12 21:48:32.974 10285 12166 I DFInstaObserve: !toggles disable_feed=0 disable_explore=0 disable_reels=1 disable_stories=0 disable_adds=0
08-12 21:48:33.252 10285 10460 I DFInstaObserve: !toggles disable_feed=0 disable_explore=0 disable_reels=1 disable_stories=0 disable_adds=0
08-12 21:48:33.352 10285 10460 I DFInstaObserve: !toggles disable_feed=0 disable_explore=0 disable_reels=1 disable_stories=0 disable_adds=0
08-12 21:48:35.508 10285 12166 I DFInstaObserve: !toggles disable_feed=0 disable_explore=0 disable_reels=1 disable_stories=0 disable_adds=0
08-12 21:48:35.508 10285 12167 I DFInstaObserve: !toggles disable_feed=0 disable_explore=0 disable_reels=1 disable_stories=0 disable_adds=0
08-12 21:48:36.932 10285 10460 I DFInstaObserve: !toggles disable_feed=0 disable_explore=0 disable_reels=1 disable_stories=0 disable_adds=0
08-12 21:48:37.006 10285 10460 I DFInstaObserve: !toggles disable_feed=0 disable_explore=0 disable_reels=1 disable_stories=0 disable_adds=0
08-12 21:48:38.830 10285 12199 I DFInstaObserve: !toggles disable_feed=0 disable_explore=0 disable_reels=1 disable_stories=0 disable_adds=0
08-12 21:48:38.833 10285 12198 I DFInstaObserve: !toggles disable_feed=0 disable_explore=0 disable_reels=1 disable_stories=0 disable_adds=0
08-12 21:48:39.938 10285 10460 I DFInstaObserve: !toggles disable_feed=0 disable_explore=0 disable_reels=1 disable_stories=0 disable_adds=0
08-12 21:48:40.104 10285 10460 I DFInstaObserve: !toggles disable_feed=0 disable_explore=0 disable_reels=1 disable_stories=0 disable_adds=0
08-12 21:48:42.145 10285 12224 I DFInstaObserve: !toggles disable_feed=0 disable_explore=0 disable_reels=1 disable_stories=0 disable_adds=0
08-12 21:48:42.149 10285 12225 I DFInstaObserve: !toggles disable_feed=0 disable_explore=0 disable_reels=1 disable_stories=0 disable_adds=0
08-12 21:48:43.226 10285 10460 I DFInstaObserve: !toggles disable_feed=0 disable_explore=0 disable_reels=1 disable_stories=0 disable_adds=0
08-12 21:48:43.328 10285 10460 I DFInstaObserve: !toggles disable_feed=0 disable_explore=0 disable_reels=1 disable_stories=0 disable_adds=0
08-12 21:48:45.459 10285 12254 I DFInstaObserve: !toggles disable_feed=0 disable_explore=0 disable_reels=1 disable_stories=0 disable_adds=0
08-12 21:48:45.463 10285 12251 I DFInstaObserve: !toggles disable_feed=0 disable_explore=0 disable_reels=1 disable_stories=0 disable_adds=0
08-12 21:48:46.226 10285 12144 I DFInstaObserve: !toggles disable_feed=0 disable_explore=0 disable_reels=1 disable_stories=0 disable_adds=0
08-12 21:48:46.478 10285 10498 I DFInstaObserve: !toggles disable_feed=0 disable_explore=0 disable_reels=1 disable_stories=0 disable_adds=0
08-12 21:48:46.784 10285 10498 I DFInstaObserve: !toggles disable_feed=0 disable_explore=0 disable_reels=1 disable_stories=0 disable_adds=0
08-12 21:48:46.872 10285 10498 I DFInstaObserve: !toggles disable_feed=0 disable_explore=0 disable_reels=1 disable_stories=0 disable_adds=0
08-12 21:49:09.331 10285 12142 I DFInstaObserve: !toggles disable_feed=0 disable_explore=0 disable_reels=1 disable_stories=0 disable_adds=0
08-12 21:49:13.165 10285 12179 I DFInstaObserve: !toggles disable_feed=0 disable_explore=0 disable_reels=1 disable_stories=0 disable_adds=0
08-12 21:49:13.165 10285 12179 I DFInstaObserve: /feed/timeline/
08-12 21:49:15.170 10285 12142 I DFInstaObserve: !toggles disable_feed=0 disable_explore=0 disable_reels=1 disable_stories=0 disable_adds=0
08-12 21:49:15.178 10285 12142 I DFInstaObserve: !toggles disable_feed=0 disable_explore=0 disable_reels=1 disable_stories=0 disable_adds=0
08-12 21:49:15.470 10285 10460 I DFInstaObserve: !toggles disable_feed=0 disable_explore=0 disable_reels=1 disable_stories=0 disable_adds=0
08-12 21:49:15.506 10285 10460 I DFInstaObserve: !toggles disable_feed=0 disable_explore=0 disable_reels=1 disable_stories=0 disable_adds=0
08-12 21:49:15.543 10285 10460 I DFInstaObserve: !toggles disable_feed=0 disable_explore=0 disable_reels=1 disable_stories=0 disable_adds=0
08-12 21:49:15.577 10285 12144 I DFInstaObserve: !toggles disable_feed=0 disable_explore=0 disable_reels=1 disable_stories=0 disable_adds=0
08-12 21:49:15.589 10285 10460 I DFInstaObserve: !toggles disable_feed=0 disable_explore=0 disable_reels=1 disable_stories=0 disable_adds=0
08-12 21:49:15.660 10285 10460 I DFInstaObserve: !toggles disable_feed=0 disable_explore=0 disable_reels=1 disable_stories=0 disable_adds=0
08-12 21:49:15.849 10285 12399 I DFInstaObserve: !toggles disable_feed=0 disable_explore=0 disable_reels=1 disable_stories=0 disable_adds=0
08-12 21:49:15.901 10285 10460 I DFInstaObserve: !toggles disable_feed=0 disable_explore=0 disable_reels=1 disable_stories=0 disable_adds=0
08-12 21:49:16.152 10285 12398 I DFInstaObserve: !toggles disable_feed=0 disable_explore=0 disable_reels=1 disable_stories=0 disable_adds=0
08-12 21:49:16.428 10285 12144 I DFInstaObserve: !toggles disable_feed=0 disable_explore=0 disable_reels=1 disable_stories=0 disable_adds=0
08-12 21:49:16.646 10285 11831 I DFInstaObserve: !toggles disable_feed=0 disable_explore=0 disable_reels=1 disable_stories=0 disable_adds=0
08-12 21:49:16.806 10285 12179 I DFInstaObserve: !toggles disable_feed=0 disable_explore=0 disable_reels=1 disable_stories=0 disable_adds=0
08-12 21:49:19.359 10285 10634 I DFInstaObserve: !toggles disable_feed=0 disable_explore=0 disable_reels=1 disable_stories=0 disable_adds=0
08-12 21:49:20.096 10285 12142 I DFInstaObserve: !toggles disable_feed=0 disable_explore=0 disable_reels=1 disable_stories=0 disable_adds=0
08-12 21:49:22.595 10285 10498 I DFInstaObserve: !toggles disable_feed=0 disable_explore=0 disable_reels=1 disable_stories=0 disable_adds=0
08-12 21:49:22.689 10285 10498 I DFInstaObserve: !toggles disable_feed=0 disable_explore=0 disable_reels=1 disable_stories=0 disable_adds=0
08-12 21:49:26.981 10285 12442 I DFInstaObserve: !toggles disable_feed=0 disable_explore=0 disable_reels=1 disable_stories=0 disable_adds=0
08-12 21:49:27.008 10285 12442 I DFInstaObserve: !toggles disable_feed=0 disable_explore=0 disable_reels=1 disable_stories=0 disable_adds=0
08-12 21:49:30.639 10285 12399 I DFInstaObserve: !toggles disable_feed=0 disable_explore=0 disable_reels=1 disable_stories=0 disable_adds=0
08-12 21:49:30.639 10285 12399 I DFInstaObserve: /discover/topical_explore
08-12 21:49:30.820 10285 12473 I DFInstaObserve: !toggles disable_feed=0 disable_explore=0 disable_reels=1 disable_stories=0 disable_adds=0
08-12 21:49:31.125 10285 12488 I DFInstaObserve: !toggles disable_feed=0 disable_explore=0 disable_reels=1 disable_stories=0 disable_adds=0
08-12 21:49:32.885 10285 12472 I DFInstaObserve: !toggles disable_feed=0 disable_explore=0 disable_reels=1 disable_stories=0 disable_adds=0
08-12 21:49:33.109 10285 12480 I DFInstaObserve: !toggles disable_feed=0 disable_explore=0 disable_reels=1 disable_stories=0 disable_adds=0
08-12 21:49:34.409 10285 10634 I DFInstaObserve: !toggles disable_feed=0 disable_explore=0 disable_reels=1 disable_stories=0 disable_adds=0
08-12 21:49:34.413 10285 10634 I DFInstaObserve: !toggles disable_feed=0 disable_explore=0 disable_reels=1 disable_stories=0 disable_adds=0
08-12 21:49:34.776 10285 12525 I DFInstaObserve: !toggles disable_feed=0 disable_explore=0 disable_reels=1 disable_stories=0 disable_adds=0
08-12 21:49:34.795 10285 12531 I DFInstaObserve: !toggles disable_feed=0 disable_explore=0 disable_reels=1 disable_stories=0 disable_adds=0
08-12 21:49:34.804 10285 10634 I DFInstaObserve: !toggles disable_feed=0 disable_explore=0 disable_reels=1 disable_stories=0 disable_adds=0
08-12 21:49:34.819 10285 12519 I DFInstaObserve: !toggles disable_feed=0 disable_explore=0 disable_reels=1 disable_stories=0 disable_adds=0
08-12 21:49:34.918 10285 10460 I DFInstaObserve: !toggles disable_feed=0 disable_explore=0 disable_reels=1 disable_stories=0 disable_adds=0
08-12 21:49:34.970 10285 12398 I DFInstaObserve: !toggles disable_feed=0 disable_explore=0 disable_reels=1 disable_stories=0 disable_adds=0
08-12 21:49:35.054 10285 12477 I DFInstaObserve: !toggles disable_feed=0 disable_explore=0 disable_reels=1 disable_stories=0 disable_adds=0
08-12 21:49:35.081 10285 10460 I DFInstaObserve: !toggles disable_feed=0 disable_explore=0 disable_reels=1 disable_stories=0 disable_adds=0
08-12 21:49:35.089 10285 12500 I DFInstaObserve: !toggles disable_feed=0 disable_explore=0 disable_reels=1 disable_stories=0 disable_adds=0
08-12 21:49:35.136 10285 10460 I DFInstaObserve: !toggles disable_feed=0 disable_explore=0 disable_reels=1 disable_stories=0 disable_adds=0
08-12 21:49:35.201 10285 12398 I DFInstaObserve: !toggles disable_feed=0 disable_explore=0 disable_reels=1 disable_stories=0 disable_adds=0
08-12 21:49:35.215 10285 10460 I DFInstaObserve: !toggles disable_feed=0 disable_explore=0 disable_reels=1 disable_stories=0 disable_adds=0
08-12 21:49:35.246 10285 11831 I DFInstaObserve: !toggles disable_feed=0 disable_explore=0 disable_reels=1 disable_stories=0 disable_adds=0
08-12 21:49:35.307 10285 12477 I DFInstaObserve: !toggles disable_feed=0 disable_explore=0 disable_reels=1 disable_stories=0 disable_adds=0
08-12 21:49:35.395 10285 10460 I DFInstaObserve: !toggles disable_feed=0 disable_explore=0 disable_reels=1 disable_stories=0 disable_adds=0
08-12 21:49:35.417 10285 12398 I DFInstaObserve: !toggles disable_feed=0 disable_explore=0 disable_reels=1 disable_stories=0 disable_adds=0
08-12 21:49:35.450 10285 11831 I DFInstaObserve: !toggles disable_feed=0 disable_explore=0 disable_reels=1 disable_stories=0 disable_adds=0
08-12 21:49:35.495 10285 12501 I DFInstaObserve: !toggles disable_feed=0 disable_explore=0 disable_reels=1 disable_stories=0 disable_adds=0
08-12 21:49:35.496 10285 10460 I DFInstaObserve: !toggles disable_feed=0 disable_explore=0 disable_reels=1 disable_stories=0 disable_adds=0
08-12 21:49:35.556 10285 10460 I DFInstaObserve: !toggles disable_feed=0 disable_explore=0 disable_reels=1 disable_stories=0 disable_adds=0
08-12 21:49:35.605 10285 12399 I DFInstaObserve: !toggles disable_feed=0 disable_explore=0 disable_reels=1 disable_stories=0 disable_adds=0
08-12 21:49:35.656 10285 12398 I DFInstaObserve: !toggles disable_feed=0 disable_explore=0 disable_reels=1 disable_stories=0 disable_adds=0
08-12 21:49:35.706 10285 10460 I DFInstaObserve: !toggles disable_feed=0 disable_explore=0 disable_reels=1 disable_stories=0 disable_adds=0
08-12 21:49:35.747 10285 10460 I DFInstaObserve: !toggles disable_feed=0 disable_explore=0 disable_reels=1 disable_stories=0 disable_adds=0
08-12 21:49:35.767 10285 12398 I DFInstaObserve: !toggles disable_feed=0 disable_explore=0 disable_reels=1 disable_stories=0 disable_adds=0
08-12 21:49:35.828 10285 10460 I DFInstaObserve: !toggles disable_feed=0 disable_explore=0 disable_reels=1 disable_stories=0 disable_adds=0
08-12 21:49:35.864 10285 12500 I DFInstaObserve: !toggles disable_feed=0 disable_explore=0 disable_reels=1 disable_stories=0 disable_adds=0
08-12 21:49:35.868 10285 10460 I DFInstaObserve: !toggles disable_feed=0 disable_explore=0 disable_reels=1 disable_stories=0 disable_adds=0
08-12 21:49:36.145 10285 10460 I DFInstaObserve: !toggles disable_feed=0 disable_explore=0 disable_reels=1 disable_stories=0 disable_adds=0
08-12 21:49:36.184 10285 10460 I DFInstaObserve: !toggles disable_feed=0 disable_explore=0 disable_reels=1 disable_stories=0 disable_adds=0
08-12 21:49:36.235 10285 12509 I DFInstaObserve: !toggles disable_feed=0 disable_explore=0 disable_reels=1 disable_stories=0 disable_adds=0
08-12 21:49:36.251 10285 10460 I DFInstaObserve: !toggles disable_feed=0 disable_explore=0 disable_reels=1 disable_stories=0 disable_adds=0
08-12 21:49:36.268 10285 12509 I DFInstaObserve: !toggles disable_feed=0 disable_explore=0 disable_reels=1 disable_stories=0 disable_adds=0
08-12 21:49:36.288 10285 10460 I DFInstaObserve: !toggles disable_feed=0 disable_explore=0 disable_reels=1 disable_stories=0 disable_adds=0
08-12 21:49:36.306 10285 12515 I DFInstaObserve: !toggles disable_feed=0 disable_explore=0 disable_reels=1 disable_stories=0 disable_adds=0
08-12 21:49:36.358 10285 12515 I DFInstaObserve: !toggles disable_feed=0 disable_explore=0 disable_reels=1 disable_stories=0 disable_adds=0
08-12 21:49:36.366 10285 10460 I DFInstaObserve: !toggles disable_feed=0 disable_explore=0 disable_reels=1 disable_stories=0 disable_adds=0
08-12 21:49:37.325 10285 12544 I DFInstaObserve: !toggles disable_feed=0 disable_explore=0 disable_reels=1 disable_stories=0 disable_adds=0
08-12 21:49:37.325 10285 12544 I DFInstaObserve: /discover/topical_explore
08-12 21:49:37.545 10285 12558 I DFInstaObserve: !toggles disable_feed=0 disable_explore=0 disable_reels=1 disable_stories=0 disable_adds=0
08-12 21:49:37.672 10285 12581 I DFInstaObserve: !toggles disable_feed=0 disable_explore=0 disable_reels=1 disable_stories=0 disable_adds=0
08-12 21:49:39.650 10285 12557 I DFInstaObserve: !toggles disable_feed=0 disable_explore=0 disable_reels=1 disable_stories=0 disable_adds=0
08-12 21:49:39.877 10285 12580 I DFInstaObserve: !toggles disable_feed=0 disable_explore=0 disable_reels=1 disable_stories=0 disable_adds=0
08-12 21:49:40.774 10285 12519 I DFInstaObserve: !toggles disable_feed=0 disable_explore=0 disable_reels=1 disable_stories=0 disable_adds=0
08-12 21:49:40.788 10285 12615 I DFInstaObserve: !toggles disable_feed=0 disable_explore=0 disable_reels=1 disable_stories=0 disable_adds=0
08-12 21:49:40.804 10285 12519 I DFInstaObserve: !toggles disable_feed=0 disable_explore=0 disable_reels=1 disable_stories=0 disable_adds=0
08-12 21:49:40.907 10285 10460 I DFInstaObserve: !toggles disable_feed=0 disable_explore=0 disable_reels=1 disable_stories=0 disable_adds=0
08-12 21:49:40.940 10285 10678 I DFInstaObserve: !toggles disable_feed=0 disable_explore=0 disable_reels=1 disable_stories=0 disable_adds=0
08-12 21:49:41.039 10285 12641 I DFInstaObserve: !toggles disable_feed=0 disable_explore=0 disable_reels=1 disable_stories=0 disable_adds=0
08-12 21:49:41.118 10285 10460 I DFInstaObserve: !toggles disable_feed=0 disable_explore=0 disable_reels=1 disable_stories=0 disable_adds=0
08-12 21:49:41.167 10285 10678 I DFInstaObserve: !toggles disable_feed=0 disable_explore=0 disable_reels=1 disable_stories=0 disable_adds=0
08-12 21:49:41.184 10285 10678 I DFInstaObserve: !toggles disable_feed=0 disable_explore=0 disable_reels=1 disable_stories=0 disable_adds=0
08-12 21:49:41.189 10285 12501 I DFInstaObserve: !toggles disable_feed=0 disable_explore=0 disable_reels=1 disable_stories=0 disable_adds=0
08-12 21:49:41.189 10285 12501 I DFInstaObserve: /discover/topical_explore
08-12 21:49:41.265 10285 12399 I DFInstaObserve: !toggles disable_feed=0 disable_explore=0 disable_reels=1 disable_stories=0 disable_adds=0
08-12 21:49:41.320 10285 12637 I DFInstaObserve: !toggles disable_feed=0 disable_explore=0 disable_reels=1 disable_stories=0 disable_adds=0
08-12 21:49:41.342 10285 10460 I DFInstaObserve: !toggles disable_feed=0 disable_explore=0 disable_reels=1 disable_stories=0 disable_adds=0
08-12 21:49:41.485 10285 12625 I DFInstaObserve: !toggles disable_feed=0 disable_explore=0 disable_reels=1 disable_stories=0 disable_adds=0
08-12 21:49:41.581 10285 10460 I DFInstaObserve: !toggles disable_feed=0 disable_explore=0 disable_reels=1 disable_stories=0 disable_adds=0
08-12 21:49:41.591 10285 12398 I DFInstaObserve: !toggles disable_feed=0 disable_explore=0 disable_reels=1 disable_stories=0 disable_adds=0
08-12 21:49:41.633 10285 10460 I DFInstaObserve: !toggles disable_feed=0 disable_explore=0 disable_reels=1 disable_stories=0 disable_adds=0
08-12 21:49:41.675 10285 12544 I DFInstaObserve: !toggles disable_feed=0 disable_explore=0 disable_reels=1 disable_stories=0 disable_adds=0
08-12 21:49:41.752 10285 12477 I DFInstaObserve: !toggles disable_feed=0 disable_explore=0 disable_reels=1 disable_stories=0 disable_adds=0
08-12 21:49:41.766 10285 10460 I DFInstaObserve: !toggles disable_feed=0 disable_explore=0 disable_reels=1 disable_stories=0 disable_adds=0
08-12 21:49:41.802 10285 12635 I DFInstaObserve: !toggles disable_feed=0 disable_explore=0 disable_reels=1 disable_stories=0 disable_adds=0
08-12 21:49:41.806 10285 10460 I DFInstaObserve: !toggles disable_feed=0 disable_explore=0 disable_reels=1 disable_stories=0 disable_adds=0
08-12 21:49:41.941 10285 10460 I DFInstaObserve: !toggles disable_feed=0 disable_explore=0 disable_reels=1 disable_stories=0 disable_adds=0
08-12 21:49:41.977 10285 10460 I DFInstaObserve: !toggles disable_feed=0 disable_explore=0 disable_reels=1 disable_stories=0 disable_adds=0
08-12 21:49:42.123 10285 10460 I DFInstaObserve: !toggles disable_feed=0 disable_explore=0 disable_reels=1 disable_stories=0 disable_adds=0
08-12 21:49:42.202 10285 10460 I DFInstaObserve: !toggles disable_feed=0 disable_explore=0 disable_reels=1 disable_stories=0 disable_adds=0
08-12 21:49:42.325 10285 10460 I DFInstaObserve: !toggles disable_feed=0 disable_explore=0 disable_reels=1 disable_stories=0 disable_adds=0
08-12 21:49:42.365 10285 10460 I DFInstaObserve: !toggles disable_feed=0 disable_explore=0 disable_reels=1 disable_stories=0 disable_adds=0
08-12 21:49:42.410 10285 10460 I DFInstaObserve: !toggles disable_feed=0 disable_explore=0 disable_reels=1 disable_stories=0 disable_adds=0
08-12 21:49:42.436 10285 10460 I DFInstaObserve: !toggles disable_feed=0 disable_explore=0 disable_reels=1 disable_stories=0 disable_adds=0
08-12 21:49:42.639 10285 10460 I DFInstaObserve: !toggles disable_feed=0 disable_explore=0 disable_reels=1 disable_stories=0 disable_adds=0
08-12 21:49:43.236 10285 12639 I DFInstaObserve: !toggles disable_feed=0 disable_explore=0 disable_reels=1 disable_stories=0 disable_adds=0
08-12 21:49:44.473 10285 12700 I DFInstaObserve: !toggles disable_feed=0 disable_explore=0 disable_reels=1 disable_stories=0 disable_adds=0
08-12 21:49:46.461 10285 12692 I DFInstaObserve: !toggles disable_feed=0 disable_explore=0 disable_reels=1 disable_stories=0 disable_adds=0
08-12 21:49:46.534 10285 12692 I DFInstaObserve: !toggles disable_feed=0 disable_explore=0 disable_reels=1 disable_stories=0 disable_adds=0
08-12 21:49:46.540 10285 12685 I DFInstaObserve: !toggles disable_feed=0 disable_explore=0 disable_reels=1 disable_stories=0 disable_adds=0
08-12 21:49:47.216 10285 12501 I DFInstaObserve: !toggles disable_feed=0 disable_explore=0 disable_reels=1 disable_stories=0 disable_adds=0
08-12 21:49:47.216 10285 12501 I DFInstaObserve: /clips/discover
08-12 21:49:47.354 10285 10498 I DFInstaObserve: !toggles disable_feed=0 disable_explore=0 disable_reels=1 disable_stories=0 disable_adds=0
08-12 21:49:47.427 10285 10460 I DFInstaObserve: !toggles disable_feed=0 disable_explore=0 disable_reels=1 disable_stories=0 disable_adds=0
08-12 21:49:47.499 10285 10498 I DFInstaObserve: !toggles disable_feed=0 disable_explore=0 disable_reels=1 disable_stories=0 disable_adds=0
08-12 21:49:47.620 10285 10460 I DFInstaObserve: !toggles disable_feed=0 disable_explore=0 disable_reels=1 disable_stories=0 disable_adds=0
08-12 21:49:47.636 10285 10498 I DFInstaObserve: !toggles disable_feed=0 disable_explore=0 disable_reels=1 disable_stories=0 disable_adds=0
08-12 21:49:47.741 10285 10498 I DFInstaObserve: !toggles disable_feed=0 disable_explore=0 disable_reels=1 disable_stories=0 disable_adds=0
08-12 21:49:47.826 10285 10498 I DFInstaObserve: !toggles disable_feed=0 disable_explore=0 disable_reels=1 disable_stories=0 disable_adds=0
08-12 21:49:49.597 10285 12748 I DFInstaObserve: !toggles disable_feed=0 disable_explore=0 disable_reels=1 disable_stories=0 disable_adds=0
08-12 21:49:49.597 10285 12747 I DFInstaObserve: !toggles disable_feed=0 disable_explore=0 disable_reels=1 disable_stories=0 disable_adds=0
08-12 21:49:52.064 10285 12748 I DFInstaObserve: !toggles disable_feed=0 disable_explore=0 disable_reels=1 disable_stories=0 disable_adds=0
08-12 21:49:52.065 10285 12747 I DFInstaObserve: !toggles disable_feed=0 disable_explore=0 disable_reels=1 disable_stories=0 disable_adds=0
08-12 21:49:55.597 10285 10460 I DFInstaObserve: !toggles disable_feed=0 disable_explore=0 disable_reels=1 disable_stories=0 disable_adds=0
08-12 21:49:55.922 10285 10460 I DFInstaObserve: !toggles disable_feed=0 disable_explore=0 disable_reels=1 disable_stories=0 disable_adds=0
08-12 21:49:57.796 10285 12789 I DFInstaObserve: !toggles disable_feed=0 disable_explore=0 disable_reels=1 disable_stories=0 disable_adds=0
08-12 21:49:57.798 10285 12788 I DFInstaObserve: !toggles disable_feed=0 disable_explore=0 disable_reels=1 disable_stories=0 disable_adds=0
08-12 21:49:58.927 10285 10460 I DFInstaObserve: !toggles disable_feed=0 disable_explore=0 disable_reels=1 disable_stories=0 disable_adds=0
08-12 21:49:59.034 10285 10460 I DFInstaObserve: !toggles disable_feed=0 disable_explore=0 disable_reels=1 disable_stories=0 disable_adds=0
08-12 21:50:01.120 10285 12814 I DFInstaObserve: !toggles disable_feed=0 disable_explore=0 disable_reels=1 disable_stories=0 disable_adds=0
08-12 21:50:01.123 10285 12813 I DFInstaObserve: !toggles disable_feed=0 disable_explore=0 disable_reels=1 disable_stories=0 disable_adds=0
08-12 21:50:02.303 10285 10460 I DFInstaObserve: !toggles disable_feed=0 disable_explore=0 disable_reels=1 disable_stories=0 disable_adds=0
08-12 21:50:02.490 10285 10460 I DFInstaObserve: !toggles disable_feed=0 disable_explore=0 disable_reels=1 disable_stories=0 disable_adds=0
08-12 21:50:04.475 10285 12851 I DFInstaObserve: !toggles disable_feed=0 disable_explore=0 disable_reels=1 disable_stories=0 disable_adds=0
08-12 21:50:04.487 10285 12840 I DFInstaObserve: !toggles disable_feed=0 disable_explore=0 disable_reels=1 disable_stories=0 disable_adds=0
08-12 21:50:05.571 10285 10460 I DFInstaObserve: !toggles disable_feed=0 disable_explore=0 disable_reels=1 disable_stories=0 disable_adds=0
08-12 21:50:05.810 10285 10460 I DFInstaObserve: !toggles disable_feed=0 disable_explore=0 disable_reels=1 disable_stories=0 disable_adds=0
08-12 21:50:07.798 10285 12884 I DFInstaObserve: !toggles disable_feed=0 disable_explore=0 disable_reels=1 disable_stories=0 disable_adds=0
08-12 21:50:07.798 10285 12874 I DFInstaObserve: !toggles disable_feed=0 disable_explore=0 disable_reels=1 disable_stories=0 disable_adds=0
08-12 21:50:08.853 10285 12615 I DFInstaObserve: !toggles disable_feed=0 disable_explore=0 disable_reels=1 disable_stories=0 disable_adds=0
08-12 21:50:08.879 10285 12615 I DFInstaObserve: !toggles disable_feed=0 disable_explore=0 disable_reels=1 disable_stories=0 disable_adds=0
08-12 21:50:08.921 10285 10460 I DFInstaObserve: !toggles disable_feed=0 disable_explore=0 disable_reels=1 disable_stories=0 disable_adds=0
08-12 21:50:09.376 10285 10460 I DFInstaObserve: !toggles disable_feed=0 disable_explore=0 disable_reels=1 disable_stories=0 disable_adds=0
08-12 21:50:11.127 10285 12926 I DFInstaObserve: !toggles disable_feed=0 disable_explore=0 disable_reels=1 disable_stories=0 disable_adds=0
08-12 21:50:11.129 10285 12925 I DFInstaObserve: !toggles disable_feed=0 disable_explore=0 disable_reels=1 disable_stories=0 disable_adds=0
