08-12 19:11:21.391 20117 20191 I DFInstaObserve: !toggles disable_feed=0 disable_explore=1 disable_reels=0 disable_stories=0 disable_adds=0
08-12 19:11:21.391 20117 20191 I DFInstaObserve: /feed/reels_tray/
08-12 19:11:21.395 20117 20169 I DFInstaObserve: !toggles disable_feed=0 disable_explore=1 disable_reels=0 disable_stories=0 disable_adds=0
08-12 19:11:21.395 20117 20169 I DFInstaObserve: /feed/timeline/
08-12 19:11:21.540 20117 20180 I DFInstaObserve: !toggles disable_feed=0 disable_explore=1 disable_reels=0 disable_stories=0 disable_adds=0
08-12 19:11:21.540 20117 20180 I DFInstaObserve: /clips/discover
08-12 19:11:21.540 20117 20180 I DFInstaObserve: /clips/discover/stream/
08-12 19:11:21.686 20117 20310 I DFInstaObserve: !toggles disable_feed=0 disable_explore=1 disable_reels=0 disable_stories=0 disable_adds=0
08-12 19:11:22.085 20117 20182 I DFInstaObserve: !toggles disable_feed=0 disable_explore=1 disable_reels=0 disable_stories=0 disable_adds=0
08-12 19:11:22.161 20117 20310 I DFInstaObserve: !toggles disable_feed=0 disable_explore=1 disable_reels=0 disable_stories=0 disable_adds=0
08-12 19:11:23.085 20117 20182 I DFInstaObserve: !toggles disable_feed=0 disable_explore=1 disable_reels=0 disable_stories=0 disable_adds=0
08-12 19:11:23.140 20117 20154 I DFInstaObserve: !toggles disable_feed=0 disable_explore=1 disable_reels=0 disable_stories=0 disable_adds=0
08-12 19:11:23.536 20117 20154 I DFInstaObserve: !toggles disable_feed=0 disable_explore=1 disable_reels=0 disable_stories=0 disable_adds=0
08-12 19:11:24.000 20117 20431 I DFInstaObserve: !toggles disable_feed=0 disable_explore=1 disable_reels=0 disable_stories=0 disable_adds=0
08-12 19:11:24.492 20117 20297 I DFInstaObserve: !toggles disable_feed=0 disable_explore=1 disable_reels=0 disable_stories=0 disable_adds=0
08-12 19:11:24.534 20117 20191 I DFInstaObserve: !toggles disable_feed=0 disable_explore=1 disable_reels=0 disable_stories=0 disable_adds=0
08-12 19:11:24.534 20117 20191 I DFInstaObserve: /discover/topical_explore
08-12 19:11:24.560 20117 20297 I DFInstaObserve: !toggles disable_feed=0 disable_explore=1 disable_reels=0 disable_stories=0 disable_adds=0
08-12 19:11:24.911 20117 20297 I DFInstaObserve: !toggles disable_feed=0 disable_explore=1 disable_reels=0 disable_stories=0 disable_adds=0
08-12 19:11:25.288 20117 20249 I DFInstaObserve: !toggles disable_feed=0 disable_explore=1 disable_reels=0 disable_stories=0 disable_adds=0
08-12 19:11:25.565 20117 20297 I DFInstaObserve: !toggles disable_feed=0 disable_explore=1 disable_reels=0 disable_stories=0 disable_adds=0
08-12 19:11:25.596 20117 20297 I DFInstaObserve: !toggles disable_feed=0 disable_explore=1 disable_reels=0 disable_stories=0 disable_adds=0
08-12 19:11:26.309 20117 20297 I DFInstaObserve: !toggles disable_feed=0 disable_explore=1 disable_reels=0 disable_stories=0 disable_adds=0
08-12 19:11:26.351 20117 20297 I DFInstaObserve: !toggles disable_feed=0 disable_explore=1 disable_reels=0 disable_stories=0 disable_adds=0
08-12 19:11:26.889 20117 20297 I DFInstaObserve: !toggles disable_feed=0 disable_explore=1 disable_reels=0 disable_stories=0 disable_adds=0
08-12 19:11:27.354 20117 20191 I DFInstaObserve: !toggles disable_feed=0 disable_explore=1 disable_reels=0 disable_stories=0 disable_adds=0
08-12 19:11:27.364 20117 20249 I DFInstaObserve: !toggles disable_feed=0 disable_explore=1 disable_reels=0 disable_stories=0 disable_adds=0
08-12 19:11:27.555 20117 20482 I DFInstaObserve: !toggles disable_feed=0 disable_explore=1 disable_reels=0 disable_stories=0 disable_adds=0
08-12 19:11:27.713 20117 20507 I DFInstaObserve: !toggles disable_feed=0 disable_explore=1 disable_reels=0 disable_stories=0 disable_adds=0
08-12 19:11:27.801 20117 20249 I DFInstaObserve: !toggles disable_feed=0 disable_explore=1 disable_reels=0 disable_stories=0 disable_adds=0
08-12 19:11:27.828 20117 20502 I DFInstaObserve: !toggles disable_feed=0 disable_explore=1 disable_reels=0 disable_stories=0 disable_adds=0
08-12 19:11:28.053 20117 20310 I DFInstaObserve: !toggles disable_feed=0 disable_explore=1 disable_reels=0 disable_stories=0 disable_adds=0
08-12 19:11:29.050 20117 20310 I DFInstaObserve: !toggles disable_feed=0 disable_explore=1 disable_reels=0 disable_stories=0 disable_adds=0
08-12 19:11:38.913 20117 20152 I DFInstaObserve: !toggles disable_feed=0 disable_explore=1 disable_reels=0 disable_stories=0 disable_adds=0
08-12 19:11:47.013 20117 20180 I DFInstaObserve: !toggles disable_feed=0 disable_explore=1 disable_reels=0 disable_stories=0 disable_adds=0
08-12 19:11:47.014 20117 20180 I DFInstaObserve: /feed/timeline/
08-12 19:11:47.017 20117 20249 I DFInstaObserve: !toggles disable_feed=0 disable_explore=1 disable_reels=0 disable_stories=0 disable_adds=0
08-12 19:11:47.017 20117 20249 I DFInstaObserve: /feed/reels_tray/
08-12 19:11:49.622 20117 20153 I DFInstaObserve: !toggles disable_feed=0 disable_explore=1 disable_reels=0 disable_stories=0 disable_adds=0
08-12 19:11:49.662 20117 20297 I DFInstaObserve: !toggles disable_feed=0 disable_explore=1 disable_reels=0 disable_stories=0 disable_adds=0
08-12 19:11:49.933 20117 20180 I DFInstaObserve: !toggles disable_feed=0 disable_explore=1 disable_reels=0 disable_stories=0 disable_adds=0
08-12 19:11:49.933 20117 20180 I DFInstaObserve: /feed/timeline/
08-12 19:11:52.822 20117 20152 I DFInstaObserve: !toggles disable_feed=0 disable_explore=1 disable_reels=0 disable_stories=0 disable_adds=0
08-12 19:11:52.827 20117 20152 I DFInstaObserve: !toggles disable_feed=0 disable_explore=1 disable_reels=0 disable_stories=0 disable_adds=0
08-12 19:11:52.988 20117 20297 I DFInstaObserve: !toggles disable_feed=0 disable_explore=1 disable_reels=0 disable_stories=0 disable_adds=0
08-12 19:11:53.048 20117 20297 I DFInstaObserve: !toggles disable_feed=0 disable_explore=1 disable_reels=0 disable_stories=0 disable_adds=0
08-12 19:11:53.071 20117 20508 I DFInstaObserve: !toggles disable_feed=0 disable_explore=1 disable_reels=0 disable_stories=0 disable_adds=0
08-12 19:11:53.087 20117 20297 I DFInstaObserve: !toggles disable_feed=0 disable_explore=1 disable_reels=0 disable_stories=0 disable_adds=0
08-12 19:11:53.129 20117 20297 I DFInstaObserve: !toggles disable_feed=0 disable_explore=1 disable_reels=0 disable_stories=0 disable_adds=0
08-12 19:11:53.174 20117 20297 I DFInstaObserve: !toggles disable_feed=0 disable_explore=1 disable_reels=0 disable_stories=0 disable_adds=0
08-12 19:11:53.220 20117 20180 I DFInstaObserve: !toggles disable_feed=0 disable_explore=1 disable_reels=0 disable_stories=0 disable_adds=0
08-12 19:11:53.342 20117 20249 I DFInstaObserve: !toggles disable_feed=0 disable_explore=1 disable_reels=0 disable_stories=0 disable_adds=0
08-12 19:11:53.490 20117 20508 I DFInstaObserve: !toggles disable_feed=0 disable_explore=1 disable_reels=0 disable_stories=0 disable_adds=0
08-12 19:11:53.757 20117 20635 I DFInstaObserve: !toggles disable_feed=0 disable_explore=1 disable_reels=0 disable_stories=0 disable_adds=0
08-12 19:11:58.439 20117 20153 I DFInstaObserve: !toggles disable_feed=0 disable_explore=1 disable_reels=0 disable_stories=0 disable_adds=0
08-12 19:11:58.559 20117 20153 I DFInstaObserve: !toggles disable_feed=0 disable_explore=1 disable_reels=0 disable_stories=0 disable_adds=0
08-12 19:12:05.285 20117 20152 I DFInstaObserve: !toggles disable_feed=0 disable_explore=1 disable_reels=0 disable_stories=0 disable_adds=0
08-12 19:12:08.798 20117 20152 I DFInstaObserve: !toggles disable_feed=0 disable_explore=1 disable_reels=0 disable_stories=0 disable_adds=0
08-12 19:12:09.377 20117 20153 I DFInstaObserve: !toggles disable_feed=0 disable_explore=1 disable_reels=0 disable_stories=0 disable_adds=0
08-12 19:12:18.324 20117 20249 I DFInstaObserve: !toggles disable_feed=0 disable_explore=1 disable_reels=0 disable_stories=0 disable_adds=0
08-12 19:12:18.420 20117 20635 I DFInstaObserve: !toggles disable_feed=0 disable_explore=1 disable_reels=0 disable_stories=0 disable_adds=0
08-12 19:12:18.420 20117 20635 I DFInstaObserve: /discover/topical_explore
08-12 19:12:18.425 20117 20180 I DFInstaObserve: !toggles disable_feed=0 disable_explore=1 disable_reels=0 disable_stories=0 disable_adds=0
08-12 19:12:18.998 20117 20310 I DFInstaObserve: !toggles disable_feed=0 disable_explore=1 disable_reels=0 disable_stories=0 disable_adds=0
08-12 19:12:19.144 20117 20310 I DFInstaObserve: !toggles disable_feed=0 disable_explore=1 disable_reels=0 disable_stories=0 disable_adds=0
08-12 19:12:19.313 20117 20310 I DFInstaObserve: !toggles disable_feed=0 disable_explore=1 disable_reels=0 disable_stories=0 disable_adds=0
08-12 19:12:23.490 20117 20784 I DFInstaObserve: !toggles disable_feed=0 disable_explore=1 disable_reels=0 disable_stories=0 disable_adds=0
08-12 19:12:23.617 20117 20806 I DFInstaObserve: !toggles disable_feed=0 disable_explore=1 disable_reels=0 disable_stories=0 disable_adds=0
08-12 19:12:26.363 20117 20636 I DFInstaObserve: !toggles disable_feed=0 disable_explore=1 disable_reels=0 disable_stories=0 disable_adds=0
08-12 19:12:26.363 20117 20636 I DFInstaObserve: /discover/topical_explore
08-12 19:12:28.590 20117 20835 I DFInstaObserve: !toggles disable_feed=0 disable_explore=1 disable_reels=0 disable_stories=0 disable_adds=0
08-12 19:12:29.746 20117 20977 I DFInstaObserve: !toggles disable_feed=0 disable_explore=1 disable_reels=0 disable_stories=0 disable_adds=0
08-12 19:12:29.819 20117 20977 I DFInstaObserve: !toggles disable_feed=0 disable_explore=1 disable_reels=0 disable_stories=0 disable_adds=0
08-12 19:12:30.221 20117 20180 I DFInstaObserve: !toggles disable_feed=0 disable_explore=1 disable_reels=0 disable_stories=0 disable_adds=0
08-12 19:12:30.221 20117 20180 I DFInstaObserve: /discover/topical_explore
08-12 19:12:32.380 20117 21021 I DFInstaObserve: !toggles disable_feed=0 disable_explore=1 disable_reels=0 disable_stories=0 disable_adds=0
08-12 19:12:32.438 20117 21021 I DFInstaObserve: !toggles disable_feed=0 disable_explore=1 disable_reels=0 disable_stories=0 disable_adds=0
08-12 19:12:32.444 20117 21015 I DFInstaObserve: !toggles disable_feed=0 disable_explore=1 disable_reels=0 disable_stories=0 disable_adds=0
08-12 19:12:33.718 20117 21076 I DFInstaObserve: !toggles disable_feed=0 disable_explore=1 disable_reels=0 disable_stories=0 disable_adds=0
08-12 19:12:35.629 20117 21067 I DFInstaObserve: !toggles disable_feed=0 disable_explore=1 disable_reels=0 disable_stories=0 disable_adds=0
08-12 19:12:35.860 20117 21075 I DFInstaObserve: !toggles disable_feed=0 disable_explore=1 disable_reels=0 disable_stories=0 disable_adds=0
08-12 19:12:36.629 20117 20779 I DFInstaObserve: !toggles disable_feed=0 disable_explore=1 disable_reels=0 disable_stories=0 disable_adds=0
08-12 19:12:36.629 20117 20779 I DFInstaObserve: /discover/topical_explore
08-12 19:12:37.306 20117 21101 I DFInstaObserve: !toggles disable_feed=0 disable_explore=1 disable_reels=0 disable_stories=0 disable_adds=0
08-12 19:12:37.306 20117 21101 I DFInstaObserve: /discover/topical_explore
08-12 19:12:37.882 20117 20152 I DFInstaObserve: !toggles disable_feed=0 disable_explore=1 disable_reels=0 disable_stories=0 disable_adds=0
08-12 19:12:37.890 20117 20152 I DFInstaObserve: !toggles disable_feed=0 disable_explore=1 disable_reels=0 disable_stories=0 disable_adds=0
08-12 19:12:38.006 20117 20297 I DFInstaObserve: !toggles disable_feed=0 disable_explore=1 disable_reels=0 disable_stories=0 disable_adds=0
08-12 19:12:38.007 20117 21099 I DFInstaObserve: !toggles disable_feed=0 disable_explore=1 disable_reels=0 disable_stories=0 disable_adds=0
08-12 19:12:38.084 20117 20249 I DFInstaObserve: !toggles disable_feed=0 disable_explore=1 disable_reels=0 disable_stories=0 disable_adds=0
08-12 19:12:38.162 20117 20297 I DFInstaObserve: !toggles disable_feed=0 disable_explore=1 disable_reels=0 disable_stories=0 disable_adds=0
08-12 19:12:38.175 20117 20779 I DFInstaObserve: !toggles disable_feed=0 disable_explore=1 disable_reels=0 disable_stories=0 disable_adds=0
08-12 19:12:38.233 20117 20297 I DFInstaObserve: !toggles disable_feed=0 disable_explore=1 disable_reels=0 disable_stories=0 disable_adds=0
08-12 19:12:38.256 20117 21100 I DFInstaObserve: !toggles disable_feed=0 disable_explore=1 disable_reels=0 disable_stories=0 disable_adds=0
08-12 19:12:38.386 20117 21101 I DFInstaObserve: !toggles disable_feed=0 disable_explore=1 disable_reels=0 disable_stories=0 disable_adds=0
08-12 19:12:38.423 20117 20297 I DFInstaObserve: !toggles disable_feed=0 disable_explore=1 disable_reels=0 disable_stories=0 disable_adds=0
08-12 19:12:38.433 20117 20779 I DFInstaObserve: !toggles disable_feed=0 disable_explore=1 disable_reels=0 disable_stories=0 disable_adds=0
08-12 19:12:38.471 20117 20297 I DFInstaObserve: !toggles disable_feed=0 disable_explore=1 disable_reels=0 disable_stories=0 disable_adds=0
08-12 19:12:38.471 20117 20249 I DFInstaObserve: !toggles disable_feed=0 disable_explore=1 disable_reels=0 disable_stories=0 disable_adds=0
08-12 19:12:38.506 20117 20779 I DFInstaObserve: !toggles disable_feed=0 disable_explore=1 disable_reels=0 disable_stories=0 disable_adds=0
08-12 19:12:38.548 20117 21144 I DFInstaObserve: !toggles disable_feed=0 disable_explore=1 disable_reels=0 disable_stories=0 disable_adds=0
08-12 19:12:38.624 20117 21100 I DFInstaObserve: !toggles disable_feed=0 disable_explore=1 disable_reels=0 disable_stories=0 disable_adds=0
08-12 19:12:38.696 20117 20249 I DFInstaObserve: !toggles disable_feed=0 disable_explore=1 disable_reels=0 disable_stories=0 disable_adds=0
08-12 19:12:38.728 20117 20779 I DFInstaObserve: !toggles disable_feed=0 disable_explore=1 disable_reels=0 disable_stories=0 disable_adds=0
08-12 19:12:38.730 20117 20297 I DFInstaObserve: !toggles disable_feed=0 disable_explore=1 disable_reels=0 disable_stories=0 disable_adds=0
08-12 19:12:38.825 20117 20297 I DFInstaObserve: !toggles disable_feed=0 disable_explore=1 disable_reels=0 disable_stories=0 disable_adds=0
08-12 19:12:38.940 20117 20297 I DFInstaObserve: !toggles disable_feed=0 disable_explore=1 disable_reels=0 disable_stories=0 disable_adds=0
08-12 19:12:38.964 20117 20297 I DFInstaObserve: !toggles disable_feed=0 disable_explore=1 disable_reels=0 disable_stories=0 disable_adds=0
08-12 19:12:39.018 20117 20297 I DFInstaObserve: !toggles disable_feed=0 disable_explore=1 disable_reels=0 disable_stories=0 disable_adds=0
08-12 19:12:39.074 20117 21119 I DFInstaObserve: !toggles disable_feed=0 disable_explore=1 disable_reels=0 disable_stories=0 disable_adds=0
08-12 19:12:39.228 20117 20297 I DFInstaObserve: !toggles disable_feed=0 disable_explore=1 disable_reels=0 disable_stories=0 disable_adds=0
08-12 19:12:39.278 20117 20297 I DFInstaObserve: !toggles disable_feed=0 disable_explore=1 disable_reels=0 disable_stories=0 disable_adds=0
08-12 19:12:39.298 20117 21126 I DFInstaObserve: !toggles disable_feed=0 disable_explore=1 disable_reels=0 disable_stories=0 disable_adds=0
08-12 19:12:39.313 20117 20297 I DFInstaObserve: !toggles disable_feed=0 disable_explore=1 disable_reels=0 disable_stories=0 disable_adds=0
08-12 19:12:39.331 20117 21126 I DFInstaObserve: !toggles disable_feed=0 disable_explore=1 disable_reels=0 disable_stories=0 disable_adds=0
08-12 19:12:39.469 20117 20297 I DFInstaObserve: !toggles disable_feed=0 disable_explore=1 disable_reels=0 disable_stories=0 disable_adds=0
08-12 19:12:39.526 20117 20297 I DFInstaObserve: !toggles disable_feed=0 disable_explore=1 disable_reels=0 disable_stories=0 disable_adds=0
08-12 19:12:39.840 20117 20297 I DFInstaObserve: !toggles disable_feed=0 disable_explore=1 disable_reels=0 disable_stories=0 disable_adds=0
08-12 19:12:40.218 20117 21178 I DFInstaObserve: !toggles disable_feed=0 disable_explore=1 disable_reels=0 disable_stories=0 disable_adds=0
08-12 19:12:42.418 20117 21177 I DFInstaObserve: !toggles disable_feed=0 disable_explore=1 disable_reels=0 disable_stories=0 disable_adds=0
08-12 19:12:42.768 20117 21184 I DFInstaObserve: !toggles disable_feed=0 disable_explore=1 disable_reels=0 disable_stories=0 disable_adds=0
08-12 19:12:43.569 20117 21232 I DFInstaObserve: !toggles disable_feed=0 disable_explore=1 disable_reels=0 disable_stories=0 disable_adds=0
08-12 19:12:45.555 20117 21223 I DFInstaObserve: !toggles disable_feed=0 disable_explore=1 disable_reels=0 disable_stories=0 disable_adds=0
08-12 19:12:45.774 20117 21231 I DFInstaObserve: !toggles disable_feed=0 disable_explore=1 disable_reels=0 disable_stories=0 disable_adds=0
08-12 19:12:46.357 20117 21130 I DFInstaObserve: !toggles disable_feed=0 disable_explore=1 disable_reels=0 disable_stories=0 disable_adds=0
08-12 19:12:46.376 20117 21267 I DFInstaObserve: !toggles disable_feed=0 disable_explore=1 disable_reels=0 disable_stories=0 disable_adds=0
08-12 19:12:46.509 20117 21272 I DFInstaObserve: !toggles disable_feed=0 disable_explore=1 disable_reels=0 disable_stories=0 disable_adds=0
08-12 19:12:46.704 20117 21130 I DFInstaObserve: !toggles disable_feed=0 disable_explore=1 disable_reels=0 disable_stories=0 disable_adds=0
08-12 19:12:46.712 20117 21130 I DFInstaObserve: !toggles disable_feed=0 disable_explore=1 disable_reels=0 disable_stories=0 disable_adds=0
08-12 19:12:46.761 20117 20310 I DFInstaObserve: !toggles disable_feed=0 disable_explore=1 disable_reels=0 disable_stories=0 disable_adds=0
08-12 19:12:46.780 20117 20431 I DFInstaObserve: !toggles disable_feed=0 disable_explore=1 disable_reels=0 disable_stories=0 disable_adds=0
08-12 19:12:46.795 20117 21130 I DFInstaObserve: !toggles disable_feed=0 disable_explore=1 disable_reels=0 disable_stories=0 disable_adds=0
08-12 19:12:46.820 20117 21280 I DFInstaObserve: !toggles disable_feed=0 disable_explore=1 disable_reels=0 disable_stories=0 disable_adds=0
08-12 19:12:46.861 20117 20310 I DFInstaObserve: !toggles disable_feed=0 disable_explore=1 disable_reels=0 disable_stories=0 disable_adds=0
08-12 19:12:46.873 20117 20431 I DFInstaObserve: !toggles disable_feed=0 disable_explore=1 disable_reels=0 disable_stories=0 disable_adds=0
08-12 19:12:46.970 20117 20310 I DFInstaObserve: !toggles disable_feed=0 disable_explore=1 disable_reels=0 disable_stories=0 disable_adds=0
08-12 19:12:47.061 20117 20310 I DFInstaObserve: !toggles disable_feed=0 disable_explore=1 disable_reels=0 disable_stories=0 disable_adds=0
08-12 19:12:47.151 20117 20310 I DFInstaObserve: !toggles disable_feed=0 disable_explore=1 disable_reels=0 disable_stories=0 disable_adds=0
08-12 19:12:47.224 20117 20310 I DFInstaObserve: !toggles disable_feed=0 disable_explore=1 disable_reels=0 disable_stories=0 disable_adds=0
08-12 19:12:49.087 20117 21291 I DFInstaObserve: !toggles disable_feed=0 disable_explore=1 disable_reels=0 disable_stories=0 disable_adds=0
08-12 19:12:49.088 20117 21290 I DFInstaObserve: !toggles disable_feed=0 disable_explore=1 disable_reels=0 disable_stories=0 disable_adds=0
08-12 19:12:54.450 20117 21281 I DFInstaObserve: !toggles disable_feed=0 disable_explore=1 disable_reels=0 disable_stories=0 disable_adds=0
08-12 19:12:54.450 20117 21281 I DFInstaObserve: /clips/discover
08-12 19:12:54.450 20117 21281 I DFInstaObserve: /clips/discover/stream/
08-12 19:12:54.868 20117 21130 I DFInstaObserve: !toggles disable_feed=0 disable_explore=1 disable_reels=0 disable_stories=0 disable_adds=0
08-12 19:12:54.948 20117 20152 I DFInstaObserve: !toggles disable_feed=0 disable_explore=1 disable_reels=0 disable_stories=0 disable_adds=0
08-12 19:12:57.055 20117 21331 I DFInstaObserve: !toggles disable_feed=0 disable_explore=1 disable_reels=0 disable_stories=0 disable_adds=0
08-12 19:12:57.056 20117 21266 I DFInstaObserve: !toggles disable_feed=0 disable_explore=1 disable_reels=0 disable_stories=0 disable_adds=0
08-12 19:12:58.393 20117 20152 I DFInstaObserve: !toggles disable_feed=0 disable_explore=1 disable_reels=0 disable_stories=0 disable_adds=0
08-12 19:12:58.405 20117 21130 I DFInstaObserve: !toggles disable_feed=0 disable_explore=1 disable_reels=0 disable_stories=0 disable_adds=0
08-12 19:12:58.430 20117 20297 I DFInstaObserve: !toggles disable_feed=0 disable_explore=1 disable_reels=0 disable_stories=0 disable_adds=0
08-12 19:12:58.527 20117 20152 I DFInstaObserve: !toggles disable_feed=0 disable_explore=1 disable_reels=0 disable_stories=0 disable_adds=0
08-12 19:12:58.756 20117 21370 I DFInstaObserve: !toggles disable_feed=0 disable_explore=1 disable_reels=0 disable_stories=0 disable_adds=0
08-12 19:12:58.859 20117 20297 I DFInstaObserve: !toggles disable_feed=0 disable_explore=1 disable_reels=0 disable_stories=0 disable_adds=0
08-12 19:12:59.116 20117 21130 I DFInstaObserve: !toggles disable_feed=0 disable_explore=1 disable_reels=0 disable_stories=0 disable_adds=0
08-12 19:12:59.127 20117 21130 I DFInstaObserve: !toggles disable_feed=0 disable_explore=1 disable_reels=0 disable_stories=0 disable_adds=0
08-12 19:12:59.207 20117 21281 I DFInstaObserve: !toggles disable_feed=0 disable_explore=1 disable_reels=0 disable_stories=0 disable_adds=0
08-12 19:12:59.229 20117 21372 I DFInstaObserve: !toggles disable_feed=0 disable_explore=1 disable_reels=0 disable_stories=0 disable_adds=0
08-12 19:12:59.256 20117 20297 I DFInstaObserve: !toggles disable_feed=0 disable_explore=1 disable_reels=0 disable_stories=0 disable_adds=0
08-12 19:12:59.293 20117 21370 I DFInstaObserve: !toggles disable_feed=0 disable_explore=1 disable_reels=0 disable_stories=0 disable_adds=0
08-12 19:12:59.303 20117 20297 I DFInstaObserve: !toggles disable_feed=0 disable_explore=1 disable_reels=0 disable_stories=0 disable_adds=0
08-12 19:12:59.428 20117 20297 I DFInstaObserve: !toggles disable_feed=0 disable_explore=1 disable_reels=0 disable_stories=0 disable_adds=0
08-12 19:12:59.463 20117 20297 I DFInstaObserve: !toggles disable_feed=0 disable_explore=1 disable_reels=0 disable_stories=0 disable_adds=0
08-12 19:12:59.686 20117 20297 I DFInstaObserve: !toggles disable_feed=0 disable_explore=1 disable_reels=0 disable_stories=0 disable_adds=0
08-12 19:12:59.728 20117 20297 I DFInstaObserve: !toggles disable_feed=0 disable_explore=1 disable_reels=0 disable_stories=0 disable_adds=0
08-12 19:12:59.833 20117 20297 I DFInstaObserve: !toggles disable_feed=0 disable_explore=1 disable_reels=0 disable_stories=0 disable_adds=0
08-12 19:12:59.885 20117 20297 I DFInstaObserve: !toggles disable_feed=0 disable_explore=1 disable_reels=0 disable_stories=0 disable_adds=0
08-12 19:13:00.286 20117 21357 I DFInstaObserve: !toggles disable_feed=0 disable_explore=1 disable_reels=0 disable_stories=0 disable_adds=0
08-12 19:13:00.289 20117 21356 I DFInstaObserve: !toggles disable_feed=0 disable_explore=1 disable_reels=0 disable_stories=0 disable_adds=0
08-12 19:13:01.525 20117 20152 I DFInstaObserve: !toggles disable_feed=0 disable_explore=1 disable_reels=0 disable_stories=0 disable_adds=0
08-12 19:13:03.649 20117 21387 I DFInstaObserve: !toggles disable_feed=0 disable_explore=1 disable_reels=0 disable_stories=0 disable_adds=0
08-12 19:13:03.649 20117 21388 I DFInstaObserve: !toggles disable_feed=0 disable_explore=1 disable_reels=0 disable_stories=0 disable_adds=0
08-12 19:13:04.851 20117 21429 I DFInstaObserve: !toggles disable_feed=0 disable_explore=1 disable_reels=0 disable_stories=0 disable_adds=0
08-12 19:13:04.886 20117 21429 I DFInstaObserve: !toggles disable_feed=0 disable_explore=1 disable_reels=0 disable_stories=0 disable_adds=0
08-12 19:13:10.295 20117 21454 I DFInstaObserve: !toggles disable_feed=0 disable_explore=1 disable_reels=0 disable_stories=0 disable_adds=0
08-12 19:13:10.295 20117 21453 I DFInstaObserve: !toggles disable_feed=0 disable_explore=1 disable_reels=0 disable_stories=0 disable_adds=0
08-12 19:13:11.474 20117 20152 I DFInstaObserve: !toggles disable_feed=0 disable_explore=1 disable_reels=0 disable_stories=0 disable_adds=0
08-12 19:13:13.613 20117 21487 I DFInstaObserve: !toggles disable_feed=0 disable_explore=1 disable_reels=0 disable_stories=0 disable_adds=0
08-12 19:13:13.613 20117 21488 I DFInstaObserve: !toggles disable_feed=0 disable_explore=1 disable_reels=0 disable_stories=0 disable_adds=0
