08-12 21:17:44.131 23047 23131 I DFInstaObserve: !toggles disable_feed=0 disable_explore=0 disable_reels=1 disable_stories=0 disable_adds=0
08-12 21:17:44.131 23047 23131 I DFInstaObserve: /feed/reels_tray/
08-12 21:17:44.131 23047 23109 I DFInstaObserve: !toggles disable_feed=0 disable_explore=0 disable_reels=1 disable_stories=0 disable_adds=0
08-12 21:17:44.131 23047 23109 I DFInstaObserve: /feed/timeline/
08-12 21:17:44.626 23047 23265 I DFInstaObserve: !toggles disable_feed=0 disable_explore=0 disable_reels=1 disable_stories=0 disable_adds=0
08-12 21:17:45.017 23047 23265 I DFInstaObserve: !toggles disable_feed=0 disable_explore=0 disable_reels=1 disable_stories=0 disable_adds=0
08-12 21:17:45.081 23047 23199 I DFInstaObserve: !toggles disable_feed=0 disable_explore=0 disable_reels=1 disable_stories=0 disable_adds=0
08-12 21:17:45.405 23047 23108 I DFInstaObserve: !toggles disable_feed=0 disable_explore=0 disable_reels=1 disable_stories=0 disable_adds=0
08-12 21:17:45.405 23047 23108 I DFInstaObserve: /discover/topical_explore
08-12 21:17:46.159 23047 23342 I DFInstaObserve: !toggles disable_feed=0 disable_explore=0 disable_reels=1 disable_stories=0 disable_adds=0
08-12 21:17:46.813 23047 23188 I DFInstaObserve: !toggles disable_feed=0 disable_explore=0 disable_reels=1 disable_stories=0 disable_adds=0
08-12 21:17:46.910 23047 23362 I DFInstaObserve: !toggles disable_feed=0 disable_explore=0 disable_reels=1 disable_stories=0 disable_adds=0
08-12 21:17:47.231 23047 23398 I DFInstaObserve: !toggles disable_feed=0 disable_explore=0 disable_reels=1 disable_stories=0 disable_adds=0
08-12 21:17:47.249 23047 23362 I DFInstaObserve: !toggles disable_feed=0 disable_explore=0 disable_reels=1 disable_stories=0 disable_adds=0
08-12 21:17:47.843 23047 23391 I DFInstaObserve: !toggles disable_feed=0 disable_explore=0 disable_reels=1 disable_stories=0 disable_adds=0
08-12 21:17:48.011 23047 23405 I DFInstaObserve: !toggles disable_feed=0 disable_explore=0 disable_reels=1 disable_stories=0 disable_adds=0
08-12 21:17:48.370 23047 23390 I DFInstaObserve: !toggles disable_feed=0 disable_explore=0 disable_reels=1 disable_stories=0 disable_adds=0
08-12 21:17:48.374 23047 23397 I DFInstaObserve: !toggles disable_feed=0 disable_explore=0 disable_reels=1 disable_stories=0 disable_adds=0
08-12 21:17:48.654 23047 23395 I DFInstaObserve: !toggles disable_feed=0 disable_explore=0 disable_reels=1 disable_stories=0 disable_adds=0
08-12 21:17:48.765 23047 23390 I DFInstaObserve: !toggles disable_feed=0 disable_explore=0 disable_reels=1 disable_stories=0 disable_adds=0
08-12 21:17:49.260 23047 23086 I DFInstaObserve: !toggles disable_feed=0 disable_explore=0 disable_reels=1 disable_stories=0 disable_adds=0
08-12 21:17:49.265 23047 23086 I DFInstaObserve: !toggles disable_feed=0 disable_explore=0 disable_reels=1 disable_stories=0 disable_adds=0
08-12 21:17:49.324 23047 23395 I DFInstaObserve: !toggles disable_feed=0 disable_explore=0 disable_reels=1 disable_stories=0 disable_adds=0
08-12 21:17:49.374 23047 23399 I DFInstaObserve: !toggles disable_feed=0 disable_explore=0 disable_reels=1 disable_stories=0 disable_adds=0
08-12 21:17:49.395 23047 23246 I DFInstaObserve: !toggles disable_feed=0 disable_explore=0 disable_reels=1 disable_stories=0 disable_adds=0
08-12 21:17:49.442 23047 23246 I DFInstaObserve: !toggles disable_feed=0 disable_explore=0 disable_reels=1 disable_stories=0 disable_adds=0
08-12 21:17:49.465 23047 23108 I DFInstaObserve: !toggles disable_feed=0 disable_explore=0 disable_reels=1 disable_stories=0 disable_adds=0
08-12 21:17:49.474 23047 23246 I DFInstaObserve: !toggles disable_feed=0 disable_explore=0 disable_reels=1 disable_stories=0 disable_adds=0
08-12 21:17:49.508 23047 23246 I DFInstaObserve: !toggles disable_feed=0 disable_explore=0 disable_reels=1 disable_stories=0 disable_adds=0
08-12 21:17:49.546 23047 23246 I DFInstaObserve: !toggles disable_feed=0 disable_explore=0 disable_reels=1 disable_stories=0 disable_adds=0
08-12 21:17:49.578 23047 23463 I DFInstaObserve: !toggles disable_feed=0 disable_explore=0 disable_reels=1 disable_stories=0 disable_adds=0
08-12 21:17:49.629 23047 23265 I DFInstaObserve: !toggles disable_feed=0 disable_explore=0 disable_reels=1 disable_stories=0 disable_adds=0
08-12 21:17:49.636 23047 23399 I DFInstaObserve: !toggles disable_feed=0 disable_explore=0 disable_reels=1 disable_stories=0 disable_adds=0
08-12 21:17:49.662 23047 23246 I DFInstaObserve: !toggles disable_feed=0 disable_explore=0 disable_reels=1 disable_stories=0 disable_adds=0
08-12 21:17:49.693 23047 23246 I DFInstaObserve: !toggles disable_feed=0 disable_explore=0 disable_reels=1 disable_stories=0 disable_adds=0
08-12 21:17:49.711 23047 23108 I DFInstaObserve: !toggles disable_feed=0 disable_explore=0 disable_reels=1 disable_stories=0 disable_adds=0
08-12 21:17:49.824 23047 23390 I DFInstaObserve: !toggles disable_feed=0 disable_explore=0 disable_reels=1 disable_stories=0 disable_adds=0
08-12 21:17:49.868 23047 23462 I DFInstaObserve: !toggles disable_feed=0 disable_explore=0 disable_reels=1 disable_stories=0 disable_adds=0
08-12 21:17:49.913 23047 23397 I DFInstaObserve: !toggles disable_feed=0 disable_explore=0 disable_reels=1 disable_stories=0 disable_adds=0
08-12 21:17:49.952 23047 23390 I DFInstaObserve: !toggles disable_feed=0 disable_explore=0 disable_reels=1 disable_stories=0 disable_adds=0
08-12 21:17:50.007 23047 23108 I DFInstaObserve: !toggles disable_feed=0 disable_explore=0 disable_reels=1 disable_stories=0 disable_adds=0
08-12 21:17:50.057 23047 23397 I DFInstaObserve: !toggles disable_feed=0 disable_explore=0 disable_reels=1 disable_stories=0 disable_adds=0
08-12 21:17:50.178 23047 23397 I DFInstaObserve: !toggles disable_feed=0 disable_explore=0 disable_reels=1 disable_stories=0 disable_adds=0
08-12 21:17:50.293 23047 23246 I DFInstaObserve: !toggles disable_feed=0 disable_explore=0 disable_reels=1 disable_stories=0 disable_adds=0
08-12 21:17:50.340 23047 23246 I DFInstaObserve: !toggles disable_feed=0 disable_explore=0 disable_reels=1 disable_stories=0 disable_adds=0
08-12 21:17:50.657 23047 23246 I DFInstaObserve: !toggles disable_feed=0 disable_explore=0 disable_reels=1 disable_stories=0 disable_adds=0
08-12 21:17:50.694 23047 23246 I DFInstaObserve: !toggles disable_feed=0 disable_explore=0 disable_reels=1 disable_stories=0 disable_adds=0
08-12 21:17:50.869 23047 23246 I DFInstaObserve: !toggles disable_feed=0 disable_explore=0 disable_reels=1 disable_stories=0 disable_adds=0
08-12 21:18:01.670 23047 23390 I DFInstaObserve: !toggles disable_feed=0 disable_explore=0 disable_reels=1 disable_stories=0 disable_adds=0
08-12 21:18:01.670 23047 23390 I DFInstaObserve: /feed/timeline/
08-12 21:18:01.672 23047 23462 I DFInstaObserve: !toggles disable_feed=0 disable_explore=0 disable_reels=1 disable_stories=0 disable_adds=0
08-12 21:18:01.672 23047 23462 I DFInstaObserve: /feed/reels_tray/
08-12 21:18:03.102 23047 23406 I DFInstaObserve: !toggles disable_feed=0 disable_explore=0 disable_reels=1 disable_stories=0 disable_adds=0
08-12 21:18:03.160 23047 23246 I DFInstaObserve: !toggles disable_feed=0 disable_explore=0 disable_reels=1 disable_stories=0 disable_adds=0
08-12 21:18:03.422 23047 23390 I DFInstaObserve: !toggles disable_feed=0 disable_explore=0 disable_reels=1 disable_stories=0 disable_adds=0
08-12 21:18:03.423 23047 23390 I DFInstaObserve: /feed/timeline/
08-12 21:18:09.789 23047 23463 I DFInstaObserve: !toggles disable_feed=0 disable_explore=0 disable_reels=1 disable_stories=0 disable_adds=0
08-12 21:18:09.789 23047 23463 I DFInstaObserve: /feed/reels_tray/
08-12 21:18:09.791 23047 23512 I DFInstaObserve: !toggles disable_feed=0 disable_explore=0 disable_reels=1 disable_stories=0 disable_adds=0
08-12 21:18:09.791 23047 23512 I DFInstaObserve: /feed/timeline/
08-12 21:18:11.836 23047 23086 I DFInstaObserve: !toggles disable_feed=0 disable_explore=0 disable_reels=1 disable_stories=0 disable_adds=0
08-12 21:18:11.864 23047 23246 I DFInstaObserve: !toggles disable_feed=0 disable_explore=0 disable_reels=1 disable_stories=0 disable_adds=0
08-12 21:18:11.873 23047 23406 I DFInstaObserve: !toggles disable_feed=0 disable_explore=0 disable_reels=1 disable_stories=0 disable_adds=0
08-12 21:18:11.991 23047 23246 I DFInstaObserve: !toggles disable_feed=0 disable_explore=0 disable_reels=1 disable_stories=0 disable_adds=0
08-12 21:18:13.066 23047 23406 I DFInstaObserve: !toggles disable_feed=0 disable_explore=0 disable_reels=1 disable_stories=0 disable_adds=0
08-12 21:18:13.078 23047 23406 I DFInstaObserve: !toggles disable_feed=0 disable_explore=0 disable_reels=1 disable_stories=0 disable_adds=0
08-12 21:18:13.150 23047 23246 I DFInstaObserve: !toggles disable_feed=0 disable_explore=0 disable_reels=1 disable_stories=0 disable_adds=0
08-12 21:18:13.385 23047 23544 I DFInstaObserve: !toggles disable_feed=0 disable_explore=0 disable_reels=1 disable_stories=0 disable_adds=0
08-12 21:18:13.464 23047 23512 I DFInstaObserve: !toggles disable_feed=0 disable_explore=0 disable_reels=1 disable_stories=0 disable_adds=0
08-12 21:18:13.465 23047 23512 I DFInstaObserve: /feed/timeline/
08-12 21:18:14.109 23047 23550 I DFInstaObserve: !toggles disable_feed=0 disable_explore=0 disable_reels=1 disable_stories=0 disable_adds=0
08-12 21:18:15.014 23047 23086 I DFInstaObserve: !toggles disable_feed=0 disable_explore=0 disable_reels=1 disable_stories=0 disable_adds=0
08-12 21:18:15.023 23047 23086 I DFInstaObserve: !toggles disable_feed=0 disable_explore=0 disable_reels=1 disable_stories=0 disable_adds=0
08-12 21:18:15.096 23047 23246 I DFInstaObserve: !toggles disable_feed=0 disable_explore=0 disable_reels=1 disable_stories=0 disable_adds=0
08-12 21:18:15.146 23047 23246 I DFInstaObserve: !toggles disable_feed=0 disable_explore=0 disable_reels=1 disable_stories=0 disable_adds=0
08-12 21:18:21.438 23047 23406 I DFInstaObserve: !toggles disable_feed=0 disable_explore=0 disable_reels=1 disable_stories=0 disable_adds=0
08-12 21:18:25.543 23047 23086 I DFInstaObserve: !toggles disable_feed=0 disable_explore=0 disable_reels=1 disable_stories=0 disable_adds=0
08-12 21:18:28.876 23047 23086 I DFInstaObserve: !toggles disable_feed=0 disable_explore=0 disable_reels=1 disable_stories=0 disable_adds=0
08-12 21:18:31.895 23047 23406 I DFInstaObserve: !toggles disable_feed=0 disable_explore=0 disable_reels=1 disable_stories=0 disable_adds=0
08-12 21:18:37.837 23047 23566 I DFInstaObserve: !toggles disable_feed=0 disable_explore=0 disable_reels=1 disable_stories=0 disable_adds=0
08-12 21:18:37.969 23047 23512 I DFInstaObserve: !toggles disable_feed=0 disable_explore=0 disable_reels=1 disable_stories=0 disable_adds=0
08-12 21:18:38.136 23047 23086 I DFInstaObserve: !toggles disable_feed=0 disable_explore=0 disable_reels=1 disable_stories=0 disable_adds=0
08-12 21:18:38.142 23047 23406 I DFInstaObserve: !toggles disable_feed=0 disable_explore=0 disable_reels=1 disable_stories=0 disable_adds=0
08-12 21:18:38.204 23047 23246 I DFInstaObserve: !toggles disable_feed=0 disable_explore=0 disable_reels=1 disable_stories=0 disable_adds=0
08-12 21:18:38.281 23047 23529 I DFInstaObserve: !toggles disable_feed=0 disable_explore=0 disable_reels=1 disable_stories=0 disable_adds=0
08-12 21:18:38.365 23047 23265 I DFInstaObserve: !toggles disable_feed=0 disable_explore=0 disable_reels=1 disable_stories=0 disable_adds=0
08-12 21:18:38.372 23047 23671 I DFInstaObserve: !toggles disable_feed=0 disable_explore=0 disable_reels=1 disable_stories=0 disable_adds=0
08-12 21:18:38.498 23047 23564 I DFInstaObserve: !toggles disable_feed=0 disable_explore=0 disable_reels=1 disable_stories=0 disable_adds=0
08-12 21:18:38.524 23047 23265 I DFInstaObserve: !toggles disable_feed=0 disable_explore=0 disable_reels=1 disable_stories=0 disable_adds=0
08-12 21:18:38.543 23047 23566 I DFInstaObserve: !toggles disable_feed=0 disable_explore=0 disable_reels=1 disable_stories=0 disable_adds=0
08-12 21:18:38.632 23047 23265 I DFInstaObserve: !toggles disable_feed=0 disable_explore=0 disable_reels=1 disable_stories=0 disable_adds=0
08-12 21:18:38.652 23047 23246 I DFInstaObserve: !toggles disable_feed=0 disable_explore=0 disable_reels=1 disable_stories=0 disable_adds=0
08-12 21:18:38.692 23047 23246 I DFInstaObserve: !toggles disable_feed=0 disable_explore=0 disable_reels=1 disable_stories=0 disable_adds=0
08-12 21:18:38.743 23047 23246 I DFInstaObserve: !toggles disable_feed=0 disable_explore=0 disable_reels=1 disable_stories=0 disable_adds=0
08-12 21:18:40.290 23047 23663 I DFInstaObserve: !toggles disable_feed=0 disable_explore=0 disable_reels=1 disable_stories=0 disable_adds=0
08-12 21:18:40.360 23047 23676 I DFInstaObserve: !toggles disable_feed=0 disable_explore=0 disable_reels=1 disable_stories=0 disable_adds=0
08-12 21:18:45.896 23047 23671 I DFInstaObserve: !toggles disable_feed=0 disable_explore=0 disable_reels=1 disable_stories=0 disable_adds=0
08-12 21:18:45.896 23047 23671 I DFInstaObserve: /discover/topical_explore
08-12 21:18:46.413 23047 23731 I DFInstaObserve: !toggles disable_feed=0 disable_explore=0 disable_reels=1 disable_stories=0 disable_adds=0
08-12 21:18:47.066 23047 23747 I DFInstaObserve: !toggles disable_feed=0 disable_explore=0 disable_reels=1 disable_stories=0 disable_adds=0
08-12 21:18:48.603 23047 23730 I DFInstaObserve: !toggles disable_feed=0 disable_explore=0 disable_reels=1 disable_stories=0 disable_adds=0
08-12 21:18:48.636 23047 23406 I DFInstaObserve: !toggles disable_feed=0 disable_explore=0 disable_reels=1 disable_stories=0 disable_adds=0
08-12 21:18:48.647 23047 23406 I DFInstaObserve: !toggles disable_feed=0 disable_explore=0 disable_reels=1 disable_stories=0 disable_adds=0
08-12 21:18:48.659 23047 23406 I DFInstaObserve: !toggles disable_feed=0 disable_explore=0 disable_reels=1 disable_stories=0 disable_adds=0
08-12 21:18:48.843 23047 23406 I DFInstaObserve: !toggles disable_feed=0 disable_explore=0 disable_reels=1 disable_stories=0 disable_adds=0
08-12 21:18:48.865 23047 23086 I DFInstaObserve: !toggles disable_feed=0 disable_explore=0 disable_reels=1 disable_stories=0 disable_adds=0
08-12 21:18:48.914 23047 23246 I DFInstaObserve: !toggles disable_feed=0 disable_explore=0 disable_reels=1 disable_stories=0 disable_adds=0
08-12 21:18:48.962 23047 23246 I DFInstaObserve: !toggles disable_feed=0 disable_explore=0 disable_reels=1 disable_stories=0 disable_adds=0
08-12 21:18:49.010 23047 23246 I DFInstaObserve: !toggles disable_feed=0 disable_explore=0 disable_reels=1 disable_stories=0 disable_adds=0
08-12 21:18:49.033 23047 23563 I DFInstaObserve: !toggles disable_feed=0 disable_explore=0 disable_reels=1 disable_stories=0 disable_adds=0
08-12 21:18:49.042 23047 23738 I DFInstaObserve: !toggles disable_feed=0 disable_explore=0 disable_reels=1 disable_stories=0 disable_adds=0
08-12 21:18:49.184 23047 23529 I DFInstaObserve: !toggles disable_feed=0 disable_explore=0 disable_reels=1 disable_stories=0 disable_adds=0
08-12 21:18:49.245 23047 23246 I DFInstaObserve: !toggles disable_feed=0 disable_explore=0 disable_reels=1 disable_stories=0 disable_adds=0
08-12 21:18:49.350 23047 23671 I DFInstaObserve: !toggles disable_feed=0 disable_explore=0 disable_reels=1 disable_stories=0 disable_adds=0
08-12 21:18:49.448 23047 23563 I DFInstaObserve: !toggles disable_feed=0 disable_explore=0 disable_reels=1 disable_stories=0 disable_adds=0
08-12 21:18:49.470 23047 23763 I DFInstaObserve: !toggles disable_feed=0 disable_explore=0 disable_reels=1 disable_stories=0 disable_adds=0
08-12 21:18:49.470 23047 23763 I DFInstaObserve: /discover/topical_explore
08-12 21:18:49.512 23047 23246 I DFInstaObserve: !toggles disable_feed=0 disable_explore=0 disable_reels=1 disable_stories=0 disable_adds=0
08-12 21:18:49.542 23047 23764 I DFInstaObserve: !toggles disable_feed=0 disable_explore=0 disable_reels=1 disable_stories=0 disable_adds=0
08-12 21:18:49.561 23047 23460 I DFInstaObserve: !toggles disable_feed=0 disable_explore=0 disable_reels=1 disable_stories=0 disable_adds=0
08-12 21:18:49.588 23047 23246 I DFInstaObserve: !toggles disable_feed=0 disable_explore=0 disable_reels=1 disable_stories=0 disable_adds=0
08-12 21:18:49.593 23047 23674 I DFInstaObserve: !toggles disable_feed=0 disable_explore=0 disable_reels=1 disable_stories=0 disable_adds=0
08-12 21:18:49.658 23047 23246 I DFInstaObserve: !toggles disable_feed=0 disable_explore=0 disable_reels=1 disable_stories=0 disable_adds=0
08-12 21:18:49.672 23047 23671 I DFInstaObserve: !toggles disable_feed=0 disable_explore=0 disable_reels=1 disable_stories=0 disable_adds=0
08-12 21:18:49.690 23047 23460 I DFInstaObserve: !toggles disable_feed=0 disable_explore=0 disable_reels=1 disable_stories=0 disable_adds=0
08-12 21:18:49.695 23047 23674 I DFInstaObserve: !toggles disable_feed=0 disable_explore=0 disable_reels=1 disable_stories=0 disable_adds=0
08-12 21:18:49.713 23047 23246 I DFInstaObserve: !toggles disable_feed=0 disable_explore=0 disable_reels=1 disable_stories=0 disable_adds=0
08-12 21:18:49.788 23047 23671 I DFInstaObserve: !toggles disable_feed=0 disable_explore=0 disable_reels=1 disable_stories=0 disable_adds=0
08-12 21:18:49.804 23047 23246 I DFInstaObserve: !toggles disable_feed=0 disable_explore=0 disable_reels=1 disable_stories=0 disable_adds=0
08-12 21:18:49.941 23047 23742 I DFInstaObserve: !toggles disable_feed=0 disable_explore=0 disable_reels=1 disable_stories=0 disable_adds=0
08-12 21:18:49.962 23047 23246 I DFInstaObserve: !toggles disable_feed=0 disable_explore=0 disable_reels=1 disable_stories=0 disable_adds=0
08-12 21:18:50.027 23047 23563 I DFInstaObserve: !toggles disable_feed=0 disable_explore=0 disable_reels=1 disable_stories=0 disable_adds=0
08-12 21:18:50.027 23047 23246 I DFInstaObserve: !toggles disable_feed=0 disable_explore=0 disable_reels=1 disable_stories=0 disable_adds=0
08-12 21:18:50.096 23047 23742 I DFInstaObserve: !toggles disable_feed=0 disable_explore=0 disable_reels=1 disable_stories=0 disable_adds=0
08-12 21:18:50.135 23047 23246 I DFInstaObserve: !toggles disable_feed=0 disable_explore=0 disable_reels=1 disable_stories=0 disable_adds=0
08-12 21:18:50.170 23047 23787 I DFInstaObserve: !toggles disable_feed=0 disable_explore=0 disable_reels=1 disable_stories=0 disable_adds=0
08-12 21:18:50.184 23047 23246 I DFInstaObserve: !toggles disable_feed=0 disable_explore=0 disable_reels=1 disable_stories=0 disable_adds=0
08-12 21:18:50.354 23047 23246 I DFInstaObserve: !toggles disable_feed=0 disable_explore=0 disable_reels=1 disable_stories=0 disable_adds=0
08-12 21:18:50.392 23047 23246 I DFInstaObserve: !toggles disable_feed=0 disable_explore=0 disable_reels=1 disable_stories=0 disable_adds=0
08-12 21:18:50.428 23047 23246 I DFInstaObserve: !toggles disable_feed=0 disable_explore=0 disable_reels=1 disable_stories=0 disable_adds=0
08-12 21:18:51.969 23047 23783 I DFInstaObserve: !toggles disable_feed=0 disable_explore=0 disable_reels=1 disable_stories=0 disable_adds=0
08-12 21:18:52.726 23047 23086 I DFInstaObserve: !toggles disable_feed=0 disable_explore=0 disable_reels=1 disable_stories=0 disable_adds=0
08-12 21:18:52.732 23047 23406 I DFInstaObserve: !toggles disable_feed=0 disable_explore=0 disable_reels=1 disable_stories=0 disable_adds=0
08-12 21:18:52.783 23047 23246 I DFInstaObserve: !toggles disable_feed=0 disable_explore=0 disable_reels=1 disable_stories=0 disable_adds=0
08-12 21:18:52.807 23047 23529 I DFInstaObserve: !toggles disable_feed=0 disable_explore=0 disable_reels=1 disable_stories=0 disable_adds=0
08-12 21:18:52.858 23047 23671 I DFInstaObserve: !toggles disable_feed=0 disable_explore=0 disable_reels=1 disable_stories=0 disable_adds=0
08-12 21:18:52.986 23047 23787 I DFInstaObserve: !toggles disable_feed=0 disable_explore=0 disable_reels=1 disable_stories=0 disable_adds=0
08-12 21:18:53.030 23047 23246 I DFInstaObserve: !toggles disable_feed=0 disable_explore=0 disable_reels=1 disable_stories=0 disable_adds=0
08-12 21:18:53.031 23047 23830 I DFInstaObserve: !toggles disable_feed=0 disable_explore=0 disable_reels=1 disable_stories=0 disable_adds=0
08-12 21:18:53.058 23047 23529 I DFInstaObserve: !toggles disable_feed=0 disable_explore=0 disable_reels=1 disable_stories=0 disable_adds=0
08-12 21:18:53.102 23047 23246 I DFInstaObserve: !toggles disable_feed=0 disable_explore=0 disable_reels=1 disable_stories=0 disable_adds=0
08-12 21:18:53.144 23047 23671 I DFInstaObserve: !toggles disable_feed=0 disable_explore=0 disable_reels=1 disable_stories=0 disable_adds=0
08-12 21:18:53.161 23047 23847 I DFInstaObserve: !toggles disable_feed=0 disable_explore=0 disable_reels=1 disable_stories=0 disable_adds=0
08-12 21:18:53.185 23047 23830 I DFInstaObserve: !toggles disable_feed=0 disable_explore=0 disable_reels=1 disable_stories=0 disable_adds=0
08-12 21:18:53.265 23047 23742 I DFInstaObserve: !toggles disable_feed=0 disable_explore=0 disable_reels=1 disable_stories=0 disable_adds=0
08-12 21:18:53.309 23047 23671 I DFInstaObserve: !toggles disable_feed=0 disable_explore=0 disable_reels=1 disable_stories=0 disable_adds=0
08-12 21:18:53.325 23047 23246 I DFInstaObserve: !toggles disable_feed=0 disable_explore=0 disable_reels=1 disable_stories=0 disable_adds=0
08-12 21:18:53.362 23047 23787 I DFInstaObserve: !toggles disable_feed=0 disable_explore=0 disable_reels=1 disable_stories=0 disable_adds=0
08-12 21:18:53.390 23047 23246 I DFInstaObserve: !toggles disable_feed=0 disable_explore=0 disable_reels=1 disable_stories=0 disable_adds=0
08-12 21:18:53.406 23047 23671 I DFInstaObserve: !toggles disable_feed=0 disable_explore=0 disable_reels=1 disable_stories=0 disable_adds=0
08-12 21:18:53.440 23047 23529 I DFInstaObserve: !toggles disable_feed=0 disable_explore=0 disable_reels=1 disable_stories=0 disable_adds=0
08-12 21:18:53.440 23047 23529 I DFInstaObserve: /discover/topical_explore
08-12 21:18:53.447 23047 23742 I DFInstaObserve: !toggles disable_feed=0 disable_explore=0 disable_reels=1 disable_stories=0 disable_adds=0
08-12 21:18:53.451 23047 23246 I DFInstaObserve: !toggles disable_feed=0 disable_explore=0 disable_reels=1 disable_stories=0 disable_adds=0
08-12 21:18:53.514 23047 23246 I DFInstaObserve: !toggles disable_feed=0 disable_explore=0 disable_reels=1 disable_stories=0 disable_adds=0
08-12 21:18:53.542 23047 23763 I DFInstaObserve: !toggles disable_feed=0 disable_explore=0 disable_reels=1 disable_stories=0 disable_adds=0
08-12 21:18:53.578 23047 23787 I DFInstaObserve: !toggles disable_feed=0 disable_explore=0 disable_reels=1 disable_stories=0 disable_adds=0
08-12 21:18:53.724 23047 23787 I DFInstaObserve: !toggles disable_feed=0 disable_explore=0 disable_reels=1 disable_stories=0 disable_adds=0
08-12 21:18:53.753 23047 23671 I DFInstaObserve: !toggles disable_feed=0 disable_explore=0 disable_reels=1 disable_stories=0 disable_adds=0
08-12 21:18:53.842 23047 23246 I DFInstaObserve: !toggles disable_feed=0 disable_explore=0 disable_reels=1 disable_stories=0 disable_adds=0
08-12 21:18:53.867 23047 23671 I DFInstaObserve: !toggles disable_feed=0 disable_explore=0 disable_reels=1 disable_stories=0 disable_adds=0
08-12 21:18:53.881 23047 23246 I DFInstaObserve: !toggles disable_feed=0 disable_explore=0 disable_reels=1 disable_stories=0 disable_adds=0
08-12 21:18:53.909 23047 23763 I DFInstaObserve: !toggles disable_feed=0 disable_explore=0 disable_reels=1 disable_stories=0 disable_adds=0
08-12 21:18:54.005 23047 23787 I DFInstaObserve: !toggles disable_feed=0 disable_explore=0 disable_reels=1 disable_stories=0 disable_adds=0
08-12 21:18:54.029 23047 23246 I DFInstaObserve: !toggles disable_feed=0 disable_explore=0 disable_reels=1 disable_stories=0 disable_adds=0
08-12 21:18:54.072 23047 23246 I DFInstaObserve: !toggles disable_feed=0 disable_explore=0 disable_reels=1 disable_stories=0 disable_adds=0
08-12 21:18:54.228 23047 23246 I DFInstaObserve: !toggles disable_feed=0 disable_explore=0 disable_reels=1 disable_stories=0 disable_adds=0
08-12 21:18:54.272 23047 23246 I DFInstaObserve: !toggles disable_feed=0 disable_explore=0 disable_reels=1 disable_stories=0 disable_adds=0
08-12 21:18:54.315 23047 23246 I DFInstaObserve: !toggles disable_feed=0 disable_explore=0 disable_reels=1 disable_stories=0 disable_adds=0
08-12 21:18:54.359 23047 23246 I DFInstaObserve: !toggles disable_feed=0 disable_explore=0 disable_reels=1 disable_stories=0 disable_adds=0
08-12 21:18:54.456 23047 23246 I DFInstaObserve: !toggles disable_feed=0 disable_explore=0 disable_reels=1 disable_stories=0 disable_adds=0
08-12 21:18:55.127 23047 23839 I DFInstaObserve: !toggles disable_feed=0 disable_explore=0 disable_reels=1 disable_stories=0 disable_adds=0
08-12 21:18:55.351 23047 23846 I DFInstaObserve: !toggles disable_feed=0 disable_explore=0 disable_reels=1 disable_stories=0 disable_adds=0
08-12 21:18:56.172 23047 23529 I DFInstaObserve: !toggles disable_feed=0 disable_explore=0 disable_reels=1 disable_stories=0 disable_adds=0
08-12 21:18:56.172 23047 23529 I DFInstaObserve: /discover/topical_explore
08-12 21:18:56.382 23047 23406 I DFInstaObserve: !toggles disable_feed=0 disable_explore=0 disable_reels=1 disable_stories=0 disable_adds=0
08-12 21:18:56.391 23047 23406 I DFInstaObserve: !toggles disable_feed=0 disable_explore=0 disable_reels=1 disable_stories=0 disable_adds=0
08-12 21:18:56.474 23047 23246 I DFInstaObserve: !toggles disable_feed=0 disable_explore=0 disable_reels=1 disable_stories=0 disable_adds=0
08-12 21:18:56.505 23047 23829 I DFInstaObserve: !toggles disable_feed=0 disable_explore=0 disable_reels=1 disable_stories=0 disable_adds=0
08-12 21:18:56.526 23047 23893 I DFInstaObserve: !toggles disable_feed=0 disable_explore=0 disable_reels=1 disable_stories=0 disable_adds=0
08-12 21:18:56.581 23047 23874 I DFInstaObserve: !toggles disable_feed=0 disable_explore=0 disable_reels=1 disable_stories=0 disable_adds=0
08-12 21:18:56.656 23047 23742 I DFInstaObserve: !toggles disable_feed=0 disable_explore=0 disable_reels=1 disable_stories=0 disable_adds=0
08-12 21:18:56.674 23047 23246 I DFInstaObserve: !toggles disable_feed=0 disable_explore=0 disable_reels=1 disable_stories=0 disable_adds=0
08-12 21:18:56.740 23047 23246 I DFInstaObserve: !toggles disable_feed=0 disable_explore=0 disable_reels=1 disable_stories=0 disable_adds=0
08-12 21:18:56.756 23047 23897 I DFInstaObserve: !toggles disable_feed=0 disable_explore=0 disable_reels=1 disable_stories=0 disable_adds=0
08-12 21:18:56.808 23047 23874 I DFInstaObserve: !toggles disable_feed=0 disable_explore=0 disable_reels=1 disable_stories=0 disable_adds=0
08-12 21:18:56.939 23047 23742 I DFInstaObserve: !toggles disable_feed=0 disable_explore=0 disable_reels=1 disable_stories=0 disable_adds=0
08-12 21:18:56.986 23047 23828 I DFInstaObserve: !toggles disable_feed=0 disable_explore=0 disable_reels=1 disable_stories=0 disable_adds=0
08-12 21:18:57.080 23047 23874 I DFInstaObserve: !toggles disable_feed=0 disable_explore=0 disable_reels=1 disable_stories=0 disable_adds=0
08-12 21:18:57.176 23047 23875 I DFInstaObserve: !toggles disable_feed=0 disable_explore=0 disable_reels=1 disable_stories=0 disable_adds=0
08-12 21:18:57.268 23047 23828 I DFInstaObserve: !toggles disable_feed=0 disable_explore=0 disable_reels=1 disable_stories=0 disable_adds=0
08-12 21:18:57.314 23047 23874 I DFInstaObserve: !toggles disable_feed=0 disable_explore=0 disable_reels=1 disable_stories=0 disable_adds=0
08-12 21:18:57.367 23047 23874 I DFInstaObserve: !toggles disable_feed=0 disable_explore=0 disable_reels=1 disable_stories=0 disable_adds=0
08-12 21:18:57.402 23047 23246 I DFInstaObserve: !toggles disable_feed=0 disable_explore=0 disable_reels=1 disable_stories=0 disable_adds=0
08-12 21:18:57.414 23047 23875 I DFInstaObserve: !toggles disable_feed=0 disable_explore=0 disable_reels=1 disable_stories=0 disable_adds=0
08-12 21:18:57.444 23047 23246 I DFInstaObserve: !toggles disable_feed=0 disable_explore=0 disable_reels=1 disable_stories=0 disable_adds=0
08-12 21:18:57.459 23047 23742 I DFInstaObserve: !toggles disable_feed=0 disable_explore=0 disable_reels=1 disable_stories=0 disable_adds=0
08-12 21:18:57.523 23047 23875 I DFInstaObserve: !toggles disable_feed=0 disable_explore=0 disable_reels=1 disable_stories=0 disable_adds=0
08-12 21:18:57.636 23047 23897 I DFInstaObserve: !toggles disable_feed=0 disable_explore=0 disable_reels=1 disable_stories=0 disable_adds=0
08-12 21:18:57.768 23047 23874 I DFInstaObserve: !toggles disable_feed=0 disable_explore=0 disable_reels=1 disable_stories=0 disable_adds=0
08-12 21:18:57.808 23047 23874 I DFInstaObserve: !toggles disable_feed=0 disable_explore=0 disable_reels=1 disable_stories=0 disable_adds=0
08-12 21:18:57.909 23047 23246 I DFInstaObserve: !toggles disable_feed=0 disable_explore=0 disable_reels=1 disable_stories=0 disable_adds=0
08-12 21:18:57.932 23047 23874 I DFInstaObserve: !toggles disable_feed=0 disable_explore=0 disable_reels=1 disable_stories=0 disable_adds=0
08-12 21:18:57.954 23047 23246 I DFInstaObserve: !toggles disable_feed=0 disable_explore=0 disable_reels=1 disable_stories=0 disable_adds=0
08-12 21:18:57.989 23047 23829 I DFInstaObserve: !toggles disable_feed=0 disable_explore=0 disable_reels=1 disable_stories=0 disable_adds=0
08-12 21:18:58.034 23047 23875 I DFInstaObserve: !toggles disable_feed=0 disable_explore=0 disable_reels=1 disable_stories=0 disable_adds=0
08-12 21:18:58.074 23047 23874 I DFInstaObserve: !toggles disable_feed=0 disable_explore=0 disable_reels=1 disable_stories=0 disable_adds=0
08-12 21:18:58.213 23047 23246 I DFInstaObserve: !toggles disable_feed=0 disable_explore=0 disable_reels=1 disable_stories=0 disable_adds=0
08-12 21:18:58.252 23047 23246 I DFInstaObserve: !toggles disable_feed=0 disable_explore=0 disable_reels=1 disable_stories=0 disable_adds=0
08-12 21:18:58.314 23047 23879 I DFInstaObserve: !toggles disable_feed=0 disable_explore=0 disable_reels=1 disable_stories=0 disable_adds=0
08-12 21:18:58.360 23047 23879 I DFInstaObserve: !toggles disable_feed=0 disable_explore=0 disable_reels=1 disable_stories=0 disable_adds=0
08-12 21:18:58.386 23047 23246 I DFInstaObserve: !toggles disable_feed=0 disable_explore=0 disable_reels=1 disable_stories=0 disable_adds=0
08-12 21:18:58.449 23047 23885 I DFInstaObserve: !toggles disable_feed=0 disable_explore=0 disable_reels=1 disable_stories=0 disable_adds=0
08-12 21:18:58.452 23047 23246 I DFInstaObserve: !toggles disable_feed=0 disable_explore=0 disable_reels=1 disable_stories=0 disable_adds=0
08-12 21:18:58.841 23047 23246 I DFInstaObserve: !toggles disable_feed=0 disable_explore=0 disable_reels=1 disable_stories=0 disable_adds=0
08-12 21:18:58.890 23047 23246 I DFInstaObserve: !toggles disable_feed=0 disable_explore=0 disable_reels=1 disable_stories=0 disable_adds=0
08-12 21:18:58.948 23047 23246 I DFInstaObserve: !toggles disable_feed=0 disable_explore=0 disable_reels=1 disable_stories=0 disable_adds=0
08-12 21:18:59.000 23047 23246 I DFInstaObserve: !toggles disable_feed=0 disable_explore=0 disable_reels=1 disable_stories=0 disable_adds=0
08-12 21:18:59.112 23047 23246 I DFInstaObserve: !toggles disable_feed=0 disable_explore=0 disable_reels=1 disable_stories=0 disable_adds=0
08-12 21:18:59.351 23047 23883 I DFInstaObserve: !toggles disable_feed=0 disable_explore=0 disable_reels=1 disable_stories=0 disable_adds=0
08-12 21:18:59.370 23047 23911 I DFInstaObserve: !toggles disable_feed=0 disable_explore=0 disable_reels=1 disable_stories=0 disable_adds=0
08-12 21:18:59.473 23047 23742 I DFInstaObserve: !toggles disable_feed=0 disable_explore=0 disable_reels=1 disable_stories=0 disable_adds=0
08-12 21:18:59.475 23047 23246 I DFInstaObserve: !toggles disable_feed=0 disable_explore=0 disable_reels=1 disable_stories=0 disable_adds=0
08-12 21:18:59.536 23047 23875 I DFInstaObserve: !toggles disable_feed=0 disable_explore=0 disable_reels=1 disable_stories=0 disable_adds=0
08-12 21:18:59.587 23047 23874 I DFInstaObserve: !toggles disable_feed=0 disable_explore=0 disable_reels=1 disable_stories=0 disable_adds=0
08-12 21:18:59.701 23047 23897 I DFInstaObserve: !toggles disable_feed=0 disable_explore=0 disable_reels=1 disable_stories=0 disable_adds=0
08-12 21:18:59.748 23047 23742 I DFInstaObserve: !toggles disable_feed=0 disable_explore=0 disable_reels=1 disable_stories=0 disable_adds=0
08-12 21:18:59.795 23047 23246 I DFInstaObserve: !toggles disable_feed=0 disable_explore=0 disable_reels=1 disable_stories=0 disable_adds=0
08-12 21:18:59.854 23047 23875 I DFInstaObserve: !toggles disable_feed=0 disable_explore=0 disable_reels=1 disable_stories=0 disable_adds=0
08-12 21:18:59.866 23047 23246 I DFInstaObserve: !toggles disable_feed=0 disable_explore=0 disable_reels=1 disable_stories=0 disable_adds=0
08-12 21:18:59.910 23047 23742 I DFInstaObserve: !toggles disable_feed=0 disable_explore=0 disable_reels=1 disable_stories=0 disable_adds=0
08-12 21:18:59.991 23047 23914 I DFInstaObserve: !toggles disable_feed=0 disable_explore=0 disable_reels=1 disable_stories=0 disable_adds=0
08-12 21:19:00.038 23047 23913 I DFInstaObserve: !toggles disable_feed=0 disable_explore=0 disable_reels=1 disable_stories=0 disable_adds=0
08-12 21:19:00.131 23047 23913 I DFInstaObserve: !toggles disable_feed=0 disable_explore=0 disable_reels=1 disable_stories=0 disable_adds=0
08-12 21:19:00.157 23047 23912 I DFInstaObserve: !toggles disable_feed=0 disable_explore=0 disable_reels=1 disable_stories=0 disable_adds=0
08-12 21:19:00.213 23047 23742 I DFInstaObserve: !toggles disable_feed=0 disable_explore=0 disable_reels=1 disable_stories=0 disable_adds=0
08-12 21:19:00.249 23047 23913 I DFInstaObserve: !toggles disable_feed=0 disable_explore=0 disable_reels=1 disable_stories=0 disable_adds=0
08-12 21:19:00.303 23047 23913 I DFInstaObserve: !toggles disable_feed=0 disable_explore=0 disable_reels=1 disable_stories=0 disable_adds=0
08-12 21:19:00.351 23047 23742 I DFInstaObserve: !toggles disable_feed=0 disable_explore=0 disable_reels=1 disable_stories=0 disable_adds=0
08-12 21:19:00.394 23047 23742 I DFInstaObserve: !toggles disable_feed=0 disable_explore=0 disable_reels=1 disable_stories=0 disable_adds=0
08-12 21:19:00.598 23047 23914 I DFInstaObserve: !toggles disable_feed=0 disable_explore=0 disable_reels=1 disable_stories=0 disable_adds=0
08-12 21:19:00.650 23047 23875 I DFInstaObserve: !toggles disable_feed=0 disable_explore=0 disable_reels=1 disable_stories=0 disable_adds=0
08-12 21:19:00.763 23047 23742 I DFInstaObserve: !toggles disable_feed=0 disable_explore=0 disable_reels=1 disable_stories=0 disable_adds=0
08-12 21:19:00.873 23047 23913 I DFInstaObserve: !toggles disable_feed=0 disable_explore=0 disable_reels=1 disable_stories=0 disable_adds=0
08-12 21:19:00.949 23047 23246 I DFInstaObserve: !toggles disable_feed=0 disable_explore=0 disable_reels=1 disable_stories=0 disable_adds=0
08-12 21:19:00.984 23047 23246 I DFInstaObserve: !toggles disable_feed=0 disable_explore=0 disable_reels=1 disable_stories=0 disable_adds=0
08-12 21:19:01.141 23047 23246 I DFInstaObserve: !toggles disable_feed=0 disable_explore=0 disable_reels=1 disable_stories=0 disable_adds=0
08-12 21:19:01.181 23047 23246 I DFInstaObserve: !toggles disable_feed=0 disable_explore=0 disable_reels=1 disable_stories=0 disable_adds=0
08-12 21:19:01.229 23047 23246 I DFInstaObserve: !toggles disable_feed=0 disable_explore=0 disable_reels=1 disable_stories=0 disable_adds=0
08-12 21:19:01.279 23047 23246 I DFInstaObserve: !toggles disable_feed=0 disable_explore=0 disable_reels=1 disable_stories=0 disable_adds=0
08-12 21:19:01.341 23047 23246 I DFInstaObserve: !toggles disable_feed=0 disable_explore=0 disable_reels=1 disable_stories=0 disable_adds=0
08-12 21:19:01.377 23047 23246 I DFInstaObserve: !toggles disable_feed=0 disable_explore=0 disable_reels=1 disable_stories=0 disable_adds=0
08-12 21:19:01.616 23047 23246 I DFInstaObserve: !toggles disable_feed=0 disable_explore=0 disable_reels=1 disable_stories=0 disable_adds=0
08-12 21:19:01.665 23047 23246 I DFInstaObserve: !toggles disable_feed=0 disable_explore=0 disable_reels=1 disable_stories=0 disable_adds=0
08-12 21:19:01.791 23047 23246 I DFInstaObserve: !toggles disable_feed=0 disable_explore=0 disable_reels=1 disable_stories=0 disable_adds=0
08-12 21:19:01.871 23047 23925 I DFInstaObserve: !toggles disable_feed=0 disable_explore=0 disable_reels=1 disable_stories=0 disable_adds=0
08-12 21:19:01.895 23047 23246 I DFInstaObserve: !toggles disable_feed=0 disable_explore=0 disable_reels=1 disable_stories=0 disable_adds=0
08-12 21:19:02.033 23047 23931 I DFInstaObserve: !toggles disable_feed=0 disable_explore=0 disable_reels=1 disable_stories=0 disable_adds=0
08-12 21:19:02.768 23047 23957 I DFInstaObserve: !toggles disable_feed=0 disable_explore=0 disable_reels=1 disable_stories=0 disable_adds=0
08-12 21:19:02.825 23047 23246 I DFInstaObserve: !toggles disable_feed=0 disable_explore=0 disable_reels=1 disable_stories=0 disable_adds=0
08-12 21:19:02.970 23047 23883 I DFInstaObserve: !toggles disable_feed=0 disable_explore=0 disable_reels=1 disable_stories=0 disable_adds=0
08-12 21:19:02.974 23047 23911 I DFInstaObserve: !toggles disable_feed=0 disable_explore=0 disable_reels=1 disable_stories=0 disable_adds=0
08-12 21:19:02.989 23047 23911 I DFInstaObserve: !toggles disable_feed=0 disable_explore=0 disable_reels=1 disable_stories=0 disable_adds=0
08-12 21:19:02.995 23047 23911 I DFInstaObserve: !toggles disable_feed=0 disable_explore=0 disable_reels=1 disable_stories=0 disable_adds=0
08-12 21:19:03.128 23047 23874 I DFInstaObserve: !toggles disable_feed=0 disable_explore=0 disable_reels=1 disable_stories=0 disable_adds=0
08-12 21:19:03.129 23047 23265 I DFInstaObserve: !toggles disable_feed=0 disable_explore=0 disable_reels=1 disable_stories=0 disable_adds=0
08-12 21:19:03.156 23047 23883 I DFInstaObserve: !toggles disable_feed=0 disable_explore=0 disable_reels=1 disable_stories=0 disable_adds=0
08-12 21:19:03.206 23047 23897 I DFInstaObserve: !toggles disable_feed=0 disable_explore=0 disable_reels=1 disable_stories=0 disable_adds=0
08-12 21:19:03.241 23047 23265 I DFInstaObserve: !toggles disable_feed=0 disable_explore=0 disable_reels=1 disable_stories=0 disable_adds=0
08-12 21:19:03.371 23047 23968 I DFInstaObserve: !toggles disable_feed=0 disable_explore=0 disable_reels=1 disable_stories=0 disable_adds=0
08-12 21:19:03.436 23047 23265 I DFInstaObserve: !toggles disable_feed=0 disable_explore=0 disable_reels=1 disable_stories=0 disable_adds=0
08-12 21:19:03.527 23047 23265 I DFInstaObserve: !toggles disable_feed=0 disable_explore=0 disable_reels=1 disable_stories=0 disable_adds=0
08-12 21:19:03.631 23047 23265 I DFInstaObserve: !toggles disable_feed=0 disable_explore=0 disable_reels=1 disable_stories=0 disable_adds=0
08-12 21:19:03.701 23047 23265 I DFInstaObserve: !toggles disable_feed=0 disable_explore=0 disable_reels=1 disable_stories=0 disable_adds=0
08-12 21:19:04.980 23047 23980 I DFInstaObserve: !toggles disable_feed=0 disable_explore=0 disable_reels=1 disable_stories=0 disable_adds=0
08-12 21:19:04.981 23047 23979 I DFInstaObserve: !toggles disable_feed=0 disable_explore=0 disable_reels=1 disable_stories=0 disable_adds=0
08-12 21:19:05.013 23047 23980 I DFInstaObserve: !toggles disable_feed=0 disable_explore=0 disable_reels=1 disable_stories=0 disable_adds=0
08-12 21:19:10.772 23047 23957 I DFInstaObserve: !toggles disable_feed=0 disable_explore=0 disable_reels=1 disable_stories=0 disable_adds=0
08-12 21:19:11.156 23047 23911 I DFInstaObserve: !toggles disable_feed=0 disable_explore=0 disable_reels=1 disable_stories=0 disable_adds=0
08-12 21:19:13.256 23047 24022 I DFInstaObserve: !toggles disable_feed=0 disable_explore=0 disable_reels=1 disable_stories=0 disable_adds=0
08-12 21:19:13.256 23047 24023 I DFInstaObserve: !toggles disable_feed=0 disable_explore=0 disable_reels=1 disable_stories=0 disable_adds=0
08-12 21:19:14.081 23047 23957 I DFInstaObserve: !toggles disable_feed=0 disable_explore=0 disable_reels=1 disable_stories=0 disable_adds=0
08-12 21:19:16.611 23047 24059 I DFInstaObserve: !toggles disable_feed=0 disable_explore=0 disable_reels=1 disable_stories=0 disable_adds=0
08-12 21:19:16.612 23047 24058 I DFInstaObserve: !toggles disable_feed=0 disable_explore=0 disable_reels=1 disable_stories=0 disable_adds=0
08-12 21:19:17.410 23047 23968 I DFInstaObserve: !toggles disable_feed=0 disable_explore=0 disable_reels=1 disable_stories=0 disable_adds=0
08-12 21:19:19.932 23047 24151 I DFInstaObserve: !toggles disable_feed=0 disable_explore=0 disable_reels=1 disable_stories=0 disable_adds=0
08-12 21:19:19.933 23047 24152 I DFInstaObserve: !toggles disable_feed=0 disable_explore=0 disable_reels=1 disable_stories=0 disable_adds=0
08-12 21:19:20.745 23047 23968 I DFInstaObserve: !toggles disable_feed=0 disable_explore=0 disable_reels=1 disable_stories=0 disable_adds=0
08-12 21:19:20.798 23047 24187 I DFInstaObserve: !toggles disable_feed=0 disable_explore=0 disable_reels=1 disable_stories=0 disable_adds=0
08-12 21:19:21.207 23047 23246 I DFInstaObserve: !toggles disable_feed=0 disable_explore=0 disable_reels=1 disable_stories=0 disable_adds=0
08-12 21:19:21.651 23047 23246 I DFInstaObserve: !toggles disable_feed=0 disable_explore=0 disable_reels=1 disable_stories=0 disable_adds=0
08-12 21:19:23.294 23047 24188 I DFInstaObserve: !toggles disable_feed=0 disable_explore=0 disable_reels=1 disable_stories=0 disable_adds=0
08-12 21:19:23.302 23047 24187 I DFInstaObserve: !toggles disable_feed=0 disable_explore=0 disable_reels=1 disable_stories=0 disable_adds=0
08-12 21:19:24.098 23047 23914 I DFInstaObserve: !toggles disable_feed=0 disable_explore=0 disable_reels=1 disable_stories=0 disable_adds=0
08-12 21:19:24.393 23047 23246 I DFInstaObserve: !toggles disable_feed=0 disable_explore=0 disable_reels=1 disable_stories=0 disable_adds=0
08-12 21:19:24.483 23047 23246 I DFInstaObserve: !toggles disable_feed=0 disable_explore=0 disable_reels=1 disable_stories=0 disable_adds=0
08-12 21:19:26.615 23047 24220 I DFInstaObserve: !toggles disable_feed=0 disable_explore=0 disable_reels=1 disable_stories=0 disable_adds=0
08-12 21:19:26.615 23047 24219 I DFInstaObserve: !toggles disable_feed=0 disable_explore=0 disable_reels=1 disable_stories=0 disable_adds=0
08-12 21:19:27.377 23047 23968 I DFInstaObserve: !toggles disable_feed=0 disable_explore=0 disable_reels=1 disable_stories=0 disable_adds=0
08-12 21:19:27.734 23047 23265 I DFInstaObserve: !toggles disable_feed=0 disable_explore=0 disable_reels=1 disable_stories=0 disable_adds=0
08-12 21:19:27.819 23047 23265 I DFInstaObserve: !toggles disable_feed=0 disable_explore=0 disable_reels=1 disable_stories=0 disable_adds=0
08-12 21:19:33.129 23047 23897 I DFInstaObserve: !toggles disable_feed=0 disable_explore=0 disable_reels=1 disable_stories=0 disable_adds=0
08-12 21:19:35.679 23047 24273 I DFInstaObserve: !toggles disable_feed=0 disable_explore=0 disable_reels=1 disable_stories=0 disable_adds=0
08-12 21:19:47.592 23047 24228 I DFInstaObserve: !toggles disable_feed=0 disable_explore=0 disable_reels=1 disable_stories=0 disable_adds=0
08-12 21:19:47.592 23047 24228 I DFInstaObserve: /feed/timeline/
08-12 21:19:49.484 23047 23883 I DFInstaObserve: !toggles disable_feed=0 disable_explore=0 disable_reels=1 disable_stories=0 disable_adds=0
08-12 21:19:49.490 23047 23883 I DFInstaObserve: !toggles disable_feed=0 disable_explore=0 disable_reels=1 disable_stories=0 disable_adds=0
08-12 21:19:49.707 23047 23246 I DFInstaObserve: !toggles disable_feed=0 disable_explore=0 disable_reels=1 disable_stories=0 disable_adds=0
08-12 21:19:49.767 23047 23246 I DFInstaObserve: !toggles disable_feed=0 disable_explore=0 disable_reels=1 disable_stories=0 disable_adds=0
08-12 21:19:49.785 23047 23913 I DFInstaObserve: !toggles disable_feed=0 disable_explore=0 disable_reels=1 disable_stories=0 disable_adds=0
08-12 21:19:49.844 23047 23246 I DFInstaObserve: !toggles disable_feed=0 disable_explore=0 disable_reels=1 disable_stories=0 disable_adds=0
08-12 21:19:49.940 23047 24322 I DFInstaObserve: !toggles disable_feed=0 disable_explore=0 disable_reels=1 disable_stories=0 disable_adds=0
08-12 21:19:53.793 23047 23911 I DFInstaObserve: !toggles disable_feed=0 disable_explore=0 disable_reels=1 disable_stories=0 disable_adds=0
08-12 21:20:00.929 23047 23897 I DFInstaObserve: !toggles disable_feed=0 disable_explore=0 disable_reels=1 disable_stories=0 disable_adds=0
08-12 21:20:00.929 23047 23897 I DFInstaObserve: /feed/timeline/
08-12 21:20:03.769 23047 23911 I DFInstaObserve: !toggles disable_feed=0 disable_explore=0 disable_reels=1 disable_stories=0 disable_adds=0
08-12 21:20:03.780 23047 23911 I DFInstaObserve: !toggles disable_feed=0 disable_explore=0 disable_reels=1 disable_stories=0 disable_adds=0
08-12 21:20:03.944 23047 23913 I DFInstaObserve: !toggles disable_feed=0 disable_explore=0 disable_reels=1 disable_stories=0 disable_adds=0
08-12 21:20:03.945 23047 23265 I DFInstaObserve: !toggles disable_feed=0 disable_explore=0 disable_reels=1 disable_stories=0 disable_adds=0
08-12 21:20:04.069 23047 23265 I DFInstaObserve: !toggles disable_feed=0 disable_explore=0 disable_reels=1 disable_stories=0 disable_adds=0
08-12 21:20:04.102 23047 23246 I DFInstaObserve: !toggles disable_feed=0 disable_explore=0 disable_reels=1 disable_stories=0 disable_adds=0
08-12 21:20:04.148 23047 24248 I DFInstaObserve: !toggles disable_feed=0 disable_explore=0 disable_reels=1 disable_stories=0 disable_adds=0
08-12 21:20:04.294 23047 23246 I DFInstaObserve: !toggles disable_feed=0 disable_explore=0 disable_reels=1 disable_stories=0 disable_adds=0
08-12 21:20:04.334 23047 23897 I DFInstaObserve: !toggles disable_feed=0 disable_explore=0 disable_reels=1 disable_stories=0 disable_adds=0
08-12 21:20:04.363 23047 23246 I DFInstaObserve: !toggles disable_feed=0 disable_explore=0 disable_reels=1 disable_stories=0 disable_adds=0
08-12 21:20:04.414 23047 23246 I DFInstaObserve: !toggles disable_feed=0 disable_explore=0 disable_reels=1 disable_stories=0 disable_adds=0
08-12 21:20:04.469 23047 23246 I DFInstaObserve: !toggles disable_feed=0 disable_explore=0 disable_reels=1 disable_stories=0 disable_adds=0
08-12 21:20:04.518 23047 24322 I DFInstaObserve: !toggles disable_feed=0 disable_explore=0 disable_reels=1 disable_stories=0 disable_adds=0
08-12 21:20:05.813 23047 24456 I DFInstaObserve: !toggles disable_feed=0 disable_explore=0 disable_reels=1 disable_stories=0 disable_adds=0
08-12 21:20:05.843 23047 24456 I DFInstaObserve: !toggles disable_feed=0 disable_explore=0 disable_reels=1 disable_stories=0 disable_adds=0
08-12 21:20:08.311 23047 24456 I DFInstaObserve: !toggles disable_feed=0 disable_explore=0 disable_reels=1 disable_stories=0 disable_adds=0
08-12 21:20:12.380 23047 24522 I DFInstaObserve: !toggles disable_feed=0 disable_explore=0 disable_reels=1 disable_stories=0 disable_adds=0
08-12 21:20:14.121 23047 24508 I DFInstaObserve: !toggles disable_feed=0 disable_explore=0 disable_reels=1 disable_stories=0 disable_adds=0
08-12 21:20:14.352 23047 24514 I DFInstaObserve: !toggles disable_feed=0 disable_explore=0 disable_reels=1 disable_stories=0 disable_adds=0
08-12 21:20:14.532 23047 24528 I DFInstaObserve: !toggles disable_feed=0 disable_explore=0 disable_reels=1 disable_stories=0 disable_adds=0
08-12 21:20:14.614 23047 24528 I DFInstaObserve: !toggles disable_feed=0 disable_explore=0 disable_reels=1 disable_stories=0 disable_adds=0
08-12 21:20:15.438 23047 24499 I DFInstaObserve: !toggles disable_feed=0 disable_explore=0 disable_reels=1 disable_stories=0 disable_adds=0
08-12 21:20:15.438 23047 24499 I DFInstaObserve: /discover/topical_explore
08-12 21:20:15.492 23047 24576 I DFInstaObserve: !toggles disable_feed=0 disable_explore=0 disable_reels=1 disable_stories=0 disable_adds=0
08-12 21:20:15.715 23047 24586 I DFInstaObserve: !toggles disable_feed=0 disable_explore=0 disable_reels=1 disable_stories=0 disable_adds=0
08-12 21:20:17.470 23047 24566 I DFInstaObserve: !toggles disable_feed=0 disable_explore=0 disable_reels=1 disable_stories=0 disable_adds=0
08-12 21:20:17.702 23047 24575 I DFInstaObserve: !toggles disable_feed=0 disable_explore=0 disable_reels=1 disable_stories=0 disable_adds=0
08-12 21:20:18.922 23047 24622 I DFInstaObserve: !toggles disable_feed=0 disable_explore=0 disable_reels=1 disable_stories=0 disable_adds=0
08-12 21:20:18.927 23047 23883 I DFInstaObserve: !toggles disable_feed=0 disable_explore=0 disable_reels=1 disable_stories=0 disable_adds=0
08-12 21:20:18.985 23047 23246 I DFInstaObserve: !toggles disable_feed=0 disable_explore=0 disable_reels=1 disable_stories=0 disable_adds=0
08-12 21:20:19.049 23047 24604 I DFInstaObserve: !toggles disable_feed=0 disable_explore=0 disable_reels=1 disable_stories=0 disable_adds=0
08-12 21:20:19.166 23047 24641 I DFInstaObserve: !toggles disable_feed=0 disable_explore=0 disable_reels=1 disable_stories=0 disable_adds=0
08-12 21:20:19.178 23047 24322 I DFInstaObserve: !toggles disable_feed=0 disable_explore=0 disable_reels=1 disable_stories=0 disable_adds=0
08-12 21:20:19.241 23047 24604 I DFInstaObserve: !toggles disable_feed=0 disable_explore=0 disable_reels=1 disable_stories=0 disable_adds=0
08-12 21:20:19.385 23047 24605 I DFInstaObserve: !toggles disable_feed=0 disable_explore=0 disable_reels=1 disable_stories=0 disable_adds=0
08-12 21:20:19.505 23047 24603 I DFInstaObserve: !toggles disable_feed=0 disable_explore=0 disable_reels=1 disable_stories=0 disable_adds=0
08-12 21:20:19.530 23047 23246 I DFInstaObserve: !toggles disable_feed=0 disable_explore=0 disable_reels=1 disable_stories=0 disable_adds=0
08-12 21:20:19.581 23047 24604 I DFInstaObserve: !toggles disable_feed=0 disable_explore=0 disable_reels=1 disable_stories=0 disable_adds=0
08-12 21:20:19.606 23047 23246 I DFInstaObserve: !toggles disable_feed=0 disable_explore=0 disable_reels=1 disable_stories=0 disable_adds=0
08-12 21:20:19.639 23047 24560 I DFInstaObserve: !toggles disable_feed=0 disable_explore=0 disable_reels=1 disable_stories=0 disable_adds=0
08-12 21:20:19.888 23047 24603 I DFInstaObserve: !toggles disable_feed=0 disable_explore=0 disable_reels=1 disable_stories=0 disable_adds=0
08-12 21:20:20.003 23047 23897 I DFInstaObserve: !toggles disable_feed=0 disable_explore=0 disable_reels=1 disable_stories=0 disable_adds=0
08-12 21:20:20.019 23047 23246 I DFInstaObserve: !toggles disable_feed=0 disable_explore=0 disable_reels=1 disable_stories=0 disable_adds=0
08-12 21:20:20.072 23047 23246 I DFInstaObserve: !toggles disable_feed=0 disable_explore=0 disable_reels=1 disable_stories=0 disable_adds=0
08-12 21:20:20.133 23047 23246 I DFInstaObserve: !toggles disable_feed=0 disable_explore=0 disable_reels=1 disable_stories=0 disable_adds=0
08-12 21:20:20.176 23047 23246 I DFInstaObserve: !toggles disable_feed=0 disable_explore=0 disable_reels=1 disable_stories=0 disable_adds=0
08-12 21:20:20.260 23047 23246 I DFInstaObserve: !toggles disable_feed=0 disable_explore=0 disable_reels=1 disable_stories=0 disable_adds=0
08-12 21:20:20.305 23047 23246 I DFInstaObserve: !toggles disable_feed=0 disable_explore=0 disable_reels=1 disable_stories=0 disable_adds=0
08-12 21:20:20.421 23047 23246 I DFInstaObserve: !toggles disable_feed=0 disable_explore=0 disable_reels=1 disable_stories=0 disable_adds=0
08-12 21:20:20.458 23047 23246 I DFInstaObserve: !toggles disable_feed=0 disable_explore=0 disable_reels=1 disable_stories=0 disable_adds=0
08-12 21:20:21.054 23047 24624 I DFInstaObserve: !toggles disable_feed=0 disable_explore=0 disable_reels=1 disable_stories=0 disable_adds=0
08-12 21:20:21.111 23047 24632 I DFInstaObserve: !toggles disable_feed=0 disable_explore=0 disable_reels=1 disable_stories=0 disable_adds=0
08-12 21:20:21.180 23047 24624 I DFInstaObserve: !toggles disable_feed=0 disable_explore=0 disable_reels=1 disable_stories=0 disable_adds=0
08-12 21:20:21.222 23047 24640 I DFInstaObserve: !toggles disable_feed=0 disable_explore=0 disable_reels=1 disable_stories=0 disable_adds=0
08-12 21:20:21.241 23047 23246 I DFInstaObserve: !toggles disable_feed=0 disable_explore=0 disable_reels=1 disable_stories=0 disable_adds=0
08-12 21:20:21.307 23047 23246 I DFInstaObserve: !toggles disable_feed=0 disable_explore=0 disable_reels=1 disable_stories=0 disable_adds=0
08-12 21:20:21.403 23047 23246 I DFInstaObserve: !toggles disable_feed=0 disable_explore=0 disable_reels=1 disable_stories=0 disable_adds=0
08-12 21:20:21.447 23047 23246 I DFInstaObserve: !toggles disable_feed=0 disable_explore=0 disable_reels=1 disable_stories=0 disable_adds=0
08-12 21:20:21.595 23047 23246 I DFInstaObserve: !toggles disable_feed=0 disable_explore=0 disable_reels=1 disable_stories=0 disable_adds=0
08-12 21:20:21.920 23047 23897 I DFInstaObserve: !toggles disable_feed=0 disable_explore=0 disable_reels=1 disable_stories=0 disable_adds=0
08-12 21:20:21.920 23047 23897 I DFInstaObserve: /discover/topical_explore
08-12 21:20:22.205 23047 24694 I DFInstaObserve: !toggles disable_feed=0 disable_explore=0 disable_reels=1 disable_stories=0 disable_adds=0
08-12 21:20:22.533 23047 24702 I DFInstaObserve: !toggles disable_feed=0 disable_explore=0 disable_reels=1 disable_stories=0 disable_adds=0
08-12 21:20:24.181 23047 24686 I DFInstaObserve: !toggles disable_feed=0 disable_explore=0 disable_reels=1 disable_stories=0 disable_adds=0
08-12 21:20:24.525 23047 24693 I DFInstaObserve: !toggles disable_feed=0 disable_explore=0 disable_reels=1 disable_stories=0 disable_adds=0
08-12 21:20:25.481 23047 23883 I DFInstaObserve: !toggles disable_feed=0 disable_explore=0 disable_reels=1 disable_stories=0 disable_adds=0
08-12 21:20:25.501 23047 24726 I DFInstaObserve: !toggles disable_feed=0 disable_explore=0 disable_reels=1 disable_stories=0 disable_adds=0
08-12 21:20:25.652 23047 23460 I DFInstaObserve: !toggles disable_feed=0 disable_explore=0 disable_reels=1 disable_stories=0 disable_adds=0
08-12 21:20:25.666 23047 24672 I DFInstaObserve: !toggles disable_feed=0 disable_explore=0 disable_reels=1 disable_stories=0 disable_adds=0
08-12 21:20:25.676 23047 23246 I DFInstaObserve: !toggles disable_feed=0 disable_explore=0 disable_reels=1 disable_stories=0 disable_adds=0
08-12 21:20:25.698 23047 24720 I DFInstaObserve: !toggles disable_feed=0 disable_explore=0 disable_reels=1 disable_stories=0 disable_adds=0
08-12 21:20:25.940 23047 23246 I DFInstaObserve: !toggles disable_feed=0 disable_explore=0 disable_reels=1 disable_stories=0 disable_adds=0
08-12 21:20:25.952 23047 24720 I DFInstaObserve: !toggles disable_feed=0 disable_explore=0 disable_reels=1 disable_stories=0 disable_adds=0
08-12 21:20:26.007 23047 24674 I DFInstaObserve: !toggles disable_feed=0 disable_explore=0 disable_reels=1 disable_stories=0 disable_adds=0
08-12 21:20:26.036 23047 23246 I DFInstaObserve: !toggles disable_feed=0 disable_explore=0 disable_reels=1 disable_stories=0 disable_adds=0
08-12 21:20:26.086 23047 24761 I DFInstaObserve: !toggles disable_feed=0 disable_explore=0 disable_reels=1 disable_stories=0 disable_adds=0
08-12 21:20:26.110 23047 24748 I DFInstaObserve: !toggles disable_feed=0 disable_explore=0 disable_reels=1 disable_stories=0 disable_adds=0
08-12 21:20:26.208 23047 24734 I DFInstaObserve: !toggles disable_feed=0 disable_explore=0 disable_reels=1 disable_stories=0 disable_adds=0
08-12 21:20:26.227 23047 23246 I DFInstaObserve: !toggles disable_feed=0 disable_explore=0 disable_reels=1 disable_stories=0 disable_adds=0
08-12 21:20:26.254 23047 24676 I DFInstaObserve: !toggles disable_feed=0 disable_explore=0 disable_reels=1 disable_stories=0 disable_adds=0
08-12 21:20:26.282 23047 23246 I DFInstaObserve: !toggles disable_feed=0 disable_explore=0 disable_reels=1 disable_stories=0 disable_adds=0
08-12 21:20:26.308 23047 24672 I DFInstaObserve: !toggles disable_feed=0 disable_explore=0 disable_reels=1 disable_stories=0 disable_adds=0
08-12 21:20:26.366 23047 24720 I DFInstaObserve: !toggles disable_feed=0 disable_explore=0 disable_reels=1 disable_stories=0 disable_adds=0
08-12 21:20:26.419 23047 23246 I DFInstaObserve: !toggles disable_feed=0 disable_explore=0 disable_reels=1 disable_stories=0 disable_adds=0
08-12 21:20:26.429 23047 24676 I DFInstaObserve: !toggles disable_feed=0 disable_explore=0 disable_reels=1 disable_stories=0 disable_adds=0
08-12 21:20:26.487 23047 23246 I DFInstaObserve: !toggles disable_feed=0 disable_explore=0 disable_reels=1 disable_stories=0 disable_adds=0
08-12 21:20:26.531 23047 23246 I DFInstaObserve: !toggles disable_feed=0 disable_explore=0 disable_reels=1 disable_stories=0 disable_adds=0
08-12 21:20:26.544 23047 24748 I DFInstaObserve: !toggles disable_feed=0 disable_explore=0 disable_reels=1 disable_stories=0 disable_adds=0
08-12 21:20:26.608 23047 24672 I DFInstaObserve: !toggles disable_feed=0 disable_explore=0 disable_reels=1 disable_stories=0 disable_adds=0
08-12 21:20:26.693 23047 23246 I DFInstaObserve: !toggles disable_feed=0 disable_explore=0 disable_reels=1 disable_stories=0 disable_adds=0
08-12 21:20:26.775 23047 24720 I DFInstaObserve: !toggles disable_feed=0 disable_explore=0 disable_reels=1 disable_stories=0 disable_adds=0
08-12 21:20:26.793 23047 23246 I DFInstaObserve: !toggles disable_feed=0 disable_explore=0 disable_reels=1 disable_stories=0 disable_adds=0
08-12 21:20:26.837 23047 24676 I DFInstaObserve: !toggles disable_feed=0 disable_explore=0 disable_reels=1 disable_stories=0 disable_adds=0
08-12 21:20:26.837 23047 23246 I DFInstaObserve: !toggles disable_feed=0 disable_explore=0 disable_reels=1 disable_stories=0 disable_adds=0
08-12 21:20:26.904 23047 23246 I DFInstaObserve: !toggles disable_feed=0 disable_explore=0 disable_reels=1 disable_stories=0 disable_adds=0
08-12 21:20:26.941 23047 23246 I DFInstaObserve: !toggles disable_feed=0 disable_explore=0 disable_reels=1 disable_stories=0 disable_adds=0
08-12 21:20:26.950 23047 24674 I DFInstaObserve: !toggles disable_feed=0 disable_explore=0 disable_reels=1 disable_stories=0 disable_adds=0
08-12 21:20:27.030 23047 23246 I DFInstaObserve: !toggles disable_feed=0 disable_explore=0 disable_reels=1 disable_stories=0 disable_adds=0
08-12 21:20:27.060 23047 24676 I DFInstaObserve: !toggles disable_feed=0 disable_explore=0 disable_reels=1 disable_stories=0 disable_adds=0
08-12 21:20:27.075 23047 23246 I DFInstaObserve: !toggles disable_feed=0 disable_explore=0 disable_reels=1 disable_stories=0 disable_adds=0
08-12 21:20:27.258 23047 23246 I DFInstaObserve: !toggles disable_feed=0 disable_explore=0 disable_reels=1 disable_stories=0 disable_adds=0
08-12 21:20:27.813 23047 24744 I DFInstaObserve: !toggles disable_feed=0 disable_explore=0 disable_reels=1 disable_stories=0 disable_adds=0
08-12 21:20:27.835 23047 24744 I DFInstaObserve: !toggles disable_feed=0 disable_explore=0 disable_reels=1 disable_stories=0 disable_adds=0
08-12 21:20:28.023 23047 24753 I DFInstaObserve: !toggles disable_feed=0 disable_explore=0 disable_reels=1 disable_stories=0 disable_adds=0
08-12 21:20:28.621 23047 23246 I DFInstaObserve: !toggles disable_feed=0 disable_explore=0 disable_reels=1 disable_stories=0 disable_adds=0
08-12 21:20:28.830 23047 23265 I DFInstaObserve: !toggles disable_feed=0 disable_explore=0 disable_reels=1 disable_stories=0 disable_adds=0
08-12 21:20:28.956 23047 23246 I DFInstaObserve: !toggles disable_feed=0 disable_explore=0 disable_reels=1 disable_stories=0 disable_adds=0
08-12 21:20:28.985 23047 23265 I DFInstaObserve: !toggles disable_feed=0 disable_explore=0 disable_reels=1 disable_stories=0 disable_adds=0
08-12 21:20:29.091 23047 23265 I DFInstaObserve: !toggles disable_feed=0 disable_explore=0 disable_reels=1 disable_stories=0 disable_adds=0
08-12 21:20:29.194 23047 23265 I DFInstaObserve: !toggles disable_feed=0 disable_explore=0 disable_reels=1 disable_stories=0 disable_adds=0
08-12 21:20:29.379 23047 23265 I DFInstaObserve: !toggles disable_feed=0 disable_explore=0 disable_reels=1 disable_stories=0 disable_adds=0
08-12 21:20:29.460 23047 23265 I DFInstaObserve: !toggles disable_feed=0 disable_explore=0 disable_reels=1 disable_stories=0 disable_adds=0
08-12 21:20:30.698 23047 24808 I DFInstaObserve: !toggles disable_feed=0 disable_explore=0 disable_reels=1 disable_stories=0 disable_adds=0
08-12 21:20:30.698 23047 24806 I DFInstaObserve: !toggles disable_feed=0 disable_explore=0 disable_reels=1 disable_stories=0 disable_adds=0
08-12 21:20:36.780 23047 23246 I DFInstaObserve: !toggles disable_feed=0 disable_explore=0 disable_reels=1 disable_stories=0 disable_adds=0
08-12 21:20:36.841 23047 23246 I DFInstaObserve: !toggles disable_feed=0 disable_explore=0 disable_reels=1 disable_stories=0 disable_adds=0
08-12 21:20:39.026 23047 24858 I DFInstaObserve: !toggles disable_feed=0 disable_explore=0 disable_reels=1 disable_stories=0 disable_adds=0
08-12 21:20:39.026 23047 24859 I DFInstaObserve: !toggles disable_feed=0 disable_explore=0 disable_reels=1 disable_stories=0 disable_adds=0
08-12 21:20:40.113 23047 23246 I DFInstaObserve: !toggles disable_feed=0 disable_explore=0 disable_reels=1 disable_stories=0 disable_adds=0
08-12 21:20:42.298 23047 24890 I DFInstaObserve: !toggles disable_feed=0 disable_explore=0 disable_reels=1 disable_stories=0 disable_adds=0
08-12 21:20:42.299 23047 24888 I DFInstaObserve: !toggles disable_feed=0 disable_explore=0 disable_reels=1 disable_stories=0 disable_adds=0
08-12 21:20:43.149 23047 24914 I DFInstaObserve: !toggles disable_feed=0 disable_explore=0 disable_reels=1 disable_stories=0 disable_adds=0
08-12 21:20:43.187 23047 24914 I DFInstaObserve: !toggles disable_feed=0 disable_explore=0 disable_reels=1 disable_stories=0 disable_adds=0
08-12 21:20:43.445 23047 23246 I DFInstaObserve: !toggles disable_feed=0 disable_explore=0 disable_reels=1 disable_stories=0 disable_adds=0
08-12 21:20:43.535 23047 24914 I DFInstaObserve: !toggles disable_feed=0 disable_explore=0 disable_reels=1 disable_stories=0 disable_adds=0
08-12 21:20:43.580 23047 24914 I DFInstaObserve: !toggles disable_feed=0 disable_explore=0 disable_reels=1 disable_stories=0 disable_adds=0
08-12 21:20:43.617 23047 24914 I DFInstaObserve: !toggles disable_feed=0 disable_explore=0 disable_reels=1 disable_stories=0 disable_adds=0
08-12 21:20:43.620 23047 23246 I DFInstaObserve: !toggles disable_feed=0 disable_explore=0 disable_reels=1 disable_stories=0 disable_adds=0
08-12 21:20:43.644 23047 24914 I DFInstaObserve: !toggles disable_feed=0 disable_explore=0 disable_reels=1 disable_stories=0 disable_adds=0
08-12 21:20:46.748 23047 23246 I DFInstaObserve: !toggles disable_feed=0 disable_explore=0 disable_reels=1 disable_stories=0 disable_adds=0
08-12 21:20:46.830 23047 23246 I DFInstaObserve: !toggles disable_feed=0 disable_explore=0 disable_reels=1 disable_stories=0 disable_adds=0
08-12 21:20:48.985 23047 24936 I DFInstaObserve: !toggles disable_feed=0 disable_explore=0 disable_reels=1 disable_stories=0 disable_adds=0
08-12 21:20:48.986 23047 24937 I DFInstaObserve: !toggles disable_feed=0 disable_explore=0 disable_reels=1 disable_stories=0 disable_adds=0
08-12 21:20:50.063 23047 23246 I DFInstaObserve: !toggles disable_feed=0 disable_explore=0 disable_reels=1 disable_stories=0 disable_adds=0
08-12 21:20:50.141 23047 23246 I DFInstaObserve: !toggles disable_feed=0 disable_explore=0 disable_reels=1 disable_stories=0 disable_adds=0
08-12 21:20:52.304 23047 24970 I DFInstaObserve: !toggles disable_feed=0 disable_explore=0 disable_reels=1 disable_stories=0 disable_adds=0
08-12 21:20:52.304 23047 24969 I DFInstaObserve: !toggles disable_feed=0 disable_explore=0 disable_reels=1 disable_stories=0 disable_adds=0
08-12 21:20:53.061 23047 24672 I DFInstaObserve: !toggles disable_feed=0 disable_explore=0 disable_reels=1 disable_stories=0 disable_adds=0
08-12 21:20:53.462 23047 23265 I DFInstaObserve: !toggles disable_feed=0 disable_explore=0 disable_reels=1 disable_stories=0 disable_adds=0
08-12 21:20:53.550 23047 23265 I DFInstaObserve: !toggles disable_feed=0 disable_explore=0 disable_reels=1 disable_stories=0 disable_adds=0
08-12 21:21:26.233 23047 24672 I DFInstaObserve: !toggles disable_feed=0 disable_explore=0 disable_reels=1 disable_stories=0 disable_adds=0
08-12 21:21:26.233 23047 24672 I DFInstaObserve: /feed/timeline/
08-12 21:21:27.938 23047 24726 I DFInstaObserve: !toggles disable_feed=0 disable_explore=0 disable_reels=1 disable_stories=0 disable_adds=0
08-12 21:21:27.943 23047 24726 I DFInstaObserve: !toggles disable_feed=0 disable_explore=0 disable_reels=1 disable_stories=0 disable_adds=0
08-12 21:21:28.211 23047 23246 I DFInstaObserve: !toggles disable_feed=0 disable_explore=0 disable_reels=1 disable_stories=0 disable_adds=0
08-12 21:21:28.233 23047 25110 I DFInstaObserve: !toggles disable_feed=0 disable_explore=0 disable_reels=1 disable_stories=0 disable_adds=0
08-12 21:21:28.249 23047 23246 I DFInstaObserve: !toggles disable_feed=0 disable_explore=0 disable_reels=1 disable_stories=0 disable_adds=0
08-12 21:21:28.294 23047 23246 I DFInstaObserve: !toggles disable_feed=0 disable_explore=0 disable_reels=1 disable_stories=0 disable_adds=0
08-12 21:21:28.335 23047 23246 I DFInstaObserve: !toggles disable_feed=0 disable_explore=0 disable_reels=1 disable_stories=0 disable_adds=0
08-12 21:21:28.372 23047 23246 I DFInstaObserve: !toggles disable_feed=0 disable_explore=0 disable_reels=1 disable_stories=0 disable_adds=0
08-12 21:21:28.405 23047 24923 I DFInstaObserve: !toggles disable_feed=0 disable_explore=0 disable_reels=1 disable_stories=0 disable_adds=0
08-12 21:21:28.571 23047 24672 I DFInstaObserve: !toggles disable_feed=0 disable_explore=0 disable_reels=1 disable_stories=0 disable_adds=0
08-12 21:21:29.590 23047 23265 I DFInstaObserve: !toggles disable_feed=0 disable_explore=0 disable_reels=1 disable_stories=0 disable_adds=0
08-12 21:21:29.737 23047 23265 I DFInstaObserve: !toggles disable_feed=0 disable_explore=0 disable_reels=1 disable_stories=0 disable_adds=0
08-12 21:21:33.807 23047 25127 I DFInstaObserve: !toggles disable_feed=0 disable_explore=0 disable_reels=1 disable_stories=0 disable_adds=0
08-12 21:21:33.827 23047 25133 I DFInstaObserve: !toggles disable_feed=0 disable_explore=0 disable_reels=1 disable_stories=0 disable_adds=0
08-12 21:21:33.851 23047 25133 I DFInstaObserve: !toggles disable_feed=0 disable_explore=0 disable_reels=1 disable_stories=0 disable_adds=0
08-12 21:21:37.329 23047 24672 I DFInstaObserve: !toggles disable_feed=0 disable_explore=0 disable_reels=1 disable_stories=0 disable_adds=0
08-12 21:21:37.329 23047 24672 I DFInstaObserve: /discover/topical_explore
08-12 21:21:37.964 23047 25186 I DFInstaObserve: !toggles disable_feed=0 disable_explore=0 disable_reels=1 disable_stories=0 disable_adds=0
08-12 21:21:39.743 23047 25164 I DFInstaObserve: !toggles disable_feed=0 disable_explore=0 disable_reels=1 disable_stories=0 disable_adds=0
08-12 21:21:39.946 23047 25173 I DFInstaObserve: !toggles disable_feed=0 disable_explore=0 disable_reels=1 disable_stories=0 disable_adds=0
08-12 21:21:40.929 23047 25232 I DFInstaObserve: !toggles disable_feed=0 disable_explore=0 disable_reels=1 disable_stories=0 disable_adds=0
08-12 21:21:42.846 23047 25210 I DFInstaObserve: !toggles disable_feed=0 disable_explore=0 disable_reels=1 disable_stories=0 disable_adds=0
08-12 21:21:42.883 23047 25210 I DFInstaObserve: !toggles disable_feed=0 disable_explore=0 disable_reels=1 disable_stories=0 disable_adds=0
08-12 21:21:42.907 23047 25221 I DFInstaObserve: !toggles disable_feed=0 disable_explore=0 disable_reels=1 disable_stories=0 disable_adds=0
08-12 21:21:44.983 23047 24726 I DFInstaObserve: !toggles disable_feed=0 disable_explore=0 disable_reels=1 disable_stories=0 disable_adds=0
08-12 21:21:44.986 23047 25251 I DFInstaObserve: !toggles disable_feed=0 disable_explore=0 disable_reels=1 disable_stories=0 disable_adds=0
08-12 21:21:45.008 23047 23246 I DFInstaObserve: !toggles disable_feed=0 disable_explore=0 disable_reels=1 disable_stories=0 disable_adds=0
08-12 21:21:45.066 23047 24923 I DFInstaObserve: !toggles disable_feed=0 disable_explore=0 disable_reels=1 disable_stories=0 disable_adds=0
08-12 21:21:45.104 23047 25226 I DFInstaObserve: !toggles disable_feed=0 disable_explore=0 disable_reels=1 disable_stories=0 disable_adds=0
08-12 21:21:45.186 23047 23246 I DFInstaObserve: !toggles disable_feed=0 disable_explore=0 disable_reels=1 disable_stories=0 disable_adds=0
08-12 21:21:45.217 23047 25226 I DFInstaObserve: !toggles disable_feed=0 disable_explore=0 disable_reels=1 disable_stories=0 disable_adds=0
08-12 21:21:45.237 23047 23246 I DFInstaObserve: !toggles disable_feed=0 disable_explore=0 disable_reels=1 disable_stories=0 disable_adds=0
08-12 21:21:45.265 23047 25225 I DFInstaObserve: !toggles disable_feed=0 disable_explore=0 disable_reels=1 disable_stories=0 disable_adds=0
08-12 21:21:45.332 23047 23246 I DFInstaObserve: !toggles disable_feed=0 disable_explore=0 disable_reels=1 disable_stories=0 disable_adds=0
08-12 21:21:45.366 23047 23246 I DFInstaObserve: !toggles disable_feed=0 disable_explore=0 disable_reels=1 disable_stories=0 disable_adds=0
08-12 21:21:45.383 23047 25252 I DFInstaObserve: !toggles disable_feed=0 disable_explore=0 disable_reels=1 disable_stories=0 disable_adds=0
08-12 21:21:45.397 23047 23246 I DFInstaObserve: !toggles disable_feed=0 disable_explore=0 disable_reels=1 disable_stories=0 disable_adds=0
08-12 21:21:45.437 23047 23246 I DFInstaObserve: !toggles disable_feed=0 disable_explore=0 disable_reels=1 disable_stories=0 disable_adds=0
08-12 21:21:45.471 23047 25227 I DFInstaObserve: !toggles disable_feed=0 disable_explore=0 disable_reels=1 disable_stories=0 disable_adds=0
08-12 21:21:45.530 23047 23246 I DFInstaObserve: !toggles disable_feed=0 disable_explore=0 disable_reels=1 disable_stories=0 disable_adds=0
08-12 21:21:45.568 23047 23246 I DFInstaObserve: !toggles disable_feed=0 disable_explore=0 disable_reels=1 disable_stories=0 disable_adds=0
08-12 21:21:45.585 23047 25225 I DFInstaObserve: !toggles disable_feed=0 disable_explore=0 disable_reels=1 disable_stories=0 disable_adds=0
08-12 21:21:45.680 23047 24672 I DFInstaObserve: !toggles disable_feed=0 disable_explore=0 disable_reels=1 disable_stories=0 disable_adds=0
08-12 21:21:45.711 23047 23246 I DFInstaObserve: !toggles disable_feed=0 disable_explore=0 disable_reels=1 disable_stories=0 disable_adds=0
08-12 21:21:45.750 23047 23246 I DFInstaObserve: !toggles disable_feed=0 disable_explore=0 disable_reels=1 disable_stories=0 disable_adds=0
08-12 21:21:45.967 23047 23246 I DFInstaObserve: !toggles disable_feed=0 disable_explore=0 disable_reels=1 disable_stories=0 disable_adds=0
08-12 21:21:46.052 23047 23246 I DFInstaObserve: !toggles disable_feed=0 disable_explore=0 disable_reels=1 disable_stories=0 disable_adds=0
08-12 21:21:46.230 23047 23246 I DFInstaObserve: !toggles disable_feed=0 disable_explore=0 disable_reels=1 disable_stories=0 disable_adds=0
08-12 21:21:46.398 23047 23246 I DFInstaObserve: !toggles disable_feed=0 disable_explore=0 disable_reels=1 disable_stories=0 disable_adds=0
08-12 21:21:46.484 23047 23246 I DFInstaObserve: !toggles disable_feed=0 disable_explore=0 disable_reels=1 disable_stories=0 disable_adds=0
08-12 21:21:47.426 23047 24672 I DFInstaObserve: !toggles disable_feed=0 disable_explore=0 disable_reels=1 disable_stories=0 disable_adds=0
08-12 21:21:47.426 23047 24672 I DFInstaObserve: /discover/topical_explore
08-12 21:21:47.544 23047 25269 I DFInstaObserve: !toggles disable_feed=0 disable_explore=0 disable_reels=1 disable_stories=0 disable_adds=0
08-12 21:21:49.779 23047 25275 I DFInstaObserve: !toggles disable_feed=0 disable_explore=0 disable_reels=1 disable_stories=0 disable_adds=0
08-12 21:21:49.812 23047 25275 I DFInstaObserve: !toggles disable_feed=0 disable_explore=0 disable_reels=1 disable_stories=0 disable_adds=0
08-12 21:21:49.954 23047 25283 I DFInstaObserve: !toggles disable_feed=0 disable_explore=0 disable_reels=1 disable_stories=0 disable_adds=0
08-12 21:21:50.500 23047 24726 I DFInstaObserve: !toggles disable_feed=0 disable_explore=0 disable_reels=1 disable_stories=0 disable_adds=0
08-12 21:21:50.504 23047 25360 I DFInstaObserve: !toggles disable_feed=0 disable_explore=0 disable_reels=1 disable_stories=0 disable_adds=0
08-12 21:21:50.539 23047 23246 I DFInstaObserve: !toggles disable_feed=0 disable_explore=0 disable_reels=1 disable_stories=0 disable_adds=0
08-12 21:21:50.644 23047 25252 I DFInstaObserve: !toggles disable_feed=0 disable_explore=0 disable_reels=1 disable_stories=0 disable_adds=0
08-12 21:21:50.765 23047 25262 I DFInstaObserve: !toggles disable_feed=0 disable_explore=0 disable_reels=1 disable_stories=0 disable_adds=0
08-12 21:21:50.770 23047 23246 I DFInstaObserve: !toggles disable_feed=0 disable_explore=0 disable_reels=1 disable_stories=0 disable_adds=0
08-12 21:21:50.871 23047 23246 I DFInstaObserve: !toggles disable_feed=0 disable_explore=0 disable_reels=1 disable_stories=0 disable_adds=0
08-12 21:21:50.893 23047 24672 I DFInstaObserve: !toggles disable_feed=0 disable_explore=0 disable_reels=1 disable_stories=0 disable_adds=0
08-12 21:21:50.981 23047 25370 I DFInstaObserve: !toggles disable_feed=0 disable_explore=0 disable_reels=1 disable_stories=0 disable_adds=0
08-12 21:21:51.053 23047 25369 I DFInstaObserve: !toggles disable_feed=0 disable_explore=0 disable_reels=1 disable_stories=0 disable_adds=0
08-12 21:21:51.066 23047 23246 I DFInstaObserve: !toggles disable_feed=0 disable_explore=0 disable_reels=1 disable_stories=0 disable_adds=0
08-12 21:21:51.090 23047 25370 I DFInstaObserve: !toggles disable_feed=0 disable_explore=0 disable_reels=1 disable_stories=0 disable_adds=0
08-12 21:21:51.149 23047 25370 I DFInstaObserve: !toggles disable_feed=0 disable_explore=0 disable_reels=1 disable_stories=0 disable_adds=0
08-12 21:21:51.188 23047 25403 I DFInstaObserve: !toggles disable_feed=0 disable_explore=0 disable_reels=1 disable_stories=0 disable_adds=0
08-12 21:21:51.205 23047 23246 I DFInstaObserve: !toggles disable_feed=0 disable_explore=0 disable_reels=1 disable_stories=0 disable_adds=0
08-12 21:21:51.222 23047 25370 I DFInstaObserve: !toggles disable_feed=0 disable_explore=0 disable_reels=1 disable_stories=0 disable_adds=0
08-12 21:21:51.300 23047 25371 I DFInstaObserve: !toggles disable_feed=0 disable_explore=0 disable_reels=1 disable_stories=0 disable_adds=0
08-12 21:21:51.327 23047 25388 I DFInstaObserve: !toggles disable_feed=0 disable_explore=0 disable_reels=1 disable_stories=0 disable_adds=0
08-12 21:21:51.411 23047 25371 I DFInstaObserve: !toggles disable_feed=0 disable_explore=0 disable_reels=1 disable_stories=0 disable_adds=0
08-12 21:21:51.426 23047 25411 I DFInstaObserve: !toggles disable_feed=0 disable_explore=0 disable_reels=1 disable_stories=0 disable_adds=0
08-12 21:21:51.460 23047 25372 I DFInstaObserve: !toggles disable_feed=0 disable_explore=0 disable_reels=1 disable_stories=0 disable_adds=0
08-12 21:21:51.460 23047 25372 I DFInstaObserve: /discover/topical_explore
08-12 21:21:51.518 23047 25389 I DFInstaObserve: !toggles disable_feed=0 disable_explore=0 disable_reels=1 disable_stories=0 disable_adds=0
08-12 21:21:51.574 23047 25369 I DFInstaObserve: !toggles disable_feed=0 disable_explore=0 disable_reels=1 disable_stories=0 disable_adds=0
08-12 21:21:52.078 23047 23246 I DFInstaObserve: !toggles disable_feed=0 disable_explore=0 disable_reels=1 disable_stories=0 disable_adds=0
08-12 21:21:52.295 23047 23246 I DFInstaObserve: !toggles disable_feed=0 disable_explore=0 disable_reels=1 disable_stories=0 disable_adds=0
08-12 21:21:52.553 23047 23246 I DFInstaObserve: !toggles disable_feed=0 disable_explore=0 disable_reels=1 disable_stories=0 disable_adds=0
08-12 21:21:52.593 23047 23246 I DFInstaObserve: !toggles disable_feed=0 disable_explore=0 disable_reels=1 disable_stories=0 disable_adds=0
08-12 21:21:52.685 23047 23246 I DFInstaObserve: !toggles disable_feed=0 disable_explore=0 disable_reels=1 disable_stories=0 disable_adds=0
08-12 21:21:52.728 23047 23246 I DFInstaObserve: !toggles disable_feed=0 disable_explore=0 disable_reels=1 disable_stories=0 disable_adds=0
08-12 21:21:52.840 23047 23246 I DFInstaObserve: !toggles disable_feed=0 disable_explore=0 disable_reels=1 disable_stories=0 disable_adds=0
08-12 21:21:52.885 23047 23246 I DFInstaObserve: !toggles disable_feed=0 disable_explore=0 disable_reels=1 disable_stories=0 disable_adds=0
08-12 21:21:53.158 23047 25392 I DFInstaObserve: !toggles disable_feed=0 disable_explore=0 disable_reels=1 disable_stories=0 disable_adds=0
08-12 21:21:53.372 23047 25402 I DFInstaObserve: !toggles disable_feed=0 disable_explore=0 disable_reels=1 disable_stories=0 disable_adds=0
08-12 21:21:53.842 23047 23246 I DFInstaObserve: !toggles disable_feed=0 disable_explore=0 disable_reels=1 disable_stories=0 disable_adds=0
08-12 21:21:53.914 23047 23246 I DFInstaObserve: !toggles disable_feed=0 disable_explore=0 disable_reels=1 disable_stories=0 disable_adds=0
08-12 21:21:54.042 23047 23246 I DFInstaObserve: !toggles disable_feed=0 disable_explore=0 disable_reels=1 disable_stories=0 disable_adds=0
08-12 21:21:54.554 23047 25360 I DFInstaObserve: !toggles disable_feed=0 disable_explore=0 disable_reels=1 disable_stories=0 disable_adds=0
08-12 21:21:54.570 23047 25360 I DFInstaObserve: !toggles disable_feed=0 disable_explore=0 disable_reels=1 disable_stories=0 disable_adds=0
08-12 21:21:54.642 23047 23246 I DFInstaObserve: !toggles disable_feed=0 disable_explore=0 disable_reels=1 disable_stories=0 disable_adds=0
08-12 21:21:54.736 23047 25447 I DFInstaObserve: !toggles disable_feed=0 disable_explore=0 disable_reels=1 disable_stories=0 disable_adds=0
08-12 21:21:54.777 23047 25369 I DFInstaObserve: !toggles disable_feed=0 disable_explore=0 disable_reels=1 disable_stories=0 disable_adds=0
08-12 21:21:54.816 23047 23265 I DFInstaObserve: !toggles disable_feed=0 disable_explore=0 disable_reels=1 disable_stories=0 disable_adds=0
08-12 21:21:54.923 23047 23265 I DFInstaObserve: !toggles disable_feed=0 disable_explore=0 disable_reels=1 disable_stories=0 disable_adds=0
08-12 21:21:54.978 23047 25442 I DFInstaObserve: !toggles disable_feed=0 disable_explore=0 disable_reels=1 disable_stories=0 disable_adds=0
08-12 21:21:55.113 23047 23265 I DFInstaObserve: !toggles disable_feed=0 disable_explore=0 disable_reels=1 disable_stories=0 disable_adds=0
08-12 21:21:55.133 23047 25445 I DFInstaObserve: !toggles disable_feed=0 disable_explore=0 disable_reels=1 disable_stories=0 disable_adds=0
08-12 21:21:55.239 23047 23265 I DFInstaObserve: !toggles disable_feed=0 disable_explore=0 disable_reels=1 disable_stories=0 disable_adds=0
08-12 21:21:55.275 23047 25441 I DFInstaObserve: !toggles disable_feed=0 disable_explore=0 disable_reels=1 disable_stories=0 disable_adds=0
08-12 21:21:55.388 23047 25369 I DFInstaObserve: !toggles disable_feed=0 disable_explore=0 disable_reels=1 disable_stories=0 disable_adds=0
08-12 21:21:55.459 23047 25442 I DFInstaObserve: !toggles disable_feed=0 disable_explore=0 disable_reels=1 disable_stories=0 disable_adds=0
08-12 21:21:55.578 23047 25445 I DFInstaObserve: !toggles disable_feed=0 disable_explore=0 disable_reels=1 disable_stories=0 disable_adds=0
08-12 21:21:55.667 23047 23246 I DFInstaObserve: !toggles disable_feed=0 disable_explore=0 disable_reels=1 disable_stories=0 disable_adds=0
08-12 21:21:55.699 23047 25441 I DFInstaObserve: !toggles disable_feed=0 disable_explore=0 disable_reels=1 disable_stories=0 disable_adds=0
08-12 21:21:55.708 23047 23246 I DFInstaObserve: !toggles disable_feed=0 disable_explore=0 disable_reels=1 disable_stories=0 disable_adds=0
08-12 21:21:55.777 23047 25447 I DFInstaObserve: !toggles disable_feed=0 disable_explore=0 disable_reels=1 disable_stories=0 disable_adds=0
08-12 21:21:55.808 23047 25369 I DFInstaObserve: !toggles disable_feed=0 disable_explore=0 disable_reels=1 disable_stories=0 disable_adds=0
08-12 21:21:55.905 23047 25441 I DFInstaObserve: !toggles disable_feed=0 disable_explore=0 disable_reels=1 disable_stories=0 disable_adds=0
08-12 21:21:55.913 23047 23246 I DFInstaObserve: !toggles disable_feed=0 disable_explore=0 disable_reels=1 disable_stories=0 disable_adds=0
08-12 21:21:55.962 23047 23246 I DFInstaObserve: !toggles disable_feed=0 disable_explore=0 disable_reels=1 disable_stories=0 disable_adds=0
08-12 21:21:55.966 23047 25447 I DFInstaObserve: !toggles disable_feed=0 disable_explore=0 disable_reels=1 disable_stories=0 disable_adds=0
08-12 21:21:56.046 23047 23246 I DFInstaObserve: !toggles disable_feed=0 disable_explore=0 disable_reels=1 disable_stories=0 disable_adds=0
08-12 21:21:56.084 23047 25426 I DFInstaObserve: !toggles disable_feed=0 disable_explore=0 disable_reels=1 disable_stories=0 disable_adds=0
08-12 21:21:56.101 23047 23246 I DFInstaObserve: !toggles disable_feed=0 disable_explore=0 disable_reels=1 disable_stories=0 disable_adds=0
08-12 21:21:56.163 23047 25445 I DFInstaObserve: !toggles disable_feed=0 disable_explore=0 disable_reels=1 disable_stories=0 disable_adds=0
08-12 21:21:56.214 23047 25442 I DFInstaObserve: !toggles disable_feed=0 disable_explore=0 disable_reels=1 disable_stories=0 disable_adds=0
08-12 21:21:56.356 23047 23246 I DFInstaObserve: !toggles disable_feed=0 disable_explore=0 disable_reels=1 disable_stories=0 disable_adds=0
08-12 21:21:56.387 23047 25460 I DFInstaObserve: !toggles disable_feed=0 disable_explore=0 disable_reels=1 disable_stories=0 disable_adds=0
08-12 21:21:56.390 23047 25461 I DFInstaObserve: !toggles disable_feed=0 disable_explore=0 disable_reels=1 disable_stories=0 disable_adds=0
08-12 21:21:56.396 23047 25445 I DFInstaObserve: !toggles disable_feed=0 disable_explore=0 disable_reels=1 disable_stories=0 disable_adds=0
08-12 21:21:56.407 23047 23246 I DFInstaObserve: !toggles disable_feed=0 disable_explore=0 disable_reels=1 disable_stories=0 disable_adds=0
08-12 21:21:56.436 23047 25426 I DFInstaObserve: !toggles disable_feed=0 disable_explore=0 disable_reels=1 disable_stories=0 disable_adds=0
08-12 21:21:56.522 23047 23246 I DFInstaObserve: !toggles disable_feed=0 disable_explore=0 disable_reels=1 disable_stories=0 disable_adds=0
08-12 21:21:56.560 23047 23246 I DFInstaObserve: !toggles disable_feed=0 disable_explore=0 disable_reels=1 disable_stories=0 disable_adds=0
08-12 21:21:56.579 23047 25447 I DFInstaObserve: !toggles disable_feed=0 disable_explore=0 disable_reels=1 disable_stories=0 disable_adds=0
08-12 21:21:56.664 23047 25369 I DFInstaObserve: !toggles disable_feed=0 disable_explore=0 disable_reels=1 disable_stories=0 disable_adds=0
08-12 21:21:56.998 23047 23246 I DFInstaObserve: !toggles disable_feed=0 disable_explore=0 disable_reels=1 disable_stories=0 disable_adds=0
08-12 21:21:57.057 23047 23246 I DFInstaObserve: !toggles disable_feed=0 disable_explore=0 disable_reels=1 disable_stories=0 disable_adds=0
08-12 21:21:57.288 23047 23246 I DFInstaObserve: !toggles disable_feed=0 disable_explore=0 disable_reels=1 disable_stories=0 disable_adds=0
08-12 21:21:57.325 23047 23246 I DFInstaObserve: !toggles disable_feed=0 disable_explore=0 disable_reels=1 disable_stories=0 disable_adds=0
08-12 21:21:57.399 23047 23246 I DFInstaObserve: !toggles disable_feed=0 disable_explore=0 disable_reels=1 disable_stories=0 disable_adds=0
08-12 21:21:57.436 23047 23246 I DFInstaObserve: !toggles disable_feed=0 disable_explore=0 disable_reels=1 disable_stories=0 disable_adds=0
08-12 21:21:57.866 23047 23246 I DFInstaObserve: !toggles disable_feed=0 disable_explore=0 disable_reels=1 disable_stories=0 disable_adds=0
08-12 21:21:58.846 23047 25461 I DFInstaObserve: !toggles disable_feed=0 disable_explore=0 disable_reels=1 disable_stories=0 disable_adds=0
08-12 21:21:58.846 23047 25460 I DFInstaObserve: !toggles disable_feed=0 disable_explore=0 disable_reels=1 disable_stories=0 disable_adds=0
08-12 21:22:02.371 23047 23246 I DFInstaObserve: !toggles disable_feed=0 disable_explore=0 disable_reels=1 disable_stories=0 disable_adds=0
08-12 21:22:02.454 23047 23246 I DFInstaObserve: !toggles disable_feed=0 disable_explore=0 disable_reels=1 disable_stories=0 disable_adds=0
08-12 21:22:04.575 23047 25500 I DFInstaObserve: !toggles disable_feed=0 disable_explore=0 disable_reels=1 disable_stories=0 disable_adds=0
08-12 21:22:04.576 23047 25499 I DFInstaObserve: !toggles disable_feed=0 disable_explore=0 disable_reels=1 disable_stories=0 disable_adds=0
08-12 21:22:05.764 23047 23246 I DFInstaObserve: !toggles disable_feed=0 disable_explore=0 disable_reels=1 disable_stories=0 disable_adds=0
08-12 21:22:06.178 23047 23246 I DFInstaObserve: !toggles disable_feed=0 disable_explore=0 disable_reels=1 disable_stories=0 disable_adds=0
08-12 21:22:07.900 23047 25531 I DFInstaObserve: !toggles disable_feed=0 disable_explore=0 disable_reels=1 disable_stories=0 disable_adds=0
08-12 21:22:07.900 23047 25530 I DFInstaObserve: !toggles disable_feed=0 disable_explore=0 disable_reels=1 disable_stories=0 disable_adds=0
08-12 21:22:09.041 23047 23246 I DFInstaObserve: !toggles disable_feed=0 disable_explore=0 disable_reels=1 disable_stories=0 disable_adds=0
08-12 21:22:09.175 23047 23246 I DFInstaObserve: !toggles disable_feed=0 disable_explore=0 disable_reels=1 disable_stories=0 disable_adds=0
08-12 21:22:11.255 23047 25554 I DFInstaObserve: !toggles disable_feed=0 disable_explore=0 disable_reels=1 disable_stories=0 disable_adds=0
08-12 21:22:11.255 23047 25555 I DFInstaObserve: !toggles disable_feed=0 disable_explore=0 disable_reels=1 disable_stories=0 disable_adds=0
08-12 21:22:12.393 23047 23246 I DFInstaObserve: !toggles disable_feed=0 disable_explore=0 disable_reels=1 disable_stories=0 disable_adds=0
08-12 21:22:12.592 23047 23246 I DFInstaObserve: !toggles disable_feed=0 disable_explore=0 disable_reels=1 disable_stories=0 disable_adds=0
08-12 21:22:14.578 23047 25584 I DFInstaObserve: !toggles disable_feed=0 disable_explore=0 disable_reels=1 disable_stories=0 disable_adds=0
08-12 21:22:14.585 23047 25585 I DFInstaObserve: !toggles disable_feed=0 disable_explore=0 disable_reels=1 disable_stories=0 disable_adds=0
08-12 21:22:15.725 23047 23246 I DFInstaObserve: !toggles disable_feed=0 disable_explore=0 disable_reels=1 disable_stories=0 disable_adds=0
08-12 21:22:16.158 23047 23246 I DFInstaObserve: !toggles disable_feed=0 disable_explore=0 disable_reels=1 disable_stories=0 disable_adds=0
08-12 21:22:17.900 23047 25616 I DFInstaObserve: !toggles disable_feed=0 disable_explore=0 disable_reels=1 disable_stories=0 disable_adds=0
08-12 21:22:17.901 23047 25615 I DFInstaObserve: !toggles disable_feed=0 disable_explore=0 disable_reels=1 disable_stories=0 disable_adds=0
