08-14 01:51:40.839 30427 30621 I DFInstaObserve: !toggles +blocked disable_feed=0 disable_explore=1 disable_reels=0 disable_stories=0 disable_adds=0
08-14 01:51:40.839 30427 30620 I DFInstaObserve: !toggles +blocked disable_feed=0 disable_explore=1 disable_reels=0 disable_stories=0 disable_adds=0
08-14 01:51:40.839 30427 30621 I DFInstaObserve: /feed/timeline/
08-14 01:51:40.839 30427 30620 I DFInstaObserve: /feed/reels_tray/
08-14 01:51:40.958 30427 30491 I DFInstaObserve: !toggles +blocked disable_feed=0 disable_explore=1 disable_reels=0 disable_stories=0 disable_adds=0
08-14 01:51:40.958 30427 30491 I DFInstaObserve: /clips/discover
08-14 01:51:40.958 30427 30491 I DFInstaObserve: /clips/discover/stream/
08-14 01:51:41.245 30427 30676 I DFInstaObserve: !toggles +blocked disable_feed=0 disable_explore=1 disable_reels=0 disable_stories=0 disable_adds=0
08-14 01:51:41.341 30427 30627 I DFInstaObserve: !toggles +blocked disable_feed=0 disable_explore=1 disable_reels=0 disable_stories=0 disable_adds=0
08-14 01:51:41.656 30427 30676 I DFInstaObserve: !toggles +blocked disable_feed=0 disable_explore=1 disable_reels=0 disable_stories=0 disable_adds=0
08-14 01:51:41.733 30427 30469 I DFInstaObserve: !toggles +blocked disable_feed=0 disable_explore=1 disable_reels=0 disable_stories=0 disable_adds=0
08-14 01:51:41.743 30427 30469 I DFInstaObserve: !toggles +blocked disable_feed=0 disable_explore=1 disable_reels=0 disable_stories=0 disable_adds=0
08-14 01:51:41.890 30427 30510 I DFInstaObserve: !toggles +blocked disable_feed=0 disable_explore=1 disable_reels=0 disable_stories=0 disable_adds=0
08-14 01:51:41.890 30427 30510 I DFInstaObserve: /discover/topical_explore
08-14 01:51:41.891 30427 30510 I DFInstaObserve: !blocked /discover/topical_explore
08-14 01:51:42.217 30427 30544 I DFInstaObserve: !toggles +blocked disable_feed=0 disable_explore=1 disable_reels=0 disable_stories=0 disable_adds=0
08-14 01:51:42.236 30427 30469 I DFInstaObserve: !toggles +blocked disable_feed=0 disable_explore=1 disable_reels=0 disable_stories=0 disable_adds=0
08-14 01:51:42.239 30427 30469 I DFInstaObserve: !toggles +blocked disable_feed=0 disable_explore=1 disable_reels=0 disable_stories=0 disable_adds=0
08-14 01:51:42.508 30427 30524 I DFInstaObserve: !toggles +blocked disable_feed=0 disable_explore=1 disable_reels=0 disable_stories=0 disable_adds=0
08-14 01:51:42.508 30427 30524 I DFInstaObserve: /feed/timeline/
08-14 01:51:42.564 30427 30598 I DFInstaObserve: !toggles +blocked disable_feed=0 disable_explore=1 disable_reels=0 disable_stories=0 disable_adds=0
08-14 01:51:42.747 30427 30621 I DFInstaObserve: !toggles +blocked disable_feed=0 disable_explore=1 disable_reels=0 disable_stories=0 disable_adds=0
08-14 01:51:43.008 30427 30650 I DFInstaObserve: !toggles +blocked disable_feed=0 disable_explore=1 disable_reels=0 disable_stories=0 disable_adds=0
08-14 01:51:43.147 30427 30627 I DFInstaObserve: !toggles +blocked disable_feed=0 disable_explore=1 disable_reels=0 disable_stories=0 disable_adds=0
08-14 01:51:43.225 30427 30472 I DFInstaObserve: !toggles +blocked disable_feed=0 disable_explore=1 disable_reels=0 disable_stories=0 disable_adds=0
08-14 01:51:43.446 30427 30785 I DFInstaObserve: !toggles +blocked disable_feed=0 disable_explore=1 disable_reels=0 disable_stories=0 disable_adds=0
08-14 01:51:43.490 30427 30472 I DFInstaObserve: !toggles +blocked disable_feed=0 disable_explore=1 disable_reels=0 disable_stories=0 disable_adds=0
08-14 01:51:43.998 30427 30790 I DFInstaObserve: !toggles +blocked disable_feed=0 disable_explore=1 disable_reels=0 disable_stories=0 disable_adds=0
08-14 01:51:44.005 30427 30650 I DFInstaObserve: !toggles +blocked disable_feed=0 disable_explore=1 disable_reels=0 disable_stories=0 disable_adds=0
08-14 01:51:44.027 30427 30798 I DFInstaObserve: !toggles +blocked disable_feed=0 disable_explore=1 disable_reels=0 disable_stories=0 disable_adds=0
08-14 01:51:44.186 30427 30650 I DFInstaObserve: !toggles +blocked disable_feed=0 disable_explore=1 disable_reels=0 disable_stories=0 disable_adds=0
08-14 01:51:44.528 30427 30470 I DFInstaObserve: !toggles +blocked disable_feed=0 disable_explore=1 disable_reels=0 disable_stories=0 disable_adds=0
08-14 01:51:44.537 30427 30470 I DFInstaObserve: !toggles +blocked disable_feed=0 disable_explore=1 disable_reels=0 disable_stories=0 disable_adds=0
08-14 01:51:44.571 30427 30650 I DFInstaObserve: !toggles +blocked disable_feed=0 disable_explore=1 disable_reels=0 disable_stories=0 disable_adds=0
08-14 01:51:45.262 30427 30650 I DFInstaObserve: !toggles +blocked disable_feed=0 disable_explore=1 disable_reels=0 disable_stories=0 disable_adds=0
08-14 01:51:45.295 30427 30650 I DFInstaObserve: !toggles +blocked disable_feed=0 disable_explore=1 disable_reels=0 disable_stories=0 disable_adds=0
08-14 01:51:45.489 30427 30650 I DFInstaObserve: !toggles +blocked disable_feed=0 disable_explore=1 disable_reels=0 disable_stories=0 disable_adds=0
08-14 01:51:45.530 30427 30650 I DFInstaObserve: !toggles +blocked disable_feed=0 disable_explore=1 disable_reels=0 disable_stories=0 disable_adds=0
08-14 01:51:45.629 30427 30650 I DFInstaObserve: !toggles +blocked disable_feed=0 disable_explore=1 disable_reels=0 disable_stories=0 disable_adds=0
08-14 01:51:45.670 30427 30650 I DFInstaObserve: !toggles +blocked disable_feed=0 disable_explore=1 disable_reels=0 disable_stories=0 disable_adds=0
08-14 01:51:45.704 30427 30650 I DFInstaObserve: !toggles +blocked disable_feed=0 disable_explore=1 disable_reels=0 disable_stories=0 disable_adds=0
08-14 01:51:47.415 30427 30781 I DFInstaObserve: !toggles +blocked disable_feed=0 disable_explore=1 disable_reels=0 disable_stories=0 disable_adds=0
08-14 01:51:47.422 30427 30787 I DFInstaObserve: !toggles +blocked disable_feed=0 disable_explore=1 disable_reels=0 disable_stories=0 disable_adds=0
08-14 01:51:47.572 30427 30787 I DFInstaObserve: !toggles +blocked disable_feed=0 disable_explore=1 disable_reels=0 disable_stories=0 disable_adds=0
08-14 01:51:47.663 30427 30491 I DFInstaObserve: !toggles +blocked disable_feed=0 disable_explore=1 disable_reels=0 disable_stories=0 disable_adds=0
08-14 01:51:47.760 30427 30676 I DFInstaObserve: !toggles +blocked disable_feed=0 disable_explore=1 disable_reels=0 disable_stories=0 disable_adds=0
08-14 01:51:48.743 30427 30676 I DFInstaObserve: !toggles +blocked disable_feed=0 disable_explore=1 disable_reels=0 disable_stories=0 disable_adds=0
08-14 01:51:58.447 30427 30788 I DFInstaObserve: !toggles +blocked disable_feed=0 disable_explore=1 disable_reels=0 disable_stories=0 disable_adds=0
08-14 01:51:58.447 30427 30788 I DFInstaObserve: /feed/timeline/
08-14 01:51:58.447 30427 30838 I DFInstaObserve: !toggles +blocked disable_feed=0 disable_explore=1 disable_reels=0 disable_stories=0 disable_adds=0
08-14 01:51:58.447 30427 30838 I DFInstaObserve: /feed/reels_tray/
08-14 01:51:58.948 30427 30650 I DFInstaObserve: !toggles +blocked disable_feed=0 disable_explore=1 disable_reels=0 disable_stories=0 disable_adds=0
08-14 01:51:59.293 30427 30469 I DFInstaObserve: !toggles +blocked disable_feed=0 disable_explore=1 disable_reels=0 disable_stories=0 disable_adds=0
08-14 01:51:59.311 30427 30469 I DFInstaObserve: !toggles +blocked disable_feed=0 disable_explore=1 disable_reels=0 disable_stories=0 disable_adds=0
08-14 01:51:59.789 30427 30470 I DFInstaObserve: !toggles +blocked disable_feed=0 disable_explore=1 disable_reels=0 disable_stories=0 disable_adds=0
08-14 01:51:59.838 30427 30469 I DFInstaObserve: !toggles +blocked disable_feed=0 disable_explore=1 disable_reels=0 disable_stories=0 disable_adds=0
08-14 01:52:00.087 30427 30890 I DFInstaObserve: !toggles +blocked disable_feed=0 disable_explore=1 disable_reels=0 disable_stories=0 disable_adds=0
08-14 01:52:00.087 30427 30890 I DFInstaObserve: /feed/timeline/
08-14 01:52:02.581 30427 30469 I DFInstaObserve: !toggles +blocked disable_feed=0 disable_explore=1 disable_reels=0 disable_stories=0 disable_adds=0
08-14 01:52:02.585 30427 30469 I DFInstaObserve: !toggles +blocked disable_feed=0 disable_explore=1 disable_reels=0 disable_stories=0 disable_adds=0
08-14 01:52:02.638 30427 30650 I DFInstaObserve: !toggles +blocked disable_feed=0 disable_explore=1 disable_reels=0 disable_stories=0 disable_adds=0
08-14 01:52:02.914 30427 30789 I DFInstaObserve: !toggles +blocked disable_feed=0 disable_explore=1 disable_reels=0 disable_stories=0 disable_adds=0
08-14 01:52:06.571 30427 30838 I DFInstaObserve: !toggles +blocked disable_feed=0 disable_explore=1 disable_reels=0 disable_stories=0 disable_adds=0
08-14 01:52:06.571 30427 30838 I DFInstaObserve: /feed/reels_tray/
08-14 01:52:06.572 30427 30491 I DFInstaObserve: !toggles +blocked disable_feed=0 disable_explore=1 disable_reels=0 disable_stories=0 disable_adds=0
08-14 01:52:06.572 30427 30491 I DFInstaObserve: /feed/timeline/
08-14 01:52:08.478 30427 30469 I DFInstaObserve: !toggles +blocked disable_feed=0 disable_explore=1 disable_reels=0 disable_stories=0 disable_adds=0
08-14 01:52:08.482 30427 30469 I DFInstaObserve: !toggles +blocked disable_feed=0 disable_explore=1 disable_reels=0 disable_stories=0 disable_adds=0
08-14 01:52:08.523 30427 30650 I DFInstaObserve: !toggles +blocked disable_feed=0 disable_explore=1 disable_reels=0 disable_stories=0 disable_adds=0
08-14 01:52:08.643 30427 30918 I DFInstaObserve: !toggles +blocked disable_feed=0 disable_explore=1 disable_reels=0 disable_stories=0 disable_adds=0
08-14 01:52:08.834 30427 30838 I DFInstaObserve: !toggles +blocked disable_feed=0 disable_explore=1 disable_reels=0 disable_stories=0 disable_adds=0
08-14 01:52:08.834 30427 30838 I DFInstaObserve: /feed/timeline/
08-14 01:52:10.670 30427 30469 I DFInstaObserve: !toggles +blocked disable_feed=0 disable_explore=1 disable_reels=0 disable_stories=0 disable_adds=0
08-14 01:52:10.676 30427 30469 I DFInstaObserve: !toggles +blocked disable_feed=0 disable_explore=1 disable_reels=0 disable_stories=0 disable_adds=0
08-14 01:52:10.735 30427 30650 I DFInstaObserve: !toggles +blocked disable_feed=0 disable_explore=1 disable_reels=0 disable_stories=0 disable_adds=0
08-14 01:52:10.954 30427 30918 I DFInstaObserve: !toggles +blocked disable_feed=0 disable_explore=1 disable_reels=0 disable_stories=0 disable_adds=0
08-14 01:52:11.277 30427 30789 I DFInstaObserve: !toggles +blocked disable_feed=0 disable_explore=1 disable_reels=0 disable_stories=0 disable_adds=0
08-14 01:52:18.076 30427 30469 I DFInstaObserve: !toggles +blocked disable_feed=0 disable_explore=1 disable_reels=0 disable_stories=0 disable_adds=0
08-14 01:52:21.538 30427 30469 I DFInstaObserve: !toggles +blocked disable_feed=0 disable_explore=1 disable_reels=0 disable_stories=0 disable_adds=0
08-14 01:52:24.859 30427 30469 I DFInstaObserve: !toggles +blocked disable_feed=0 disable_explore=1 disable_reels=0 disable_stories=0 disable_adds=0
08-14 01:52:28.188 30427 30469 I DFInstaObserve: !toggles +blocked disable_feed=0 disable_explore=1 disable_reels=0 disable_stories=0 disable_adds=0
08-14 01:52:28.253 30427 30469 I DFInstaObserve: !toggles +blocked disable_feed=0 disable_explore=1 disable_reels=0 disable_stories=0 disable_adds=0
08-14 01:52:34.598 30427 30789 I DFInstaObserve: !toggles +blocked disable_feed=0 disable_explore=1 disable_reels=0 disable_stories=0 disable_adds=0
08-14 01:52:34.686 30427 30789 I DFInstaObserve: !toggles +blocked disable_feed=0 disable_explore=1 disable_reels=0 disable_stories=0 disable_adds=0
08-14 01:52:34.689 30427 30918 I DFInstaObserve: !toggles +blocked disable_feed=0 disable_explore=1 disable_reels=0 disable_stories=0 disable_adds=0
08-14 01:52:34.689 30427 30918 I DFInstaObserve: /discover/topical_explore
08-14 01:52:34.689 30427 30918 I DFInstaObserve: !blocked /discover/topical_explore
08-14 01:52:35.864 30427 30676 I DFInstaObserve: !toggles +blocked disable_feed=0 disable_explore=1 disable_reels=0 disable_stories=0 disable_adds=0
08-14 01:52:35.976 30427 30676 I DFInstaObserve: !toggles +blocked disable_feed=0 disable_explore=1 disable_reels=0 disable_stories=0 disable_adds=0
08-14 01:52:39.783 30427 31034 I DFInstaObserve: !toggles +blocked disable_feed=0 disable_explore=1 disable_reels=0 disable_stories=0 disable_adds=0
08-14 01:52:42.670 30427 30918 I DFInstaObserve: !toggles +blocked disable_feed=0 disable_explore=1 disable_reels=0 disable_stories=0 disable_adds=0
08-14 01:52:42.670 30427 30918 I DFInstaObserve: /discover/topical_explore
08-14 01:52:42.670 30427 30918 I DFInstaObserve: !blocked /discover/topical_explore
08-14 01:52:43.126 30427 30789 I DFInstaObserve: !toggles +blocked disable_feed=0 disable_explore=1 disable_reels=0 disable_stories=0 disable_adds=0
08-14 01:52:43.126 30427 30789 I DFInstaObserve: /discover/topical_explore
08-14 01:52:43.127 30427 30789 I DFInstaObserve: !blocked /discover/topical_explore
08-14 01:52:43.731 30427 31074 I DFInstaObserve: !toggles +blocked disable_feed=0 disable_explore=1 disable_reels=0 disable_stories=0 disable_adds=0
08-14 01:52:43.731 30427 31074 I DFInstaObserve: /discover/topical_explore
08-14 01:52:43.732 30427 31074 I DFInstaObserve: !blocked /discover/topical_explore
08-14 01:52:45.266 30427 31076 I DFInstaObserve: !toggles +blocked disable_feed=0 disable_explore=1 disable_reels=0 disable_stories=0 disable_adds=0
08-14 01:52:45.349 30427 31076 I DFInstaObserve: !toggles +blocked disable_feed=0 disable_explore=1 disable_reels=0 disable_stories=0 disable_adds=0
08-14 01:52:46.811 30427 31129 I DFInstaObserve: !toggles +blocked disable_feed=0 disable_explore=1 disable_reels=0 disable_stories=0 disable_adds=0
08-14 01:52:52.825 30427 30789 I DFInstaObserve: !toggles +blocked disable_feed=0 disable_explore=1 disable_reels=0 disable_stories=0 disable_adds=0
08-14 01:52:52.825 30427 30789 I DFInstaObserve: /discover/topical_explore
08-14 01:52:52.825 30427 30789 I DFInstaObserve: !blocked /discover/topical_explore
08-14 01:52:53.237 30427 30789 I DFInstaObserve: !toggles +blocked disable_feed=0 disable_explore=1 disable_reels=0 disable_stories=0 disable_adds=0
08-14 01:52:53.237 30427 30789 I DFInstaObserve: /discover/topical_explore
08-14 01:52:53.237 30427 30789 I DFInstaObserve: !blocked /discover/topical_explore
08-14 01:52:59.256 30427 31188 I DFInstaObserve: !toggles +blocked disable_feed=0 disable_explore=1 disable_reels=0 disable_stories=0 disable_adds=0
08-14 01:52:59.268 30427 31240 I DFInstaObserve: !toggles +blocked disable_feed=0 disable_explore=1 disable_reels=0 disable_stories=0 disable_adds=0
08-14 01:52:59.404 30427 31174 I DFInstaObserve: !toggles +blocked disable_feed=0 disable_explore=1 disable_reels=0 disable_stories=0 disable_adds=0
08-14 01:52:59.462 30427 30469 I DFInstaObserve: !toggles +blocked disable_feed=0 disable_explore=1 disable_reels=0 disable_stories=0 disable_adds=0
08-14 01:52:59.544 30427 30469 I DFInstaObserve: !toggles +blocked disable_feed=0 disable_explore=1 disable_reels=0 disable_stories=0 disable_adds=0
08-14 01:52:59.550 30427 31188 I DFInstaObserve: !toggles +blocked disable_feed=0 disable_explore=1 disable_reels=0 disable_stories=0 disable_adds=0
08-14 01:52:59.602 30427 30469 I DFInstaObserve: !toggles +blocked disable_feed=0 disable_explore=1 disable_reels=0 disable_stories=0 disable_adds=0
08-14 01:52:59.632 30427 30798 I DFInstaObserve: !toggles +blocked disable_feed=0 disable_explore=1 disable_reels=0 disable_stories=0 disable_adds=0
08-14 01:52:59.645 30427 30469 I DFInstaObserve: !toggles +blocked disable_feed=0 disable_explore=1 disable_reels=0 disable_stories=0 disable_adds=0
08-14 01:52:59.646 30427 31188 I DFInstaObserve: !toggles +blocked disable_feed=0 disable_explore=1 disable_reels=0 disable_stories=0 disable_adds=0
08-14 01:52:59.677 30427 30925 I DFInstaObserve: !toggles +blocked disable_feed=0 disable_explore=1 disable_reels=0 disable_stories=0 disable_adds=0
08-14 01:52:59.694 30427 30676 I DFInstaObserve: !toggles +blocked disable_feed=0 disable_explore=1 disable_reels=0 disable_stories=0 disable_adds=0
08-14 01:52:59.793 30427 31249 I DFInstaObserve: !toggles +blocked disable_feed=0 disable_explore=1 disable_reels=0 disable_stories=0 disable_adds=0
08-14 01:52:59.810 30427 30676 I DFInstaObserve: !toggles +blocked disable_feed=0 disable_explore=1 disable_reels=0 disable_stories=0 disable_adds=0
08-14 01:52:59.944 30427 30676 I DFInstaObserve: !toggles +blocked disable_feed=0 disable_explore=1 disable_reels=0 disable_stories=0 disable_adds=0
08-14 01:53:00.063 30427 30676 I DFInstaObserve: !toggles +blocked disable_feed=0 disable_explore=1 disable_reels=0 disable_stories=0 disable_adds=0
08-14 01:53:01.923 30427 31264 I DFInstaObserve: !toggles +blocked disable_feed=0 disable_explore=1 disable_reels=0 disable_stories=0 disable_adds=0
08-14 01:53:01.925 30427 31263 I DFInstaObserve: !toggles +blocked disable_feed=0 disable_explore=1 disable_reels=0 disable_stories=0 disable_adds=0
08-14 01:53:07.381 30427 31174 I DFInstaObserve: !toggles +blocked disable_feed=0 disable_explore=1 disable_reels=0 disable_stories=0 disable_adds=0
08-14 01:53:07.381 30427 31174 I DFInstaObserve: /clips/discover
08-14 01:53:07.381 30427 31174 I DFInstaObserve: /clips/discover/stream/
08-14 01:53:07.777 30427 30469 I DFInstaObserve: !toggles +blocked disable_feed=0 disable_explore=1 disable_reels=0 disable_stories=0 disable_adds=0
08-14 01:53:07.816 30427 31249 I DFInstaObserve: !toggles +blocked disable_feed=0 disable_explore=1 disable_reels=0 disable_stories=0 disable_adds=0
08-14 01:53:07.825 30427 30469 I DFInstaObserve: !toggles +blocked disable_feed=0 disable_explore=1 disable_reels=0 disable_stories=0 disable_adds=0
08-14 01:53:09.915 30427 31296 I DFInstaObserve: !toggles +blocked disable_feed=0 disable_explore=1 disable_reels=0 disable_stories=0 disable_adds=0
08-14 01:53:09.915 30427 31239 I DFInstaObserve: !toggles +blocked disable_feed=0 disable_explore=1 disable_reels=0 disable_stories=0 disable_adds=0
08-14 01:53:11.346 30427 30469 I DFInstaObserve: !toggles +blocked disable_feed=0 disable_explore=1 disable_reels=0 disable_stories=0 disable_adds=0
08-14 01:53:11.364 30427 30469 I DFInstaObserve: !toggles +blocked disable_feed=0 disable_explore=1 disable_reels=0 disable_stories=0 disable_adds=0
08-14 01:53:11.392 30427 30650 I DFInstaObserve: !toggles +blocked disable_feed=0 disable_explore=1 disable_reels=0 disable_stories=0 disable_adds=0
08-14 01:53:11.407 30427 30469 I DFInstaObserve: !toggles +blocked disable_feed=0 disable_explore=1 disable_reels=0 disable_stories=0 disable_adds=0
08-14 01:53:11.446 30427 30789 I DFInstaObserve: !toggles +blocked disable_feed=0 disable_explore=1 disable_reels=0 disable_stories=0 disable_adds=0
08-14 01:53:11.654 30427 30469 I DFInstaObserve: !toggles +blocked disable_feed=0 disable_explore=1 disable_reels=0 disable_stories=0 disable_adds=0
08-14 01:53:11.659 30427 30469 I DFInstaObserve: !toggles +blocked disable_feed=0 disable_explore=1 disable_reels=0 disable_stories=0 disable_adds=0
08-14 01:53:11.758 30427 30650 I DFInstaObserve: !toggles +blocked disable_feed=0 disable_explore=1 disable_reels=0 disable_stories=0 disable_adds=0
08-14 01:53:11.764 30427 31249 I DFInstaObserve: !toggles +blocked disable_feed=0 disable_explore=1 disable_reels=0 disable_stories=0 disable_adds=0
08-14 01:53:11.920 30427 30650 I DFInstaObserve: !toggles +blocked disable_feed=0 disable_explore=1 disable_reels=0 disable_stories=0 disable_adds=0
08-14 01:53:12.499 30427 30650 I DFInstaObserve: !toggles +blocked disable_feed=0 disable_explore=1 disable_reels=0 disable_stories=0 disable_adds=0
08-14 01:53:12.530 30427 30650 I DFInstaObserve: !toggles +blocked disable_feed=0 disable_explore=1 disable_reels=0 disable_stories=0 disable_adds=0
08-14 01:53:12.914 30427 30650 I DFInstaObserve: !toggles +blocked disable_feed=0 disable_explore=1 disable_reels=0 disable_stories=0 disable_adds=0
08-14 01:53:12.948 30427 30650 I DFInstaObserve: !toggles +blocked disable_feed=0 disable_explore=1 disable_reels=0 disable_stories=0 disable_adds=0
08-14 01:53:13.203 30427 31320 I DFInstaObserve: !toggles +blocked disable_feed=0 disable_explore=1 disable_reels=0 disable_stories=0 disable_adds=0
08-14 01:53:13.206 30427 31321 I DFInstaObserve: !toggles +blocked disable_feed=0 disable_explore=1 disable_reels=0 disable_stories=0 disable_adds=0
08-14 01:53:13.613 30427 30650 I DFInstaObserve: !toggles +blocked disable_feed=0 disable_explore=1 disable_reels=0 disable_stories=0 disable_adds=0
08-14 01:53:14.427 30427 30469 I DFInstaObserve: !toggles +blocked disable_feed=0 disable_explore=1 disable_reels=0 disable_stories=0 disable_adds=0
08-14 01:53:14.473 30427 30469 I DFInstaObserve: !toggles +blocked disable_feed=0 disable_explore=1 disable_reels=0 disable_stories=0 disable_adds=0
08-14 01:53:16.515 30427 31350 I DFInstaObserve: !toggles +blocked disable_feed=0 disable_explore=1 disable_reels=0 disable_stories=0 disable_adds=0
08-14 01:53:16.516 30427 31349 I DFInstaObserve: !toggles +blocked disable_feed=0 disable_explore=1 disable_reels=0 disable_stories=0 disable_adds=0
08-14 01:53:17.785 30427 31188 I DFInstaObserve: !toggles +blocked disable_feed=0 disable_explore=1 disable_reels=0 disable_stories=0 disable_adds=0
08-14 01:53:19.844 30427 31378 I DFInstaObserve: !toggles +blocked disable_feed=0 disable_explore=1 disable_reels=0 disable_stories=0 disable_adds=0
08-14 01:53:19.847 30427 31377 I DFInstaObserve: !toggles +blocked disable_feed=0 disable_explore=1 disable_reels=0 disable_stories=0 disable_adds=0
08-14 01:53:20.650 30427 31334 I DFInstaObserve: !toggles +blocked disable_feed=0 disable_explore=1 disable_reels=0 disable_stories=0 disable_adds=0
08-14 01:53:20.650 30427 31334 I DFInstaObserve: /clips/discover
08-14 01:53:20.650 30427 31334 I DFInstaObserve: /clips/discover/stream/
08-14 01:53:21.082 30427 31188 I DFInstaObserve: !toggles +blocked disable_feed=0 disable_explore=1 disable_reels=0 disable_stories=0 disable_adds=0
08-14 01:53:21.136 30427 30469 I DFInstaObserve: !toggles +blocked disable_feed=0 disable_explore=1 disable_reels=0 disable_stories=0 disable_adds=0
08-14 01:53:23.203 30427 31404 I DFInstaObserve: !toggles +blocked disable_feed=0 disable_explore=1 disable_reels=0 disable_stories=0 disable_adds=0
08-14 01:53:23.203 30427 31403 I DFInstaObserve: !toggles +blocked disable_feed=0 disable_explore=1 disable_reels=0 disable_stories=0 disable_adds=0
08-14 01:53:23.966 30427 31335 I DFInstaObserve: !toggles +blocked disable_feed=0 disable_explore=1 disable_reels=0 disable_stories=0 disable_adds=0
08-14 01:53:24.114 30427 31188 I DFInstaObserve: !toggles +blocked disable_feed=0 disable_explore=1 disable_reels=0 disable_stories=0 disable_adds=0
08-14 01:53:24.119 30427 31188 I DFInstaObserve: !toggles +blocked disable_feed=0 disable_explore=1 disable_reels=0 disable_stories=0 disable_adds=0
08-14 01:53:24.155 30427 30650 I DFInstaObserve: !toggles +blocked disable_feed=0 disable_explore=1 disable_reels=0 disable_stories=0 disable_adds=0
08-14 01:53:24.235 30427 30676 I DFInstaObserve: !toggles +blocked disable_feed=0 disable_explore=1 disable_reels=0 disable_stories=0 disable_adds=0
08-14 01:53:24.341 30427 30676 I DFInstaObserve: !toggles +blocked disable_feed=0 disable_explore=1 disable_reels=0 disable_stories=0 disable_adds=0
08-14 01:53:24.396 30427 31188 I DFInstaObserve: !toggles +blocked disable_feed=0 disable_explore=1 disable_reels=0 disable_stories=0 disable_adds=0
08-14 01:53:24.407 30427 31188 I DFInstaObserve: !toggles +blocked disable_feed=0 disable_explore=1 disable_reels=0 disable_stories=0 disable_adds=0
08-14 01:53:24.412 30427 31188 I DFInstaObserve: !toggles +blocked disable_feed=0 disable_explore=1 disable_reels=0 disable_stories=0 disable_adds=0
08-14 01:53:24.520 30427 30650 I DFInstaObserve: !toggles +blocked disable_feed=0 disable_explore=1 disable_reels=0 disable_stories=0 disable_adds=0
08-14 01:53:24.554 30427 30650 I DFInstaObserve: !toggles +blocked disable_feed=0 disable_explore=1 disable_reels=0 disable_stories=0 disable_adds=0
08-14 01:53:24.660 30427 30650 I DFInstaObserve: !toggles +blocked disable_feed=0 disable_explore=1 disable_reels=0 disable_stories=0 disable_adds=0
08-14 01:53:24.696 30427 30650 I DFInstaObserve: !toggles +blocked disable_feed=0 disable_explore=1 disable_reels=0 disable_stories=0 disable_adds=0
08-14 01:53:24.998 30427 30650 I DFInstaObserve: !toggles +blocked disable_feed=0 disable_explore=1 disable_reels=0 disable_stories=0 disable_adds=0
08-14 01:53:29.668 30427 31441 I DFInstaObserve: !toggles +blocked disable_feed=0 disable_explore=1 disable_reels=0 disable_stories=0 disable_adds=0
08-14 01:53:29.668 30427 31441 I DFInstaObserve: /clips/discover
08-14 01:53:29.668 30427 31441 I DFInstaObserve: /clips/discover/stream/
08-14 01:53:33.259 30427 30650 I DFInstaObserve: !toggles +blocked disable_feed=0 disable_explore=1 disable_reels=0 disable_stories=0 disable_adds=0
08-14 01:53:33.474 30427 30650 I DFInstaObserve: !toggles +blocked disable_feed=0 disable_explore=1 disable_reels=0 disable_stories=0 disable_adds=0
08-14 01:53:33.595 30427 30650 I DFInstaObserve: !toggles +blocked disable_feed=0 disable_explore=1 disable_reels=0 disable_stories=0 disable_adds=0
08-14 01:53:33.662 30427 30650 I DFInstaObserve: !toggles +blocked disable_feed=0 disable_explore=1 disable_reels=0 disable_stories=0 disable_adds=0
08-14 01:53:33.695 30427 30650 I DFInstaObserve: !toggles +blocked disable_feed=0 disable_explore=1 disable_reels=0 disable_stories=0 disable_adds=0
08-14 01:53:34.094 30427 30650 I DFInstaObserve: !toggles +blocked disable_feed=0 disable_explore=1 disable_reels=0 disable_stories=0 disable_adds=0
08-14 01:53:46.935 30427 31335 I DFInstaObserve: !toggles +blocked disable_feed=0 disable_explore=1 disable_reels=0 disable_stories=0 disable_adds=0
08-14 01:53:46.935 30427 31335 I DFInstaObserve: /feed/timeline/
08-14 01:53:49.161 30427 30469 I DFInstaObserve: !toggles +blocked disable_feed=0 disable_explore=1 disable_reels=0 disable_stories=0 disable_adds=0
08-14 01:53:49.166 30427 30469 I DFInstaObserve: !toggles +blocked disable_feed=0 disable_explore=1 disable_reels=0 disable_stories=0 disable_adds=0
08-14 01:53:49.343 30427 31513 I DFInstaObserve: !toggles +blocked disable_feed=0 disable_explore=1 disable_reels=0 disable_stories=0 disable_adds=0
08-14 01:53:49.361 30427 30650 I DFInstaObserve: !toggles +blocked disable_feed=0 disable_explore=1 disable_reels=0 disable_stories=0 disable_adds=0
08-14 01:53:49.428 30427 30650 I DFInstaObserve: !toggles +blocked disable_feed=0 disable_explore=1 disable_reels=0 disable_stories=0 disable_adds=0
08-14 01:53:49.546 30427 31249 I DFInstaObserve: !toggles +blocked disable_feed=0 disable_explore=1 disable_reels=0 disable_stories=0 disable_adds=0
08-14 01:53:49.788 30427 31335 I DFInstaObserve: !toggles +blocked disable_feed=0 disable_explore=1 disable_reels=0 disable_stories=0 disable_adds=0
08-14 01:53:50.149 30427 30469 I DFInstaObserve: !toggles +blocked disable_feed=0 disable_explore=1 disable_reels=0 disable_stories=0 disable_adds=0
08-14 01:53:50.325 30427 31188 I DFInstaObserve: !toggles +blocked disable_feed=0 disable_explore=1 disable_reels=0 disable_stories=0 disable_adds=0
08-14 01:53:50.521 30427 30469 I DFInstaObserve: !toggles +blocked disable_feed=0 disable_explore=1 disable_reels=0 disable_stories=0 disable_adds=0
08-14 01:53:54.427 30427 30469 I DFInstaObserve: !toggles +blocked disable_feed=0 disable_explore=1 disable_reels=0 disable_stories=0 disable_adds=0
08-14 01:53:57.731 30427 31441 I DFInstaObserve: !toggles +blocked disable_feed=0 disable_explore=1 disable_reels=0 disable_stories=0 disable_adds=0
08-14 01:53:57.731 30427 31441 I DFInstaObserve: /feed/timeline/
08-14 01:54:00.126 30427 30469 I DFInstaObserve: !toggles +blocked disable_feed=0 disable_explore=1 disable_reels=0 disable_stories=0 disable_adds=0
08-14 01:54:00.135 30427 30469 I DFInstaObserve: !toggles +blocked disable_feed=0 disable_explore=1 disable_reels=0 disable_stories=0 disable_adds=0
08-14 01:54:00.331 30427 30676 I DFInstaObserve: !toggles +blocked disable_feed=0 disable_explore=1 disable_reels=0 disable_stories=0 disable_adds=0
08-14 01:54:00.367 30427 31335 I DFInstaObserve: !toggles +blocked disable_feed=0 disable_explore=1 disable_reels=0 disable_stories=0 disable_adds=0
08-14 01:54:00.374 30427 30650 I DFInstaObserve: !toggles +blocked disable_feed=0 disable_explore=1 disable_reels=0 disable_stories=0 disable_adds=0
08-14 01:54:00.440 30427 30650 I DFInstaObserve: !toggles +blocked disable_feed=0 disable_explore=1 disable_reels=0 disable_stories=0 disable_adds=0
08-14 01:54:00.495 30427 31249 I DFInstaObserve: !toggles +blocked disable_feed=0 disable_explore=1 disable_reels=0 disable_stories=0 disable_adds=0
08-14 01:54:00.759 30427 31579 I DFInstaObserve: !toggles +blocked disable_feed=0 disable_explore=1 disable_reels=0 disable_stories=0 disable_adds=0
08-14 01:54:01.036 30427 31580 I DFInstaObserve: !toggles +blocked disable_feed=0 disable_explore=1 disable_reels=0 disable_stories=0 disable_adds=0
08-14 01:54:04.610 30427 31568 I DFInstaObserve: !toggles +blocked disable_feed=0 disable_explore=1 disable_reels=0 disable_stories=0 disable_adds=0
08-14 01:54:08.648 30427 31611 I DFInstaObserve: !toggles +blocked disable_feed=0 disable_explore=1 disable_reels=0 disable_stories=0 disable_adds=0
08-14 01:54:08.648 30427 31611 I DFInstaObserve: /discover/topical_explore
08-14 01:54:08.648 30427 31611 I DFInstaObserve: !blocked /discover/topical_explore
08-14 01:54:08.894 30427 31580 I DFInstaObserve: !toggles +blocked disable_feed=0 disable_explore=1 disable_reels=0 disable_stories=0 disable_adds=0
08-14 01:54:08.894 30427 31580 I DFInstaObserve: /discover/topical_explore
08-14 01:54:08.894 30427 31580 I DFInstaObserve: !blocked /discover/topical_explore
08-14 01:54:18.236 30427 31249 I DFInstaObserve: !toggles +blocked disable_feed=0 disable_explore=1 disable_reels=0 disable_stories=0 disable_adds=0
08-14 01:54:18.236 30427 31249 I DFInstaObserve: /discover/topical_explore
08-14 01:54:18.236 30427 31249 I DFInstaObserve: !blocked /discover/topical_explore
08-14 01:54:18.617 30427 31249 I DFInstaObserve: !toggles +blocked disable_feed=0 disable_explore=1 disable_reels=0 disable_stories=0 disable_adds=0
08-14 01:54:18.617 30427 31249 I DFInstaObserve: /discover/topical_explore
08-14 01:54:18.618 30427 31249 I DFInstaObserve: !blocked /discover/topical_explore
08-14 01:54:24.917 30427 31742 I DFInstaObserve: !toggles +blocked disable_feed=0 disable_explore=1 disable_reels=0 disable_stories=0 disable_adds=0
08-14 01:54:25.027 30427 30676 I DFInstaObserve: !toggles +blocked disable_feed=0 disable_explore=1 disable_reels=0 disable_stories=0 disable_adds=0
08-14 01:54:25.110 30427 30676 I DFInstaObserve: !toggles +blocked disable_feed=0 disable_explore=1 disable_reels=0 disable_stories=0 disable_adds=0
08-14 01:54:25.183 30427 30676 I DFInstaObserve: !toggles +blocked disable_feed=0 disable_explore=1 disable_reels=0 disable_stories=0 disable_adds=0
08-14 01:54:25.259 30427 30676 I DFInstaObserve: !toggles +blocked disable_feed=0 disable_explore=1 disable_reels=0 disable_stories=0 disable_adds=0
08-14 01:54:27.049 30427 31901 I DFInstaObserve: !toggles +blocked disable_feed=0 disable_explore=1 disable_reels=0 disable_stories=0 disable_adds=0
08-14 01:54:27.050 30427 31903 I DFInstaObserve: !toggles +blocked disable_feed=0 disable_explore=1 disable_reels=0 disable_stories=0 disable_adds=0
08-14 01:54:29.504 30427 31903 I DFInstaObserve: !toggles +blocked disable_feed=0 disable_explore=1 disable_reels=0 disable_stories=0 disable_adds=0
08-14 01:54:29.504 30427 31901 I DFInstaObserve: !toggles +blocked disable_feed=0 disable_explore=1 disable_reels=0 disable_stories=0 disable_adds=0
08-14 01:54:33.206 30427 31742 I DFInstaObserve: !toggles +blocked disable_feed=0 disable_explore=1 disable_reels=0 disable_stories=0 disable_adds=0
08-14 01:54:33.239 30427 31742 I DFInstaObserve: !toggles +blocked disable_feed=0 disable_explore=1 disable_reels=0 disable_stories=0 disable_adds=0
08-14 01:54:35.284 30427 31937 I DFInstaObserve: !toggles +blocked disable_feed=0 disable_explore=1 disable_reels=0 disable_stories=0 disable_adds=0
08-14 01:54:35.284 30427 31938 I DFInstaObserve: !toggles +blocked disable_feed=0 disable_explore=1 disable_reels=0 disable_stories=0 disable_adds=0
08-14 01:54:36.542 30427 31888 I DFInstaObserve: !toggles +blocked disable_feed=0 disable_explore=1 disable_reels=0 disable_stories=0 disable_adds=0
08-14 01:54:36.563 30427 31642 I DFInstaObserve: !toggles +blocked disable_feed=0 disable_explore=1 disable_reels=0 disable_stories=0 disable_adds=0
08-14 01:54:38.642 30427 31968 I DFInstaObserve: !toggles +blocked disable_feed=0 disable_explore=1 disable_reels=0 disable_stories=0 disable_adds=0
08-14 01:54:38.643 30427 31967 I DFInstaObserve: !toggles +blocked disable_feed=0 disable_explore=1 disable_reels=0 disable_stories=0 disable_adds=0
08-14 01:54:39.394 30427 31334 I DFInstaObserve: !toggles +blocked disable_feed=0 disable_explore=1 disable_reels=0 disable_stories=0 disable_adds=0
08-14 01:54:39.394 30427 31334 I DFInstaObserve: /clips/discover
08-14 01:54:39.394 30427 31334 I DFInstaObserve: /clips/discover/stream/
08-14 01:54:41.923 30427 31996 I DFInstaObserve: !toggles +blocked disable_feed=0 disable_explore=1 disable_reels=0 disable_stories=0 disable_adds=0
08-14 01:54:41.931 30427 31997 I DFInstaObserve: !toggles +blocked disable_feed=0 disable_explore=1 disable_reels=0 disable_stories=0 disable_adds=0
08-14 01:54:43.327 30427 31642 I DFInstaObserve: !toggles +blocked disable_feed=0 disable_explore=1 disable_reels=0 disable_stories=0 disable_adds=0
08-14 01:54:43.337 30427 31642 I DFInstaObserve: !toggles +blocked disable_feed=0 disable_explore=1 disable_reels=0 disable_stories=0 disable_adds=0
08-14 01:54:43.375 30427 31642 I DFInstaObserve: !toggles +blocked disable_feed=0 disable_explore=1 disable_reels=0 disable_stories=0 disable_adds=0
08-14 01:54:43.405 30427 30650 I DFInstaObserve: !toggles +blocked disable_feed=0 disable_explore=1 disable_reels=0 disable_stories=0 disable_adds=0
08-14 01:54:43.465 30427 31742 I DFInstaObserve: !toggles +blocked disable_feed=0 disable_explore=1 disable_reels=0 disable_stories=0 disable_adds=0
08-14 01:54:43.478 30427 30650 I DFInstaObserve: !toggles +blocked disable_feed=0 disable_explore=1 disable_reels=0 disable_stories=0 disable_adds=0
08-14 01:54:43.479 30427 31742 I DFInstaObserve: !toggles +blocked disable_feed=0 disable_explore=1 disable_reels=0 disable_stories=0 disable_adds=0
08-14 01:54:43.525 30427 30650 I DFInstaObserve: !toggles +blocked disable_feed=0 disable_explore=1 disable_reels=0 disable_stories=0 disable_adds=0
08-14 01:54:43.535 30427 32042 I DFInstaObserve: !toggles +blocked disable_feed=0 disable_explore=1 disable_reels=0 disable_stories=0 disable_adds=0
08-14 01:54:43.609 30427 30650 I DFInstaObserve: !toggles +blocked disable_feed=0 disable_explore=1 disable_reels=0 disable_stories=0 disable_adds=0
08-14 01:54:43.643 30427 30650 I DFInstaObserve: !toggles +blocked disable_feed=0 disable_explore=1 disable_reels=0 disable_stories=0 disable_adds=0
08-14 01:54:43.724 30427 30650 I DFInstaObserve: !toggles +blocked disable_feed=0 disable_explore=1 disable_reels=0 disable_stories=0 disable_adds=0
08-14 01:54:43.754 30427 30650 I DFInstaObserve: !toggles +blocked disable_feed=0 disable_explore=1 disable_reels=0 disable_stories=0 disable_adds=0
08-14 01:54:43.842 30427 30650 I DFInstaObserve: !toggles +blocked disable_feed=0 disable_explore=1 disable_reels=0 disable_stories=0 disable_adds=0
08-14 01:54:45.243 30427 32026 I DFInstaObserve: !toggles +blocked disable_feed=0 disable_explore=1 disable_reels=0 disable_stories=0 disable_adds=0
08-14 01:54:45.243 30427 32027 I DFInstaObserve: !toggles +blocked disable_feed=0 disable_explore=1 disable_reels=0 disable_stories=0 disable_adds=0
08-14 01:54:48.562 30427 32057 I DFInstaObserve: !toggles +blocked disable_feed=0 disable_explore=1 disable_reels=0 disable_stories=0 disable_adds=0
08-14 01:54:48.562 30427 32056 I DFInstaObserve: !toggles +blocked disable_feed=0 disable_explore=1 disable_reels=0 disable_stories=0 disable_adds=0
08-14 01:54:49.329 30427 31249 I DFInstaObserve: !toggles +blocked disable_feed=0 disable_explore=1 disable_reels=0 disable_stories=0 disable_adds=0
08-14 01:54:49.598 30427 30676 I DFInstaObserve: !toggles +blocked disable_feed=0 disable_explore=1 disable_reels=0 disable_stories=0 disable_adds=0
08-14 01:54:49.669 30427 30676 I DFInstaObserve: !toggles +blocked disable_feed=0 disable_explore=1 disable_reels=0 disable_stories=0 disable_adds=0
08-14 01:55:12.359 30427 31742 I DFInstaObserve: !toggles +blocked disable_feed=0 disable_explore=1 disable_reels=0 disable_stories=0 disable_adds=0
08-14 01:55:12.414 30427 31642 I DFInstaObserve: !toggles +blocked disable_feed=0 disable_explore=1 disable_reels=0 disable_stories=0 disable_adds=0
08-14 01:55:12.976 30427 31884 I DFInstaObserve: !toggles +blocked disable_feed=0 disable_explore=1 disable_reels=0 disable_stories=0 disable_adds=0
08-14 01:55:12.976 30427 31884 I DFInstaObserve: /clips/discover
08-14 01:55:12.976 30427 31884 I DFInstaObserve: /clips/discover/stream/
08-14 01:55:15.735 30427 31642 I DFInstaObserve: !toggles +blocked disable_feed=0 disable_explore=1 disable_reels=0 disable_stories=0 disable_adds=0
08-14 01:55:16.127 30427 30650 I DFInstaObserve: !toggles +blocked disable_feed=0 disable_explore=1 disable_reels=0 disable_stories=0 disable_adds=0
08-14 01:55:16.403 30427 30650 I DFInstaObserve: !toggles +blocked disable_feed=0 disable_explore=1 disable_reels=0 disable_stories=0 disable_adds=0
08-14 01:55:16.603 30427 30650 I DFInstaObserve: !toggles +blocked disable_feed=0 disable_explore=1 disable_reels=0 disable_stories=0 disable_adds=0
08-14 01:55:16.769 30427 30650 I DFInstaObserve: !toggles +blocked disable_feed=0 disable_explore=1 disable_reels=0 disable_stories=0 disable_adds=0
08-14 01:55:16.809 30427 30650 I DFInstaObserve: !toggles +blocked disable_feed=0 disable_explore=1 disable_reels=0 disable_stories=0 disable_adds=0
08-14 01:55:16.932 30427 30650 I DFInstaObserve: !toggles +blocked disable_feed=0 disable_explore=1 disable_reels=0 disable_stories=0 disable_adds=0
08-14 01:55:16.961 30427 30650 I DFInstaObserve: !toggles +blocked disable_feed=0 disable_explore=1 disable_reels=0 disable_stories=0 disable_adds=0
08-14 01:55:17.494 30427 30650 I DFInstaObserve: !toggles +blocked disable_feed=0 disable_explore=1 disable_reels=0 disable_stories=0 disable_adds=0
08-14 01:55:18.957 30427 31742 I DFInstaObserve: !toggles +blocked disable_feed=0 disable_explore=1 disable_reels=0 disable_stories=0 disable_adds=0
08-14 01:55:19.051 30427 31742 I DFInstaObserve: !toggles +blocked disable_feed=0 disable_explore=1 disable_reels=0 disable_stories=0 disable_adds=0
08-14 01:55:22.730 30427 31334 I DFInstaObserve: !toggles +blocked disable_feed=0 disable_explore=1 disable_reels=0 disable_stories=0 disable_adds=0
08-14 01:55:22.730 30427 31334 I DFInstaObserve: /feed/timeline/
08-14 01:55:24.727 30427 31642 I DFInstaObserve: !toggles +blocked disable_feed=0 disable_explore=1 disable_reels=0 disable_stories=0 disable_adds=0
08-14 01:55:24.733 30427 31642 I DFInstaObserve: !toggles +blocked disable_feed=0 disable_explore=1 disable_reels=0 disable_stories=0 disable_adds=0
08-14 01:55:24.926 30427 31334 I DFInstaObserve: !toggles +blocked disable_feed=0 disable_explore=1 disable_reels=0 disable_stories=0 disable_adds=0
08-14 01:55:25.094 30427 30650 I DFInstaObserve: !toggles +blocked disable_feed=0 disable_explore=1 disable_reels=0 disable_stories=0 disable_adds=0
08-14 01:55:25.138 30427 30650 I DFInstaObserve: !toggles +blocked disable_feed=0 disable_explore=1 disable_reels=0 disable_stories=0 disable_adds=0
08-14 01:55:25.174 30427 31886 I DFInstaObserve: !toggles +blocked disable_feed=0 disable_explore=1 disable_reels=0 disable_stories=0 disable_adds=0
08-14 01:55:25.425 30427 32042 I DFInstaObserve: !toggles +blocked disable_feed=0 disable_explore=1 disable_reels=0 disable_stories=0 disable_adds=0
08-14 01:55:25.696 30427 30676 I DFInstaObserve: !toggles +blocked disable_feed=0 disable_explore=1 disable_reels=0 disable_stories=0 disable_adds=0
08-14 01:55:25.754 30427 31249 I DFInstaObserve: !toggles +blocked disable_feed=0 disable_explore=1 disable_reels=0 disable_stories=0 disable_adds=0
08-14 01:55:25.884 30427 32042 I DFInstaObserve: !toggles +blocked disable_feed=0 disable_explore=1 disable_reels=0 disable_stories=0 disable_adds=0
08-14 01:55:30.023 30427 32211 I DFInstaObserve: !toggles +blocked disable_feed=0 disable_explore=1 disable_reels=0 disable_stories=0 disable_adds=0
08-14 01:55:30.072 30427 32226 I DFInstaObserve: !toggles +blocked disable_feed=0 disable_explore=1 disable_reels=0 disable_stories=0 disable_adds=0
08-14 01:55:33.911 30427 31334 I DFInstaObserve: !toggles +blocked disable_feed=0 disable_explore=1 disable_reels=0 disable_stories=0 disable_adds=0
08-14 01:55:33.911 30427 31334 I DFInstaObserve: /discover/topical_explore
08-14 01:55:33.911 30427 31334 I DFInstaObserve: !blocked /discover/topical_explore
08-14 01:55:34.178 30427 32200 I DFInstaObserve: !toggles +blocked disable_feed=0 disable_explore=1 disable_reels=0 disable_stories=0 disable_adds=0
08-14 01:55:34.178 30427 32200 I DFInstaObserve: /discover/topical_explore
08-14 01:55:34.178 30427 32200 I DFInstaObserve: !blocked /discover/topical_explore
08-14 01:55:37.243 30427 32331 I DFInstaObserve: !toggles +blocked disable_feed=0 disable_explore=1 disable_reels=0 disable_stories=0 disable_adds=0
08-14 01:55:43.602 30427 32200 I DFInstaObserve: !toggles +blocked disable_feed=0 disable_explore=1 disable_reels=0 disable_stories=0 disable_adds=0
08-14 01:55:43.602 30427 32200 I DFInstaObserve: /discover/topical_explore
08-14 01:55:43.602 30427 32200 I DFInstaObserve: !blocked /discover/topical_explore
08-14 01:55:43.899 30427 32200 I DFInstaObserve: !toggles +blocked disable_feed=0 disable_explore=1 disable_reels=0 disable_stories=0 disable_adds=0
08-14 01:55:43.899 30427 32200 I DFInstaObserve: /discover/topical_explore
08-14 01:55:43.899 30427 32200 I DFInstaObserve: !blocked /discover/topical_explore
08-14 01:55:47.876 30427 32469 I DFInstaObserve: !toggles +blocked disable_feed=0 disable_explore=1 disable_reels=0 disable_stories=0 disable_adds=0
08-14 01:55:49.861 30427 32453 I DFInstaObserve: !toggles +blocked disable_feed=0 disable_explore=1 disable_reels=0 disable_stories=0 disable_adds=0
08-14 01:55:50.432 30427 30676 I DFInstaObserve: !toggles +blocked disable_feed=0 disable_explore=1 disable_reels=0 disable_stories=0 disable_adds=0
08-14 01:55:50.510 30427 30676 I DFInstaObserve: !toggles +blocked disable_feed=0 disable_explore=1 disable_reels=0 disable_stories=0 disable_adds=0
08-14 01:55:50.589 30427 30676 I DFInstaObserve: !toggles +blocked disable_feed=0 disable_explore=1 disable_reels=0 disable_stories=0 disable_adds=0
08-14 01:55:50.654 30427 30676 I DFInstaObserve: !toggles +blocked disable_feed=0 disable_explore=1 disable_reels=0 disable_stories=0 disable_adds=0
08-14 01:55:52.351 30427 32508 I DFInstaObserve: !toggles +blocked disable_feed=0 disable_explore=1 disable_reels=0 disable_stories=0 disable_adds=0
08-14 01:55:52.351 30427 32507 I DFInstaObserve: !toggles +blocked disable_feed=0 disable_explore=1 disable_reels=0 disable_stories=0 disable_adds=0
08-14 01:55:58.206 30427 32495 I DFInstaObserve: !toggles +blocked disable_feed=0 disable_explore=1 disable_reels=0 disable_stories=0 disable_adds=0
08-14 01:55:58.206 30427 32495 I DFInstaObserve: /clips/discover
08-14 01:55:58.206 30427 32495 I DFInstaObserve: /clips/discover/stream/
08-14 01:55:58.612 30427 31642 I DFInstaObserve: !toggles +blocked disable_feed=0 disable_explore=1 disable_reels=0 disable_stories=0 disable_adds=0
08-14 01:56:00.720 30427 32539 I DFInstaObserve: !toggles +blocked disable_feed=0 disable_explore=1 disable_reels=0 disable_stories=0 disable_adds=0
08-14 01:56:00.726 30427 32540 I DFInstaObserve: !toggles +blocked disable_feed=0 disable_explore=1 disable_reels=0 disable_stories=0 disable_adds=0
08-14 01:56:01.673 30427 31642 I DFInstaObserve: !toggles +blocked disable_feed=0 disable_explore=1 disable_reels=0 disable_stories=0 disable_adds=0
08-14 01:56:01.682 30427 31642 I DFInstaObserve: !toggles +blocked disable_feed=0 disable_explore=1 disable_reels=0 disable_stories=0 disable_adds=0
08-14 01:56:01.726 30427 30650 I DFInstaObserve: !toggles +blocked disable_feed=0 disable_explore=1 disable_reels=0 disable_stories=0 disable_adds=0
08-14 01:56:01.840 30427 30650 I DFInstaObserve: !toggles +blocked disable_feed=0 disable_explore=1 disable_reels=0 disable_stories=0 disable_adds=0
08-14 01:56:01.955 30427 31642 I DFInstaObserve: !toggles +blocked disable_feed=0 disable_explore=1 disable_reels=0 disable_stories=0 disable_adds=0
08-14 01:56:01.962 30427 31642 I DFInstaObserve: !toggles +blocked disable_feed=0 disable_explore=1 disable_reels=0 disable_stories=0 disable_adds=0
08-14 01:56:02.137 30427 30650 I DFInstaObserve: !toggles +blocked disable_feed=0 disable_explore=1 disable_reels=0 disable_stories=0 disable_adds=0
08-14 01:56:02.243 30427 30650 I DFInstaObserve: !toggles +blocked disable_feed=0 disable_explore=1 disable_reels=0 disable_stories=0 disable_adds=0
08-14 01:56:02.297 30427 30650 I DFInstaObserve: !toggles +blocked disable_feed=0 disable_explore=1 disable_reels=0 disable_stories=0 disable_adds=0
08-14 01:56:02.418 30427 30650 I DFInstaObserve: !toggles +blocked disable_feed=0 disable_explore=1 disable_reels=0 disable_stories=0 disable_adds=0
08-14 01:56:02.458 30427 30650 I DFInstaObserve: !toggles +blocked disable_feed=0 disable_explore=1 disable_reels=0 disable_stories=0 disable_adds=0
08-14 01:56:02.603 30427 30650 I DFInstaObserve: !toggles +blocked disable_feed=0 disable_explore=1 disable_reels=0 disable_stories=0 disable_adds=0
08-14 01:56:04.036 30427 32563 I DFInstaObserve: !toggles +blocked disable_feed=0 disable_explore=1 disable_reels=0 disable_stories=0 disable_adds=0
08-14 01:56:04.036 30427 32564 I DFInstaObserve: !toggles +blocked disable_feed=0 disable_explore=1 disable_reels=0 disable_stories=0 disable_adds=0
08-14 01:56:05.276 30427 32494 I DFInstaObserve: !toggles +blocked disable_feed=0 disable_explore=1 disable_reels=0 disable_stories=0 disable_adds=0
08-14 01:56:07.354 30427 32596 I DFInstaObserve: !toggles +blocked disable_feed=0 disable_explore=1 disable_reels=0 disable_stories=0 disable_adds=0
08-14 01:56:07.358 30427 32595 I DFInstaObserve: !toggles +blocked disable_feed=0 disable_explore=1 disable_reels=0 disable_stories=0 disable_adds=0
08-14 01:56:08.567 30427 31642 I DFInstaObserve: !toggles +blocked disable_feed=0 disable_explore=1 disable_reels=0 disable_stories=0 disable_adds=0
08-14 01:56:10.714 30427 32621 I DFInstaObserve: !toggles +blocked disable_feed=0 disable_explore=1 disable_reels=0 disable_stories=0 disable_adds=0
08-14 01:56:10.716 30427 32620 I DFInstaObserve: !toggles +blocked disable_feed=0 disable_explore=1 disable_reels=0 disable_stories=0 disable_adds=0
08-14 01:56:11.471 30427 32494 I DFInstaObserve: !toggles +blocked disable_feed=0 disable_explore=1 disable_reels=0 disable_stories=0 disable_adds=0
08-14 01:56:11.471 30427 32494 I DFInstaObserve: /clips/discover
08-14 01:56:11.471 30427 32494 I DFInstaObserve: /clips/discover/stream/
08-14 01:56:11.890 30427 32402 I DFInstaObserve: !toggles +blocked disable_feed=0 disable_explore=1 disable_reels=0 disable_stories=0 disable_adds=0
08-14 01:56:14.003 30427 32660 I DFInstaObserve: !toggles +blocked disable_feed=0 disable_explore=1 disable_reels=0 disable_stories=0 disable_adds=0
08-14 01:56:14.004 30427 32659 I DFInstaObserve: !toggles +blocked disable_feed=0 disable_explore=1 disable_reels=0 disable_stories=0 disable_adds=0
