08-15 16:55:16.077 19386 19386 I DFInstaProbe: set_app_context
08-15 16:55:16.566 19386 19473 I DFInstaProbe: tigon_url_block
08-15 16:55:16.568 19386 19473 I DFInstaObserve: !toggles +blocked disable_feed=0 disable_explore=1 disable_reels=0 disable_stories=0 disable_adds=0
08-15 16:55:16.568 19386 19473 I DFInstaObserve: /feed/timeline/
08-15 16:55:16.574 19386 19572 I DFInstaObserve: !toggles +blocked disable_feed=0 disable_explore=1 disable_reels=0 disable_stories=0 disable_adds=0
08-15 16:55:16.574 19386 19572 I DFInstaObserve: /feed/reels_tray/
08-15 16:55:16.728 19386 19557 I DFInstaProbe: replace_reels_stream_endpoint
08-15 16:55:16.751 19386 19570 I DFInstaObserve: !toggles +blocked disable_feed=0 disable_explore=1 disable_reels=0 disable_stories=0 disable_adds=0
08-15 16:55:16.751 19386 19570 I DFInstaObserve: /clips/discover
08-15 16:55:16.751 19386 19570 I DFInstaObserve: /clips/discover/stream/
08-15 16:55:16.930 19386 19618 I DFInstaObserve: !toggles +blocked disable_feed=0 disable_explore=1 disable_reels=0 disable_stories=0 disable_adds=0
08-15 16:55:17.209 19629 19629 I DFInstaProbe: set_app_context
08-15 16:55:17.295 19386 19688 I DFInstaObserve: !toggles +blocked disable_feed=0 disable_explore=1 disable_reels=0 disable_stories=0 disable_adds=0
08-15 16:55:17.388 19386 19618 I DFInstaObserve: !toggles +blocked disable_feed=0 disable_explore=1 disable_reels=0 disable_stories=0 disable_adds=0
08-15 16:55:18.768 19386 19446 I DFInstaObserve: !toggles +blocked disable_feed=0 disable_explore=1 disable_reels=0 disable_stories=0 disable_adds=0
08-15 16:55:18.769 19386 19446 I DFInstaObserve: /feed/timeline/
08-15 16:55:18.859 19386 19428 I DFInstaObserve: !toggles +blocked disable_feed=0 disable_explore=1 disable_reels=0 disable_stories=0 disable_adds=0
08-15 16:55:18.871 19386 19428 I DFInstaObserve: !toggles +blocked disable_feed=0 disable_explore=1 disable_reels=0 disable_stories=0 disable_adds=0
08-15 16:55:19.004 19386 19766 I DFInstaObserve: !toggles +blocked disable_feed=0 disable_explore=1 disable_reels=0 disable_stories=0 disable_adds=0
08-15 16:55:19.126 19386 19595 I DFInstaObserve: !toggles +blocked disable_feed=0 disable_explore=1 disable_reels=0 disable_stories=0 disable_adds=0
08-15 16:55:19.312 19386 19595 I DFInstaObserve: !toggles +blocked disable_feed=0 disable_explore=1 disable_reels=0 disable_stories=0 disable_adds=0
08-15 16:55:19.995 19386 19746 I DFInstaObserve: !toggles +blocked disable_feed=0 disable_explore=1 disable_reels=0 disable_stories=0 disable_adds=0
08-15 16:55:20.085 19386 19595 I DFInstaObserve: !toggles +blocked disable_feed=0 disable_explore=1 disable_reels=0 disable_stories=0 disable_adds=0
08-15 16:55:20.782 19386 19595 I DFInstaObserve: !toggles +blocked disable_feed=0 disable_explore=1 disable_reels=0 disable_stories=0 disable_adds=0
08-15 16:55:20.827 19386 19595 I DFInstaObserve: !toggles +blocked disable_feed=0 disable_explore=1 disable_reels=0 disable_stories=0 disable_adds=0
08-15 16:55:21.131 19386 19595 I DFInstaObserve: !toggles +blocked disable_feed=0 disable_explore=1 disable_reels=0 disable_stories=0 disable_adds=0
08-15 16:55:21.177 19386 19595 I DFInstaObserve: !toggles +blocked disable_feed=0 disable_explore=1 disable_reels=0 disable_stories=0 disable_adds=0
08-15 16:55:21.252 19386 19595 I DFInstaObserve: !toggles +blocked disable_feed=0 disable_explore=1 disable_reels=0 disable_stories=0 disable_adds=0
08-15 16:55:21.285 19386 19428 I DFInstaObserve: !toggles +blocked disable_feed=0 disable_explore=1 disable_reels=0 disable_stories=0 disable_adds=0
08-15 16:55:21.294 19386 19428 I DFInstaObserve: !toggles +blocked disable_feed=0 disable_explore=1 disable_reels=0 disable_stories=0 disable_adds=0
08-15 16:55:21.505 19386 19765 I DFInstaObserve: !toggles +blocked disable_feed=0 disable_explore=1 disable_reels=0 disable_stories=0 disable_adds=0
08-15 16:55:21.562 19386 19595 I DFInstaObserve: !toggles +blocked disable_feed=0 disable_explore=1 disable_reels=0 disable_stories=0 disable_adds=0
08-15 16:55:21.656 19386 19595 I DFInstaObserve: !toggles +blocked disable_feed=0 disable_explore=1 disable_reels=0 disable_stories=0 disable_adds=0
08-15 16:55:21.705 19386 19595 I DFInstaObserve: !toggles +blocked disable_feed=0 disable_explore=1 disable_reels=0 disable_stories=0 disable_adds=0
08-15 16:55:21.761 19386 19595 I DFInstaObserve: !toggles +blocked disable_feed=0 disable_explore=1 disable_reels=0 disable_stories=0 disable_adds=0
08-15 16:55:21.831 19386 19595 I DFInstaObserve: !toggles +blocked disable_feed=0 disable_explore=1 disable_reels=0 disable_stories=0 disable_adds=0
08-15 16:55:21.870 19386 19463 I DFInstaObserve: !toggles +blocked disable_feed=0 disable_explore=1 disable_reels=0 disable_stories=0 disable_adds=0
08-15 16:55:21.879 19386 19595 I DFInstaObserve: !toggles +blocked disable_feed=0 disable_explore=1 disable_reels=0 disable_stories=0 disable_adds=0
08-15 16:55:21.919 19386 19618 I DFInstaObserve: !toggles +blocked disable_feed=0 disable_explore=1 disable_reels=0 disable_stories=0 disable_adds=0
08-15 16:55:21.952 19386 19548 I DFInstaObserve: !toggles +blocked disable_feed=0 disable_explore=1 disable_reels=0 disable_stories=0 disable_adds=0
08-15 16:55:22.150 19386 19883 I DFInstaObserve: !toggles +blocked disable_feed=0 disable_explore=1 disable_reels=0 disable_stories=0 disable_adds=0
08-15 16:55:22.233 19386 19595 I DFInstaObserve: !toggles +blocked disable_feed=0 disable_explore=1 disable_reels=0 disable_stories=0 disable_adds=0
08-15 16:55:22.291 19386 19923 I DFInstaObserve: !toggles +blocked disable_feed=0 disable_explore=1 disable_reels=0 disable_stories=0 disable_adds=0
08-15 16:55:22.295 19386 19595 I DFInstaObserve: !toggles +blocked disable_feed=0 disable_explore=1 disable_reels=0 disable_stories=0 disable_adds=0
08-15 16:55:22.339 19386 19446 I DFInstaObserve: !toggles +blocked disable_feed=0 disable_explore=1 disable_reels=0 disable_stories=0 disable_adds=0
08-15 16:55:22.353 19386 19595 I DFInstaObserve: !toggles +blocked disable_feed=0 disable_explore=1 disable_reels=0 disable_stories=0 disable_adds=0
08-15 16:55:22.411 19386 19595 I DFInstaObserve: !toggles +blocked disable_feed=0 disable_explore=1 disable_reels=0 disable_stories=0 disable_adds=0
08-15 16:55:22.440 19386 19548 I DFInstaObserve: !toggles +blocked disable_feed=0 disable_explore=1 disable_reels=0 disable_stories=0 disable_adds=0
08-15 16:55:22.489 19386 19446 I DFInstaObserve: !toggles +blocked disable_feed=0 disable_explore=1 disable_reels=0 disable_stories=0 disable_adds=0
08-15 16:55:22.493 19386 19746 I DFInstaObserve: !toggles +blocked disable_feed=0 disable_explore=1 disable_reels=0 disable_stories=0 disable_adds=0
08-15 16:55:22.549 19386 19595 I DFInstaObserve: !toggles +blocked disable_feed=0 disable_explore=1 disable_reels=0 disable_stories=0 disable_adds=0
08-15 16:55:22.587 19386 19595 I DFInstaObserve: !toggles +blocked disable_feed=0 disable_explore=1 disable_reels=0 disable_stories=0 disable_adds=0
08-15 16:55:22.603 19386 19883 I DFInstaObserve: !toggles +blocked disable_feed=0 disable_explore=1 disable_reels=0 disable_stories=0 disable_adds=0
08-15 16:55:22.619 19386 19595 I DFInstaObserve: !toggles +blocked disable_feed=0 disable_explore=1 disable_reels=0 disable_stories=0 disable_adds=0
08-15 16:55:22.662 19386 19595 I DFInstaObserve: !toggles +blocked disable_feed=0 disable_explore=1 disable_reels=0 disable_stories=0 disable_adds=0
08-15 16:55:22.715 19386 19595 I DFInstaObserve: !toggles +blocked disable_feed=0 disable_explore=1 disable_reels=0 disable_stories=0 disable_adds=0
08-15 16:55:23.085 19386 19923 I DFInstaObserve: !toggles +blocked disable_feed=0 disable_explore=1 disable_reels=0 disable_stories=0 disable_adds=0
08-15 16:55:23.085 19386 19923 I DFInstaObserve: /discover/topical_explore
08-15 16:55:23.085 19386 19923 I DFInstaObserve: !blocked /discover/topical_explore
08-15 16:55:23.763 19386 19549 I DFInstaObserve: !toggles +blocked disable_feed=0 disable_explore=1 disable_reels=0 disable_stories=0 disable_adds=0
08-15 16:55:23.875 19386 19769 I DFInstaObserve: !toggles +blocked disable_feed=0 disable_explore=1 disable_reels=0 disable_stories=0 disable_adds=0
08-15 16:55:24.235 19386 19549 I DFInstaObserve: !toggles +blocked disable_feed=0 disable_explore=1 disable_reels=0 disable_stories=0 disable_adds=0
08-15 16:55:24.339 19386 19769 I DFInstaObserve: !toggles +blocked disable_feed=0 disable_explore=1 disable_reels=0 disable_stories=0 disable_adds=0
08-15 16:55:24.511 19386 19883 I DFInstaObserve: !toggles +blocked disable_feed=0 disable_explore=1 disable_reels=0 disable_stories=0 disable_adds=0
08-15 16:55:24.696 19386 19968 I DFInstaObserve: !toggles +blocked disable_feed=0 disable_explore=1 disable_reels=0 disable_stories=0 disable_adds=0
08-15 16:55:24.728 19386 19957 I DFInstaObserve: !toggles +blocked disable_feed=0 disable_explore=1 disable_reels=0 disable_stories=0 disable_adds=0
08-15 16:55:27.004 19386 19746 I DFInstaObserve: !toggles +blocked disable_feed=0 disable_explore=1 disable_reels=0 disable_stories=0 disable_adds=0
08-15 16:55:29.007 19386 19923 I DFInstaObserve: !toggles +blocked disable_feed=0 disable_explore=1 disable_reels=0 disable_stories=0 disable_adds=0
08-15 16:55:29.012 19386 19548 I DFInstaObserve: !toggles +blocked disable_feed=0 disable_explore=1 disable_reels=0 disable_stories=0 disable_adds=0
08-15 16:55:29.225 19386 19548 I DFInstaObserve: !toggles +blocked disable_feed=0 disable_explore=1 disable_reels=0 disable_stories=0 disable_adds=0
08-15 16:55:29.336 19386 19957 I DFInstaObserve: !toggles +blocked disable_feed=0 disable_explore=1 disable_reels=0 disable_stories=0 disable_adds=0
08-15 16:55:29.748 19386 19618 I DFInstaObserve: !toggles +blocked disable_feed=0 disable_explore=1 disable_reels=0 disable_stories=0 disable_adds=0
08-15 16:55:30.743 19386 19618 I DFInstaObserve: !toggles +blocked disable_feed=0 disable_explore=1 disable_reels=0 disable_stories=0 disable_adds=0
08-15 16:55:32.005 19386 19746 I DFInstaObserve: !toggles +blocked disable_feed=0 disable_explore=1 disable_reels=0 disable_stories=0 disable_adds=0
08-15 16:55:34.077 19386 19883 I DFInstaObserve: !toggles +blocked disable_feed=0 disable_explore=1 disable_reels=0 disable_stories=0 disable_adds=0
08-15 16:55:34.077 19386 19883 I DFInstaObserve: /feed/timeline/
08-15 16:55:34.085 19386 19960 I DFInstaObserve: !toggles +blocked disable_feed=0 disable_explore=1 disable_reels=0 disable_stories=0 disable_adds=0
08-15 16:55:34.085 19386 19960 I DFInstaObserve: /feed/reels_tray/
08-15 16:55:36.146 19386 19883 I DFInstaObserve: !toggles +blocked disable_feed=0 disable_explore=1 disable_reels=0 disable_stories=0 disable_adds=0
08-15 16:55:36.147 19386 19883 I DFInstaObserve: /feed/timeline/
08-15 16:55:37.354 19386 20138 I DFInstaObserve: !toggles +blocked disable_feed=0 disable_explore=1 disable_reels=0 disable_stories=0 disable_adds=0
08-15 16:55:37.380 19386 20138 I DFInstaObserve: !toggles +blocked disable_feed=0 disable_explore=1 disable_reels=0 disable_stories=0 disable_adds=0
08-15 16:55:38.719 19386 19969 I DFInstaObserve: !toggles +blocked disable_feed=0 disable_explore=1 disable_reels=0 disable_stories=0 disable_adds=0
08-15 16:55:38.732 19386 19969 I DFInstaObserve: !toggles +blocked disable_feed=0 disable_explore=1 disable_reels=0 disable_stories=0 disable_adds=0
08-15 16:55:38.992 19386 19462 I DFInstaObserve: !toggles +blocked disable_feed=0 disable_explore=1 disable_reels=0 disable_stories=0 disable_adds=0
08-15 16:55:39.080 19386 19595 I DFInstaObserve: !toggles +blocked disable_feed=0 disable_explore=1 disable_reels=0 disable_stories=0 disable_adds=0
08-15 16:55:39.154 19386 19595 I DFInstaObserve: !toggles +blocked disable_feed=0 disable_explore=1 disable_reels=0 disable_stories=0 disable_adds=0
08-15 16:55:39.178 19386 19960 I DFInstaObserve: !toggles +blocked disable_feed=0 disable_explore=1 disable_reels=0 disable_stories=0 disable_adds=0
08-15 16:55:39.205 19386 19595 I DFInstaObserve: !toggles +blocked disable_feed=0 disable_explore=1 disable_reels=0 disable_stories=0 disable_adds=0
08-15 16:55:39.250 19386 19595 I DFInstaObserve: !toggles +blocked disable_feed=0 disable_explore=1 disable_reels=0 disable_stories=0 disable_adds=0
08-15 16:55:39.257 19386 19618 I DFInstaObserve: !toggles +blocked disable_feed=0 disable_explore=1 disable_reels=0 disable_stories=0 disable_adds=0
08-15 16:55:39.273 19386 20149 I DFInstaObserve: !toggles +blocked disable_feed=0 disable_explore=1 disable_reels=0 disable_stories=0 disable_adds=0
08-15 16:55:39.505 19386 19595 I DFInstaObserve: !toggles +blocked disable_feed=0 disable_explore=1 disable_reels=0 disable_stories=0 disable_adds=0
08-15 16:55:39.551 19386 19595 I DFInstaObserve: !toggles +blocked disable_feed=0 disable_explore=1 disable_reels=0 disable_stories=0 disable_adds=0
08-15 16:55:39.608 19386 19595 I DFInstaObserve: !toggles +blocked disable_feed=0 disable_explore=1 disable_reels=0 disable_stories=0 disable_adds=0
08-15 16:55:39.653 19386 19595 I DFInstaObserve: !toggles +blocked disable_feed=0 disable_explore=1 disable_reels=0 disable_stories=0 disable_adds=0
08-15 16:55:39.864 19386 20138 I DFInstaObserve: !toggles +blocked disable_feed=0 disable_explore=1 disable_reels=0 disable_stories=0 disable_adds=0
08-15 16:55:42.209 19386 20146 I DFInstaObserve: !toggles +blocked disable_feed=0 disable_explore=1 disable_reels=0 disable_stories=0 disable_adds=0
08-15 16:55:42.209 19386 20146 I DFInstaObserve: /feed/timeline/
08-15 16:55:42.211 19386 20157 I DFInstaObserve: !toggles +blocked disable_feed=0 disable_explore=1 disable_reels=0 disable_stories=0 disable_adds=0
08-15 16:55:42.211 19386 20157 I DFInstaObserve: /feed/reels_tray/
08-15 16:55:44.121 19386 19427 I DFInstaObserve: !toggles +blocked disable_feed=0 disable_explore=1 disable_reels=0 disable_stories=0 disable_adds=0
08-15 16:55:44.121 19386 19969 I DFInstaObserve: !toggles +blocked disable_feed=0 disable_explore=1 disable_reels=0 disable_stories=0 disable_adds=0
08-15 16:55:44.387 19386 20160 I DFInstaObserve: !toggles +blocked disable_feed=0 disable_explore=1 disable_reels=0 disable_stories=0 disable_adds=0
08-15 16:55:44.387 19386 20160 I DFInstaObserve: /feed/timeline/
08-15 16:55:47.431 19386 19618 I DFInstaObserve: !toggles +blocked disable_feed=0 disable_explore=1 disable_reels=0 disable_stories=0 disable_adds=0
08-15 16:55:47.494 19386 19969 I DFInstaObserve: !toggles +blocked disable_feed=0 disable_explore=1 disable_reels=0 disable_stories=0 disable_adds=0
08-15 16:55:47.499 19386 19969 I DFInstaObserve: !toggles +blocked disable_feed=0 disable_explore=1 disable_reels=0 disable_stories=0 disable_adds=0
08-15 16:55:47.581 19386 20187 I DFInstaObserve: !toggles +blocked disable_feed=0 disable_explore=1 disable_reels=0 disable_stories=0 disable_adds=0
08-15 16:55:47.606 19386 20195 I DFInstaObserve: !toggles +blocked disable_feed=0 disable_explore=1 disable_reels=0 disable_stories=0 disable_adds=0
08-15 16:55:47.669 19386 19595 I DFInstaObserve: !toggles +blocked disable_feed=0 disable_explore=1 disable_reels=0 disable_stories=0 disable_adds=0
08-15 16:55:47.713 19386 20195 I DFInstaObserve: !toggles +blocked disable_feed=0 disable_explore=1 disable_reels=0 disable_stories=0 disable_adds=0
08-15 16:55:47.727 19386 19595 I DFInstaObserve: !toggles +blocked disable_feed=0 disable_explore=1 disable_reels=0 disable_stories=0 disable_adds=0
08-15 16:55:47.768 19386 19595 I DFInstaObserve: !toggles +blocked disable_feed=0 disable_explore=1 disable_reels=0 disable_stories=0 disable_adds=0
08-15 16:55:47.840 19386 19595 I DFInstaObserve: !toggles +blocked disable_feed=0 disable_explore=1 disable_reels=0 disable_stories=0 disable_adds=0
08-15 16:55:47.876 19386 19595 I DFInstaObserve: !toggles +blocked disable_feed=0 disable_explore=1 disable_reels=0 disable_stories=0 disable_adds=0
08-15 16:55:48.113 19386 19595 I DFInstaObserve: !toggles +blocked disable_feed=0 disable_explore=1 disable_reels=0 disable_stories=0 disable_adds=0
08-15 16:55:48.160 19386 19595 I DFInstaObserve: !toggles +blocked disable_feed=0 disable_explore=1 disable_reels=0 disable_stories=0 disable_adds=0
08-15 16:55:48.354 19386 19595 I DFInstaObserve: !toggles +blocked disable_feed=0 disable_explore=1 disable_reels=0 disable_stories=0 disable_adds=0
08-15 16:55:48.399 19386 19595 I DFInstaObserve: !toggles +blocked disable_feed=0 disable_explore=1 disable_reels=0 disable_stories=0 disable_adds=0
08-15 16:55:48.680 19386 19595 I DFInstaObserve: !toggles +blocked disable_feed=0 disable_explore=1 disable_reels=0 disable_stories=0 disable_adds=0
08-15 16:55:53.598 19386 20223 I DFInstaObserve: !toggles +blocked disable_feed=0 disable_explore=1 disable_reels=0 disable_stories=0 disable_adds=0
08-15 16:55:53.713 19386 19969 I DFInstaObserve: !toggles +blocked disable_feed=0 disable_explore=1 disable_reels=0 disable_stories=0 disable_adds=0
08-15 16:55:53.957 19386 20235 I DFInstaObserve: !toggles +blocked disable_feed=0 disable_explore=1 disable_reels=0 disable_stories=0 disable_adds=0
08-15 16:55:55.951 19386 20222 I DFInstaObserve: !toggles +blocked disable_feed=0 disable_explore=1 disable_reels=0 disable_stories=0 disable_adds=0
08-15 16:55:55.985 19386 20222 I DFInstaObserve: !toggles +blocked disable_feed=0 disable_explore=1 disable_reels=0 disable_stories=0 disable_adds=0
08-15 16:55:57.185 19386 19969 I DFInstaObserve: !toggles +blocked disable_feed=0 disable_explore=1 disable_reels=0 disable_stories=0 disable_adds=0
08-15 16:55:59.847 19386 20263 I DFInstaObserve: !toggles +blocked disable_feed=0 disable_explore=1 disable_reels=0 disable_stories=0 disable_adds=0
08-15 16:55:59.892 19386 20263 I DFInstaObserve: !toggles +blocked disable_feed=0 disable_explore=1 disable_reels=0 disable_stories=0 disable_adds=0
08-15 16:56:00.369 19386 19427 I DFInstaObserve: !toggles +blocked disable_feed=0 disable_explore=1 disable_reels=0 disable_stories=0 disable_adds=0
08-15 16:56:00.521 19386 19427 I DFInstaObserve: !toggles +blocked disable_feed=0 disable_explore=1 disable_reels=0 disable_stories=0 disable_adds=0
08-15 16:56:01.290 19386 19969 I DFInstaObserve: !toggles +blocked disable_feed=0 disable_explore=1 disable_reels=0 disable_stories=0 disable_adds=0
08-15 16:56:03.649 19386 19427 I DFInstaObserve: !toggles +blocked disable_feed=0 disable_explore=1 disable_reels=0 disable_stories=0 disable_adds=0
08-15 16:56:04.624 19386 19427 I DFInstaObserve: !toggles +blocked disable_feed=0 disable_explore=1 disable_reels=0 disable_stories=0 disable_adds=0
08-15 16:56:06.140 19386 20332 I DFInstaObserve: !toggles +blocked disable_feed=0 disable_explore=1 disable_reels=0 disable_stories=0 disable_adds=0
08-15 16:56:06.969 19386 19969 I DFInstaObserve: !toggles +blocked disable_feed=0 disable_explore=1 disable_reels=0 disable_stories=0 disable_adds=0
08-15 16:56:10.306 19386 20398 I DFInstaObserve: !toggles +blocked disable_feed=0 disable_explore=1 disable_reels=0 disable_stories=0 disable_adds=0
08-15 16:56:10.403 19386 20394 I DFInstaObserve: !toggles +blocked disable_feed=0 disable_explore=1 disable_reels=0 disable_stories=0 disable_adds=0
08-15 16:56:10.403 19386 20394 I DFInstaObserve: /discover/topical_explore
08-15 16:56:10.403 19386 20394 I DFInstaObserve: !blocked /discover/topical_explore
08-15 16:56:10.407 19386 20398 I DFInstaObserve: !toggles +blocked disable_feed=0 disable_explore=1 disable_reels=0 disable_stories=0 disable_adds=0
08-15 16:56:11.783 19386 19618 I DFInstaObserve: !toggles +blocked disable_feed=0 disable_explore=1 disable_reels=0 disable_stories=0 disable_adds=0
08-15 16:56:11.919 19386 19618 I DFInstaObserve: !toggles +blocked disable_feed=0 disable_explore=1 disable_reels=0 disable_stories=0 disable_adds=0
08-15 16:56:15.652 19386 20422 I DFInstaObserve: !toggles +blocked disable_feed=0 disable_explore=1 disable_reels=0 disable_stories=0 disable_adds=0
08-15 16:56:18.372 19386 20513 I DFInstaObserve: !toggles +blocked disable_feed=0 disable_explore=1 disable_reels=0 disable_stories=0 disable_adds=0
08-15 16:56:18.372 19386 20513 I DFInstaObserve: /discover/topical_explore
08-15 16:56:18.372 19386 20513 I DFInstaObserve: !blocked /discover/topical_explore
08-15 16:56:18.796 19386 20548 I DFInstaObserve: !toggles +blocked disable_feed=0 disable_explore=1 disable_reels=0 disable_stories=0 disable_adds=0
08-15 16:56:18.796 19386 20548 I DFInstaObserve: /discover/topical_explore
08-15 16:56:18.796 19386 20548 I DFInstaObserve: !blocked /discover/topical_explore
08-15 16:56:19.163 19386 20513 I DFInstaObserve: !toggles +blocked disable_feed=0 disable_explore=1 disable_reels=0 disable_stories=0 disable_adds=0
08-15 16:56:19.163 19386 20513 I DFInstaObserve: /discover/topical_explore
08-15 16:56:19.163 19386 20513 I DFInstaObserve: !blocked /discover/topical_explore
08-15 16:56:19.522 19386 20571 I DFInstaObserve: !toggles +blocked disable_feed=0 disable_explore=1 disable_reels=0 disable_stories=0 disable_adds=0
08-15 16:56:27.387 19386 20668 I DFInstaObserve: !toggles +blocked disable_feed=0 disable_explore=1 disable_reels=0 disable_stories=0 disable_adds=0
08-15 16:56:28.583 19386 20540 I DFInstaObserve: !toggles +blocked disable_feed=0 disable_explore=1 disable_reels=0 disable_stories=0 disable_adds=0
08-15 16:56:28.584 19386 20540 I DFInstaObserve: /discover/topical_explore
08-15 16:56:28.584 19386 20540 I DFInstaObserve: !blocked /discover/topical_explore
08-15 16:56:28.847 19386 20548 I DFInstaObserve: !toggles +blocked disable_feed=0 disable_explore=1 disable_reels=0 disable_stories=0 disable_adds=0
08-15 16:56:28.847 19386 20548 I DFInstaObserve: /discover/topical_explore
08-15 16:56:28.847 19386 20548 I DFInstaObserve: !blocked /discover/topical_explore
08-15 16:56:29.643 19386 20756 I DFInstaObserve: !toggles +blocked disable_feed=0 disable_explore=1 disable_reels=0 disable_stories=0 disable_adds=0
08-15 16:56:34.173 19386 20786 I DFInstaObserve: !toggles +blocked disable_feed=0 disable_explore=1 disable_reels=0 disable_stories=0 disable_adds=0
08-15 16:56:34.220 19386 20786 I DFInstaObserve: !toggles +blocked disable_feed=0 disable_explore=1 disable_reels=0 disable_stories=0 disable_adds=0
08-15 16:56:34.249 19386 20793 I DFInstaObserve: !toggles +blocked disable_feed=0 disable_explore=1 disable_reels=0 disable_stories=0 disable_adds=0
08-15 16:56:35.004 19386 20559 I DFInstaObserve: !toggles +blocked disable_feed=0 disable_explore=1 disable_reels=0 disable_stories=0 disable_adds=0
08-15 16:56:35.155 19386 20765 I DFInstaObserve: !toggles +blocked disable_feed=0 disable_explore=1 disable_reels=0 disable_stories=0 disable_adds=0
08-15 16:56:35.319 19386 20749 I DFInstaObserve: !toggles +blocked disable_feed=0 disable_explore=1 disable_reels=0 disable_stories=0 disable_adds=0
08-15 16:56:35.323 19386 20559 I DFInstaObserve: !toggles +blocked disable_feed=0 disable_explore=1 disable_reels=0 disable_stories=0 disable_adds=0
08-15 16:56:35.403 19386 20559 I DFInstaObserve: !toggles +blocked disable_feed=0 disable_explore=1 disable_reels=0 disable_stories=0 disable_adds=0
08-15 16:56:35.441 19386 19968 I DFInstaObserve: !toggles +blocked disable_feed=0 disable_explore=1 disable_reels=0 disable_stories=0 disable_adds=0
08-15 16:56:35.479 19386 20846 I DFInstaObserve: !toggles +blocked disable_feed=0 disable_explore=1 disable_reels=0 disable_stories=0 disable_adds=0
08-15 16:56:35.486 19386 19968 I DFInstaObserve: !toggles +blocked disable_feed=0 disable_explore=1 disable_reels=0 disable_stories=0 disable_adds=0
08-15 16:56:35.607 19386 20843 I DFInstaObserve: !toggles +blocked disable_feed=0 disable_explore=1 disable_reels=0 disable_stories=0 disable_adds=0
08-15 16:56:35.701 19386 19618 I DFInstaObserve: !toggles +blocked disable_feed=0 disable_explore=1 disable_reels=0 disable_stories=0 disable_adds=0
08-15 16:56:35.823 19386 19618 I DFInstaObserve: !toggles +blocked disable_feed=0 disable_explore=1 disable_reels=0 disable_stories=0 disable_adds=0
08-15 16:56:35.935 19386 19618 I DFInstaObserve: !toggles +blocked disable_feed=0 disable_explore=1 disable_reels=0 disable_stories=0 disable_adds=0
08-15 16:56:36.040 19386 19618 I DFInstaObserve: !toggles +blocked disable_feed=0 disable_explore=1 disable_reels=0 disable_stories=0 disable_adds=0
08-15 16:56:36.193 19386 19618 I DFInstaObserve: !toggles +blocked disable_feed=0 disable_explore=1 disable_reels=0 disable_stories=0 disable_adds=0
08-15 16:56:37.743 19386 20864 I DFInstaObserve: !toggles +blocked disable_feed=0 disable_explore=1 disable_reels=0 disable_stories=0 disable_adds=0
08-15 16:56:37.745 19386 20863 I DFInstaObserve: !toggles +blocked disable_feed=0 disable_explore=1 disable_reels=0 disable_stories=0 disable_adds=0
08-15 16:56:43.121 19386 20887 I DFInstaObserve: !toggles +blocked disable_feed=0 disable_explore=1 disable_reels=0 disable_stories=0 disable_adds=0
08-15 16:56:43.121 19386 20887 I DFInstaObserve: /clips/discover
08-15 16:56:43.122 19386 20887 I DFInstaObserve: /clips/discover/stream/
08-15 16:56:43.581 19386 20805 I DFInstaObserve: !toggles +blocked disable_feed=0 disable_explore=1 disable_reels=0 disable_stories=0 disable_adds=0
08-15 16:56:43.584 19386 20749 I DFInstaObserve: !toggles +blocked disable_feed=0 disable_explore=1 disable_reels=0 disable_stories=0 disable_adds=0
08-15 16:56:45.701 19386 20829 I DFInstaObserve: !toggles +blocked disable_feed=0 disable_explore=1 disable_reels=0 disable_stories=0 disable_adds=0
08-15 16:56:45.701 19386 20903 I DFInstaObserve: !toggles +blocked disable_feed=0 disable_explore=1 disable_reels=0 disable_stories=0 disable_adds=0
08-15 16:56:47.268 19386 20749 I DFInstaObserve: !toggles +blocked disable_feed=0 disable_explore=1 disable_reels=0 disable_stories=0 disable_adds=0
08-15 16:56:47.283 19386 20749 I DFInstaObserve: !toggles +blocked disable_feed=0 disable_explore=1 disable_reels=0 disable_stories=0 disable_adds=0
08-15 16:56:47.314 19386 19595 I DFInstaObserve: !toggles +blocked disable_feed=0 disable_explore=1 disable_reels=0 disable_stories=0 disable_adds=0
08-15 16:56:47.347 19386 19968 I DFInstaObserve: !toggles +blocked disable_feed=0 disable_explore=1 disable_reels=0 disable_stories=0 disable_adds=0
08-15 16:56:47.841 19386 19595 I DFInstaObserve: !toggles +blocked disable_feed=0 disable_explore=1 disable_reels=0 disable_stories=0 disable_adds=0
08-15 16:56:47.900 19386 20559 I DFInstaObserve: !toggles +blocked disable_feed=0 disable_explore=1 disable_reels=0 disable_stories=0 disable_adds=0
08-15 16:56:47.911 19386 20559 I DFInstaObserve: !toggles +blocked disable_feed=0 disable_explore=1 disable_reels=0 disable_stories=0 disable_adds=0
08-15 16:56:47.911 19386 19595 I DFInstaObserve: !toggles +blocked disable_feed=0 disable_explore=1 disable_reels=0 disable_stories=0 disable_adds=0
08-15 16:56:48.080 19386 20880 I DFInstaObserve: !toggles +blocked disable_feed=0 disable_explore=1 disable_reels=0 disable_stories=0 disable_adds=0
08-15 16:56:48.173 19386 20840 I DFInstaObserve: !toggles +blocked disable_feed=0 disable_explore=1 disable_reels=0 disable_stories=0 disable_adds=0
08-15 16:56:48.217 19386 20959 I DFInstaObserve: !toggles +blocked disable_feed=0 disable_explore=1 disable_reels=0 disable_stories=0 disable_adds=0
08-15 16:56:48.282 19386 19595 I DFInstaObserve: !toggles +blocked disable_feed=0 disable_explore=1 disable_reels=0 disable_stories=0 disable_adds=0
08-15 16:56:48.319 19386 19595 I DFInstaObserve: !toggles +blocked disable_feed=0 disable_explore=1 disable_reels=0 disable_stories=0 disable_adds=0
08-15 16:56:48.504 19386 19595 I DFInstaObserve: !toggles +blocked disable_feed=0 disable_explore=1 disable_reels=0 disable_stories=0 disable_adds=0
08-15 16:56:48.549 19386 19595 I DFInstaObserve: !toggles +blocked disable_feed=0 disable_explore=1 disable_reels=0 disable_stories=0 disable_adds=0
08-15 16:56:48.980 19386 20936 I DFInstaObserve: !toggles +blocked disable_feed=0 disable_explore=1 disable_reels=0 disable_stories=0 disable_adds=0
08-15 16:56:48.981 19386 20935 I DFInstaObserve: !toggles +blocked disable_feed=0 disable_explore=1 disable_reels=0 disable_stories=0 disable_adds=0
08-15 16:56:49.352 19386 19595 I DFInstaObserve: !toggles +blocked disable_feed=0 disable_explore=1 disable_reels=0 disable_stories=0 disable_adds=0
08-15 16:56:49.389 19386 19595 I DFInstaObserve: !toggles +blocked disable_feed=0 disable_explore=1 disable_reels=0 disable_stories=0 disable_adds=0
08-15 16:56:49.573 19386 19595 I DFInstaObserve: !toggles +blocked disable_feed=0 disable_explore=1 disable_reels=0 disable_stories=0 disable_adds=0
08-15 16:56:50.201 19386 20559 I DFInstaObserve: !toggles +blocked disable_feed=0 disable_explore=1 disable_reels=0 disable_stories=0 disable_adds=0
08-15 16:56:50.243 19386 19595 I DFInstaObserve: !toggles +blocked disable_feed=0 disable_explore=1 disable_reels=0 disable_stories=0 disable_adds=0
08-15 16:56:50.253 19386 20749 I DFInstaObserve: !toggles +blocked disable_feed=0 disable_explore=1 disable_reels=0 disable_stories=0 disable_adds=0
08-15 16:56:50.295 19386 19595 I DFInstaObserve: !toggles +blocked disable_feed=0 disable_explore=1 disable_reels=0 disable_stories=0 disable_adds=0
08-15 16:56:50.660 19386 19595 I DFInstaObserve: !toggles +blocked disable_feed=0 disable_explore=1 disable_reels=0 disable_stories=0 disable_adds=0
08-15 16:56:52.306 19386 20977 I DFInstaObserve: !toggles +blocked disable_feed=0 disable_explore=1 disable_reels=0 disable_stories=0 disable_adds=0
08-15 16:56:52.310 19386 20976 I DFInstaObserve: !toggles +blocked disable_feed=0 disable_explore=1 disable_reels=0 disable_stories=0 disable_adds=0
08-15 16:56:53.580 19386 20749 I DFInstaObserve: !toggles +blocked disable_feed=0 disable_explore=1 disable_reels=0 disable_stories=0 disable_adds=0
08-15 16:56:55.659 19386 21011 I DFInstaObserve: !toggles +blocked disable_feed=0 disable_explore=1 disable_reels=0 disable_stories=0 disable_adds=0
08-15 16:56:55.659 19386 21012 I DFInstaObserve: !toggles +blocked disable_feed=0 disable_explore=1 disable_reels=0 disable_stories=0 disable_adds=0
08-15 16:56:56.869 19386 20749 I DFInstaObserve: !toggles +blocked disable_feed=0 disable_explore=1 disable_reels=0 disable_stories=0 disable_adds=0
08-15 16:56:58.976 19386 21043 I DFInstaObserve: !toggles +blocked disable_feed=0 disable_explore=1 disable_reels=0 disable_stories=0 disable_adds=0
08-15 16:56:58.976 19386 21042 I DFInstaObserve: !toggles +blocked disable_feed=0 disable_explore=1 disable_reels=0 disable_stories=0 disable_adds=0
08-15 16:56:59.750 19386 21062 I DFInstaObserve: !toggles +blocked disable_feed=0 disable_explore=1 disable_reels=0 disable_stories=0 disable_adds=0
08-15 16:57:00.286 19386 19618 I DFInstaObserve: !toggles +blocked disable_feed=0 disable_explore=1 disable_reels=0 disable_stories=0 disable_adds=0
08-15 16:57:00.385 19386 19618 I DFInstaObserve: !toggles +blocked disable_feed=0 disable_explore=1 disable_reels=0 disable_stories=0 disable_adds=0
08-15 16:57:00.486 19386 19618 I DFInstaObserve: !toggles +blocked disable_feed=0 disable_explore=1 disable_reels=0 disable_stories=0 disable_adds=0
08-15 16:57:05.476 19386 21092 I DFInstaObserve: !toggles +blocked disable_feed=0 disable_explore=1 disable_reels=0 disable_stories=0 disable_adds=0
08-15 16:57:05.476 19386 21092 I DFInstaObserve: /clips/discover
08-15 16:57:05.476 19386 21092 I DFInstaObserve: /clips/discover/stream/
08-15 16:57:09.194 19386 19595 I DFInstaObserve: !toggles +blocked disable_feed=0 disable_explore=1 disable_reels=0 disable_stories=0 disable_adds=0
08-15 16:57:09.981 19386 19595 I DFInstaObserve: !toggles +blocked disable_feed=0 disable_explore=1 disable_reels=0 disable_stories=0 disable_adds=0
08-15 16:57:10.033 19386 19595 I DFInstaObserve: !toggles +blocked disable_feed=0 disable_explore=1 disable_reels=0 disable_stories=0 disable_adds=0
08-15 16:57:10.273 19386 19595 I DFInstaObserve: !toggles +blocked disable_feed=0 disable_explore=1 disable_reels=0 disable_stories=0 disable_adds=0
08-15 16:57:10.315 19386 19595 I DFInstaObserve: !toggles +blocked disable_feed=0 disable_explore=1 disable_reels=0 disable_stories=0 disable_adds=0
08-15 16:57:10.623 19386 19595 I DFInstaObserve: !toggles +blocked disable_feed=0 disable_explore=1 disable_reels=0 disable_stories=0 disable_adds=0
08-15 16:57:24.994 19386 21166 I DFInstaObserve: !toggles +blocked disable_feed=0 disable_explore=1 disable_reels=0 disable_stories=0 disable_adds=0
08-15 16:57:25.911 19386 20559 I DFInstaObserve: !toggles +blocked disable_feed=0 disable_explore=1 disable_reels=0 disable_stories=0 disable_adds=0
08-15 16:57:26.146 19386 20749 I DFInstaObserve: !toggles +blocked disable_feed=0 disable_explore=1 disable_reels=0 disable_stories=0 disable_adds=0
08-15 16:57:26.415 19386 20559 I DFInstaObserve: !toggles +blocked disable_feed=0 disable_explore=1 disable_reels=0 disable_stories=0 disable_adds=0
08-15 16:57:29.447 19386 20559 I DFInstaObserve: !toggles +blocked disable_feed=0 disable_explore=1 disable_reels=0 disable_stories=0 disable_adds=0
08-15 16:57:29.702 19386 20749 I DFInstaObserve: !toggles +blocked disable_feed=0 disable_explore=1 disable_reels=0 disable_stories=0 disable_adds=0
08-15 16:57:30.250 19386 20559 I DFInstaObserve: !toggles +blocked disable_feed=0 disable_explore=1 disable_reels=0 disable_stories=0 disable_adds=0
08-15 16:57:31.857 19386 21240 I DFInstaObserve: !toggles +blocked disable_feed=0 disable_explore=1 disable_reels=0 disable_stories=0 disable_adds=0
08-15 16:57:31.905 19386 21240 I DFInstaObserve: !toggles +blocked disable_feed=0 disable_explore=1 disable_reels=0 disable_stories=0 disable_adds=0
08-15 16:57:36.408 19386 19618 I DFInstaObserve: !toggles +blocked disable_feed=0 disable_explore=1 disable_reels=0 disable_stories=0 disable_adds=0
08-15 16:57:36.511 19386 19618 I DFInstaObserve: !toggles +blocked disable_feed=0 disable_explore=1 disable_reels=0 disable_stories=0 disable_adds=0
08-15 16:57:44.552 19386 21331 I DFInstaObserve: !toggles +blocked disable_feed=0 disable_explore=1 disable_reels=0 disable_stories=0 disable_adds=0
08-15 16:57:44.552 19386 21331 I DFInstaObserve: /discover/topical_explore
08-15 16:57:44.552 19386 21331 I DFInstaObserve: !blocked /discover/topical_explore
08-15 16:57:44.804 19386 21227 I DFInstaObserve: !toggles +blocked disable_feed=0 disable_explore=1 disable_reels=0 disable_stories=0 disable_adds=0
08-15 16:57:44.804 19386 21227 I DFInstaObserve: /discover/topical_explore
08-15 16:57:44.804 19386 21227 I DFInstaObserve: !blocked /discover/topical_explore
08-15 16:57:47.716 19386 21410 I DFInstaObserve: !toggles +blocked disable_feed=0 disable_explore=1 disable_reels=0 disable_stories=0 disable_adds=0
08-15 16:57:49.693 19386 21396 I DFInstaObserve: !toggles +blocked disable_feed=0 disable_explore=1 disable_reels=0 disable_stories=0 disable_adds=0
08-15 16:57:52.936 19386 21424 I DFInstaObserve: !toggles +blocked disable_feed=0 disable_explore=1 disable_reels=0 disable_stories=0 disable_adds=0
08-15 16:57:54.126 19386 21440 I DFInstaObserve: !toggles +blocked disable_feed=0 disable_explore=1 disable_reels=0 disable_stories=0 disable_adds=0
08-15 16:57:54.126 19386 21440 I DFInstaObserve: /discover/topical_explore
08-15 16:57:54.126 19386 21440 I DFInstaObserve: !blocked /discover/topical_explore
08-15 16:57:54.593 19386 21443 I DFInstaObserve: !toggles +blocked disable_feed=0 disable_explore=1 disable_reels=0 disable_stories=0 disable_adds=0
08-15 16:57:54.593 19386 21443 I DFInstaObserve: /discover/topical_explore
08-15 16:57:54.593 19386 21443 I DFInstaObserve: !blocked /discover/topical_explore
08-15 16:57:56.446 19386 21524 I DFInstaObserve: !toggles +blocked disable_feed=0 disable_explore=1 disable_reels=0 disable_stories=0 disable_adds=0
08-15 16:57:56.474 19386 21524 I DFInstaObserve: !toggles +blocked disable_feed=0 disable_explore=1 disable_reels=0 disable_stories=0 disable_adds=0
08-15 16:57:59.678 19386 21541 I DFInstaObserve: !toggles +blocked disable_feed=0 disable_explore=1 disable_reels=0 disable_stories=0 disable_adds=0
08-15 16:58:00.745 19386 21529 I DFInstaObserve: !toggles +blocked disable_feed=0 disable_explore=1 disable_reels=0 disable_stories=0 disable_adds=0
08-15 16:58:01.133 19386 19618 I DFInstaObserve: !toggles +blocked disable_feed=0 disable_explore=1 disable_reels=0 disable_stories=0 disable_adds=0
08-15 16:58:01.215 19386 19618 I DFInstaObserve: !toggles +blocked disable_feed=0 disable_explore=1 disable_reels=0 disable_stories=0 disable_adds=0
08-15 16:58:01.303 19386 19618 I DFInstaObserve: !toggles +blocked disable_feed=0 disable_explore=1 disable_reels=0 disable_stories=0 disable_adds=0
08-15 16:58:01.389 19386 19618 I DFInstaObserve: !toggles +blocked disable_feed=0 disable_explore=1 disable_reels=0 disable_stories=0 disable_adds=0
08-15 16:58:01.531 19386 19618 I DFInstaObserve: !toggles +blocked disable_feed=0 disable_explore=1 disable_reels=0 disable_stories=0 disable_adds=0
08-15 16:58:02.907 19386 21609 I DFInstaObserve: !toggles +blocked disable_feed=0 disable_explore=1 disable_reels=0 disable_stories=0 disable_adds=0
08-15 16:58:02.910 19386 21608 I DFInstaObserve: !toggles +blocked disable_feed=0 disable_explore=1 disable_reels=0 disable_stories=0 disable_adds=0
08-15 16:58:09.082 19386 21529 I DFInstaObserve: !toggles +blocked disable_feed=0 disable_explore=1 disable_reels=0 disable_stories=0 disable_adds=0
08-15 16:58:09.116 19386 21529 I DFInstaObserve: !toggles +blocked disable_feed=0 disable_explore=1 disable_reels=0 disable_stories=0 disable_adds=0
08-15 16:58:11.178 19386 21662 I DFInstaObserve: !toggles +blocked disable_feed=0 disable_explore=1 disable_reels=0 disable_stories=0 disable_adds=0
08-15 16:58:11.179 19386 21661 I DFInstaObserve: !toggles +blocked disable_feed=0 disable_explore=1 disable_reels=0 disable_stories=0 disable_adds=0
08-15 16:58:11.995 19386 21625 I DFInstaObserve: !toggles +blocked disable_feed=0 disable_explore=1 disable_reels=0 disable_stories=0 disable_adds=0
08-15 16:58:11.995 19386 21625 I DFInstaObserve: /clips/discover
08-15 16:58:11.995 19386 21625 I DFInstaObserve: /clips/discover/stream/
08-15 16:58:12.407 19386 20749 I DFInstaObserve: !toggles +blocked disable_feed=0 disable_explore=1 disable_reels=0 disable_stories=0 disable_adds=0
08-15 16:58:14.427 19386 21693 I DFInstaObserve: !toggles +blocked disable_feed=0 disable_explore=1 disable_reels=0 disable_stories=0 disable_adds=0
08-15 16:58:15.764 19386 20749 I DFInstaObserve: !toggles +blocked disable_feed=0 disable_explore=1 disable_reels=0 disable_stories=0 disable_adds=0
08-15 16:58:15.781 19386 20749 I DFInstaObserve: !toggles +blocked disable_feed=0 disable_explore=1 disable_reels=0 disable_stories=0 disable_adds=0
08-15 16:58:15.835 19386 19595 I DFInstaObserve: !toggles +blocked disable_feed=0 disable_explore=1 disable_reels=0 disable_stories=0 disable_adds=0
08-15 16:58:15.978 19386 19595 I DFInstaObserve: !toggles +blocked disable_feed=0 disable_explore=1 disable_reels=0 disable_stories=0 disable_adds=0
08-15 16:58:16.701 19386 20749 I DFInstaObserve: !toggles +blocked disable_feed=0 disable_explore=1 disable_reels=0 disable_stories=0 disable_adds=0
08-15 16:58:16.716 19386 20749 I DFInstaObserve: !toggles +blocked disable_feed=0 disable_explore=1 disable_reels=0 disable_stories=0 disable_adds=0
08-15 16:58:16.738 19386 20749 I DFInstaObserve: !toggles +blocked disable_feed=0 disable_explore=1 disable_reels=0 disable_stories=0 disable_adds=0
08-15 16:58:16.744 19386 20749 I DFInstaObserve: !toggles +blocked disable_feed=0 disable_explore=1 disable_reels=0 disable_stories=0 disable_adds=0
08-15 16:58:16.878 19386 21732 I DFInstaObserve: !toggles +blocked disable_feed=0 disable_explore=1 disable_reels=0 disable_stories=0 disable_adds=0
08-15 16:58:17.011 19386 21633 I DFInstaObserve: !toggles +blocked disable_feed=0 disable_explore=1 disable_reels=0 disable_stories=0 disable_adds=0
08-15 16:58:17.091 19386 19595 I DFInstaObserve: !toggles +blocked disable_feed=0 disable_explore=1 disable_reels=0 disable_stories=0 disable_adds=0
08-15 16:58:17.115 19386 21625 I DFInstaObserve: !toggles +blocked disable_feed=0 disable_explore=1 disable_reels=0 disable_stories=0 disable_adds=0
08-15 16:58:17.258 19386 21708 I DFInstaObserve: !toggles +blocked disable_feed=0 disable_explore=1 disable_reels=0 disable_stories=0 disable_adds=0
08-15 16:58:17.346 19386 21440 I DFInstaObserve: !toggles +blocked disable_feed=0 disable_explore=1 disable_reels=0 disable_stories=0 disable_adds=0
08-15 16:58:17.425 19386 21735 I DFInstaObserve: !toggles +blocked disable_feed=0 disable_explore=1 disable_reels=0 disable_stories=0 disable_adds=0
08-15 16:58:17.462 19386 19595 I DFInstaObserve: !toggles +blocked disable_feed=0 disable_explore=1 disable_reels=0 disable_stories=0 disable_adds=0
08-15 16:58:17.497 19386 19595 I DFInstaObserve: !toggles +blocked disable_feed=0 disable_explore=1 disable_reels=0 disable_stories=0 disable_adds=0
08-15 16:58:17.527 19386 21625 I DFInstaObserve: !toggles +blocked disable_feed=0 disable_explore=1 disable_reels=0 disable_stories=0 disable_adds=0
08-15 16:58:17.621 19386 21719 I DFInstaObserve: !toggles +blocked disable_feed=0 disable_explore=1 disable_reels=0 disable_stories=0 disable_adds=0
08-15 16:58:17.621 19386 21720 I DFInstaObserve: !toggles +blocked disable_feed=0 disable_explore=1 disable_reels=0 disable_stories=0 disable_adds=0
08-15 16:58:17.633 19386 21648 I DFInstaObserve: !toggles +blocked disable_feed=0 disable_explore=1 disable_reels=0 disable_stories=0 disable_adds=0
08-15 16:58:17.709 19386 21731 I DFInstaObserve: !toggles +blocked disable_feed=0 disable_explore=1 disable_reels=0 disable_stories=0 disable_adds=0
08-15 16:58:17.967 19386 19595 I DFInstaObserve: !toggles +blocked disable_feed=0 disable_explore=1 disable_reels=0 disable_stories=0 disable_adds=0
08-15 16:58:18.042 19386 19595 I DFInstaObserve: !toggles +blocked disable_feed=0 disable_explore=1 disable_reels=0 disable_stories=0 disable_adds=0
08-15 16:58:18.398 19386 19595 I DFInstaObserve: !toggles +blocked disable_feed=0 disable_explore=1 disable_reels=0 disable_stories=0 disable_adds=0
08-15 16:58:18.437 19386 19595 I DFInstaObserve: !toggles +blocked disable_feed=0 disable_explore=1 disable_reels=0 disable_stories=0 disable_adds=0
08-15 16:58:18.685 19386 19595 I DFInstaObserve: !toggles +blocked disable_feed=0 disable_explore=1 disable_reels=0 disable_stories=0 disable_adds=0
08-15 16:58:18.750 19386 19595 I DFInstaObserve: !toggles +blocked disable_feed=0 disable_explore=1 disable_reels=0 disable_stories=0 disable_adds=0
08-15 16:58:18.886 19386 19595 I DFInstaObserve: !toggles +blocked disable_feed=0 disable_explore=1 disable_reels=0 disable_stories=0 disable_adds=0
08-15 16:58:18.932 19386 19595 I DFInstaObserve: !toggles +blocked disable_feed=0 disable_explore=1 disable_reels=0 disable_stories=0 disable_adds=0
08-15 16:58:19.379 19386 19595 I DFInstaObserve: !toggles +blocked disable_feed=0 disable_explore=1 disable_reels=0 disable_stories=0 disable_adds=0
08-15 16:58:19.422 19386 19595 I DFInstaObserve: !toggles +blocked disable_feed=0 disable_explore=1 disable_reels=0 disable_stories=0 disable_adds=0
08-15 16:58:19.878 19386 19595 I DFInstaObserve: !toggles +blocked disable_feed=0 disable_explore=1 disable_reels=0 disable_stories=0 disable_adds=0
08-15 16:58:19.922 19386 19595 I DFInstaObserve: !toggles +blocked disable_feed=0 disable_explore=1 disable_reels=0 disable_stories=0 disable_adds=0
08-15 16:58:20.083 19386 19595 I DFInstaObserve: !toggles +blocked disable_feed=0 disable_explore=1 disable_reels=0 disable_stories=0 disable_adds=0
08-15 16:58:20.141 19386 19595 I DFInstaObserve: !toggles +blocked disable_feed=0 disable_explore=1 disable_reels=0 disable_stories=0 disable_adds=0
08-15 16:58:20.317 19386 19595 I DFInstaObserve: !toggles +blocked disable_feed=0 disable_explore=1 disable_reels=0 disable_stories=0 disable_adds=0
08-15 16:58:20.352 19386 19595 I DFInstaObserve: !toggles +blocked disable_feed=0 disable_explore=1 disable_reels=0 disable_stories=0 disable_adds=0
08-15 16:58:20.717 19386 19595 I DFInstaObserve: !toggles +blocked disable_feed=0 disable_explore=1 disable_reels=0 disable_stories=0 disable_adds=0
08-15 16:58:20.762 19386 19595 I DFInstaObserve: !toggles +blocked disable_feed=0 disable_explore=1 disable_reels=0 disable_stories=0 disable_adds=0
08-15 16:58:20.998 19386 19595 I DFInstaObserve: !toggles +blocked disable_feed=0 disable_explore=1 disable_reels=0 disable_stories=0 disable_adds=0
08-15 16:58:21.178 19386 21748 I DFInstaObserve: !toggles +blocked disable_feed=0 disable_explore=1 disable_reels=0 disable_stories=0 disable_adds=0
08-15 16:58:21.181 19386 21747 I DFInstaObserve: !toggles +blocked disable_feed=0 disable_explore=1 disable_reels=0 disable_stories=0 disable_adds=0
08-15 16:58:22.474 19386 21765 I DFInstaObserve: !toggles +blocked disable_feed=0 disable_explore=1 disable_reels=0 disable_stories=0 disable_adds=0
08-15 16:58:24.538 19386 21781 I DFInstaObserve: !toggles +blocked disable_feed=0 disable_explore=1 disable_reels=0 disable_stories=0 disable_adds=0
08-15 16:58:24.539 19386 21782 I DFInstaObserve: !toggles +blocked disable_feed=0 disable_explore=1 disable_reels=0 disable_stories=0 disable_adds=0
08-15 16:58:25.296 19386 21800 I DFInstaObserve: !toggles +blocked disable_feed=0 disable_explore=1 disable_reels=0 disable_stories=0 disable_adds=0
08-15 16:58:25.721 19386 19618 I DFInstaObserve: !toggles +blocked disable_feed=0 disable_explore=1 disable_reels=0 disable_stories=0 disable_adds=0
08-15 16:58:25.809 19386 19618 I DFInstaObserve: !toggles +blocked disable_feed=0 disable_explore=1 disable_reels=0 disable_stories=0 disable_adds=0
08-15 16:58:25.899 19386 19618 I DFInstaObserve: !toggles +blocked disable_feed=0 disable_explore=1 disable_reels=0 disable_stories=0 disable_adds=0
08-15 16:58:30.747 19386 21633 I DFInstaObserve: !toggles +blocked disable_feed=0 disable_explore=1 disable_reels=0 disable_stories=0 disable_adds=0
08-15 16:58:30.747 19386 21633 I DFInstaObserve: /clips/discover
08-15 16:58:30.747 19386 21633 I DFInstaObserve: /clips/discover/stream/
08-15 16:58:34.238 19386 19595 I DFInstaObserve: !toggles +blocked disable_feed=0 disable_explore=1 disable_reels=0 disable_stories=0 disable_adds=0
08-15 16:58:34.554 19386 19595 I DFInstaObserve: !toggles +blocked disable_feed=0 disable_explore=1 disable_reels=0 disable_stories=0 disable_adds=0
08-15 16:58:34.949 19386 19595 I DFInstaObserve: !toggles +blocked disable_feed=0 disable_explore=1 disable_reels=0 disable_stories=0 disable_adds=0
08-15 16:58:35.652 19386 19595 I DFInstaObserve: !toggles +blocked disable_feed=0 disable_explore=1 disable_reels=0 disable_stories=0 disable_adds=0
08-15 16:58:35.685 19386 19595 I DFInstaObserve: !toggles +blocked disable_feed=0 disable_explore=1 disable_reels=0 disable_stories=0 disable_adds=0
08-15 16:58:36.004 19386 19595 I DFInstaObserve: !toggles +blocked disable_feed=0 disable_explore=1 disable_reels=0 disable_stories=0 disable_adds=0
08-15 16:58:47.311 19386 21857 I DFInstaObserve: !toggles +blocked disable_feed=0 disable_explore=1 disable_reels=0 disable_stories=0 disable_adds=0
08-15 16:58:48.263 19386 21846 I DFInstaObserve: !toggles +blocked disable_feed=0 disable_explore=1 disable_reels=0 disable_stories=0 disable_adds=0
08-15 16:58:48.263 19386 21846 I DFInstaObserve: /feed/timeline/
08-15 16:58:48.456 19386 21901 I DFInstaObserve: !toggles +blocked disable_feed=0 disable_explore=1 disable_reels=0 disable_stories=0 disable_adds=0
08-15 16:58:50.433 19386 21865 I DFInstaObserve: !toggles +blocked disable_feed=0 disable_explore=1 disable_reels=0 disable_stories=0 disable_adds=0
08-15 16:58:50.478 19386 21865 I DFInstaObserve: !toggles +blocked disable_feed=0 disable_explore=1 disable_reels=0 disable_stories=0 disable_adds=0
08-15 16:58:51.295 19386 20749 I DFInstaObserve: !toggles +blocked disable_feed=0 disable_explore=1 disable_reels=0 disable_stories=0 disable_adds=0
08-15 16:58:51.303 19386 20749 I DFInstaObserve: !toggles +blocked disable_feed=0 disable_explore=1 disable_reels=0 disable_stories=0 disable_adds=0
08-15 16:58:51.760 19386 21839 I DFInstaObserve: !toggles +blocked disable_feed=0 disable_explore=1 disable_reels=0 disable_stories=0 disable_adds=0
08-15 16:58:51.870 19386 19595 I DFInstaObserve: !toggles +blocked disable_feed=0 disable_explore=1 disable_reels=0 disable_stories=0 disable_adds=0
08-15 16:58:51.976 19386 19595 I DFInstaObserve: !toggles +blocked disable_feed=0 disable_explore=1 disable_reels=0 disable_stories=0 disable_adds=0
08-15 16:58:52.076 19386 21935 I DFInstaObserve: !toggles +blocked disable_feed=0 disable_explore=1 disable_reels=0 disable_stories=0 disable_adds=0
08-15 16:58:52.076 19386 21929 I DFInstaObserve: !toggles +blocked disable_feed=0 disable_explore=1 disable_reels=0 disable_stories=0 disable_adds=0
08-15 16:58:52.134 19386 19595 I DFInstaObserve: !toggles +blocked disable_feed=0 disable_explore=1 disable_reels=0 disable_stories=0 disable_adds=0
08-15 16:58:52.176 19386 19968 I DFInstaObserve: !toggles +blocked disable_feed=0 disable_explore=1 disable_reels=0 disable_stories=0 disable_adds=0
08-15 16:58:52.214 19386 19595 I DFInstaObserve: !toggles +blocked disable_feed=0 disable_explore=1 disable_reels=0 disable_stories=0 disable_adds=0
08-15 16:58:52.262 19386 19595 I DFInstaObserve: !toggles +blocked disable_feed=0 disable_explore=1 disable_reels=0 disable_stories=0 disable_adds=0
08-15 16:58:52.311 19386 19595 I DFInstaObserve: !toggles +blocked disable_feed=0 disable_explore=1 disable_reels=0 disable_stories=0 disable_adds=0
08-15 16:58:52.380 19386 21914 I DFInstaObserve: !toggles +blocked disable_feed=0 disable_explore=1 disable_reels=0 disable_stories=0 disable_adds=0
08-15 16:58:52.434 19386 21873 I DFInstaObserve: !toggles +blocked disable_feed=0 disable_explore=1 disable_reels=0 disable_stories=0 disable_adds=0
08-15 16:58:52.465 19386 21929 I DFInstaObserve: !toggles +blocked disable_feed=0 disable_explore=1 disable_reels=0 disable_stories=0 disable_adds=0
08-15 16:58:52.830 19386 21925 I DFInstaObserve: !toggles +blocked disable_feed=0 disable_explore=1 disable_reels=0 disable_stories=0 disable_adds=0
08-15 16:58:53.150 19386 21846 I DFInstaObserve: !toggles +blocked disable_feed=0 disable_explore=1 disable_reels=0 disable_stories=0 disable_adds=0
08-15 16:58:53.329 19386 21962 I DFInstaObserve: !toggles +blocked disable_feed=0 disable_explore=1 disable_reels=0 disable_stories=0 disable_adds=0
08-15 16:58:54.051 19386 21900 I DFInstaObserve: !toggles +blocked disable_feed=0 disable_explore=1 disable_reels=0 disable_stories=0 disable_adds=0
08-15 16:58:55.148 19386 20749 I DFInstaObserve: !toggles +blocked disable_feed=0 disable_explore=1 disable_reels=0 disable_stories=0 disable_adds=0
08-15 16:58:55.158 19386 21932 I DFInstaObserve: !toggles +blocked disable_feed=0 disable_explore=1 disable_reels=0 disable_stories=0 disable_adds=0
08-15 16:58:55.212 19386 21979 I DFInstaObserve: !toggles +blocked disable_feed=0 disable_explore=1 disable_reels=0 disable_stories=0 disable_adds=0
08-15 16:58:55.256 19386 21979 I DFInstaObserve: !toggles +blocked disable_feed=0 disable_explore=1 disable_reels=0 disable_stories=0 disable_adds=0
08-15 16:58:58.479 19386 21932 I DFInstaObserve: !toggles +blocked disable_feed=0 disable_explore=1 disable_reels=0 disable_stories=0 disable_adds=0
08-15 16:59:01.896 19386 19618 I DFInstaObserve: !toggles +blocked disable_feed=0 disable_explore=1 disable_reels=0 disable_stories=0 disable_adds=0
08-15 16:59:01.986 19386 19618 I DFInstaObserve: !toggles +blocked disable_feed=0 disable_explore=1 disable_reels=0 disable_stories=0 disable_adds=0
08-15 16:59:06.132 19386 22021 I DFInstaObserve: !toggles +blocked disable_feed=0 disable_explore=1 disable_reels=0 disable_stories=0 disable_adds=0
08-15 16:59:06.163 19386 22021 I DFInstaObserve: !toggles +blocked disable_feed=0 disable_explore=1 disable_reels=0 disable_stories=0 disable_adds=0
08-15 16:59:06.194 19386 22025 I DFInstaObserve: !toggles +blocked disable_feed=0 disable_explore=1 disable_reels=0 disable_stories=0 disable_adds=0
08-15 16:59:06.229 19386 22025 I DFInstaObserve: !toggles +blocked disable_feed=0 disable_explore=1 disable_reels=0 disable_stories=0 disable_adds=0
08-15 16:59:10.160 19386 22001 I DFInstaObserve: !toggles +blocked disable_feed=0 disable_explore=1 disable_reels=0 disable_stories=0 disable_adds=0
08-15 16:59:10.160 19386 22001 I DFInstaObserve: /discover/topical_explore
08-15 16:59:10.160 19386 22001 I DFInstaObserve: !blocked /discover/topical_explore
08-15 16:59:10.589 19386 21962 I DFInstaObserve: !toggles +blocked disable_feed=0 disable_explore=1 disable_reels=0 disable_stories=0 disable_adds=0
08-15 16:59:10.589 19386 21962 I DFInstaObserve: /discover/topical_explore
08-15 16:59:10.589 19386 21962 I DFInstaObserve: !blocked /discover/topical_explore
08-15 16:59:15.448 19386 22099 I DFInstaObserve: !toggles +blocked disable_feed=0 disable_explore=1 disable_reels=0 disable_stories=0 disable_adds=0
08-15 16:59:15.683 19386 22107 I DFInstaObserve: !toggles +blocked disable_feed=0 disable_explore=1 disable_reels=0 disable_stories=0 disable_adds=0
08-15 16:59:19.795 19386 22148 I DFInstaObserve: !toggles +blocked disable_feed=0 disable_explore=1 disable_reels=0 disable_stories=0 disable_adds=0
08-15 16:59:19.795 19386 22148 I DFInstaObserve: /discover/topical_explore
08-15 16:59:19.795 19386 22148 I DFInstaObserve: !blocked /discover/topical_explore
08-15 16:59:20.133 19386 22147 I DFInstaObserve: !toggles +blocked disable_feed=0 disable_explore=1 disable_reels=0 disable_stories=0 disable_adds=0
08-15 16:59:20.133 19386 22147 I DFInstaObserve: /discover/topical_explore
08-15 16:59:20.133 19386 22147 I DFInstaObserve: !blocked /discover/topical_explore
08-15 16:59:22.104 19386 22163 I DFInstaObserve: !toggles +blocked disable_feed=0 disable_explore=1 disable_reels=0 disable_stories=0 disable_adds=0
08-15 16:59:22.129 19386 22163 I DFInstaObserve: !toggles +blocked disable_feed=0 disable_explore=1 disable_reels=0 disable_stories=0 disable_adds=0
08-15 16:59:25.631 19386 22205 I DFInstaObserve: !toggles +blocked disable_feed=0 disable_explore=1 disable_reels=0 disable_stories=0 disable_adds=0
08-15 16:59:25.660 19386 22199 I DFInstaObserve: !toggles +blocked disable_feed=0 disable_explore=1 disable_reels=0 disable_stories=0 disable_adds=0
08-15 16:59:25.683 19386 22205 I DFInstaObserve: !toggles +blocked disable_feed=0 disable_explore=1 disable_reels=0 disable_stories=0 disable_adds=0
08-15 16:59:26.413 19386 22167 I DFInstaObserve: !toggles +blocked disable_feed=0 disable_explore=1 disable_reels=0 disable_stories=0 disable_adds=0
08-15 16:59:26.457 19386 22241 I DFInstaObserve: !toggles +blocked disable_feed=0 disable_explore=1 disable_reels=0 disable_stories=0 disable_adds=0
08-15 16:59:26.501 19386 22167 I DFInstaObserve: !toggles +blocked disable_feed=0 disable_explore=1 disable_reels=0 disable_stories=0 disable_adds=0
08-15 16:59:26.619 19386 19618 I DFInstaObserve: !toggles +blocked disable_feed=0 disable_explore=1 disable_reels=0 disable_stories=0 disable_adds=0
08-15 16:59:26.725 19386 19618 I DFInstaObserve: !toggles +blocked disable_feed=0 disable_explore=1 disable_reels=0 disable_stories=0 disable_adds=0
08-15 16:59:26.805 19386 19618 I DFInstaObserve: !toggles +blocked disable_feed=0 disable_explore=1 disable_reels=0 disable_stories=0 disable_adds=0
08-15 16:59:26.888 19386 19618 I DFInstaObserve: !toggles +blocked disable_feed=0 disable_explore=1 disable_reels=0 disable_stories=0 disable_adds=0
08-15 16:59:26.965 19386 19618 I DFInstaObserve: !toggles +blocked disable_feed=0 disable_explore=1 disable_reels=0 disable_stories=0 disable_adds=0
08-15 16:59:28.606 19386 22243 I DFInstaObserve: !toggles +blocked disable_feed=0 disable_explore=1 disable_reels=0 disable_stories=0 disable_adds=0
08-15 16:59:28.606 19386 22241 I DFInstaObserve: !toggles +blocked disable_feed=0 disable_explore=1 disable_reels=0 disable_stories=0 disable_adds=0
08-15 16:59:31.064 19386 22241 I DFInstaObserve: !toggles +blocked disable_feed=0 disable_explore=1 disable_reels=0 disable_stories=0 disable_adds=0
08-15 16:59:31.064 19386 22243 I DFInstaObserve: !toggles +blocked disable_feed=0 disable_explore=1 disable_reels=0 disable_stories=0 disable_adds=0
08-15 16:59:34.813 19386 22083 I DFInstaObserve: !toggles +blocked disable_feed=0 disable_explore=1 disable_reels=0 disable_stories=0 disable_adds=0
08-15 16:59:36.888 19386 22305 I DFInstaObserve: !toggles +blocked disable_feed=0 disable_explore=1 disable_reels=0 disable_stories=0 disable_adds=0
08-15 16:59:36.889 19386 22304 I DFInstaObserve: !toggles +blocked disable_feed=0 disable_explore=1 disable_reels=0 disable_stories=0 disable_adds=0
08-15 16:59:38.136 19386 22167 I DFInstaObserve: !toggles +blocked disable_feed=0 disable_explore=1 disable_reels=0 disable_stories=0 disable_adds=0
08-15 16:59:38.175 19386 22167 I DFInstaObserve: !toggles +blocked disable_feed=0 disable_explore=1 disable_reels=0 disable_stories=0 disable_adds=0
08-15 16:59:40.249 19386 22358 I DFInstaObserve: !toggles +blocked disable_feed=0 disable_explore=1 disable_reels=0 disable_stories=0 disable_adds=0
08-15 16:59:40.249 19386 22357 I DFInstaObserve: !toggles +blocked disable_feed=0 disable_explore=1 disable_reels=0 disable_stories=0 disable_adds=0
08-15 16:59:41.507 19386 22083 I DFInstaObserve: !toggles +blocked disable_feed=0 disable_explore=1 disable_reels=0 disable_stories=0 disable_adds=0
08-15 16:59:43.610 19386 22429 I DFInstaObserve: !toggles +blocked disable_feed=0 disable_explore=1 disable_reels=0 disable_stories=0 disable_adds=0
08-15 16:59:43.616 19386 22430 I DFInstaObserve: !toggles +blocked disable_feed=0 disable_explore=1 disable_reels=0 disable_stories=0 disable_adds=0
08-15 16:59:44.813 19386 22167 I DFInstaObserve: !toggles +blocked disable_feed=0 disable_explore=1 disable_reels=0 disable_stories=0 disable_adds=0
08-15 16:59:44.814 19386 22083 I DFInstaObserve: !toggles +blocked disable_feed=0 disable_explore=1 disable_reels=0 disable_stories=0 disable_adds=0
08-15 16:59:44.859 19386 22083 I DFInstaObserve: !toggles +blocked disable_feed=0 disable_explore=1 disable_reels=0 disable_stories=0 disable_adds=0
08-15 16:59:46.926 19386 22500 I DFInstaObserve: !toggles +blocked disable_feed=0 disable_explore=1 disable_reels=0 disable_stories=0 disable_adds=0
08-15 16:59:46.926 19386 22501 I DFInstaObserve: !toggles +blocked disable_feed=0 disable_explore=1 disable_reels=0 disable_stories=0 disable_adds=0
08-15 16:59:48.346 19386 22083 I DFInstaObserve: !toggles +blocked disable_feed=0 disable_explore=1 disable_reels=0 disable_stories=0 disable_adds=0
08-15 16:59:48.394 19386 22083 I DFInstaObserve: !toggles +blocked disable_feed=0 disable_explore=1 disable_reels=0 disable_stories=0 disable_adds=0
08-15 16:59:50.487 19386 22556 I DFInstaObserve: !toggles +blocked disable_feed=0 disable_explore=1 disable_reels=0 disable_stories=0 disable_adds=0
08-15 16:59:50.487 19386 22555 I DFInstaObserve: !toggles +blocked disable_feed=0 disable_explore=1 disable_reels=0 disable_stories=0 disable_adds=0
