08-15 15:38:35.986 30414 30577 I DFInstaObserve: !toggles +blocked disable_feed=0 disable_explore=0 disable_reels=1 disable_stories=0 disable_adds=0
08-15 15:38:35.986 30414 30577 I DFInstaObserve: /feed/timeline/
08-15 15:38:35.988 30414 30581 I DFInstaObserve: !toggles +blocked disable_feed=0 disable_explore=0 disable_reels=1 disable_stories=0 disable_adds=0
08-15 15:38:35.988 30414 30581 I DFInstaObserve: /feed/reels_tray/
08-15 15:38:36.167 30414 30619 I DFInstaObserve: !toggles +blocked disable_feed=0 disable_explore=0 disable_reels=1 disable_stories=0 disable_adds=0
08-15 15:38:36.379 30414 30659 I DFInstaObserve: !toggles +blocked disable_feed=0 disable_explore=0 disable_reels=1 disable_stories=0 disable_adds=0
08-15 15:38:36.566 30414 30565 I DFInstaObserve: !toggles +blocked disable_feed=0 disable_explore=0 disable_reels=1 disable_stories=0 disable_adds=0
08-15 15:38:36.868 30414 30659 I DFInstaObserve: !toggles +blocked disable_feed=0 disable_explore=0 disable_reels=1 disable_stories=0 disable_adds=0
08-15 15:38:37.727 30414 30458 I DFInstaObserve: !toggles +blocked disable_feed=0 disable_explore=0 disable_reels=1 disable_stories=0 disable_adds=0
08-15 15:38:37.943 30414 30459 I DFInstaObserve: !toggles +blocked disable_feed=0 disable_explore=0 disable_reels=1 disable_stories=0 disable_adds=0
08-15 15:38:37.959 30414 30740 I DFInstaObserve: !toggles +blocked disable_feed=0 disable_explore=0 disable_reels=1 disable_stories=0 disable_adds=0
08-15 15:38:37.959 30414 30740 I DFInstaObserve: /feed/timeline/
08-15 15:38:39.204 30414 30732 I DFInstaObserve: !toggles +blocked disable_feed=0 disable_explore=0 disable_reels=1 disable_stories=0 disable_adds=0
08-15 15:38:40.416 30414 30459 I DFInstaObserve: !toggles +blocked disable_feed=0 disable_explore=0 disable_reels=1 disable_stories=0 disable_adds=0
08-15 15:38:40.429 30414 30459 I DFInstaObserve: !toggles +blocked disable_feed=0 disable_explore=0 disable_reels=1 disable_stories=0 disable_adds=0
08-15 15:38:40.518 30414 30576 I DFInstaObserve: !toggles +blocked disable_feed=0 disable_explore=0 disable_reels=1 disable_stories=0 disable_adds=0
08-15 15:38:40.632 30414 30619 I DFInstaObserve: !toggles +blocked disable_feed=0 disable_explore=0 disable_reels=1 disable_stories=0 disable_adds=0
08-15 15:38:40.675 30414 30619 I DFInstaObserve: !toggles +blocked disable_feed=0 disable_explore=0 disable_reels=1 disable_stories=0 disable_adds=0
08-15 15:38:40.717 30414 30619 I DFInstaObserve: !toggles +blocked disable_feed=0 disable_explore=0 disable_reels=1 disable_stories=0 disable_adds=0
08-15 15:38:40.759 30414 30619 I DFInstaObserve: !toggles +blocked disable_feed=0 disable_explore=0 disable_reels=1 disable_stories=0 disable_adds=0
08-15 15:38:40.776 30414 30755 I DFInstaObserve: !toggles +blocked disable_feed=0 disable_explore=0 disable_reels=1 disable_stories=0 disable_adds=0
08-15 15:38:40.900 30414 30619 I DFInstaObserve: !toggles +blocked disable_feed=0 disable_explore=0 disable_reels=1 disable_stories=0 disable_adds=0
08-15 15:38:40.947 30414 30619 I DFInstaObserve: !toggles +blocked disable_feed=0 disable_explore=0 disable_reels=1 disable_stories=0 disable_adds=0
08-15 15:38:40.968 30414 30581 I DFInstaObserve: !toggles +blocked disable_feed=0 disable_explore=0 disable_reels=1 disable_stories=0 disable_adds=0
08-15 15:38:41.014 30414 30619 I DFInstaObserve: !toggles +blocked disable_feed=0 disable_explore=0 disable_reels=1 disable_stories=0 disable_adds=0
08-15 15:38:41.051 30414 30619 I DFInstaObserve: !toggles +blocked disable_feed=0 disable_explore=0 disable_reels=1 disable_stories=0 disable_adds=0
08-15 15:38:41.112 30414 30740 I DFInstaObserve: !toggles +blocked disable_feed=0 disable_explore=0 disable_reels=1 disable_stories=0 disable_adds=0
08-15 15:38:41.133 30414 30562 I DFInstaObserve: !toggles +blocked disable_feed=0 disable_explore=0 disable_reels=1 disable_stories=0 disable_adds=0
08-15 15:38:41.180 30414 30740 I DFInstaObserve: !toggles +blocked disable_feed=0 disable_explore=0 disable_reels=1 disable_stories=0 disable_adds=0
08-15 15:38:41.400 30414 30619 I DFInstaObserve: !toggles +blocked disable_feed=0 disable_explore=0 disable_reels=1 disable_stories=0 disable_adds=0
08-15 15:38:41.442 30414 30619 I DFInstaObserve: !toggles +blocked disable_feed=0 disable_explore=0 disable_reels=1 disable_stories=0 disable_adds=0
08-15 15:38:41.456 30414 30562 I DFInstaObserve: !toggles +blocked disable_feed=0 disable_explore=0 disable_reels=1 disable_stories=0 disable_adds=0
08-15 15:38:41.525 30414 30577 I DFInstaObserve: !toggles +blocked disable_feed=0 disable_explore=0 disable_reels=1 disable_stories=0 disable_adds=0
08-15 15:38:41.709 30414 30732 I DFInstaObserve: !toggles +blocked disable_feed=0 disable_explore=0 disable_reels=1 disable_stories=0 disable_adds=0
08-15 15:38:41.830 30414 30659 I DFInstaObserve: !toggles +blocked disable_feed=0 disable_explore=0 disable_reels=1 disable_stories=0 disable_adds=0
08-15 15:38:41.914 30414 30659 I DFInstaObserve: !toggles +blocked disable_feed=0 disable_explore=0 disable_reels=1 disable_stories=0 disable_adds=0
08-15 15:38:42.258 30414 30765 I DFInstaObserve: !toggles +blocked disable_feed=0 disable_explore=0 disable_reels=1 disable_stories=0 disable_adds=0
08-15 15:38:42.258 30414 30765 I DFInstaObserve: /discover/topical_explore
08-15 15:38:43.271 30414 30757 I DFInstaObserve: !toggles +blocked disable_feed=0 disable_explore=0 disable_reels=1 disable_stories=0 disable_adds=0
08-15 15:38:43.361 30414 30744 I DFInstaObserve: !toggles +blocked disable_feed=0 disable_explore=0 disable_reels=1 disable_stories=0 disable_adds=0
08-15 15:38:43.660 30414 30559 I DFInstaObserve: !toggles +blocked disable_feed=0 disable_explore=0 disable_reels=1 disable_stories=0 disable_adds=0
08-15 15:38:43.729 30414 30744 I DFInstaObserve: !toggles +blocked disable_feed=0 disable_explore=0 disable_reels=1 disable_stories=0 disable_adds=0
08-15 15:38:43.882 30414 30805 I DFInstaObserve: !toggles +blocked disable_feed=0 disable_explore=0 disable_reels=1 disable_stories=0 disable_adds=0
08-15 15:38:44.202 30414 30793 I DFInstaObserve: !toggles +blocked disable_feed=0 disable_explore=0 disable_reels=1 disable_stories=0 disable_adds=0
08-15 15:38:44.242 30414 30806 I DFInstaObserve: !toggles +blocked disable_feed=0 disable_explore=0 disable_reels=1 disable_stories=0 disable_adds=0
08-15 15:38:46.209 30414 30732 I DFInstaObserve: !toggles +blocked disable_feed=0 disable_explore=0 disable_reels=1 disable_stories=0 disable_adds=0
08-15 15:38:47.018 30414 30458 I DFInstaObserve: !toggles +blocked disable_feed=0 disable_explore=0 disable_reels=1 disable_stories=0 disable_adds=0
08-15 15:38:47.024 30414 30458 I DFInstaObserve: !toggles +blocked disable_feed=0 disable_explore=0 disable_reels=1 disable_stories=0 disable_adds=0
08-15 15:38:47.066 30414 30755 I DFInstaObserve: !toggles +blocked disable_feed=0 disable_explore=0 disable_reels=1 disable_stories=0 disable_adds=0
08-15 15:38:47.095 30414 30765 I DFInstaObserve: !toggles +blocked disable_feed=0 disable_explore=0 disable_reels=1 disable_stories=0 disable_adds=0
08-15 15:38:47.148 30414 30804 I DFInstaObserve: !toggles +blocked disable_feed=0 disable_explore=0 disable_reels=1 disable_stories=0 disable_adds=0
08-15 15:38:47.201 30414 30619 I DFInstaObserve: !toggles +blocked disable_feed=0 disable_explore=0 disable_reels=1 disable_stories=0 disable_adds=0
08-15 15:38:47.208 30414 30755 I DFInstaObserve: !toggles +blocked disable_feed=0 disable_explore=0 disable_reels=1 disable_stories=0 disable_adds=0
08-15 15:38:47.237 30414 30765 I DFInstaObserve: !toggles +blocked disable_feed=0 disable_explore=0 disable_reels=1 disable_stories=0 disable_adds=0
08-15 15:38:47.289 30414 30619 I DFInstaObserve: !toggles +blocked disable_feed=0 disable_explore=0 disable_reels=1 disable_stories=0 disable_adds=0
08-15 15:38:47.326 30414 30755 I DFInstaObserve: !toggles +blocked disable_feed=0 disable_explore=0 disable_reels=1 disable_stories=0 disable_adds=0
08-15 15:38:47.388 30414 30619 I DFInstaObserve: !toggles +blocked disable_feed=0 disable_explore=0 disable_reels=1 disable_stories=0 disable_adds=0
08-15 15:38:47.395 30414 30801 I DFInstaObserve: !toggles +blocked disable_feed=0 disable_explore=0 disable_reels=1 disable_stories=0 disable_adds=0
08-15 15:38:47.423 30414 30804 I DFInstaObserve: !toggles +blocked disable_feed=0 disable_explore=0 disable_reels=1 disable_stories=0 disable_adds=0
08-15 15:38:47.446 30414 30619 I DFInstaObserve: !toggles +blocked disable_feed=0 disable_explore=0 disable_reels=1 disable_stories=0 disable_adds=0
08-15 15:38:47.483 30414 30619 I DFInstaObserve: !toggles +blocked disable_feed=0 disable_explore=0 disable_reels=1 disable_stories=0 disable_adds=0
08-15 15:38:47.491 30414 30804 I DFInstaObserve: !toggles +blocked disable_feed=0 disable_explore=0 disable_reels=1 disable_stories=0 disable_adds=0
08-15 15:38:47.520 30414 30765 I DFInstaObserve: !toggles +blocked disable_feed=0 disable_explore=0 disable_reels=1 disable_stories=0 disable_adds=0
08-15 15:38:47.589 30414 30765 I DFInstaObserve: !toggles +blocked disable_feed=0 disable_explore=0 disable_reels=1 disable_stories=0 disable_adds=0
08-15 15:38:47.613 30414 30797 I DFInstaObserve: !toggles +blocked disable_feed=0 disable_explore=0 disable_reels=1 disable_stories=0 disable_adds=0
08-15 15:38:47.667 30414 30797 I DFInstaObserve: !toggles +blocked disable_feed=0 disable_explore=0 disable_reels=1 disable_stories=0 disable_adds=0
08-15 15:38:47.743 30414 30559 I DFInstaObserve: !toggles +blocked disable_feed=0 disable_explore=0 disable_reels=1 disable_stories=0 disable_adds=0
08-15 15:38:47.798 30414 30619 I DFInstaObserve: !toggles +blocked disable_feed=0 disable_explore=0 disable_reels=1 disable_stories=0 disable_adds=0
08-15 15:38:47.844 30414 30619 I DFInstaObserve: !toggles +blocked disable_feed=0 disable_explore=0 disable_reels=1 disable_stories=0 disable_adds=0
08-15 15:38:47.905 30414 30619 I DFInstaObserve: !toggles +blocked disable_feed=0 disable_explore=0 disable_reels=1 disable_stories=0 disable_adds=0
08-15 15:38:47.949 30414 30619 I DFInstaObserve: !toggles +blocked disable_feed=0 disable_explore=0 disable_reels=1 disable_stories=0 disable_adds=0
08-15 15:38:48.127 30414 30619 I DFInstaObserve: !toggles +blocked disable_feed=0 disable_explore=0 disable_reels=1 disable_stories=0 disable_adds=0
08-15 15:38:48.160 30414 30619 I DFInstaObserve: !toggles +blocked disable_feed=0 disable_explore=0 disable_reels=1 disable_stories=0 disable_adds=0
08-15 15:38:48.189 30414 30619 I DFInstaObserve: !toggles +blocked disable_feed=0 disable_explore=0 disable_reels=1 disable_stories=0 disable_adds=0
08-15 15:38:49.017 30414 30565 I DFInstaObserve: !toggles +blocked disable_feed=0 disable_explore=0 disable_reels=1 disable_stories=0 disable_adds=0
08-15 15:38:49.026 30414 30803 I DFInstaObserve: !toggles +blocked disable_feed=0 disable_explore=0 disable_reels=1 disable_stories=0 disable_adds=0
08-15 15:38:49.183 30414 30801 I DFInstaObserve: !toggles +blocked disable_feed=0 disable_explore=0 disable_reels=1 disable_stories=0 disable_adds=0
08-15 15:38:49.277 30414 30827 I DFInstaObserve: !toggles +blocked disable_feed=0 disable_explore=0 disable_reels=1 disable_stories=0 disable_adds=0
08-15 15:38:49.676 30414 30659 I DFInstaObserve: !toggles +blocked disable_feed=0 disable_explore=0 disable_reels=1 disable_stories=0 disable_adds=0
08-15 15:38:50.168 30414 30659 I DFInstaObserve: !toggles +blocked disable_feed=0 disable_explore=0 disable_reels=1 disable_stories=0 disable_adds=0
08-15 15:38:53.621 30414 30898 I DFInstaObserve: !toggles +blocked disable_feed=0 disable_explore=0 disable_reels=1 disable_stories=0 disable_adds=0
08-15 15:38:53.621 30414 30898 I DFInstaObserve: /feed/timeline/
08-15 15:38:53.623 30414 30565 I DFInstaObserve: !toggles +blocked disable_feed=0 disable_explore=0 disable_reels=1 disable_stories=0 disable_adds=0
08-15 15:38:53.623 30414 30565 I DFInstaObserve: /feed/reels_tray/
08-15 15:38:54.769 30414 30458 I DFInstaObserve: !toggles +blocked disable_feed=0 disable_explore=0 disable_reels=1 disable_stories=0 disable_adds=0
08-15 15:38:54.839 30414 30807 I DFInstaObserve: !toggles +blocked disable_feed=0 disable_explore=0 disable_reels=1 disable_stories=0 disable_adds=0
08-15 15:38:55.541 30414 30458 I DFInstaObserve: !toggles +blocked disable_feed=0 disable_explore=0 disable_reels=1 disable_stories=0 disable_adds=0
08-15 15:38:55.838 30414 30898 I DFInstaObserve: !toggles +blocked disable_feed=0 disable_explore=0 disable_reels=1 disable_stories=0 disable_adds=0
08-15 15:38:55.838 30414 30898 I DFInstaObserve: /feed/timeline/
08-15 15:38:56.958 30414 30918 I DFInstaObserve: !toggles +blocked disable_feed=0 disable_explore=0 disable_reels=1 disable_stories=0 disable_adds=0
08-15 15:38:57.008 30414 30918 I DFInstaObserve: !toggles +blocked disable_feed=0 disable_explore=0 disable_reels=1 disable_stories=0 disable_adds=0
08-15 15:38:58.773 30414 30458 I DFInstaObserve: !toggles +blocked disable_feed=0 disable_explore=0 disable_reels=1 disable_stories=0 disable_adds=0
08-15 15:38:58.780 30414 30458 I DFInstaObserve: !toggles +blocked disable_feed=0 disable_explore=0 disable_reels=1 disable_stories=0 disable_adds=0
08-15 15:38:58.913 30414 30659 I DFInstaObserve: !toggles +blocked disable_feed=0 disable_explore=0 disable_reels=1 disable_stories=0 disable_adds=0
08-15 15:38:59.006 30414 30619 I DFInstaObserve: !toggles +blocked disable_feed=0 disable_explore=0 disable_reels=1 disable_stories=0 disable_adds=0
08-15 15:38:59.038 30414 30619 I DFInstaObserve: !toggles +blocked disable_feed=0 disable_explore=0 disable_reels=1 disable_stories=0 disable_adds=0
08-15 15:38:59.074 30414 30619 I DFInstaObserve: !toggles +blocked disable_feed=0 disable_explore=0 disable_reels=1 disable_stories=0 disable_adds=0
08-15 15:38:59.187 30414 30565 I DFInstaObserve: !toggles +blocked disable_feed=0 disable_explore=0 disable_reels=1 disable_stories=0 disable_adds=0
08-15 15:38:59.232 30414 30619 I DFInstaObserve: !toggles +blocked disable_feed=0 disable_explore=0 disable_reels=1 disable_stories=0 disable_adds=0
08-15 15:38:59.271 30414 30619 I DFInstaObserve: !toggles +blocked disable_feed=0 disable_explore=0 disable_reels=1 disable_stories=0 disable_adds=0
08-15 15:38:59.310 30414 30619 I DFInstaObserve: !toggles +blocked disable_feed=0 disable_explore=0 disable_reels=1 disable_stories=0 disable_adds=0
08-15 15:38:59.411 30414 30910 I DFInstaObserve: !toggles +blocked disable_feed=0 disable_explore=0 disable_reels=1 disable_stories=0 disable_adds=0
08-15 15:38:59.462 30414 30918 I DFInstaObserve: !toggles +blocked disable_feed=0 disable_explore=0 disable_reels=1 disable_stories=0 disable_adds=0
08-15 15:38:59.486 30414 30925 I DFInstaObserve: !toggles +blocked disable_feed=0 disable_explore=0 disable_reels=1 disable_stories=0 disable_adds=0
08-15 15:38:59.734 30414 30925 I DFInstaObserve: !toggles +blocked disable_feed=0 disable_explore=0 disable_reels=1 disable_stories=0 disable_adds=0
08-15 15:38:59.858 30414 30565 I DFInstaObserve: !toggles +blocked disable_feed=0 disable_explore=0 disable_reels=1 disable_stories=0 disable_adds=0
08-15 15:39:01.748 30414 30939 I DFInstaObserve: !toggles +blocked disable_feed=0 disable_explore=0 disable_reels=1 disable_stories=0 disable_adds=0
08-15 15:39:01.748 30414 30939 I DFInstaObserve: /feed/timeline/
08-15 15:39:01.753 30414 30902 I DFInstaObserve: !toggles +blocked disable_feed=0 disable_explore=0 disable_reels=1 disable_stories=0 disable_adds=0
08-15 15:39:01.753 30414 30902 I DFInstaObserve: /feed/reels_tray/
08-15 15:39:02.590 30414 30458 I DFInstaObserve: !toggles +blocked disable_feed=0 disable_explore=0 disable_reels=1 disable_stories=0 disable_adds=0
08-15 15:39:02.613 30414 30458 I DFInstaObserve: !toggles +blocked disable_feed=0 disable_explore=0 disable_reels=1 disable_stories=0 disable_adds=0
08-15 15:39:03.362 30414 30458 I DFInstaObserve: !toggles +blocked disable_feed=0 disable_explore=0 disable_reels=1 disable_stories=0 disable_adds=0
08-15 15:39:03.643 30414 30937 I DFInstaObserve: !toggles +blocked disable_feed=0 disable_explore=0 disable_reels=1 disable_stories=0 disable_adds=0
08-15 15:39:03.643 30414 30937 I DFInstaObserve: /feed/timeline/
08-15 15:39:06.754 30414 30807 I DFInstaObserve: !toggles +blocked disable_feed=0 disable_explore=0 disable_reels=1 disable_stories=0 disable_adds=0
08-15 15:39:06.763 30414 30807 I DFInstaObserve: !toggles +blocked disable_feed=0 disable_explore=0 disable_reels=1 disable_stories=0 disable_adds=0
08-15 15:39:06.889 30414 30659 I DFInstaObserve: !toggles +blocked disable_feed=0 disable_explore=0 disable_reels=1 disable_stories=0 disable_adds=0
08-15 15:39:06.897 30414 30937 I DFInstaObserve: !toggles +blocked disable_feed=0 disable_explore=0 disable_reels=1 disable_stories=0 disable_adds=0
08-15 15:39:06.904 30414 30619 I DFInstaObserve: !toggles +blocked disable_feed=0 disable_explore=0 disable_reels=1 disable_stories=0 disable_adds=0
08-15 15:39:06.976 30414 30963 I DFInstaObserve: !toggles +blocked disable_feed=0 disable_explore=0 disable_reels=1 disable_stories=0 disable_adds=0
08-15 15:39:07.079 30414 30619 I DFInstaObserve: !toggles +blocked disable_feed=0 disable_explore=0 disable_reels=1 disable_stories=0 disable_adds=0
08-15 15:39:07.105 30414 30895 I DFInstaObserve: !toggles +blocked disable_feed=0 disable_explore=0 disable_reels=1 disable_stories=0 disable_adds=0
08-15 15:39:07.111 30414 30619 I DFInstaObserve: !toggles +blocked disable_feed=0 disable_explore=0 disable_reels=1 disable_stories=0 disable_adds=0
08-15 15:39:07.248 30414 30619 I DFInstaObserve: !toggles +blocked disable_feed=0 disable_explore=0 disable_reels=1 disable_stories=0 disable_adds=0
08-15 15:39:07.282 30414 30619 I DFInstaObserve: !toggles +blocked disable_feed=0 disable_explore=0 disable_reels=1 disable_stories=0 disable_adds=0
08-15 15:39:07.309 30414 30619 I DFInstaObserve: !toggles +blocked disable_feed=0 disable_explore=0 disable_reels=1 disable_stories=0 disable_adds=0
08-15 15:39:07.336 30414 30619 I DFInstaObserve: !toggles +blocked disable_feed=0 disable_explore=0 disable_reels=1 disable_stories=0 disable_adds=0
08-15 15:39:07.550 30414 30619 I DFInstaObserve: !toggles +blocked disable_feed=0 disable_explore=0 disable_reels=1 disable_stories=0 disable_adds=0
08-15 15:39:13.383 30414 30458 I DFInstaObserve: !toggles +blocked disable_feed=0 disable_explore=0 disable_reels=1 disable_stories=0 disable_adds=0
08-15 15:39:16.706 30414 30458 I DFInstaObserve: !toggles +blocked disable_feed=0 disable_explore=0 disable_reels=1 disable_stories=0 disable_adds=0
08-15 15:39:16.784 30414 31010 I DFInstaObserve: !toggles +blocked disable_feed=0 disable_explore=0 disable_reels=1 disable_stories=0 disable_adds=0
08-15 15:39:20.049 30414 30807 I DFInstaObserve: !toggles +blocked disable_feed=0 disable_explore=0 disable_reels=1 disable_stories=0 disable_adds=0
08-15 15:39:20.052 30414 30458 I DFInstaObserve: !toggles +blocked disable_feed=0 disable_explore=0 disable_reels=1 disable_stories=0 disable_adds=0
08-15 15:39:22.022 30414 31009 I DFInstaObserve: !toggles +blocked disable_feed=0 disable_explore=0 disable_reels=1 disable_stories=0 disable_adds=0
08-15 15:39:23.391 30414 31065 I DFInstaObserve: !toggles +blocked disable_feed=0 disable_explore=0 disable_reels=1 disable_stories=0 disable_adds=0
08-15 15:39:25.477 30414 31039 I DFInstaObserve: !toggles +blocked disable_feed=0 disable_explore=0 disable_reels=1 disable_stories=0 disable_adds=0
08-15 15:39:26.716 30414 30807 I DFInstaObserve: !toggles +blocked disable_feed=0 disable_explore=0 disable_reels=1 disable_stories=0 disable_adds=0
08-15 15:39:30.266 30414 31122 I DFInstaObserve: !toggles +blocked disable_feed=0 disable_explore=0 disable_reels=1 disable_stories=0 disable_adds=0
08-15 15:39:30.805 30414 30458 I DFInstaObserve: !toggles +blocked disable_feed=0 disable_explore=0 disable_reels=1 disable_stories=0 disable_adds=0
08-15 15:39:32.260 30414 31090 I DFInstaObserve: !toggles +blocked disable_feed=0 disable_explore=0 disable_reels=1 disable_stories=0 disable_adds=0
08-15 15:39:33.124 30414 31018 I DFInstaObserve: !toggles +blocked disable_feed=0 disable_explore=0 disable_reels=1 disable_stories=0 disable_adds=0
08-15 15:39:33.213 30414 31138 I DFInstaObserve: !toggles +blocked disable_feed=0 disable_explore=0 disable_reels=1 disable_stories=0 disable_adds=0
08-15 15:39:33.466 30414 31155 I DFInstaObserve: !toggles +blocked disable_feed=0 disable_explore=0 disable_reels=1 disable_stories=0 disable_adds=0
08-15 15:39:33.852 30414 30807 I DFInstaObserve: !toggles +blocked disable_feed=0 disable_explore=0 disable_reels=1 disable_stories=0 disable_adds=0
08-15 15:39:33.858 30414 30458 I DFInstaObserve: !toggles +blocked disable_feed=0 disable_explore=0 disable_reels=1 disable_stories=0 disable_adds=0
08-15 15:39:33.917 30414 30619 I DFInstaObserve: !toggles +blocked disable_feed=0 disable_explore=0 disable_reels=1 disable_stories=0 disable_adds=0
08-15 15:39:33.919 30414 31018 I DFInstaObserve: !toggles +blocked disable_feed=0 disable_explore=0 disable_reels=1 disable_stories=0 disable_adds=0
08-15 15:39:33.967 30414 30619 I DFInstaObserve: !toggles +blocked disable_feed=0 disable_explore=0 disable_reels=1 disable_stories=0 disable_adds=0
08-15 15:39:33.967 30414 31018 I DFInstaObserve: !toggles +blocked disable_feed=0 disable_explore=0 disable_reels=1 disable_stories=0 disable_adds=0
08-15 15:39:34.003 30414 31209 I DFInstaObserve: !toggles +blocked disable_feed=0 disable_explore=0 disable_reels=1 disable_stories=0 disable_adds=0
08-15 15:39:34.027 30414 30619 I DFInstaObserve: !toggles +blocked disable_feed=0 disable_explore=0 disable_reels=1 disable_stories=0 disable_adds=0
08-15 15:39:34.063 30414 30619 I DFInstaObserve: !toggles +blocked disable_feed=0 disable_explore=0 disable_reels=1 disable_stories=0 disable_adds=0
08-15 15:39:34.093 30414 31018 I DFInstaObserve: !toggles +blocked disable_feed=0 disable_explore=0 disable_reels=1 disable_stories=0 disable_adds=0
08-15 15:39:34.135 30414 31209 I DFInstaObserve: !toggles +blocked disable_feed=0 disable_explore=0 disable_reels=1 disable_stories=0 disable_adds=0
08-15 15:39:34.184 30414 30619 I DFInstaObserve: !toggles +blocked disable_feed=0 disable_explore=0 disable_reels=1 disable_stories=0 disable_adds=0
08-15 15:39:34.240 30414 30659 I DFInstaObserve: !toggles +blocked disable_feed=0 disable_explore=0 disable_reels=1 disable_stories=0 disable_adds=0
08-15 15:39:34.321 30414 30659 I DFInstaObserve: !toggles +blocked disable_feed=0 disable_explore=0 disable_reels=1 disable_stories=0 disable_adds=0
08-15 15:39:35.506 30414 31154 I DFInstaObserve: !toggles +blocked disable_feed=0 disable_explore=0 disable_reels=1 disable_stories=0 disable_adds=0
08-15 15:39:35.541 30414 31155 I DFInstaObserve: !toggles +blocked disable_feed=0 disable_explore=0 disable_reels=1 disable_stories=0 disable_adds=0
08-15 15:39:38.051 30414 31155 I DFInstaObserve: !toggles +blocked disable_feed=0 disable_explore=0 disable_reels=1 disable_stories=0 disable_adds=0
08-15 15:39:41.177 30414 31239 I DFInstaObserve: !toggles +blocked disable_feed=0 disable_explore=0 disable_reels=1 disable_stories=0 disable_adds=0
08-15 15:39:41.177 30414 31239 I DFInstaObserve: /discover/topical_explore
08-15 15:39:43.549 30414 30458 I DFInstaObserve: !toggles +blocked disable_feed=0 disable_explore=0 disable_reels=1 disable_stories=0 disable_adds=0
08-15 15:39:43.556 30414 30458 I DFInstaObserve: !toggles +blocked disable_feed=0 disable_explore=0 disable_reels=1 disable_stories=0 disable_adds=0
08-15 15:39:43.561 30414 30458 I DFInstaObserve: !toggles +blocked disable_feed=0 disable_explore=0 disable_reels=1 disable_stories=0 disable_adds=0
08-15 15:39:43.653 30414 31258 I DFInstaObserve: !toggles +blocked disable_feed=0 disable_explore=0 disable_reels=1 disable_stories=0 disable_adds=0
08-15 15:39:43.744 30414 31264 I DFInstaObserve: !toggles +blocked disable_feed=0 disable_explore=0 disable_reels=1 disable_stories=0 disable_adds=0
08-15 15:39:43.749 30414 30458 I DFInstaObserve: !toggles +blocked disable_feed=0 disable_explore=0 disable_reels=1 disable_stories=0 disable_adds=0
08-15 15:39:43.756 30414 30807 I DFInstaObserve: !toggles +blocked disable_feed=0 disable_explore=0 disable_reels=1 disable_stories=0 disable_adds=0
08-15 15:39:43.789 30414 30619 I DFInstaObserve: !toggles +blocked disable_feed=0 disable_explore=0 disable_reels=1 disable_stories=0 disable_adds=0
08-15 15:39:43.823 30414 31239 I DFInstaObserve: !toggles +blocked disable_feed=0 disable_explore=0 disable_reels=1 disable_stories=0 disable_adds=0
08-15 15:39:43.875 30414 31138 I DFInstaObserve: !toggles +blocked disable_feed=0 disable_explore=0 disable_reels=1 disable_stories=0 disable_adds=0
08-15 15:39:43.953 30414 31239 I DFInstaObserve: !toggles +blocked disable_feed=0 disable_explore=0 disable_reels=1 disable_stories=0 disable_adds=0
08-15 15:39:43.976 30414 31234 I DFInstaObserve: !toggles +blocked disable_feed=0 disable_explore=0 disable_reels=1 disable_stories=0 disable_adds=0
08-15 15:39:43.979 30414 30619 I DFInstaObserve: !toggles +blocked disable_feed=0 disable_explore=0 disable_reels=1 disable_stories=0 disable_adds=0
08-15 15:39:44.015 30414 31130 I DFInstaObserve: !toggles +blocked disable_feed=0 disable_explore=0 disable_reels=1 disable_stories=0 disable_adds=0
08-15 15:39:44.035 30414 30619 I DFInstaObserve: !toggles +blocked disable_feed=0 disable_explore=0 disable_reels=1 disable_stories=0 disable_adds=0
08-15 15:39:44.068 30414 31239 I DFInstaObserve: !toggles +blocked disable_feed=0 disable_explore=0 disable_reels=1 disable_stories=0 disable_adds=0
08-15 15:39:44.109 30414 31231 I DFInstaObserve: !toggles +blocked disable_feed=0 disable_explore=0 disable_reels=1 disable_stories=0 disable_adds=0
08-15 15:39:44.150 30414 31231 I DFInstaObserve: !toggles +blocked disable_feed=0 disable_explore=0 disable_reels=1 disable_stories=0 disable_adds=0
08-15 15:39:44.188 30414 31138 I DFInstaObserve: !toggles +blocked disable_feed=0 disable_explore=0 disable_reels=1 disable_stories=0 disable_adds=0
08-15 15:39:44.223 30414 31239 I DFInstaObserve: !toggles +blocked disable_feed=0 disable_explore=0 disable_reels=1 disable_stories=0 disable_adds=0
08-15 15:39:44.255 30414 31231 I DFInstaObserve: !toggles +blocked disable_feed=0 disable_explore=0 disable_reels=1 disable_stories=0 disable_adds=0
08-15 15:39:44.304 30414 31239 I DFInstaObserve: !toggles +blocked disable_feed=0 disable_explore=0 disable_reels=1 disable_stories=0 disable_adds=0
08-15 15:39:44.332 30414 31234 I DFInstaObserve: !toggles +blocked disable_feed=0 disable_explore=0 disable_reels=1 disable_stories=0 disable_adds=0
08-15 15:39:44.493 30414 31132 I DFInstaObserve: !toggles +blocked disable_feed=0 disable_explore=0 disable_reels=1 disable_stories=0 disable_adds=0
08-15 15:39:44.493 30414 31132 I DFInstaObserve: /discover/topical_explore
08-15 15:39:44.840 30414 30619 I DFInstaObserve: !toggles +blocked disable_feed=0 disable_explore=0 disable_reels=1 disable_stories=0 disable_adds=0
08-15 15:39:44.900 30414 30619 I DFInstaObserve: !toggles +blocked disable_feed=0 disable_explore=0 disable_reels=1 disable_stories=0 disable_adds=0
08-15 15:39:44.956 30414 31302 I DFInstaObserve: !toggles +blocked disable_feed=0 disable_explore=0 disable_reels=1 disable_stories=0 disable_adds=0
08-15 15:39:44.979 30414 30619 I DFInstaObserve: !toggles +blocked disable_feed=0 disable_explore=0 disable_reels=1 disable_stories=0 disable_adds=0
08-15 15:39:45.090 30414 30619 I DFInstaObserve: !toggles +blocked disable_feed=0 disable_explore=0 disable_reels=1 disable_stories=0 disable_adds=0
08-15 15:39:45.222 30414 30619 I DFInstaObserve: !toggles +blocked disable_feed=0 disable_explore=0 disable_reels=1 disable_stories=0 disable_adds=0
08-15 15:39:47.236 30414 31302 I DFInstaObserve: !toggles +blocked disable_feed=0 disable_explore=0 disable_reels=1 disable_stories=0 disable_adds=0
08-15 15:39:47.239 30414 30458 I DFInstaObserve: !toggles +blocked disable_feed=0 disable_explore=0 disable_reels=1 disable_stories=0 disable_adds=0
08-15 15:39:47.244 30414 30807 I DFInstaObserve: !toggles +blocked disable_feed=0 disable_explore=0 disable_reels=1 disable_stories=0 disable_adds=0
08-15 15:39:47.264 30414 30619 I DFInstaObserve: !toggles +blocked disable_feed=0 disable_explore=0 disable_reels=1 disable_stories=0 disable_adds=0
08-15 15:39:47.296 30414 31313 I DFInstaObserve: !toggles +blocked disable_feed=0 disable_explore=0 disable_reels=1 disable_stories=0 disable_adds=0
08-15 15:39:47.340 30414 31308 I DFInstaObserve: !toggles +blocked disable_feed=0 disable_explore=0 disable_reels=1 disable_stories=0 disable_adds=0
08-15 15:39:47.368 30414 31317 I DFInstaObserve: !toggles +blocked disable_feed=0 disable_explore=0 disable_reels=1 disable_stories=0 disable_adds=0
08-15 15:39:47.428 30414 31279 I DFInstaObserve: !toggles +blocked disable_feed=0 disable_explore=0 disable_reels=1 disable_stories=0 disable_adds=0
08-15 15:39:47.465 30414 30619 I DFInstaObserve: !toggles +blocked disable_feed=0 disable_explore=0 disable_reels=1 disable_stories=0 disable_adds=0
08-15 15:39:47.507 30414 31315 I DFInstaObserve: !toggles +blocked disable_feed=0 disable_explore=0 disable_reels=1 disable_stories=0 disable_adds=0
08-15 15:39:47.541 30414 30619 I DFInstaObserve: !toggles +blocked disable_feed=0 disable_explore=0 disable_reels=1 disable_stories=0 disable_adds=0
08-15 15:39:47.551 30414 31273 I DFInstaObserve: !toggles +blocked disable_feed=0 disable_explore=0 disable_reels=1 disable_stories=0 disable_adds=0
08-15 15:39:47.631 30414 31313 I DFInstaObserve: !toggles +blocked disable_feed=0 disable_explore=0 disable_reels=1 disable_stories=0 disable_adds=0
08-15 15:39:47.655 30414 31279 I DFInstaObserve: !toggles +blocked disable_feed=0 disable_explore=0 disable_reels=1 disable_stories=0 disable_adds=0
08-15 15:39:47.659 30414 30619 I DFInstaObserve: !toggles +blocked disable_feed=0 disable_explore=0 disable_reels=1 disable_stories=0 disable_adds=0
08-15 15:39:47.684 30414 30619 I DFInstaObserve: !toggles +blocked disable_feed=0 disable_explore=0 disable_reels=1 disable_stories=0 disable_adds=0
08-15 15:39:47.695 30414 31279 I DFInstaObserve: !toggles +blocked disable_feed=0 disable_explore=0 disable_reels=1 disable_stories=0 disable_adds=0
08-15 15:39:47.733 30414 31273 I DFInstaObserve: !toggles +blocked disable_feed=0 disable_explore=0 disable_reels=1 disable_stories=0 disable_adds=0
08-15 15:39:47.787 30414 30619 I DFInstaObserve: !toggles +blocked disable_feed=0 disable_explore=0 disable_reels=1 disable_stories=0 disable_adds=0
08-15 15:39:47.799 30414 31318 I DFInstaObserve: !toggles +blocked disable_feed=0 disable_explore=0 disable_reels=1 disable_stories=0 disable_adds=0
08-15 15:39:47.825 30414 31325 I DFInstaObserve: !toggles +blocked disable_feed=0 disable_explore=0 disable_reels=1 disable_stories=0 disable_adds=0
08-15 15:39:47.825 30414 31325 I DFInstaObserve: /discover/topical_explore
08-15 15:39:47.834 30414 31279 I DFInstaObserve: !toggles +blocked disable_feed=0 disable_explore=0 disable_reels=1 disable_stories=0 disable_adds=0
08-15 15:39:47.869 30414 31273 I DFInstaObserve: !toggles +blocked disable_feed=0 disable_explore=0 disable_reels=1 disable_stories=0 disable_adds=0
08-15 15:39:47.907 30414 31326 I DFInstaObserve: !toggles +blocked disable_feed=0 disable_explore=0 disable_reels=1 disable_stories=0 disable_adds=0
08-15 15:39:47.944 30414 31319 I DFInstaObserve: !toggles +blocked disable_feed=0 disable_explore=0 disable_reels=1 disable_stories=0 disable_adds=0
08-15 15:39:48.040 30414 31273 I DFInstaObserve: !toggles +blocked disable_feed=0 disable_explore=0 disable_reels=1 disable_stories=0 disable_adds=0
08-15 15:39:48.104 30414 31318 I DFInstaObserve: !toggles +blocked disable_feed=0 disable_explore=0 disable_reels=1 disable_stories=0 disable_adds=0
08-15 15:39:50.250 30414 31335 I DFInstaObserve: !toggles +blocked disable_feed=0 disable_explore=0 disable_reels=1 disable_stories=0 disable_adds=0
08-15 15:39:50.280 30414 31335 I DFInstaObserve: !toggles +blocked disable_feed=0 disable_explore=0 disable_reels=1 disable_stories=0 disable_adds=0
08-15 15:39:50.473 30414 31341 I DFInstaObserve: !toggles +blocked disable_feed=0 disable_explore=0 disable_reels=1 disable_stories=0 disable_adds=0
08-15 15:39:51.178 30414 31273 I DFInstaObserve: !toggles +blocked disable_feed=0 disable_explore=0 disable_reels=1 disable_stories=0 disable_adds=0
08-15 15:39:51.178 30414 31273 I DFInstaObserve: /discover/topical_explore
08-15 15:39:51.363 30414 30807 I DFInstaObserve: !toggles +blocked disable_feed=0 disable_explore=0 disable_reels=1 disable_stories=0 disable_adds=0
08-15 15:39:51.373 30414 30807 I DFInstaObserve: !toggles +blocked disable_feed=0 disable_explore=0 disable_reels=1 disable_stories=0 disable_adds=0
08-15 15:39:51.395 30414 30807 I DFInstaObserve: !toggles +blocked disable_feed=0 disable_explore=0 disable_reels=1 disable_stories=0 disable_adds=0
08-15 15:39:51.436 30414 30458 I DFInstaObserve: !toggles +blocked disable_feed=0 disable_explore=0 disable_reels=1 disable_stories=0 disable_adds=0
08-15 15:39:51.443 30414 30458 I DFInstaObserve: !toggles +blocked disable_feed=0 disable_explore=0 disable_reels=1 disable_stories=0 disable_adds=0
08-15 15:39:51.488 30414 30619 I DFInstaObserve: !toggles +blocked disable_feed=0 disable_explore=0 disable_reels=1 disable_stories=0 disable_adds=0
08-15 15:39:51.505 30414 30806 I DFInstaObserve: !toggles +blocked disable_feed=0 disable_explore=0 disable_reels=1 disable_stories=0 disable_adds=0
08-15 15:39:51.565 30414 31279 I DFInstaObserve: !toggles +blocked disable_feed=0 disable_explore=0 disable_reels=1 disable_stories=0 disable_adds=0
08-15 15:39:51.597 30414 31130 I DFInstaObserve: !toggles +blocked disable_feed=0 disable_explore=0 disable_reels=1 disable_stories=0 disable_adds=0
08-15 15:39:51.720 30414 31376 I DFInstaObserve: !toggles +blocked disable_feed=0 disable_explore=0 disable_reels=1 disable_stories=0 disable_adds=0
08-15 15:39:51.722 30414 31357 I DFInstaObserve: !toggles +blocked disable_feed=0 disable_explore=0 disable_reels=1 disable_stories=0 disable_adds=0
08-15 15:39:51.813 30414 31318 I DFInstaObserve: !toggles +blocked disable_feed=0 disable_explore=0 disable_reels=1 disable_stories=0 disable_adds=0
08-15 15:39:51.818 30414 30619 I DFInstaObserve: !toggles +blocked disable_feed=0 disable_explore=0 disable_reels=1 disable_stories=0 disable_adds=0
08-15 15:39:51.874 30414 30619 I DFInstaObserve: !toggles +blocked disable_feed=0 disable_explore=0 disable_reels=1 disable_stories=0 disable_adds=0
08-15 15:39:51.896 30414 31239 I DFInstaObserve: !toggles +blocked disable_feed=0 disable_explore=0 disable_reels=1 disable_stories=0 disable_adds=0
08-15 15:39:51.929 30414 30619 I DFInstaObserve: !toggles +blocked disable_feed=0 disable_explore=0 disable_reels=1 disable_stories=0 disable_adds=0
08-15 15:39:51.936 30414 31324 I DFInstaObserve: !toggles +blocked disable_feed=0 disable_explore=0 disable_reels=1 disable_stories=0 disable_adds=0
08-15 15:39:51.948 30414 31384 I DFInstaObserve: !toggles +blocked disable_feed=0 disable_explore=0 disable_reels=1 disable_stories=0 disable_adds=0
08-15 15:39:51.978 30414 30619 I DFInstaObserve: !toggles +blocked disable_feed=0 disable_explore=0 disable_reels=1 disable_stories=0 disable_adds=0
08-15 15:39:51.985 30414 31357 I DFInstaObserve: !toggles +blocked disable_feed=0 disable_explore=0 disable_reels=1 disable_stories=0 disable_adds=0
08-15 15:39:52.033 30414 31324 I DFInstaObserve: !toggles +blocked disable_feed=0 disable_explore=0 disable_reels=1 disable_stories=0 disable_adds=0
08-15 15:39:52.035 30414 30619 I DFInstaObserve: !toggles +blocked disable_feed=0 disable_explore=0 disable_reels=1 disable_stories=0 disable_adds=0
08-15 15:39:52.058 30414 31357 I DFInstaObserve: !toggles +blocked disable_feed=0 disable_explore=0 disable_reels=1 disable_stories=0 disable_adds=0
08-15 15:39:52.080 30414 30619 I DFInstaObserve: !toggles +blocked disable_feed=0 disable_explore=0 disable_reels=1 disable_stories=0 disable_adds=0
08-15 15:39:52.115 30414 30619 I DFInstaObserve: !toggles +blocked disable_feed=0 disable_explore=0 disable_reels=1 disable_stories=0 disable_adds=0
08-15 15:39:52.218 30414 30619 I DFInstaObserve: !toggles +blocked disable_feed=0 disable_explore=0 disable_reels=1 disable_stories=0 disable_adds=0
08-15 15:39:53.690 30414 31370 I DFInstaObserve: !toggles +blocked disable_feed=0 disable_explore=0 disable_reels=1 disable_stories=0 disable_adds=0
08-15 15:39:53.919 30414 31376 I DFInstaObserve: !toggles +blocked disable_feed=0 disable_explore=0 disable_reels=1 disable_stories=0 disable_adds=0
08-15 15:39:53.920 30414 30458 I DFInstaObserve: !toggles +blocked disable_feed=0 disable_explore=0 disable_reels=1 disable_stories=0 disable_adds=0
08-15 15:39:53.925 30414 30458 I DFInstaObserve: !toggles +blocked disable_feed=0 disable_explore=0 disable_reels=1 disable_stories=0 disable_adds=0
08-15 15:39:53.946 30414 30619 I DFInstaObserve: !toggles +blocked disable_feed=0 disable_explore=0 disable_reels=1 disable_stories=0 disable_adds=0
08-15 15:39:54.049 30414 31316 I DFInstaObserve: !toggles +blocked disable_feed=0 disable_explore=0 disable_reels=1 disable_stories=0 disable_adds=0
08-15 15:39:54.092 30414 31355 I DFInstaObserve: !toggles +blocked disable_feed=0 disable_explore=0 disable_reels=1 disable_stories=0 disable_adds=0
08-15 15:39:54.099 30414 30619 I DFInstaObserve: !toggles +blocked disable_feed=0 disable_explore=0 disable_reels=1 disable_stories=0 disable_adds=0
08-15 15:39:54.126 30414 30619 I DFInstaObserve: !toggles +blocked disable_feed=0 disable_explore=0 disable_reels=1 disable_stories=0 disable_adds=0
08-15 15:39:54.133 30414 31279 I DFInstaObserve: !toggles +blocked disable_feed=0 disable_explore=0 disable_reels=1 disable_stories=0 disable_adds=0
08-15 15:39:54.197 30414 31316 I DFInstaObserve: !toggles +blocked disable_feed=0 disable_explore=0 disable_reels=1 disable_stories=0 disable_adds=0
08-15 15:39:54.231 30414 31279 I DFInstaObserve: !toggles +blocked disable_feed=0 disable_explore=0 disable_reels=1 disable_stories=0 disable_adds=0
08-15 15:39:54.311 30414 31279 I DFInstaObserve: !toggles +blocked disable_feed=0 disable_explore=0 disable_reels=1 disable_stories=0 disable_adds=0
08-15 15:39:54.361 30414 31239 I DFInstaObserve: !toggles +blocked disable_feed=0 disable_explore=0 disable_reels=1 disable_stories=0 disable_adds=0
08-15 15:39:54.394 30414 31355 I DFInstaObserve: !toggles +blocked disable_feed=0 disable_explore=0 disable_reels=1 disable_stories=0 disable_adds=0
08-15 15:39:54.607 30414 31355 I DFInstaObserve: !toggles +blocked disable_feed=0 disable_explore=0 disable_reels=1 disable_stories=0 disable_adds=0
08-15 15:39:54.645 30414 31279 I DFInstaObserve: !toggles +blocked disable_feed=0 disable_explore=0 disable_reels=1 disable_stories=0 disable_adds=0
08-15 15:39:54.645 30414 31279 I DFInstaObserve: /discover/topical_explore
08-15 15:39:54.736 30414 31239 I DFInstaObserve: !toggles +blocked disable_feed=0 disable_explore=0 disable_reels=1 disable_stories=0 disable_adds=0
08-15 15:39:54.763 30414 30619 I DFInstaObserve: !toggles +blocked disable_feed=0 disable_explore=0 disable_reels=1 disable_stories=0 disable_adds=0
08-15 15:39:54.777 30414 31358 I DFInstaObserve: !toggles +blocked disable_feed=0 disable_explore=0 disable_reels=1 disable_stories=0 disable_adds=0
08-15 15:39:54.807 30414 30619 I DFInstaObserve: !toggles +blocked disable_feed=0 disable_explore=0 disable_reels=1 disable_stories=0 disable_adds=0
08-15 15:39:54.810 30414 31355 I DFInstaObserve: !toggles +blocked disable_feed=0 disable_explore=0 disable_reels=1 disable_stories=0 disable_adds=0
08-15 15:39:54.857 30414 31401 I DFInstaObserve: !toggles +blocked disable_feed=0 disable_explore=0 disable_reels=1 disable_stories=0 disable_adds=0
08-15 15:39:54.872 30414 30619 I DFInstaObserve: !toggles +blocked disable_feed=0 disable_explore=0 disable_reels=1 disable_stories=0 disable_adds=0
08-15 15:39:54.894 30414 31239 I DFInstaObserve: !toggles +blocked disable_feed=0 disable_explore=0 disable_reels=1 disable_stories=0 disable_adds=0
08-15 15:39:54.924 30414 30619 I DFInstaObserve: !toggles +blocked disable_feed=0 disable_explore=0 disable_reels=1 disable_stories=0 disable_adds=0
08-15 15:39:54.964 30414 31401 I DFInstaObserve: !toggles +blocked disable_feed=0 disable_explore=0 disable_reels=1 disable_stories=0 disable_adds=0
08-15 15:39:55.080 30414 31130 I DFInstaObserve: !toggles +blocked disable_feed=0 disable_explore=0 disable_reels=1 disable_stories=0 disable_adds=0
08-15 15:39:55.095 30414 30619 I DFInstaObserve: !toggles +blocked disable_feed=0 disable_explore=0 disable_reels=1 disable_stories=0 disable_adds=0
08-15 15:39:55.154 30414 30619 I DFInstaObserve: !toggles +blocked disable_feed=0 disable_explore=0 disable_reels=1 disable_stories=0 disable_adds=0
08-15 15:39:55.237 30414 30619 I DFInstaObserve: !toggles +blocked disable_feed=0 disable_explore=0 disable_reels=1 disable_stories=0 disable_adds=0
08-15 15:39:56.939 30414 31405 I DFInstaObserve: !toggles +blocked disable_feed=0 disable_explore=0 disable_reels=1 disable_stories=0 disable_adds=0
08-15 15:39:57.073 30414 31412 I DFInstaObserve: !toggles +blocked disable_feed=0 disable_explore=0 disable_reels=1 disable_stories=0 disable_adds=0
08-15 15:39:57.710 30414 30458 I DFInstaObserve: !toggles +blocked disable_feed=0 disable_explore=0 disable_reels=1 disable_stories=0 disable_adds=0
08-15 15:39:57.713 30414 30807 I DFInstaObserve: !toggles +blocked disable_feed=0 disable_explore=0 disable_reels=1 disable_stories=0 disable_adds=0
08-15 15:39:57.736 30414 30619 I DFInstaObserve: !toggles +blocked disable_feed=0 disable_explore=0 disable_reels=1 disable_stories=0 disable_adds=0
08-15 15:39:57.757 30414 31279 I DFInstaObserve: !toggles +blocked disable_feed=0 disable_explore=0 disable_reels=1 disable_stories=0 disable_adds=0
08-15 15:39:57.786 30414 31432 I DFInstaObserve: !toggles +blocked disable_feed=0 disable_explore=0 disable_reels=1 disable_stories=0 disable_adds=0
08-15 15:39:57.833 30414 31319 I DFInstaObserve: !toggles +blocked disable_feed=0 disable_explore=0 disable_reels=1 disable_stories=0 disable_adds=0
08-15 15:39:57.868 30414 31279 I DFInstaObserve: !toggles +blocked disable_feed=0 disable_explore=0 disable_reels=1 disable_stories=0 disable_adds=0
08-15 15:39:57.886 30414 30619 I DFInstaObserve: !toggles +blocked disable_feed=0 disable_explore=0 disable_reels=1 disable_stories=0 disable_adds=0
08-15 15:39:57.922 30414 30619 I DFInstaObserve: !toggles +blocked disable_feed=0 disable_explore=0 disable_reels=1 disable_stories=0 disable_adds=0
08-15 15:39:57.982 30414 31239 I DFInstaObserve: !toggles +blocked disable_feed=0 disable_explore=0 disable_reels=1 disable_stories=0 disable_adds=0
08-15 15:39:58.024 30414 30619 I DFInstaObserve: !toggles +blocked disable_feed=0 disable_explore=0 disable_reels=1 disable_stories=0 disable_adds=0
08-15 15:39:58.024 30414 31319 I DFInstaObserve: !toggles +blocked disable_feed=0 disable_explore=0 disable_reels=1 disable_stories=0 disable_adds=0
08-15 15:39:58.048 30414 31239 I DFInstaObserve: !toggles +blocked disable_feed=0 disable_explore=0 disable_reels=1 disable_stories=0 disable_adds=0
08-15 15:39:58.081 30414 30619 I DFInstaObserve: !toggles +blocked disable_feed=0 disable_explore=0 disable_reels=1 disable_stories=0 disable_adds=0
08-15 15:39:58.087 30414 31279 I DFInstaObserve: !toggles +blocked disable_feed=0 disable_explore=0 disable_reels=1 disable_stories=0 disable_adds=0
08-15 15:39:58.087 30414 31279 I DFInstaObserve: /discover/topical_explore
08-15 15:39:58.087 30414 31319 I DFInstaObserve: !toggles +blocked disable_feed=0 disable_explore=0 disable_reels=1 disable_stories=0 disable_adds=0
08-15 15:39:58.112 30414 31392 I DFInstaObserve: !toggles +blocked disable_feed=0 disable_explore=0 disable_reels=1 disable_stories=0 disable_adds=0
08-15 15:39:58.157 30414 30619 I DFInstaObserve: !toggles +blocked disable_feed=0 disable_explore=0 disable_reels=1 disable_stories=0 disable_adds=0
08-15 15:39:58.196 30414 31316 I DFInstaObserve: !toggles +blocked disable_feed=0 disable_explore=0 disable_reels=1 disable_stories=0 disable_adds=0
08-15 15:39:58.210 30414 31452 I DFInstaObserve: !toggles +blocked disable_feed=0 disable_explore=0 disable_reels=1 disable_stories=0 disable_adds=0
08-15 15:39:58.244 30414 31418 I DFInstaObserve: !toggles +blocked disable_feed=0 disable_explore=0 disable_reels=1 disable_stories=0 disable_adds=0
08-15 15:39:58.277 30414 31316 I DFInstaObserve: !toggles +blocked disable_feed=0 disable_explore=0 disable_reels=1 disable_stories=0 disable_adds=0
08-15 15:39:58.305 30414 31460 I DFInstaObserve: !toggles +blocked disable_feed=0 disable_explore=0 disable_reels=1 disable_stories=0 disable_adds=0
08-15 15:39:58.320 30414 31418 I DFInstaObserve: !toggles +blocked disable_feed=0 disable_explore=0 disable_reels=1 disable_stories=0 disable_adds=0
08-15 15:39:58.405 30414 31468 I DFInstaObserve: !toggles +blocked disable_feed=0 disable_explore=0 disable_reels=1 disable_stories=0 disable_adds=0
08-15 15:39:58.419 30414 31431 I DFInstaObserve: !toggles +blocked disable_feed=0 disable_explore=0 disable_reels=1 disable_stories=0 disable_adds=0
08-15 15:39:58.473 30414 31447 I DFInstaObserve: !toggles +blocked disable_feed=0 disable_explore=0 disable_reels=1 disable_stories=0 disable_adds=0
08-15 15:40:00.715 30414 31467 I DFInstaObserve: !toggles +blocked disable_feed=0 disable_explore=0 disable_reels=1 disable_stories=0 disable_adds=0
08-15 15:40:01.127 30414 30807 I DFInstaObserve: !toggles +blocked disable_feed=0 disable_explore=0 disable_reels=1 disable_stories=0 disable_adds=0
08-15 15:40:01.131 30414 30458 I DFInstaObserve: !toggles +blocked disable_feed=0 disable_explore=0 disable_reels=1 disable_stories=0 disable_adds=0
08-15 15:40:01.160 30414 30619 I DFInstaObserve: !toggles +blocked disable_feed=0 disable_explore=0 disable_reels=1 disable_stories=0 disable_adds=0
08-15 15:40:01.194 30414 31432 I DFInstaObserve: !toggles +blocked disable_feed=0 disable_explore=0 disable_reels=1 disable_stories=0 disable_adds=0
08-15 15:40:01.246 30414 31430 I DFInstaObserve: !toggles +blocked disable_feed=0 disable_explore=0 disable_reels=1 disable_stories=0 disable_adds=0
08-15 15:40:01.287 30414 31432 I DFInstaObserve: !toggles +blocked disable_feed=0 disable_explore=0 disable_reels=1 disable_stories=0 disable_adds=0
08-15 15:40:01.331 30414 31447 I DFInstaObserve: !toggles +blocked disable_feed=0 disable_explore=0 disable_reels=1 disable_stories=0 disable_adds=0
08-15 15:40:01.365 30414 31279 I DFInstaObserve: !toggles +blocked disable_feed=0 disable_explore=0 disable_reels=1 disable_stories=0 disable_adds=0
08-15 15:40:01.429 30414 31507 I DFInstaObserve: !toggles +blocked disable_feed=0 disable_explore=0 disable_reels=1 disable_stories=0 disable_adds=0
08-15 15:40:01.471 30414 31316 I DFInstaObserve: !toggles +blocked disable_feed=0 disable_explore=0 disable_reels=1 disable_stories=0 disable_adds=0
08-15 15:40:01.547 30414 30807 I DFInstaObserve: !toggles +blocked disable_feed=0 disable_explore=0 disable_reels=1 disable_stories=0 disable_adds=0
08-15 15:40:01.550 30414 30458 I DFInstaObserve: !toggles +blocked disable_feed=0 disable_explore=0 disable_reels=1 disable_stories=0 disable_adds=0
08-15 15:40:01.620 30414 30659 I DFInstaObserve: !toggles +blocked disable_feed=0 disable_explore=0 disable_reels=1 disable_stories=0 disable_adds=0
08-15 15:40:01.651 30414 30619 I DFInstaObserve: !toggles +blocked disable_feed=0 disable_explore=0 disable_reels=1 disable_stories=0 disable_adds=0
08-15 15:40:01.692 30414 30619 I DFInstaObserve: !toggles +blocked disable_feed=0 disable_explore=0 disable_reels=1 disable_stories=0 disable_adds=0
08-15 15:40:01.698 30414 31279 I DFInstaObserve: !toggles +blocked disable_feed=0 disable_explore=0 disable_reels=1 disable_stories=0 disable_adds=0
08-15 15:40:01.748 30414 30659 I DFInstaObserve: !toggles +blocked disable_feed=0 disable_explore=0 disable_reels=1 disable_stories=0 disable_adds=0
08-15 15:40:01.784 30414 30619 I DFInstaObserve: !toggles +blocked disable_feed=0 disable_explore=0 disable_reels=1 disable_stories=0 disable_adds=0
08-15 15:40:01.796 30414 31505 I DFInstaObserve: !toggles +blocked disable_feed=0 disable_explore=0 disable_reels=1 disable_stories=0 disable_adds=0
08-15 15:40:01.847 30414 30619 I DFInstaObserve: !toggles +blocked disable_feed=0 disable_explore=0 disable_reels=1 disable_stories=0 disable_adds=0
08-15 15:40:01.886 30414 30659 I DFInstaObserve: !toggles +blocked disable_feed=0 disable_explore=0 disable_reels=1 disable_stories=0 disable_adds=0
08-15 15:40:01.935 30414 31507 I DFInstaObserve: !toggles +blocked disable_feed=0 disable_explore=0 disable_reels=1 disable_stories=0 disable_adds=0
08-15 15:40:01.974 30414 30619 I DFInstaObserve: !toggles +blocked disable_feed=0 disable_explore=0 disable_reels=1 disable_stories=0 disable_adds=0
08-15 15:40:01.977 30414 31316 I DFInstaObserve: !toggles +blocked disable_feed=0 disable_explore=0 disable_reels=1 disable_stories=0 disable_adds=0
08-15 15:40:01.991 30414 30659 I DFInstaObserve: !toggles +blocked disable_feed=0 disable_explore=0 disable_reels=1 disable_stories=0 disable_adds=0
08-15 15:40:01.999 30414 31505 I DFInstaObserve: !toggles +blocked disable_feed=0 disable_explore=0 disable_reels=1 disable_stories=0 disable_adds=0
08-15 15:40:02.006 30414 30619 I DFInstaObserve: !toggles +blocked disable_feed=0 disable_explore=0 disable_reels=1 disable_stories=0 disable_adds=0
08-15 15:40:02.029 30414 31505 I DFInstaObserve: !toggles +blocked disable_feed=0 disable_explore=0 disable_reels=1 disable_stories=0 disable_adds=0
08-15 15:40:02.075 30414 31507 I DFInstaObserve: !toggles +blocked disable_feed=0 disable_explore=0 disable_reels=1 disable_stories=0 disable_adds=0
08-15 15:40:02.105 30414 30659 I DFInstaObserve: !toggles +blocked disable_feed=0 disable_explore=0 disable_reels=1 disable_stories=0 disable_adds=0
08-15 15:40:02.143 30414 31484 I DFInstaObserve: !toggles +blocked disable_feed=0 disable_explore=0 disable_reels=1 disable_stories=0 disable_adds=0
08-15 15:40:02.214 30414 31506 I DFInstaObserve: !toggles +blocked disable_feed=0 disable_explore=0 disable_reels=1 disable_stories=0 disable_adds=0
08-15 15:40:02.220 30414 30659 I DFInstaObserve: !toggles +blocked disable_feed=0 disable_explore=0 disable_reels=1 disable_stories=0 disable_adds=0
08-15 15:40:02.328 30414 30659 I DFInstaObserve: !toggles +blocked disable_feed=0 disable_explore=0 disable_reels=1 disable_stories=0 disable_adds=0
08-15 15:40:02.399 30414 30619 I DFInstaObserve: !toggles +blocked disable_feed=0 disable_explore=0 disable_reels=1 disable_stories=0 disable_adds=0
08-15 15:40:03.817 30414 31516 I DFInstaObserve: !toggles +blocked disable_feed=0 disable_explore=0 disable_reels=1 disable_stories=0 disable_adds=0
08-15 15:40:03.818 30414 31515 I DFInstaObserve: !toggles +blocked disable_feed=0 disable_explore=0 disable_reels=1 disable_stories=0 disable_adds=0
08-15 15:40:09.298 30414 31536 I DFInstaObserve: !toggles +blocked disable_feed=0 disable_explore=0 disable_reels=1 disable_stories=0 disable_adds=0
08-15 15:40:09.691 30414 30458 I DFInstaObserve: !toggles +blocked disable_feed=0 disable_explore=0 disable_reels=1 disable_stories=0 disable_adds=0
08-15 15:40:09.744 30414 31324 I DFInstaObserve: !toggles +blocked disable_feed=0 disable_explore=0 disable_reels=1 disable_stories=0 disable_adds=0
08-15 15:40:09.750 30414 30807 I DFInstaObserve: !toggles +blocked disable_feed=0 disable_explore=0 disable_reels=1 disable_stories=0 disable_adds=0
08-15 15:40:11.822 30414 31557 I DFInstaObserve: !toggles +blocked disable_feed=0 disable_explore=0 disable_reels=1 disable_stories=0 disable_adds=0
08-15 15:40:11.823 30414 31556 I DFInstaObserve: !toggles +blocked disable_feed=0 disable_explore=0 disable_reels=1 disable_stories=0 disable_adds=0
08-15 15:40:12.585 30414 31565 I DFInstaObserve: !toggles +blocked disable_feed=0 disable_explore=0 disable_reels=1 disable_stories=0 disable_adds=0
08-15 15:40:15.136 30414 31585 I DFInstaObserve: !toggles +blocked disable_feed=0 disable_explore=0 disable_reels=1 disable_stories=0 disable_adds=0
08-15 15:40:15.136 30414 31584 I DFInstaObserve: !toggles +blocked disable_feed=0 disable_explore=0 disable_reels=1 disable_stories=0 disable_adds=0
08-15 15:40:15.921 30414 31507 I DFInstaObserve: !toggles +blocked disable_feed=0 disable_explore=0 disable_reels=1 disable_stories=0 disable_adds=0
08-15 15:40:18.452 30414 31624 I DFInstaObserve: !toggles +blocked disable_feed=0 disable_explore=0 disable_reels=1 disable_stories=0 disable_adds=0
08-15 15:40:18.453 30414 31623 I DFInstaObserve: !toggles +blocked disable_feed=0 disable_explore=0 disable_reels=1 disable_stories=0 disable_adds=0
08-15 15:40:19.256 30414 31544 I DFInstaObserve: !toggles +blocked disable_feed=0 disable_explore=0 disable_reels=1 disable_stories=0 disable_adds=0
08-15 15:40:21.823 30414 31652 I DFInstaObserve: !toggles +blocked disable_feed=0 disable_explore=0 disable_reels=1 disable_stories=0 disable_adds=0
08-15 15:40:22.581 30414 31639 I DFInstaObserve: !toggles +blocked disable_feed=0 disable_explore=0 disable_reels=1 disable_stories=0 disable_adds=0
08-15 15:40:22.829 30414 30458 I DFInstaObserve: !toggles +blocked disable_feed=0 disable_explore=0 disable_reels=1 disable_stories=0 disable_adds=0
08-15 15:40:22.847 30414 30807 I DFInstaObserve: !toggles +blocked disable_feed=0 disable_explore=0 disable_reels=1 disable_stories=0 disable_adds=0
08-15 15:40:25.105 30414 31679 I DFInstaObserve: !toggles +blocked disable_feed=0 disable_explore=0 disable_reels=1 disable_stories=0 disable_adds=0
08-15 15:40:28.460 30414 31718 I DFInstaObserve: !toggles +blocked disable_feed=0 disable_explore=0 disable_reels=1 disable_stories=0 disable_adds=0
08-15 15:40:28.461 30414 31717 I DFInstaObserve: !toggles +blocked disable_feed=0 disable_explore=0 disable_reels=1 disable_stories=0 disable_adds=0
