08-18 22:55:11.050 17731 17731 I DFInstaProbe: set_app_context
08-18 22:55:11.225 17731 17796 I DFInstaProbe: replace_reels_stream_endpoint
08-18 22:55:11.481 17731 17796 I DFInstaProbe: tigon_url_block
08-18 22:55:11.481 17731 17796 I DFInstaObserve: !toggles +blocked disable_feed=0 disable_explore=0 disable_reels=1 disable_stories=0 disable_adds=0
08-18 22:55:11.481 17731 17796 I DFInstaObserve: /feed/timeline/
08-18 22:55:11.499 17731 17862 I DFInstaObserve: !toggles +blocked disable_feed=0 disable_explore=0 disable_reels=1 disable_stories=0 disable_adds=0
08-18 22:55:11.500 17731 17862 I DFInstaObserve: /feed/reels_tray/
08-18 22:55:11.514 17731 17894 I DFInstaObserve: !toggles +blocked disable_feed=0 disable_explore=0 disable_reels=1 disable_stories=0 disable_adds=0
08-18 22:55:11.855 17731 17931 I DFInstaObserve: !toggles +blocked disable_feed=0 disable_explore=0 disable_reels=1 disable_stories=0 disable_adds=0
08-18 22:55:12.043 17731 17795 I DFInstaObserve: !toggles +blocked disable_feed=0 disable_explore=0 disable_reels=1 disable_stories=0 disable_adds=0
08-18 22:55:12.059 17938 17938 I DFInstaProbe: set_app_context
08-18 22:55:12.322 17731 17894 I DFInstaObserve: !toggles +blocked disable_feed=0 disable_explore=0 disable_reels=1 disable_stories=0 disable_adds=0
08-18 22:55:12.334 17731 17931 I DFInstaObserve: !toggles +blocked disable_feed=0 disable_explore=0 disable_reels=1 disable_stories=0 disable_adds=0
08-18 22:55:12.796 17731 17767 I DFInstaObserve: !toggles +blocked disable_feed=0 disable_explore=0 disable_reels=1 disable_stories=0 disable_adds=0
08-18 22:55:12.801 17731 17767 I DFInstaObserve: !toggles +blocked disable_feed=0 disable_explore=0 disable_reels=1 disable_stories=0 disable_adds=0
08-18 22:55:12.859 17731 17931 I DFInstaObserve: !toggles +blocked disable_feed=0 disable_explore=0 disable_reels=1 disable_stories=0 disable_adds=0
08-18 22:55:12.860 17731 17894 I DFInstaObserve: !toggles +blocked disable_feed=0 disable_explore=0 disable_reels=1 disable_stories=0 disable_adds=0
08-18 22:55:13.060 17731 17796 I DFInstaObserve: !toggles +blocked disable_feed=0 disable_explore=0 disable_reels=1 disable_stories=0 disable_adds=0
08-18 22:55:13.061 17731 17796 I DFInstaObserve: /feed/timeline/
08-18 22:55:13.062 17731 17894 I DFInstaObserve: !toggles +blocked disable_feed=0 disable_explore=0 disable_reels=1 disable_stories=0 disable_adds=0
08-18 22:55:13.102 17731 17767 I DFInstaObserve: !toggles +blocked disable_feed=0 disable_explore=0 disable_reels=1 disable_stories=0 disable_adds=0
08-18 22:55:13.109 17731 17894 I DFInstaObserve: !toggles +blocked disable_feed=0 disable_explore=0 disable_reels=1 disable_stories=0 disable_adds=0
08-18 22:55:13.599 17731 17931 I DFInstaObserve: !toggles +blocked disable_feed=0 disable_explore=0 disable_reels=1 disable_stories=0 disable_adds=0
08-18 22:55:14.567 17731 18000 I DFInstaObserve: !toggles +blocked disable_feed=0 disable_explore=0 disable_reels=1 disable_stories=0 disable_adds=0
08-18 22:55:14.602 17731 18000 I DFInstaObserve: !toggles +blocked disable_feed=0 disable_explore=0 disable_reels=1 disable_stories=0 disable_adds=0
08-18 22:55:15.898 17731 17767 I DFInstaObserve: !toggles +blocked disable_feed=0 disable_explore=0 disable_reels=1 disable_stories=0 disable_adds=0
08-18 22:55:15.905 17731 17766 I DFInstaObserve: !toggles +blocked disable_feed=0 disable_explore=0 disable_reels=1 disable_stories=0 disable_adds=0
08-18 22:55:15.936 17731 17894 I DFInstaObserve: !toggles +blocked disable_feed=0 disable_explore=0 disable_reels=1 disable_stories=0 disable_adds=0
08-18 22:55:15.959 17731 18022 I DFInstaObserve: !toggles +blocked disable_feed=0 disable_explore=0 disable_reels=1 disable_stories=0 disable_adds=0
08-18 22:55:16.002 17731 17984 I DFInstaObserve: !toggles +blocked disable_feed=0 disable_explore=0 disable_reels=1 disable_stories=0 disable_adds=0
08-18 22:55:16.073 17731 17894 I DFInstaObserve: !toggles +blocked disable_feed=0 disable_explore=0 disable_reels=1 disable_stories=0 disable_adds=0
08-18 22:55:16.116 17731 17894 I DFInstaObserve: !toggles +blocked disable_feed=0 disable_explore=0 disable_reels=1 disable_stories=0 disable_adds=0
08-18 22:55:16.170 17731 17894 I DFInstaObserve: !toggles +blocked disable_feed=0 disable_explore=0 disable_reels=1 disable_stories=0 disable_adds=0
08-18 22:55:16.199 17731 17894 I DFInstaObserve: !toggles +blocked disable_feed=0 disable_explore=0 disable_reels=1 disable_stories=0 disable_adds=0
08-18 22:55:16.256 17731 17894 I DFInstaObserve: !toggles +blocked disable_feed=0 disable_explore=0 disable_reels=1 disable_stories=0 disable_adds=0
08-18 22:55:17.057 17731 18000 I DFInstaObserve: !toggles +blocked disable_feed=0 disable_explore=0 disable_reels=1 disable_stories=0 disable_adds=0
08-18 22:55:17.661 17731 17862 I DFInstaObserve: !toggles +blocked disable_feed=0 disable_explore=0 disable_reels=1 disable_stories=0 disable_adds=0
08-18 22:55:17.661 17731 17862 I DFInstaObserve: /discover/topical_explore
08-18 22:55:18.197 17731 17981 I DFInstaObserve: !toggles +blocked disable_feed=0 disable_explore=0 disable_reels=1 disable_stories=0 disable_adds=0
08-18 22:55:18.298 17731 17768 I DFInstaObserve: !toggles +blocked disable_feed=0 disable_explore=0 disable_reels=1 disable_stories=0 disable_adds=0
08-18 22:55:18.649 17731 17796 I DFInstaObserve: !toggles +blocked disable_feed=0 disable_explore=0 disable_reels=1 disable_stories=0 disable_adds=0
08-18 22:55:18.681 17731 17768 I DFInstaObserve: !toggles +blocked disable_feed=0 disable_explore=0 disable_reels=1 disable_stories=0 disable_adds=0
08-18 22:55:19.102 17731 18076 I DFInstaObserve: !toggles +blocked disable_feed=0 disable_explore=0 disable_reels=1 disable_stories=0 disable_adds=0
08-18 22:55:19.174 17731 18082 I DFInstaObserve: !toggles +blocked disable_feed=0 disable_explore=0 disable_reels=1 disable_stories=0 disable_adds=0
08-18 22:55:19.310 17731 17984 I DFInstaObserve: !toggles +blocked disable_feed=0 disable_explore=0 disable_reels=1 disable_stories=0 disable_adds=0
08-18 22:55:21.564 17731 18000 I DFInstaObserve: !toggles +blocked disable_feed=0 disable_explore=0 disable_reels=1 disable_stories=0 disable_adds=0
08-18 22:55:21.924 17731 17767 I DFInstaObserve: !toggles +blocked disable_feed=0 disable_explore=0 disable_reels=1 disable_stories=0 disable_adds=0
08-18 22:55:21.930 17731 17767 I DFInstaObserve: !toggles +blocked disable_feed=0 disable_explore=0 disable_reels=1 disable_stories=0 disable_adds=0
08-18 22:55:21.983 17731 18099 I DFInstaObserve: !toggles +blocked disable_feed=0 disable_explore=0 disable_reels=1 disable_stories=0 disable_adds=0
08-18 22:55:22.008 17731 18024 I DFInstaObserve: !toggles +blocked disable_feed=0 disable_explore=0 disable_reels=1 disable_stories=0 disable_adds=0
08-18 22:55:22.012 17731 17894 I DFInstaObserve: !toggles +blocked disable_feed=0 disable_explore=0 disable_reels=1 disable_stories=0 disable_adds=0
08-18 22:55:22.085 17731 17862 I DFInstaObserve: !toggles +blocked disable_feed=0 disable_explore=0 disable_reels=1 disable_stories=0 disable_adds=0
08-18 22:55:22.142 17731 17795 I DFInstaObserve: !toggles +blocked disable_feed=0 disable_explore=0 disable_reels=1 disable_stories=0 disable_adds=0
08-18 22:55:22.166 17731 18022 I DFInstaObserve: !toggles +blocked disable_feed=0 disable_explore=0 disable_reels=1 disable_stories=0 disable_adds=0
08-18 22:55:22.199 17731 17795 I DFInstaObserve: !toggles +blocked disable_feed=0 disable_explore=0 disable_reels=1 disable_stories=0 disable_adds=0
08-18 22:55:22.233 17731 18022 I DFInstaObserve: !toggles +blocked disable_feed=0 disable_explore=0 disable_reels=1 disable_stories=0 disable_adds=0
08-18 22:55:22.269 17731 17894 I DFInstaObserve: !toggles +blocked disable_feed=0 disable_explore=0 disable_reels=1 disable_stories=0 disable_adds=0
08-18 22:55:22.271 17731 18097 I DFInstaObserve: !toggles +blocked disable_feed=0 disable_explore=0 disable_reels=1 disable_stories=0 disable_adds=0
08-18 22:55:22.306 17731 17894 I DFInstaObserve: !toggles +blocked disable_feed=0 disable_explore=0 disable_reels=1 disable_stories=0 disable_adds=0
08-18 22:55:22.350 17731 17795 I DFInstaObserve: !toggles +blocked disable_feed=0 disable_explore=0 disable_reels=1 disable_stories=0 disable_adds=0
08-18 22:55:22.380 17731 18097 I DFInstaObserve: !toggles +blocked disable_feed=0 disable_explore=0 disable_reels=1 disable_stories=0 disable_adds=0
08-18 22:55:22.484 17731 18079 I DFInstaObserve: !toggles +blocked disable_feed=0 disable_explore=0 disable_reels=1 disable_stories=0 disable_adds=0
08-18 22:55:22.511 17731 17894 I DFInstaObserve: !toggles +blocked disable_feed=0 disable_explore=0 disable_reels=1 disable_stories=0 disable_adds=0
08-18 22:55:22.512 17731 17862 I DFInstaObserve: !toggles +blocked disable_feed=0 disable_explore=0 disable_reels=1 disable_stories=0 disable_adds=0
08-18 22:55:22.540 17731 17795 I DFInstaObserve: !toggles +blocked disable_feed=0 disable_explore=0 disable_reels=1 disable_stories=0 disable_adds=0
08-18 22:55:22.559 17731 17894 I DFInstaObserve: !toggles +blocked disable_feed=0 disable_explore=0 disable_reels=1 disable_stories=0 disable_adds=0
08-18 22:55:22.618 17731 17859 I DFInstaObserve: !toggles +blocked disable_feed=0 disable_explore=0 disable_reels=1 disable_stories=0 disable_adds=0
08-18 22:55:22.643 17731 17894 I DFInstaObserve: !toggles +blocked disable_feed=0 disable_explore=0 disable_reels=1 disable_stories=0 disable_adds=0
08-18 22:55:22.682 17731 17894 I DFInstaObserve: !toggles +blocked disable_feed=0 disable_explore=0 disable_reels=1 disable_stories=0 disable_adds=0
08-18 22:55:22.761 17731 17859 I DFInstaObserve: !toggles +blocked disable_feed=0 disable_explore=0 disable_reels=1 disable_stories=0 disable_adds=0
08-18 22:55:22.764 17731 18097 I DFInstaObserve: !toggles +blocked disable_feed=0 disable_explore=0 disable_reels=1 disable_stories=0 disable_adds=0
08-18 22:55:22.963 17731 17894 I DFInstaObserve: !toggles +blocked disable_feed=0 disable_explore=0 disable_reels=1 disable_stories=0 disable_adds=0
08-18 22:55:23.022 17731 17894 I DFInstaObserve: !toggles +blocked disable_feed=0 disable_explore=0 disable_reels=1 disable_stories=0 disable_adds=0
08-18 22:55:23.090 17731 17894 I DFInstaObserve: !toggles +blocked disable_feed=0 disable_explore=0 disable_reels=1 disable_stories=0 disable_adds=0
08-18 22:55:23.097 17731 18080 I DFInstaObserve: !toggles +blocked disable_feed=0 disable_explore=0 disable_reels=1 disable_stories=0 disable_adds=0
08-18 22:55:23.133 17731 17894 I DFInstaObserve: !toggles +blocked disable_feed=0 disable_explore=0 disable_reels=1 disable_stories=0 disable_adds=0
08-18 22:55:23.165 17731 17894 I DFInstaObserve: !toggles +blocked disable_feed=0 disable_explore=0 disable_reels=1 disable_stories=0 disable_adds=0
08-18 22:55:23.204 17731 18097 I DFInstaObserve: !toggles +blocked disable_feed=0 disable_explore=0 disable_reels=1 disable_stories=0 disable_adds=0
08-18 22:55:23.220 17731 17859 I DFInstaObserve: !toggles +blocked disable_feed=0 disable_explore=0 disable_reels=1 disable_stories=0 disable_adds=0
08-18 22:55:23.220 17731 17859 I DFInstaObserve: /clips/discover
08-18 22:55:23.220 17731 17859 I DFInstaObserve: !blocked /clips/discover
08-18 22:55:23.650 17731 17931 I DFInstaObserve: !toggles +blocked disable_feed=0 disable_explore=0 disable_reels=1 disable_stories=0 disable_adds=0
08-18 22:55:23.801 17731 17931 I DFInstaObserve: !toggles +blocked disable_feed=0 disable_explore=0 disable_reels=1 disable_stories=0 disable_adds=0
08-18 22:55:24.632 17731 17931 I DFInstaObserve: !toggles +blocked disable_feed=0 disable_explore=0 disable_reels=1 disable_stories=0 disable_adds=0
08-18 22:55:26.553 17731 18000 I DFInstaObserve: !toggles +blocked disable_feed=0 disable_explore=0 disable_reels=1 disable_stories=0 disable_adds=0
08-18 22:55:28.999 18162 18162 I DFInstaWalk: surface=Home
08-18 22:55:29.071 17731 18022 I DFInstaObserve: !toggles +blocked disable_feed=0 disable_explore=0 disable_reels=1 disable_stories=0 disable_adds=0
08-18 22:55:29.071 17731 18022 I DFInstaObserve: /feed/timeline/
08-18 22:55:29.075 17731 18159 I DFInstaObserve: !toggles +blocked disable_feed=0 disable_explore=0 disable_reels=1 disable_stories=0 disable_adds=0
08-18 22:55:29.075 17731 18159 I DFInstaObserve: /feed/reels_tray/
08-18 22:55:29.942 17731 17767 I DFInstaObserve: !toggles +blocked disable_feed=0 disable_explore=0 disable_reels=1 disable_stories=0 disable_adds=0
08-18 22:55:30.334 17731 17931 I DFInstaObserve: !toggles +blocked disable_feed=0 disable_explore=0 disable_reels=1 disable_stories=0 disable_adds=0
08-18 22:55:30.415 17731 17767 I DFInstaObserve: !toggles +blocked disable_feed=0 disable_explore=0 disable_reels=1 disable_stories=0 disable_adds=0
08-18 22:55:30.655 17731 18022 I DFInstaObserve: !toggles +blocked disable_feed=0 disable_explore=0 disable_reels=1 disable_stories=0 disable_adds=0
08-18 22:55:30.655 17731 18022 I DFInstaObserve: /feed/timeline/
08-18 22:55:33.455 17731 17766 I DFInstaObserve: !toggles +blocked disable_feed=0 disable_explore=0 disable_reels=1 disable_stories=0 disable_adds=0
08-18 22:55:37.180 17731 18178 I DFInstaObserve: !toggles +blocked disable_feed=0 disable_explore=0 disable_reels=1 disable_stories=0 disable_adds=0
08-18 22:55:37.180 17731 18022 I DFInstaObserve: !toggles +blocked disable_feed=0 disable_explore=0 disable_reels=1 disable_stories=0 disable_adds=0
08-18 22:55:37.180 17731 18178 I DFInstaObserve: /feed/timeline/
08-18 22:55:37.180 17731 18022 I DFInstaObserve: /feed/reels_tray/
08-18 22:55:37.987 17731 17766 I DFInstaObserve: !toggles +blocked disable_feed=0 disable_explore=0 disable_reels=1 disable_stories=0 disable_adds=0
08-18 22:55:38.428 17731 17931 I DFInstaObserve: !toggles +blocked disable_feed=0 disable_explore=0 disable_reels=1 disable_stories=0 disable_adds=0
08-18 22:55:38.758 17731 17767 I DFInstaObserve: !toggles +blocked disable_feed=0 disable_explore=0 disable_reels=1 disable_stories=0 disable_adds=0
08-18 22:55:38.785 17731 17894 I DFInstaObserve: !toggles +blocked disable_feed=0 disable_explore=0 disable_reels=1 disable_stories=0 disable_adds=0
08-18 22:55:38.911 17731 18198 I DFInstaObserve: !toggles +blocked disable_feed=0 disable_explore=0 disable_reels=1 disable_stories=0 disable_adds=0
08-18 22:55:38.911 17731 18198 I DFInstaObserve: /feed/timeline/
08-18 22:55:41.074 17731 17766 I DFInstaObserve: !toggles +blocked disable_feed=0 disable_explore=0 disable_reels=1 disable_stories=0 disable_adds=0
08-18 22:55:41.078 17731 17766 I DFInstaObserve: !toggles +blocked disable_feed=0 disable_explore=0 disable_reels=1 disable_stories=0 disable_adds=0
08-18 22:55:41.148 17731 17796 I DFInstaObserve: !toggles +blocked disable_feed=0 disable_explore=0 disable_reels=1 disable_stories=0 disable_adds=0
08-18 22:55:41.257 17731 17894 I DFInstaObserve: !toggles +blocked disable_feed=0 disable_explore=0 disable_reels=1 disable_stories=0 disable_adds=0
08-18 22:55:41.286 17731 17894 I DFInstaObserve: !toggles +blocked disable_feed=0 disable_explore=0 disable_reels=1 disable_stories=0 disable_adds=0
08-18 22:55:41.302 17731 17862 I DFInstaObserve: !toggles +blocked disable_feed=0 disable_explore=0 disable_reels=1 disable_stories=0 disable_adds=0
08-18 22:55:41.311 17731 17894 I DFInstaObserve: !toggles +blocked disable_feed=0 disable_explore=0 disable_reels=1 disable_stories=0 disable_adds=0
08-18 22:55:41.363 17731 17894 I DFInstaObserve: !toggles +blocked disable_feed=0 disable_explore=0 disable_reels=1 disable_stories=0 disable_adds=0
08-18 22:55:41.402 17731 17894 I DFInstaObserve: !toggles +blocked disable_feed=0 disable_explore=0 disable_reels=1 disable_stories=0 disable_adds=0
08-18 22:55:41.441 17731 17894 I DFInstaObserve: !toggles +blocked disable_feed=0 disable_explore=0 disable_reels=1 disable_stories=0 disable_adds=0
08-18 22:55:41.504 17731 18198 I DFInstaObserve: !toggles +blocked disable_feed=0 disable_explore=0 disable_reels=1 disable_stories=0 disable_adds=0
08-18 22:55:41.802 17731 18182 I DFInstaObserve: !toggles +blocked disable_feed=0 disable_explore=0 disable_reels=1 disable_stories=0 disable_adds=0
08-18 22:55:42.054 17731 17859 I DFInstaObserve: !toggles +blocked disable_feed=0 disable_explore=0 disable_reels=1 disable_stories=0 disable_adds=0
08-18 22:55:42.296 17731 17862 I DFInstaObserve: !toggles +blocked disable_feed=0 disable_explore=0 disable_reels=1 disable_stories=0 disable_adds=0
08-18 22:55:48.812 17731 17767 I DFInstaObserve: !toggles +blocked disable_feed=0 disable_explore=0 disable_reels=1 disable_stories=0 disable_adds=0
08-18 22:55:52.129 17731 17766 I DFInstaObserve: !toggles +blocked disable_feed=0 disable_explore=0 disable_reels=1 disable_stories=0 disable_adds=0
08-18 22:55:55.421 17731 18297 I DFInstaObserve: !toggles +blocked disable_feed=0 disable_explore=0 disable_reels=1 disable_stories=0 disable_adds=0
08-18 22:55:55.482 17731 17766 I DFInstaObserve: !toggles +blocked disable_feed=0 disable_explore=0 disable_reels=1 disable_stories=0 disable_adds=0
08-18 22:55:55.483 17731 17767 I DFInstaObserve: !toggles +blocked disable_feed=0 disable_explore=0 disable_reels=1 disable_stories=0 disable_adds=0
08-18 22:55:55.870 17731 17766 I DFInstaObserve: !toggles +blocked disable_feed=0 disable_explore=0 disable_reels=1 disable_stories=0 disable_adds=0
08-18 22:55:56.220 17731 17766 I DFInstaObserve: !toggles +blocked disable_feed=0 disable_explore=0 disable_reels=1 disable_stories=0 disable_adds=0
08-18 22:55:57.763 17731 18294 I DFInstaObserve: !toggles +blocked disable_feed=0 disable_explore=0 disable_reels=1 disable_stories=0 disable_adds=0
08-18 22:55:57.790 17731 18294 I DFInstaObserve: !toggles +blocked disable_feed=0 disable_explore=0 disable_reels=1 disable_stories=0 disable_adds=0
08-18 22:55:58.847 17731 18329 I DFInstaObserve: !toggles +blocked disable_feed=0 disable_explore=0 disable_reels=1 disable_stories=0 disable_adds=0
08-18 22:56:05.293 17731 18333 I DFInstaObserve: !toggles +blocked disable_feed=0 disable_explore=0 disable_reels=1 disable_stories=0 disable_adds=0
08-18 22:56:05.293 17731 18333 I DFInstaObserve: /feed/timeline/
08-18 22:56:07.327 17731 17767 I DFInstaObserve: !toggles +blocked disable_feed=0 disable_explore=0 disable_reels=1 disable_stories=0 disable_adds=0
08-18 22:56:07.330 17731 17767 I DFInstaObserve: !toggles +blocked disable_feed=0 disable_explore=0 disable_reels=1 disable_stories=0 disable_adds=0
08-18 22:56:07.428 17731 17894 I DFInstaObserve: !toggles +blocked disable_feed=0 disable_explore=0 disable_reels=1 disable_stories=0 disable_adds=0
08-18 22:56:07.460 17731 18311 I DFInstaObserve: !toggles +blocked disable_feed=0 disable_explore=0 disable_reels=1 disable_stories=0 disable_adds=0
08-18 22:56:07.471 17731 17894 I DFInstaObserve: !toggles +blocked disable_feed=0 disable_explore=0 disable_reels=1 disable_stories=0 disable_adds=0
08-18 22:56:07.504 17731 17894 I DFInstaObserve: !toggles +blocked disable_feed=0 disable_explore=0 disable_reels=1 disable_stories=0 disable_adds=0
08-18 22:56:07.539 17731 17894 I DFInstaObserve: !toggles +blocked disable_feed=0 disable_explore=0 disable_reels=1 disable_stories=0 disable_adds=0
08-18 22:56:07.593 17731 17894 I DFInstaObserve: !toggles +blocked disable_feed=0 disable_explore=0 disable_reels=1 disable_stories=0 disable_adds=0
08-18 22:56:08.420 18381 18381 I DFInstaWalk: surface=Search and explore
08-18 22:56:08.503 17731 18377 I DFInstaObserve: !toggles +blocked disable_feed=0 disable_explore=0 disable_reels=1 disable_stories=0 disable_adds=0
08-18 22:56:08.595 17731 18376 I DFInstaObserve: !toggles +blocked disable_feed=0 disable_explore=0 disable_reels=1 disable_stories=0 disable_adds=0
08-18 22:56:08.850 17731 18395 I DFInstaObserve: !toggles +blocked disable_feed=0 disable_explore=0 disable_reels=1 disable_stories=0 disable_adds=0
08-18 22:56:09.240 17731 17767 I DFInstaObserve: !toggles +blocked disable_feed=0 disable_explore=0 disable_reels=1 disable_stories=0 disable_adds=0
08-18 22:56:09.243 17731 17766 I DFInstaObserve: !toggles +blocked disable_feed=0 disable_explore=0 disable_reels=1 disable_stories=0 disable_adds=0
08-18 22:56:09.311 17731 17894 I DFInstaObserve: !toggles +blocked disable_feed=0 disable_explore=0 disable_reels=1 disable_stories=0 disable_adds=0
08-18 22:56:09.348 17731 18350 I DFInstaObserve: !toggles +blocked disable_feed=0 disable_explore=0 disable_reels=1 disable_stories=0 disable_adds=0
08-18 22:56:09.353 17731 18410 I DFInstaObserve: !toggles +blocked disable_feed=0 disable_explore=0 disable_reels=1 disable_stories=0 disable_adds=0
08-18 22:56:09.397 17731 17894 I DFInstaObserve: !toggles +blocked disable_feed=0 disable_explore=0 disable_reels=1 disable_stories=0 disable_adds=0
08-18 22:56:09.418 17731 18376 I DFInstaObserve: !toggles +blocked disable_feed=0 disable_explore=0 disable_reels=1 disable_stories=0 disable_adds=0
08-18 22:56:09.494 17731 18273 I DFInstaObserve: !toggles +blocked disable_feed=0 disable_explore=0 disable_reels=1 disable_stories=0 disable_adds=0
08-18 22:56:09.522 17731 18405 I DFInstaObserve: !toggles +blocked disable_feed=0 disable_explore=0 disable_reels=1 disable_stories=0 disable_adds=0
08-18 22:56:09.576 17731 18405 I DFInstaObserve: !toggles +blocked disable_feed=0 disable_explore=0 disable_reels=1 disable_stories=0 disable_adds=0
08-18 22:56:09.719 17731 17931 I DFInstaObserve: !toggles +blocked disable_feed=0 disable_explore=0 disable_reels=1 disable_stories=0 disable_adds=0
08-18 22:56:09.942 17731 17931 I DFInstaObserve: !toggles +blocked disable_feed=0 disable_explore=0 disable_reels=1 disable_stories=0 disable_adds=0
08-18 22:56:09.970 17731 17894 I DFInstaObserve: !toggles +blocked disable_feed=0 disable_explore=0 disable_reels=1 disable_stories=0 disable_adds=0
08-18 22:56:10.162 17731 17931 I DFInstaObserve: !toggles +blocked disable_feed=0 disable_explore=0 disable_reels=1 disable_stories=0 disable_adds=0
08-18 22:56:10.262 17731 17931 I DFInstaObserve: !toggles +blocked disable_feed=0 disable_explore=0 disable_reels=1 disable_stories=0 disable_adds=0
08-18 22:56:10.919 17731 18395 I DFInstaObserve: !toggles +blocked disable_feed=0 disable_explore=0 disable_reels=1 disable_stories=0 disable_adds=0
08-18 22:56:10.925 17731 18397 I DFInstaObserve: !toggles +blocked disable_feed=0 disable_explore=0 disable_reels=1 disable_stories=0 disable_adds=0
08-18 22:56:10.970 17731 18397 I DFInstaObserve: !toggles +blocked disable_feed=0 disable_explore=0 disable_reels=1 disable_stories=0 disable_adds=0
08-18 22:56:13.427 17731 18395 I DFInstaObserve: !toggles +blocked disable_feed=0 disable_explore=0 disable_reels=1 disable_stories=0 disable_adds=0
08-18 22:56:16.549 17731 18370 I DFInstaObserve: !toggles +blocked disable_feed=0 disable_explore=0 disable_reels=1 disable_stories=0 disable_adds=0
08-18 22:56:16.549 17731 18370 I DFInstaObserve: /discover/topical_explore
08-18 22:56:18.446 17731 17767 I DFInstaObserve: !toggles +blocked disable_feed=0 disable_explore=0 disable_reels=1 disable_stories=0 disable_adds=0
08-18 22:56:18.450 17731 17767 I DFInstaObserve: !toggles +blocked disable_feed=0 disable_explore=0 disable_reels=1 disable_stories=0 disable_adds=0
08-18 22:56:18.456 17731 17767 I DFInstaObserve: !toggles +blocked disable_feed=0 disable_explore=0 disable_reels=1 disable_stories=0 disable_adds=0
08-18 22:56:18.621 17731 17767 I DFInstaObserve: !toggles +blocked disable_feed=0 disable_explore=0 disable_reels=1 disable_stories=0 disable_adds=0
08-18 22:56:18.623 17731 17766 I DFInstaObserve: !toggles +blocked disable_feed=0 disable_explore=0 disable_reels=1 disable_stories=0 disable_adds=0
08-18 22:56:18.648 17731 17894 I DFInstaObserve: !toggles +blocked disable_feed=0 disable_explore=0 disable_reels=1 disable_stories=0 disable_adds=0
08-18 22:56:18.676 17731 18433 I DFInstaObserve: !toggles +blocked disable_feed=0 disable_explore=0 disable_reels=1 disable_stories=0 disable_adds=0
08-18 22:56:18.734 17731 17894 I DFInstaObserve: !toggles +blocked disable_feed=0 disable_explore=0 disable_reels=1 disable_stories=0 disable_adds=0
08-18 22:56:18.743 17731 18423 I DFInstaObserve: !toggles +blocked disable_feed=0 disable_explore=0 disable_reels=1 disable_stories=0 disable_adds=0
08-18 22:56:18.780 17731 18376 I DFInstaObserve: !toggles +blocked disable_feed=0 disable_explore=0 disable_reels=1 disable_stories=0 disable_adds=0
08-18 22:56:18.790 17731 17894 I DFInstaObserve: !toggles +blocked disable_feed=0 disable_explore=0 disable_reels=1 disable_stories=0 disable_adds=0
08-18 22:56:18.819 17731 18376 I DFInstaObserve: !toggles +blocked disable_feed=0 disable_explore=0 disable_reels=1 disable_stories=0 disable_adds=0
08-18 22:56:18.841 17731 18423 I DFInstaObserve: !toggles +blocked disable_feed=0 disable_explore=0 disable_reels=1 disable_stories=0 disable_adds=0
08-18 22:56:18.891 17731 17894 I DFInstaObserve: !toggles +blocked disable_feed=0 disable_explore=0 disable_reels=1 disable_stories=0 disable_adds=0
08-18 22:56:18.911 17731 18423 I DFInstaObserve: !toggles +blocked disable_feed=0 disable_explore=0 disable_reels=1 disable_stories=0 disable_adds=0
08-18 22:56:18.927 17731 17894 I DFInstaObserve: !toggles +blocked disable_feed=0 disable_explore=0 disable_reels=1 disable_stories=0 disable_adds=0
08-18 22:56:18.942 17731 18460 I DFInstaObserve: !toggles +blocked disable_feed=0 disable_explore=0 disable_reels=1 disable_stories=0 disable_adds=0
08-18 22:56:18.977 17731 18433 I DFInstaObserve: !toggles +blocked disable_feed=0 disable_explore=0 disable_reels=1 disable_stories=0 disable_adds=0
08-18 22:56:19.000 17731 18460 I DFInstaObserve: !toggles +blocked disable_feed=0 disable_explore=0 disable_reels=1 disable_stories=0 disable_adds=0
08-18 22:56:19.060 17731 18376 I DFInstaObserve: !toggles +blocked disable_feed=0 disable_explore=0 disable_reels=1 disable_stories=0 disable_adds=0
08-18 22:56:19.079 17731 18455 I DFInstaObserve: !toggles +blocked disable_feed=0 disable_explore=0 disable_reels=1 disable_stories=0 disable_adds=0
08-18 22:56:19.106 17731 18333 I DFInstaObserve: !toggles +blocked disable_feed=0 disable_explore=0 disable_reels=1 disable_stories=0 disable_adds=0
08-18 22:56:19.117 17731 17894 I DFInstaObserve: !toggles +blocked disable_feed=0 disable_explore=0 disable_reels=1 disable_stories=0 disable_adds=0
08-18 22:56:19.157 17731 18468 I DFInstaObserve: !toggles +blocked disable_feed=0 disable_explore=0 disable_reels=1 disable_stories=0 disable_adds=0
08-18 22:56:19.871 17731 18423 I DFInstaObserve: !toggles +blocked disable_feed=0 disable_explore=0 disable_reels=1 disable_stories=0 disable_adds=0
08-18 22:56:19.871 17731 18423 I DFInstaObserve: /discover/topical_explore
08-18 22:56:20.121 17731 18486 I DFInstaObserve: !toggles +blocked disable_feed=0 disable_explore=0 disable_reels=1 disable_stories=0 disable_adds=0
08-18 22:56:22.324 17731 18485 I DFInstaObserve: !toggles +blocked disable_feed=0 disable_explore=0 disable_reels=1 disable_stories=0 disable_adds=0
08-18 22:56:22.668 17731 18493 I DFInstaObserve: !toggles +blocked disable_feed=0 disable_explore=0 disable_reels=1 disable_stories=0 disable_adds=0
08-18 22:56:23.238 17731 18333 I DFInstaObserve: !toggles +blocked disable_feed=0 disable_explore=0 disable_reels=1 disable_stories=0 disable_adds=0
08-18 22:56:23.238 17731 18333 I DFInstaObserve: /discover/topical_explore
08-18 22:56:23.268 17731 17767 I DFInstaObserve: !toggles +blocked disable_feed=0 disable_explore=0 disable_reels=1 disable_stories=0 disable_adds=0
08-18 22:56:23.282 17731 17767 I DFInstaObserve: !toggles +blocked disable_feed=0 disable_explore=0 disable_reels=1 disable_stories=0 disable_adds=0
08-18 22:56:23.288 17731 17767 I DFInstaObserve: !toggles +blocked disable_feed=0 disable_explore=0 disable_reels=1 disable_stories=0 disable_adds=0
08-18 22:56:23.392 17731 17767 I DFInstaObserve: !toggles +blocked disable_feed=0 disable_explore=0 disable_reels=1 disable_stories=0 disable_adds=0
08-18 22:56:23.398 17731 17767 I DFInstaObserve: !toggles +blocked disable_feed=0 disable_explore=0 disable_reels=1 disable_stories=0 disable_adds=0
08-18 22:56:23.410 17731 17767 I DFInstaObserve: !toggles +blocked disable_feed=0 disable_explore=0 disable_reels=1 disable_stories=0 disable_adds=0
08-18 22:56:23.457 17731 17766 I DFInstaObserve: !toggles +blocked disable_feed=0 disable_explore=0 disable_reels=1 disable_stories=0 disable_adds=0
08-18 22:56:23.466 17731 17767 I DFInstaObserve: !toggles +blocked disable_feed=0 disable_explore=0 disable_reels=1 disable_stories=0 disable_adds=0
08-18 22:56:23.516 17731 18143 I DFInstaObserve: !toggles +blocked disable_feed=0 disable_explore=0 disable_reels=1 disable_stories=0 disable_adds=0
08-18 22:56:23.522 17731 17894 I DFInstaObserve: !toggles +blocked disable_feed=0 disable_explore=0 disable_reels=1 disable_stories=0 disable_adds=0
08-18 22:56:23.581 17731 18522 I DFInstaObserve: !toggles +blocked disable_feed=0 disable_explore=0 disable_reels=1 disable_stories=0 disable_adds=0
08-18 22:56:23.604 17731 17894 I DFInstaObserve: !toggles +blocked disable_feed=0 disable_explore=0 disable_reels=1 disable_stories=0 disable_adds=0
08-18 22:56:23.621 17731 18518 I DFInstaObserve: !toggles +blocked disable_feed=0 disable_explore=0 disable_reels=1 disable_stories=0 disable_adds=0
08-18 22:56:23.671 17731 17894 I DFInstaObserve: !toggles +blocked disable_feed=0 disable_explore=0 disable_reels=1 disable_stories=0 disable_adds=0
08-18 22:56:23.772 17731 18423 I DFInstaObserve: !toggles +blocked disable_feed=0 disable_explore=0 disable_reels=1 disable_stories=0 disable_adds=0
08-18 22:56:23.831 17731 18533 I DFInstaObserve: !toggles +blocked disable_feed=0 disable_explore=0 disable_reels=1 disable_stories=0 disable_adds=0
08-18 22:56:23.841 17731 18459 I DFInstaObserve: !toggles +blocked disable_feed=0 disable_explore=0 disable_reels=1 disable_stories=0 disable_adds=0
08-18 22:56:23.936 17731 18143 I DFInstaObserve: !toggles +blocked disable_feed=0 disable_explore=0 disable_reels=1 disable_stories=0 disable_adds=0
08-18 22:56:24.028 17731 18469 I DFInstaObserve: !toggles +blocked disable_feed=0 disable_explore=0 disable_reels=1 disable_stories=0 disable_adds=0
08-18 22:56:24.089 17731 18500 I DFInstaObserve: !toggles +blocked disable_feed=0 disable_explore=0 disable_reels=1 disable_stories=0 disable_adds=0
08-18 22:56:24.100 17731 18540 I DFInstaObserve: !toggles +blocked disable_feed=0 disable_explore=0 disable_reels=1 disable_stories=0 disable_adds=0
08-18 22:56:24.133 17731 17894 I DFInstaObserve: !toggles +blocked disable_feed=0 disable_explore=0 disable_reels=1 disable_stories=0 disable_adds=0
08-18 22:56:24.206 17731 17894 I DFInstaObserve: !toggles +blocked disable_feed=0 disable_explore=0 disable_reels=1 disable_stories=0 disable_adds=0
08-18 22:56:24.319 17731 17894 I DFInstaObserve: !toggles +blocked disable_feed=0 disable_explore=0 disable_reels=1 disable_stories=0 disable_adds=0
08-18 22:56:24.352 17731 17894 I DFInstaObserve: !toggles +blocked disable_feed=0 disable_explore=0 disable_reels=1 disable_stories=0 disable_adds=0
08-18 22:56:24.372 17731 18426 I DFInstaObserve: !toggles +blocked disable_feed=0 disable_explore=0 disable_reels=1 disable_stories=0 disable_adds=0
08-18 22:56:24.565 17731 17894 I DFInstaObserve: !toggles +blocked disable_feed=0 disable_explore=0 disable_reels=1 disable_stories=0 disable_adds=0
08-18 22:56:25.090 17731 17767 I DFInstaObserve: !toggles +blocked disable_feed=0 disable_explore=0 disable_reels=1 disable_stories=0 disable_adds=0
08-18 22:56:25.094 17731 17766 I DFInstaObserve: !toggles +blocked disable_feed=0 disable_explore=0 disable_reels=1 disable_stories=0 disable_adds=0
08-18 22:56:25.121 17731 17894 I DFInstaObserve: !toggles +blocked disable_feed=0 disable_explore=0 disable_reels=1 disable_stories=0 disable_adds=0
08-18 22:56:25.170 17731 17894 I DFInstaObserve: !toggles +blocked disable_feed=0 disable_explore=0 disable_reels=1 disable_stories=0 disable_adds=0
08-18 22:56:25.183 17731 18333 I DFInstaObserve: !toggles +blocked disable_feed=0 disable_explore=0 disable_reels=1 disable_stories=0 disable_adds=0
08-18 22:56:25.202 17731 17894 I DFInstaObserve: !toggles +blocked disable_feed=0 disable_explore=0 disable_reels=1 disable_stories=0 disable_adds=0
08-18 22:56:25.244 17731 18469 I DFInstaObserve: !toggles +blocked disable_feed=0 disable_explore=0 disable_reels=1 disable_stories=0 disable_adds=0
08-18 22:56:25.316 17731 18371 I DFInstaObserve: !toggles +blocked disable_feed=0 disable_explore=0 disable_reels=1 disable_stories=0 disable_adds=0
08-18 22:56:25.339 17731 18333 I DFInstaObserve: !toggles +blocked disable_feed=0 disable_explore=0 disable_reels=1 disable_stories=0 disable_adds=0
08-18 22:56:25.434 17731 17894 I DFInstaObserve: !toggles +blocked disable_feed=0 disable_explore=0 disable_reels=1 disable_stories=0 disable_adds=0
08-18 22:56:25.456 17731 18426 I DFInstaObserve: !toggles +blocked disable_feed=0 disable_explore=0 disable_reels=1 disable_stories=0 disable_adds=0
08-18 22:56:25.468 17731 17894 I DFInstaObserve: !toggles +blocked disable_feed=0 disable_explore=0 disable_reels=1 disable_stories=0 disable_adds=0
08-18 22:56:25.502 17731 18333 I DFInstaObserve: !toggles +blocked disable_feed=0 disable_explore=0 disable_reels=1 disable_stories=0 disable_adds=0
08-18 22:56:25.535 17731 18545 I DFInstaObserve: !toggles +blocked disable_feed=0 disable_explore=0 disable_reels=1 disable_stories=0 disable_adds=0
08-18 22:56:25.539 17731 17894 I DFInstaObserve: !toggles +blocked disable_feed=0 disable_explore=0 disable_reels=1 disable_stories=0 disable_adds=0
08-18 22:56:25.572 17731 18423 I DFInstaObserve: !toggles +blocked disable_feed=0 disable_explore=0 disable_reels=1 disable_stories=0 disable_adds=0
08-18 22:56:25.579 17731 17894 I DFInstaObserve: !toggles +blocked disable_feed=0 disable_explore=0 disable_reels=1 disable_stories=0 disable_adds=0
08-18 22:56:25.593 17731 18545 I DFInstaObserve: !toggles +blocked disable_feed=0 disable_explore=0 disable_reels=1 disable_stories=0 disable_adds=0
08-18 22:56:25.674 17731 18423 I DFInstaObserve: !toggles +blocked disable_feed=0 disable_explore=0 disable_reels=1 disable_stories=0 disable_adds=0
08-18 22:56:25.708 17731 17894 I DFInstaObserve: !toggles +blocked disable_feed=0 disable_explore=0 disable_reels=1 disable_stories=0 disable_adds=0
08-18 22:56:25.747 17731 18333 I DFInstaObserve: !toggles +blocked disable_feed=0 disable_explore=0 disable_reels=1 disable_stories=0 disable_adds=0
08-18 22:56:25.750 17731 17894 I DFInstaObserve: !toggles +blocked disable_feed=0 disable_explore=0 disable_reels=1 disable_stories=0 disable_adds=0
08-18 22:56:25.778 17731 18426 I DFInstaObserve: !toggles +blocked disable_feed=0 disable_explore=0 disable_reels=1 disable_stories=0 disable_adds=0
08-18 22:56:25.842 17731 17894 I DFInstaObserve: !toggles +blocked disable_feed=0 disable_explore=0 disable_reels=1 disable_stories=0 disable_adds=0
08-18 22:56:25.846 17731 18534 I DFInstaObserve: !toggles +blocked disable_feed=0 disable_explore=0 disable_reels=1 disable_stories=0 disable_adds=0
08-18 22:56:25.886 17731 17894 I DFInstaObserve: !toggles +blocked disable_feed=0 disable_explore=0 disable_reels=1 disable_stories=0 disable_adds=0
08-18 22:56:25.916 17731 18545 I DFInstaObserve: !toggles +blocked disable_feed=0 disable_explore=0 disable_reels=1 disable_stories=0 disable_adds=0
08-18 22:56:25.985 17731 18376 I DFInstaObserve: !toggles +blocked disable_feed=0 disable_explore=0 disable_reels=1 disable_stories=0 disable_adds=0
08-18 22:56:26.030 17731 17894 I DFInstaObserve: !toggles +blocked disable_feed=0 disable_explore=0 disable_reels=1 disable_stories=0 disable_adds=0
08-18 22:56:26.663 17731 18522 I DFInstaObserve: !toggles +blocked disable_feed=0 disable_explore=0 disable_reels=1 disable_stories=0 disable_adds=0
08-18 22:56:26.664 17731 18460 I DFInstaObserve: !toggles +blocked disable_feed=0 disable_explore=0 disable_reels=1 disable_stories=0 disable_adds=0
08-18 22:56:26.664 17731 18460 I DFInstaObserve: /discover/topical_explore
08-18 22:56:28.600 17731 17767 I DFInstaObserve: !toggles +blocked disable_feed=0 disable_explore=0 disable_reels=1 disable_stories=0 disable_adds=0
08-18 22:56:28.604 17731 17766 I DFInstaObserve: !toggles +blocked disable_feed=0 disable_explore=0 disable_reels=1 disable_stories=0 disable_adds=0
08-18 22:56:28.639 17731 17894 I DFInstaObserve: !toggles +blocked disable_feed=0 disable_explore=0 disable_reels=1 disable_stories=0 disable_adds=0
08-18 22:56:28.743 17731 18469 I DFInstaObserve: !toggles +blocked disable_feed=0 disable_explore=0 disable_reels=1 disable_stories=0 disable_adds=0
08-18 22:56:28.773 17731 17894 I DFInstaObserve: !toggles +blocked disable_feed=0 disable_explore=0 disable_reels=1 disable_stories=0 disable_adds=0
08-18 22:56:28.792 17731 18371 I DFInstaObserve: !toggles +blocked disable_feed=0 disable_explore=0 disable_reels=1 disable_stories=0 disable_adds=0
08-18 22:56:28.816 17731 17894 I DFInstaObserve: !toggles +blocked disable_feed=0 disable_explore=0 disable_reels=1 disable_stories=0 disable_adds=0
08-18 22:56:28.841 17731 18469 I DFInstaObserve: !toggles +blocked disable_feed=0 disable_explore=0 disable_reels=1 disable_stories=0 disable_adds=0
08-18 22:56:28.870 17731 17894 I DFInstaObserve: !toggles +blocked disable_feed=0 disable_explore=0 disable_reels=1 disable_stories=0 disable_adds=0
08-18 22:56:28.877 17731 18534 I DFInstaObserve: !toggles +blocked disable_feed=0 disable_explore=0 disable_reels=1 disable_stories=0 disable_adds=0
08-18 22:56:28.910 17731 17894 I DFInstaObserve: !toggles +blocked disable_feed=0 disable_explore=0 disable_reels=1 disable_stories=0 disable_adds=0
08-18 22:56:28.940 17731 18460 I DFInstaObserve: !toggles +blocked disable_feed=0 disable_explore=0 disable_reels=1 disable_stories=0 disable_adds=0
08-18 22:56:28.974 17731 18504 I DFInstaObserve: !toggles +blocked disable_feed=0 disable_explore=0 disable_reels=1 disable_stories=0 disable_adds=0
08-18 22:56:28.986 17731 17894 I DFInstaObserve: !toggles +blocked disable_feed=0 disable_explore=0 disable_reels=1 disable_stories=0 disable_adds=0
08-18 22:56:29.001 17731 18371 I DFInstaObserve: !toggles +blocked disable_feed=0 disable_explore=0 disable_reels=1 disable_stories=0 disable_adds=0
08-18 22:56:29.032 17731 17894 I DFInstaObserve: !toggles +blocked disable_feed=0 disable_explore=0 disable_reels=1 disable_stories=0 disable_adds=0
08-18 22:56:29.076 17731 18469 I DFInstaObserve: !toggles +blocked disable_feed=0 disable_explore=0 disable_reels=1 disable_stories=0 disable_adds=0
08-18 22:56:29.083 17731 18567 I DFInstaObserve: !toggles +blocked disable_feed=0 disable_explore=0 disable_reels=1 disable_stories=0 disable_adds=0
08-18 22:56:29.121 17731 18584 I DFInstaObserve: !toggles +blocked disable_feed=0 disable_explore=0 disable_reels=1 disable_stories=0 disable_adds=0
08-18 22:56:29.132 17731 18567 I DFInstaObserve: !toggles +blocked disable_feed=0 disable_explore=0 disable_reels=1 disable_stories=0 disable_adds=0
08-18 22:56:29.138 17731 17894 I DFInstaObserve: !toggles +blocked disable_feed=0 disable_explore=0 disable_reels=1 disable_stories=0 disable_adds=0
08-18 22:56:29.186 17731 17894 I DFInstaObserve: !toggles +blocked disable_feed=0 disable_explore=0 disable_reels=1 disable_stories=0 disable_adds=0
08-18 22:56:29.202 17731 18586 I DFInstaObserve: !toggles +blocked disable_feed=0 disable_explore=0 disable_reels=1 disable_stories=0 disable_adds=0
08-18 22:56:29.239 17731 18469 I DFInstaObserve: !toggles +blocked disable_feed=0 disable_explore=0 disable_reels=1 disable_stories=0 disable_adds=0
08-18 22:56:29.266 17731 18573 I DFInstaObserve: !toggles +blocked disable_feed=0 disable_explore=0 disable_reels=1 disable_stories=0 disable_adds=0
08-18 22:56:29.290 17731 17894 I DFInstaObserve: !toggles +blocked disable_feed=0 disable_explore=0 disable_reels=1 disable_stories=0 disable_adds=0
08-18 22:56:29.316 17731 18460 I DFInstaObserve: !toggles +blocked disable_feed=0 disable_explore=0 disable_reels=1 disable_stories=0 disable_adds=0
08-18 22:56:29.352 17731 18423 I DFInstaObserve: !toggles +blocked disable_feed=0 disable_explore=0 disable_reels=1 disable_stories=0 disable_adds=0
08-18 22:56:29.408 17731 18534 I DFInstaObserve: !toggles +blocked disable_feed=0 disable_explore=0 disable_reels=1 disable_stories=0 disable_adds=0
08-18 22:56:30.117 17731 18584 I DFInstaObserve: !toggles +blocked disable_feed=0 disable_explore=0 disable_reels=1 disable_stories=0 disable_adds=0
08-18 22:56:30.117 17731 18584 I DFInstaObserve: /discover/topical_explore
08-18 22:56:30.422 17731 18618 I DFInstaObserve: !toggles +blocked disable_feed=0 disable_explore=0 disable_reels=1 disable_stories=0 disable_adds=0
08-18 22:56:32.371 17731 18607 I DFInstaObserve: !toggles +blocked disable_feed=0 disable_explore=0 disable_reels=1 disable_stories=0 disable_adds=0
08-18 22:56:32.468 17731 17766 I DFInstaObserve: !toggles +blocked disable_feed=0 disable_explore=0 disable_reels=1 disable_stories=0 disable_adds=0
08-18 22:56:32.472 17731 18617 I DFInstaObserve: !toggles +blocked disable_feed=0 disable_explore=0 disable_reels=1 disable_stories=0 disable_adds=0
08-18 22:56:32.473 17731 17767 I DFInstaObserve: !toggles +blocked disable_feed=0 disable_explore=0 disable_reels=1 disable_stories=0 disable_adds=0
08-18 22:56:32.499 17731 17894 I DFInstaObserve: !toggles +blocked disable_feed=0 disable_explore=0 disable_reels=1 disable_stories=0 disable_adds=0
08-18 22:56:32.536 17731 18632 I DFInstaObserve: !toggles +blocked disable_feed=0 disable_explore=0 disable_reels=1 disable_stories=0 disable_adds=0
08-18 22:56:32.540 17731 17894 I DFInstaObserve: !toggles +blocked disable_feed=0 disable_explore=0 disable_reels=1 disable_stories=0 disable_adds=0
08-18 22:56:32.575 17731 17894 I DFInstaObserve: !toggles +blocked disable_feed=0 disable_explore=0 disable_reels=1 disable_stories=0 disable_adds=0
08-18 22:56:32.575 17731 18460 I DFInstaObserve: !toggles +blocked disable_feed=0 disable_explore=0 disable_reels=1 disable_stories=0 disable_adds=0
08-18 22:56:32.615 17731 18598 I DFInstaObserve: !toggles +blocked disable_feed=0 disable_explore=0 disable_reels=1 disable_stories=0 disable_adds=0
08-18 22:56:32.653 17731 18505 I DFInstaObserve: !toggles +blocked disable_feed=0 disable_explore=0 disable_reels=1 disable_stories=0 disable_adds=0
08-18 22:56:32.743 17731 18632 I DFInstaObserve: !toggles +blocked disable_feed=0 disable_explore=0 disable_reels=1 disable_stories=0 disable_adds=0
08-18 22:56:32.763 17731 17894 I DFInstaObserve: !toggles +blocked disable_feed=0 disable_explore=0 disable_reels=1 disable_stories=0 disable_adds=0
08-18 22:56:32.811 17731 18460 I DFInstaObserve: !toggles +blocked disable_feed=0 disable_explore=0 disable_reels=1 disable_stories=0 disable_adds=0
08-18 22:56:32.812 17731 17894 I DFInstaObserve: !toggles +blocked disable_feed=0 disable_explore=0 disable_reels=1 disable_stories=0 disable_adds=0
08-18 22:56:32.873 17731 17894 I DFInstaObserve: !toggles +blocked disable_feed=0 disable_explore=0 disable_reels=1 disable_stories=0 disable_adds=0
08-18 22:56:32.879 17731 18631 I DFInstaObserve: !toggles +blocked disable_feed=0 disable_explore=0 disable_reels=1 disable_stories=0 disable_adds=0
08-18 22:56:32.924 17731 17894 I DFInstaObserve: !toggles +blocked disable_feed=0 disable_explore=0 disable_reels=1 disable_stories=0 disable_adds=0
08-18 22:56:32.951 17731 18534 I DFInstaObserve: !toggles +blocked disable_feed=0 disable_explore=0 disable_reels=1 disable_stories=0 disable_adds=0
08-18 22:56:33.028 17731 18586 I DFInstaObserve: !toggles +blocked disable_feed=0 disable_explore=0 disable_reels=1 disable_stories=0 disable_adds=0
08-18 22:56:33.090 17731 17894 I DFInstaObserve: !toggles +blocked disable_feed=0 disable_explore=0 disable_reels=1 disable_stories=0 disable_adds=0
08-18 22:56:33.112 17731 18505 I DFInstaObserve: !toggles +blocked disable_feed=0 disable_explore=0 disable_reels=1 disable_stories=0 disable_adds=0
08-18 22:56:33.130 17731 17894 I DFInstaObserve: !toggles +blocked disable_feed=0 disable_explore=0 disable_reels=1 disable_stories=0 disable_adds=0
08-18 22:56:33.148 17731 18631 I DFInstaObserve: !toggles +blocked disable_feed=0 disable_explore=0 disable_reels=1 disable_stories=0 disable_adds=0
08-18 22:56:33.182 17731 18584 I DFInstaObserve: !toggles +blocked disable_feed=0 disable_explore=0 disable_reels=1 disable_stories=0 disable_adds=0
08-18 22:56:33.225 17731 18584 I DFInstaObserve: !toggles +blocked disable_feed=0 disable_explore=0 disable_reels=1 disable_stories=0 disable_adds=0
08-18 22:56:33.238 17731 17894 I DFInstaObserve: !toggles +blocked disable_feed=0 disable_explore=0 disable_reels=1 disable_stories=0 disable_adds=0
08-18 22:56:33.268 17731 18505 I DFInstaObserve: !toggles +blocked disable_feed=0 disable_explore=0 disable_reels=1 disable_stories=0 disable_adds=0
08-18 22:56:33.322 17731 18631 I DFInstaObserve: !toggles +blocked disable_feed=0 disable_explore=0 disable_reels=1 disable_stories=0 disable_adds=0
08-18 22:56:33.355 17731 18584 I DFInstaObserve: !toggles +blocked disable_feed=0 disable_explore=0 disable_reels=1 disable_stories=0 disable_adds=0
08-18 22:56:33.621 17731 18460 I DFInstaObserve: !toggles +blocked disable_feed=0 disable_explore=0 disable_reels=1 disable_stories=0 disable_adds=0
08-18 22:56:33.621 17731 18460 I DFInstaObserve: /discover/topical_explore
08-18 22:56:33.667 17731 18658 I DFInstaObserve: !toggles +blocked disable_feed=0 disable_explore=0 disable_reels=1 disable_stories=0 disable_adds=0
08-18 22:56:35.956 17731 17767 I DFInstaObserve: !toggles +blocked disable_feed=0 disable_explore=0 disable_reels=1 disable_stories=0 disable_adds=0
08-18 22:56:35.960 17731 17766 I DFInstaObserve: !toggles +blocked disable_feed=0 disable_explore=0 disable_reels=1 disable_stories=0 disable_adds=0
08-18 22:56:35.984 17731 17894 I DFInstaObserve: !toggles +blocked disable_feed=0 disable_explore=0 disable_reels=1 disable_stories=0 disable_adds=0
08-18 22:56:36.009 17731 18678 I DFInstaObserve: !toggles +blocked disable_feed=0 disable_explore=0 disable_reels=1 disable_stories=0 disable_adds=0
08-18 22:56:36.047 17731 18505 I DFInstaObserve: !toggles +blocked disable_feed=0 disable_explore=0 disable_reels=1 disable_stories=0 disable_adds=0
08-18 22:56:36.103 17731 18664 I DFInstaObserve: !toggles +blocked disable_feed=0 disable_explore=0 disable_reels=1 disable_stories=0 disable_adds=0
08-18 22:56:36.133 17731 18679 I DFInstaObserve: !toggles +blocked disable_feed=0 disable_explore=0 disable_reels=1 disable_stories=0 disable_adds=0
08-18 22:56:36.198 17731 18678 I DFInstaObserve: !toggles +blocked disable_feed=0 disable_explore=0 disable_reels=1 disable_stories=0 disable_adds=0
08-18 22:56:36.228 17731 18371 I DFInstaObserve: !toggles +blocked disable_feed=0 disable_explore=0 disable_reels=1 disable_stories=0 disable_adds=0
08-18 22:56:36.251 17731 17894 I DFInstaObserve: !toggles +blocked disable_feed=0 disable_explore=0 disable_reels=1 disable_stories=0 disable_adds=0
08-18 22:56:36.277 17731 18679 I DFInstaObserve: !toggles +blocked disable_feed=0 disable_explore=0 disable_reels=1 disable_stories=0 disable_adds=0
08-18 22:56:36.285 17731 17894 I DFInstaObserve: !toggles +blocked disable_feed=0 disable_explore=0 disable_reels=1 disable_stories=0 disable_adds=0
08-18 22:56:36.356 17731 18505 I DFInstaObserve: !toggles +blocked disable_feed=0 disable_explore=0 disable_reels=1 disable_stories=0 disable_adds=0
08-18 22:56:36.379 17731 18679 I DFInstaObserve: !toggles +blocked disable_feed=0 disable_explore=0 disable_reels=1 disable_stories=0 disable_adds=0
08-18 22:56:36.411 17731 18371 I DFInstaObserve: !toggles +blocked disable_feed=0 disable_explore=0 disable_reels=1 disable_stories=0 disable_adds=0
08-18 22:56:36.493 18686 18686 I DFInstaWalk: surface=Reels
08-18 22:56:36.595 17731 18371 I DFInstaObserve: !toggles +blocked disable_feed=0 disable_explore=0 disable_reels=1 disable_stories=0 disable_adds=0
08-18 22:56:36.651 17731 18629 I DFInstaObserve: !toggles +blocked disable_feed=0 disable_explore=0 disable_reels=1 disable_stories=0 disable_adds=0
08-18 22:56:36.721 17731 17894 I DFInstaObserve: !toggles +blocked disable_feed=0 disable_explore=0 disable_reels=1 disable_stories=0 disable_adds=0
08-18 22:56:36.725 17731 18682 I DFInstaObserve: !toggles +blocked disable_feed=0 disable_explore=0 disable_reels=1 disable_stories=0 disable_adds=0
08-18 22:56:36.725 17731 18682 I DFInstaObserve: /clips/discover
08-18 22:56:36.725 17731 18682 I DFInstaObserve: !blocked /clips/discover
08-18 22:56:36.754 17731 18683 I DFInstaObserve: !toggles +blocked disable_feed=0 disable_explore=0 disable_reels=1 disable_stories=0 disable_adds=0
08-18 22:56:36.785 17731 18703 I DFInstaObserve: !toggles +blocked disable_feed=0 disable_explore=0 disable_reels=1 disable_stories=0 disable_adds=0
08-18 22:56:36.787 17731 17894 I DFInstaObserve: !toggles +blocked disable_feed=0 disable_explore=0 disable_reels=1 disable_stories=0 disable_adds=0
08-18 22:56:36.855 17731 17894 I DFInstaObserve: !toggles +blocked disable_feed=0 disable_explore=0 disable_reels=1 disable_stories=0 disable_adds=0
08-18 22:56:36.857 17731 18678 I DFInstaObserve: !toggles +blocked disable_feed=0 disable_explore=0 disable_reels=1 disable_stories=0 disable_adds=0
08-18 22:56:36.892 17731 17894 I DFInstaObserve: !toggles +blocked disable_feed=0 disable_explore=0 disable_reels=1 disable_stories=0 disable_adds=0
08-18 22:56:36.939 17731 18504 I DFInstaObserve: !toggles +blocked disable_feed=0 disable_explore=0 disable_reels=1 disable_stories=0 disable_adds=0
08-18 22:56:37.040 17731 17766 I DFInstaObserve: !toggles +blocked disable_feed=0 disable_explore=0 disable_reels=1 disable_stories=0 disable_adds=0
08-18 22:56:37.080 17731 17931 I DFInstaObserve: !toggles +blocked disable_feed=0 disable_explore=0 disable_reels=1 disable_stories=0 disable_adds=0
08-18 22:56:37.085 17731 17894 I DFInstaObserve: !toggles +blocked disable_feed=0 disable_explore=0 disable_reels=1 disable_stories=0 disable_adds=0
08-18 22:56:37.134 17731 18702 I DFInstaObserve: !toggles +blocked disable_feed=0 disable_explore=0 disable_reels=1 disable_stories=0 disable_adds=0
08-18 22:56:37.170 17731 17931 I DFInstaObserve: !toggles +blocked disable_feed=0 disable_explore=0 disable_reels=1 disable_stories=0 disable_adds=0
08-18 22:56:37.225 17731 18683 I DFInstaObserve: !toggles +blocked disable_feed=0 disable_explore=0 disable_reels=1 disable_stories=0 disable_adds=0
08-18 22:56:37.274 17731 17931 I DFInstaObserve: !toggles +blocked disable_feed=0 disable_explore=0 disable_reels=1 disable_stories=0 disable_adds=0
08-18 22:56:37.303 17731 18702 I DFInstaObserve: !toggles +blocked disable_feed=0 disable_explore=0 disable_reels=1 disable_stories=0 disable_adds=0
08-18 22:56:37.367 17731 17931 I DFInstaObserve: !toggles +blocked disable_feed=0 disable_explore=0 disable_reels=1 disable_stories=0 disable_adds=0
08-18 22:56:37.443 17731 17931 I DFInstaObserve: !toggles +blocked disable_feed=0 disable_explore=0 disable_reels=1 disable_stories=0 disable_adds=0
08-18 22:56:37.452 17731 18629 I DFInstaObserve: !toggles +blocked disable_feed=0 disable_explore=0 disable_reels=1 disable_stories=0 disable_adds=0
08-18 22:56:37.519 17731 17931 I DFInstaObserve: !toggles +blocked disable_feed=0 disable_explore=0 disable_reels=1 disable_stories=0 disable_adds=0
08-18 22:56:39.245 17731 18732 I DFInstaObserve: !toggles +blocked disable_feed=0 disable_explore=0 disable_reels=1 disable_stories=0 disable_adds=0
08-18 22:56:39.245 17731 18731 I DFInstaObserve: !toggles +blocked disable_feed=0 disable_explore=0 disable_reels=1 disable_stories=0 disable_adds=0
08-18 22:56:44.640 17731 18702 I DFInstaObserve: !toggles +blocked disable_feed=0 disable_explore=0 disable_reels=1 disable_stories=0 disable_adds=0
08-18 22:56:45.058 17731 17767 I DFInstaObserve: !toggles +blocked disable_feed=0 disable_explore=0 disable_reels=1 disable_stories=0 disable_adds=0
08-18 22:56:45.110 17731 17767 I DFInstaObserve: !toggles +blocked disable_feed=0 disable_explore=0 disable_reels=1 disable_stories=0 disable_adds=0
08-18 22:56:47.162 17731 18772 I DFInstaObserve: !toggles +blocked disable_feed=0 disable_explore=0 disable_reels=1 disable_stories=0 disable_adds=0
08-18 22:56:47.163 17731 18771 I DFInstaObserve: !toggles +blocked disable_feed=0 disable_explore=0 disable_reels=1 disable_stories=0 disable_adds=0
08-18 22:56:47.972 17731 18790 I DFInstaObserve: !toggles +blocked disable_feed=0 disable_explore=0 disable_reels=1 disable_stories=0 disable_adds=0
08-18 22:56:50.491 17731 18810 I DFInstaObserve: !toggles +blocked disable_feed=0 disable_explore=0 disable_reels=1 disable_stories=0 disable_adds=0
08-18 22:56:50.491 17731 18809 I DFInstaObserve: !toggles +blocked disable_feed=0 disable_explore=0 disable_reels=1 disable_stories=0 disable_adds=0
08-18 22:56:51.274 17731 18702 I DFInstaObserve: !toggles +blocked disable_feed=0 disable_explore=0 disable_reels=1 disable_stories=0 disable_adds=0
08-18 22:56:51.648 17731 17767 I DFInstaObserve: !toggles +blocked disable_feed=0 disable_explore=0 disable_reels=1 disable_stories=0 disable_adds=0
08-18 22:56:53.800 17731 18848 I DFInstaObserve: !toggles +blocked disable_feed=0 disable_explore=0 disable_reels=1 disable_stories=0 disable_adds=0
08-18 22:56:53.800 17731 18847 I DFInstaObserve: !toggles +blocked disable_feed=0 disable_explore=0 disable_reels=1 disable_stories=0 disable_adds=0
08-18 22:56:54.640 17731 18707 I DFInstaObserve: !toggles +blocked disable_feed=0 disable_explore=0 disable_reels=1 disable_stories=0 disable_adds=0
08-18 22:56:54.881 17731 17766 I DFInstaObserve: !toggles +blocked disable_feed=0 disable_explore=0 disable_reels=1 disable_stories=0 disable_adds=0
08-18 22:56:54.896 17731 17766 I DFInstaObserve: !toggles +blocked disable_feed=0 disable_explore=0 disable_reels=1 disable_stories=0 disable_adds=0
08-18 22:56:57.939 17731 18790 I DFInstaObserve: !toggles +blocked disable_feed=0 disable_explore=0 disable_reels=1 disable_stories=0 disable_adds=0
08-18 22:56:58.299 17731 17766 I DFInstaObserve: !toggles +blocked disable_feed=0 disable_explore=0 disable_reels=1 disable_stories=0 disable_adds=0
08-18 22:56:58.452 17731 17767 I DFInstaObserve: !toggles +blocked disable_feed=0 disable_explore=0 disable_reels=1 disable_stories=0 disable_adds=0
08-18 22:57:00.486 17731 18909 I DFInstaObserve: !toggles +blocked disable_feed=0 disable_explore=0 disable_reels=1 disable_stories=0 disable_adds=0
08-18 22:57:00.490 17731 18910 I DFInstaObserve: !toggles +blocked disable_feed=0 disable_explore=0 disable_reels=1 disable_stories=0 disable_adds=0
08-18 22:57:02.370 17731 18946 I DFInstaObserve: !toggles +blocked disable_feed=0 disable_explore=0 disable_reels=1 disable_stories=0 disable_adds=0
08-18 22:57:02.370 17731 18945 I DFInstaObserve: !toggles +blocked disable_feed=0 disable_explore=0 disable_reels=1 disable_stories=0 disable_adds=0
